INFO     -  Cleaning site directory
INFO     -  Building documentation to directory: C:\Git\volt-mx-docs\docs\docs\documentation
INFO     -  The following pages exist in the docs directory, but are not included in the "nav" configuration:
              - Foundry\KF_Services_OAuth_Sample\Content\Preface.md
              - Foundry\KF_Services_OAuth_Sample\Content\Revision_History.md
              - Foundry\VoltMX_Analytics_OnPrem_FAQs\Content\Homepage.md
              - Foundry\custom_metrics_and_reports\Content\CustomMetrics.md
              - Foundry\eng_event_mgmt_quickstart_guide\Content\Adding Event Details.md
              - Foundry\eng_event_mgmt_quickstart_guide\Content\Configuring and Executing an Event.md
              - Foundry\eng_event_mgmt_quickstart_guide\Content\Cover Page.md
              - Foundry\eng_event_mgmt_quickstart_guide\Content\eng_event_mgmt_quickstart_guide.md
              - Foundry\engagement_api_guide\Content\Cover_Page.md
              - Foundry\engagement_api_guide\Content\Getting_Started.md
              - Foundry\engagement_api_guide\Content\Homepage1.md
              - Foundry\engagement_api_guide\Content\PassKit_APIs_for_VoltMX_Messaging_Services.md
              - Foundry\engagement_api_guide\Content\PushNotificationsEas.md
              - Foundry\engagement_api_guide\Content\RevisionHistoryPDF.md
              - Foundry\engagement_api_guide\Content\VoltMX_Development_Cloud_Push_APIs.md
              - Foundry\engagement_api_guide\Content\VoltMX_Foundry_Messaging_APIs.md
              -
            Foundry\engagement_api_guide\Content\APIs_for_VoltMX_Messaging_Services\Event_JSON_Messge_request_payload_with_audience_properties__Global_Audience_property_.md
              -
            Foundry\engagement_api_guide\Content\APIs_for_VoltMX_Messaging_Services\Event__JSON_Messge_request_payload_with_audience_properties__Local_Audience_property_.md
              - Foundry\engagement_api_guide\Content\APIs_for_VoltMX_Messaging_Services\Events_Push_Payload.md
              - Foundry\engagement_api_guide\Content\APIs_for_VoltMX_Messaging_Services\Push_Message_API.md
              - Foundry\engagement_api_guide\Content\APIs_for_VoltMX_Messaging_Services\Subscription_API.md
              - Foundry\engagement_api_guide\Content\APIs_for_VoltMX_Messaging_Services\Unsubscription.md
              -
            Foundry\engagement_api_guide\Content\APIs_for_VoltMX_Messaging_Services\Update_Geo_Location_of_Device_to_VoltMX_Foundry_Messaging.md
              - Foundry\engagement_api_guide\Content\Access_Management_-_General\Get_All_Permissions.md
              - Foundry\engagement_api_guide\Content\Deprecated_APIs\Broadcasting.md
              - Foundry\engagement_api_guide\Content\Deprecated_APIs\Bulk_Message_Upload.md
              - Foundry\engagement_api_guide\Content\Deprecated_APIs\Fetch_All_Messages_from_VoltMX_Foundry_Messaging.md
              -
            Foundry\engagement_api_guide\Content\Deprecated_APIs\Fetch_Message_Content_from_VoltMX_Foundry_Messaging.md
              -
            Foundry\engagement_api_guide\Content\Deprecated_APIs\Update_Push_Open_Status_to_VoltMX_Foundry_Messaging.md
              - Foundry\engagement_api_guide\Content\Push_Message_APIs\Create_Push_Message.md
              -
            Foundry\engagement_api_guide\Content\Push_Message_APIs\Fetch_Message_Content_from_VoltMX_Foundry_Engagement.md
              - Foundry\engagement_api_guide\Content\REST_API_Administration\Get_File_Upload_Status_by_ID.md
              - Foundry\engagement_api_guide\Content\REST_API_Administration\Get_SMS_Configurations.md
              - Foundry\engagement_api_guide\Content\REST_API_Administration\Updateconfigres.md
              - Foundry\engagement_api_guide\Content\REST_API_Application\RegenerateAppApiKey.md
              - Foundry\engagement_api_guide\Content\REST_API_Audience_Member\Get_All_File_Upload_Statuses.md
              - Foundry\engagement_api_guide\Content\REST_API_Audience_Member\Import_AudienceMemebrs.md
              - Foundry\engagement_api_guide\Content\REST_API_Campaign\Create_Campaign_with__Rich_Push.md
              - Foundry\engagement_api_guide\Content\REST_API_Campaign\Import_Audience_Members.md
              - Foundry\engagement_api_guide\Content\REST_API_Campaign\Modify_Campaign_with_Rich_Push.md
              - Foundry\engagement_api_guide\Content\REST_API_Campaign\Publish_Campaign.md
              - Foundry\engagement_api_guide\Content\REST_API_Campaign\Unpublish_Campaign.md
              - Foundry\engagement_api_guide\Content\REST_API_Campaign\VMS_Inbound_Format.md
              - Foundry\engagement_api_guide\Content\REST_API_Email\Email_API_With_Audience_Id___Email.md
              - Foundry\engagement_api_guide\Content\REST_API_Email\Email_API_for_Attachments_.md
              - Foundry\engagement_api_guide\Content\REST_API_Event\Create_Event_With_Rich_Push.md
              - Foundry\engagement_api_guide\Content\REST_API_Event\Distribute_Event.md
              -
            Foundry\engagement_api_guide\Content\REST_API_Event\Event_XML_Messge_request_payload_with_audience_properties__Global_Audience_property_.md
              -
            Foundry\engagement_api_guide\Content\REST_API_Event\Event_XML_Messge_request_payload_with_audience_properties__Local_Audience_property_.md
              - Foundry\engagement_api_guide\Content\REST_API_Event\Modify_Event_With_Rich_Push.md
              - Foundry\engagement_api_guide\Content\REST_API_Event\table.md
              - Foundry\engagement_api_guide\Content\REST_API_Geo_Location\Update_List_of_Beacons_for_a_Device.md
              - Foundry\engagement_api_guide\Content\REST_API_JPush\Create_Application.md
              - Foundry\engagement_api_guide\Content\REST_API_JPush\Get_Application.md
              - Foundry\engagement_api_guide\Content\REST_API_JPush\Jpush_Subscription.md
              - Foundry\engagement_api_guide\Content\REST_API_JPush\Modify_Application.md
              - Foundry\engagement_api_guide\Content\REST_API_JPush\Test_Jpush_Connectivity.md
              - Foundry\engagement_api_guide\Content\REST_API_Misc\Get_All_Permission_By_pagination.md
              - Foundry\engagement_api_guide\Content\REST_API_Pass_Distribution\Pass_Distribution_-home.md
              - Foundry\engagement_api_guide\Content\REST_API_Pass_Template\Get_the_image_by_id.md
              - Foundry\engagement_api_guide\Content\REST_API_Segments\Publish_Segment.md
              - Foundry\engagement_api_guide\Content\REST_API_Segments\Unpublish_Segment.md
              - Foundry\engagement_api_guide\Content\REST_API_Subscribers\Modify_Subscriber.md
              - Foundry\engagement_api_guide\Content\REST_API_User\Apple.md
              - Foundry\engagement_api_guide\Content\REST_API__SMS\Clickatell_Inbound_Format.md
              - Foundry\engagement_api_guide\Content\REST_API__SMS\Inbound_Status_API.md
              - Foundry\engagement_api_guide\Content\REST_API__SMS\Nexmo_Inbound_Format.md
              - Foundry\engagement_api_guide\Content\REST_API__SMS\Twilio_Inbound_Format.md
              - Foundry\offline_objects_releasenotes\Content\Known_Issues.md
              - Foundry\offline_objects_support_in_windows10\Content\Offline_Objects_Support_in_Windows.md
              - Foundry\offline_objects_user_guide\Content\Conflict_Resolution.md
              - Foundry\offline_objects_user_guide\Content\Java_Sample_Code_for_Custom_Conflict_Resolution.md
              - Foundry\offline_objectsapi_reference_guide\Content\Home_pdf.md
              - Foundry\offline_objectsapi_reference_guide\Content\Index.md
              - Foundry\offline_objectsapi_reference_guide\Content\Object_Group_Level.md
              - Foundry\offline_objectsapi_reference_guide\Content\Object_Level_APIs_for_Windows__Beta_.md
              - Foundry\offline_objectsapi_reference_guide\Content\Object_Update.md
              - Foundry\offline_objectsapi_reference_guide\Content\Offline_Objects_Support_for_Windows__Beta_.md
              - Foundry\offline_objectsapi_reference_guide\Content\Offline_Objects_with_Generated_Object_Models.md
              - Foundry\offline_objectsapi_reference_guide\Content\obj.getPendingRecordsForUpload.md
              - Foundry\offline_objectsapi_reference_guide\Content\Images\Notes.md
              - Foundry\offline_objectsapi_reference_guide\Content\applicationsyncAPIdoc\OfflineObjects_startSync.md
              - Foundry\user_journey_app_events_apm\Content\APM\APM_Extension_Third_Party.md
              - Foundry\user_journey_app_events_apm\Content\APM\App_Performance_Monitoring.md
              - Foundry\user_journey_app_events_apm\Content\APM\Enabling_Auto_Event_Capture.md
              - Foundry\user_journey_app_events_apm\Content\APM\Reporting_on_Events.md
              - Foundry\user_journey_app_events_apm\Content\APM\Tuning_Auto_Event_Capture.md
              - Foundry\user_journey_app_events_apm\Content\APM\User_Journey_Tracking.md
              - Foundry\vmf_integrationservice_admin_console_userguide\Content\Monitoring_1.md
              - Foundry\vmf_msg_jpush_quick_start_guide\Content\Creating JPush Account and.md
              - Foundry\vmf_msg_jpush_quick_start_guide\Content\Foundry Messaging Service.md
              - Foundry\vmf_msg_jpush_quick_start_guide\Content\Homepage2.md
              - Foundry\vmf_msg_jpush_quick_start_guide\Content\vmf_msg_jpush_quick_start_guide.md
              - Foundry\vmf_msg_quick_start_guide_build_sample_app_android\Content\Configuration_of_the_Email.md
              - Foundry\vmf_msg_quick_start_guide_build_sample_app_android\Content\Configuring_Email_and_SMS.md
              - Foundry\vmf_msg_quick_start_guide_build_sample_app_android\Content\Configuring_the_messaging.md
              - Foundry\vmf_msg_quick_start_guide_build_sample_app_android\Content\Downloading_and_configuring.md
              - Foundry\vmf_msg_quick_start_guide_build_sample_app_android\Content\Foundry_Service_Demo.md
              - Foundry\vmf_msg_quick_start_guide_build_sample_app_android\Content\Generating_the_Global_Cloud.md
              - Foundry\vmf_msg_quick_start_guide_build_sample_app_android\Content\Homepage1.md
              - Foundry\vmf_msg_quick_start_guide_build_sample_app_android\Content\Homepage2.md
              - Foundry\vmf_msg_quick_start_guide_build_sample_app_android\Content\Installing_the_messaging_demo.md
              - Foundry\vmf_msg_quick_start_guide_build_sample_app_android\Content\Introduction.md
              -
            Foundry\vmf_msg_quick_start_guide_build_sample_app_android\Content\MessageService_BuildingSampleApp_Android_with_edits.md
              - Foundry\vmf_msg_quick_start_guide_build_sample_app_android\Content\Overview.md
              - Foundry\vmf_msg_quick_start_guide_build_sample_app_android\Content\Revision_History.md
              -
            Foundry\vmf_msg_quick_start_guide_build_sample_app_android\Content\Sending_Adhoc__Email__SMS_and_Push_Notifications.md
              -
            Foundry\vmf_msg_quick_start_guide_build_sample_app_android\Content\Subscribing_to_Ad_hoc_Notifications.md
              -
            Foundry\vmf_msg_quick_start_guide_build_sample_app_android\Content\VoltMX_Messaging_Service_QuickStart.md
              - Foundry\vmf_msg_quick_start_guide_build_sample_app_android\Content\the_VMS_demo_application_using.md
              -
            Foundry\vmf_msg_quick_start_guide_build_sample_app_android\Content\vmf_msg_quick_start_guide_build_sample_app_android.md
              -
            Foundry\vmf_msg_quick_start_guide_build_sample_app_apple_ios\Content\MessageService_BuildingSampleApp_AppleiOS
            with edits.md
              - Foundry\vmf_msg_quick_start_guide_build_sample_app_apple_ios\Content\Sending Adhoc, Email, SMS and Push
            Notifications - Copy.md
              - Foundry\vmf_msg_quick_start_guide_build_sample_app_apple_ios\Content\Sending ad hoc email SMS and.md
              -
            Foundry\vmf_msg_quick_start_guide_build_sample_app_apple_ios\Content\vmf_msg_quick_start_guide_build_sample_app_apple_ios.md
              - Foundry\vmf_msg_quick_start_guide_campaign_management\Content\Creating Geo Locations and.md
              - Foundry\vmf_msg_quick_start_guide_campaign_management\Content\Creating a segment to be used.md
              -
            Foundry\vmf_msg_quick_start_guide_campaign_management\Content\vmf_msg_quick_start_guide_campaign_management.md
              - Foundry\vmfintegrationservice_troubleshooting_guide\Content\Overview1.md
              - Foundry\vms_console_user_guide\Content\Settings.md
              - Foundry\vms_console_user_guide\Content\Useful_References.md
              - Foundry\vms_console_user_guide\Content\sample_file.md
              - Foundry\vms_console_user_guide\Content\vms_console_user_guide.md
              - Foundry\vms_console_user_guide\Content\API_Access\Access_Management.md
              - Foundry\vms_console_user_guide\Content\API_Access\Adhoc.md
              - Foundry\vms_console_user_guide\Content\API_Access\Applications.md
              - Foundry\vms_console_user_guide\Content\API_Access\Audience_Members.md
              - Foundry\vms_console_user_guide\Content\API_Access\Authentication.md
              - Foundry\vms_console_user_guide\Content\API_Access\Beacons.md
              - Foundry\vms_console_user_guide\Content\API_Access\Beaconstab.md
              - Foundry\vms_console_user_guide\Content\API_Access\Broadcast_Message.md
              - Foundry\vms_console_user_guide\Content\API_Access\Campaigns.md
              - Foundry\vms_console_user_guide\Content\API_Access\Campaignsforapihelp.md
              - Foundry\vms_console_user_guide\Content\API_Access\Configuration.md
              - Foundry\vms_console_user_guide\Content\API_Access\Events.md
              - Foundry\vms_console_user_guide\Content\API_Access\Geolocations.md
              - Foundry\vms_console_user_guide\Content\API_Access\Inbound_SMS.md
              - Foundry\vms_console_user_guide\Content\API_Access\Message.md
              - Foundry\vms_console_user_guide\Content\API_Access\Message_Status.md
              - Foundry\vms_console_user_guide\Content\API_Access\Pass.md
              - Foundry\vms_console_user_guide\Content\API_Access\Segments.md
              - Foundry\vms_console_user_guide\Content\API_Access\Subscription.md
              - Foundry\vms_console_user_guide\Content\API_Access\Templates.md
              - Foundry\vms_console_user_guide\Content\API_Access\Test_Connection.md
              - Foundry\vms_console_user_guide\Content\API_Access\Users.md
              - Foundry\vms_console_user_guide\Content\Administration\General_tab.md
              - Foundry\vms_console_user_guide\Content\Apps\API_Access.md
              - Foundry\vms_console_user_guide\Content\Apps\Adding_Approve_and_Confirm.md
              - Foundry\vms_console_user_guide\Content\Apps\Adding_Platform.md
              - Foundry\vms_console_user_guide\Content\Apps\Configuring_Push_Message_for_Segments.md
              - Foundry\vms_console_user_guide\Content\Apps\Configuring_Set_Start_and_Expiry_Time_for_Push_Messages.md
              - Foundry\vms_console_user_guide\Content\Apps\Create_a_JPush_Key.md
              - Foundry\vms_console_user_guide\Content\Apps\Filtering_Data.md
              - Foundry\vms_console_user_guide\Content\Apps\Generating_an_Apple_Push_Notification_old.md
              - Foundry\vms_console_user_guide\Content\Apps\Modifying_Subscribers_List.md
              - Foundry\vms_console_user_guide\Content\Apps\Push_Message_for_Segments.md
              - Foundry\vms_console_user_guide\Content\Apps\Push_Message_for_Subscribers.md
              - Foundry\vms_console_user_guide\Content\Apps\Push_Notification_Messages.md
              - Foundry\vms_console_user_guide\Content\Apps\Searching_Applications.md
              - Foundry\vms_console_user_guide\Content\Apps\Sorting_Data.md
              - Foundry\vms_console_user_guide\Content\Apps\Viewing_App_Reports.md
              - Foundry\vms_console_user_guide\Content\Apps\Viewing_App_Usage.md
              - Foundry\vms_console_user_guide\Content\Apps\Viewing_Application_Funnel_Reports.md
              - Foundry\vms_console_user_guide\Content\Apps\Viewing_Application_Reports.md
              - Foundry\vms_console_user_guide\Content\Apps\camppushios.md
              - Foundry\vms_console_user_guide\Content\Audience_Members\Adding_an_Audience_Member.md
              - Foundry\vms_console_user_guide\Content\Audience_Members\Deleting_an_Audience_Member.md
              - Foundry\vms_console_user_guide\Content\Audience_Members\Importing_Audience_Members.md
              - Foundry\vms_console_user_guide\Content\Audience_Members\Modifying_an_Audience_Member.md
              - Foundry\vms_console_user_guide\Content\Campaigns\Adding_Campaign_Details.md
              - Foundry\vms_console_user_guide\Content\Campaigns\Adding_Campaign_Details_-1.md
              - Foundry\vms_console_user_guide\Content\Campaigns\Adding_Segment_details.md
              - Foundry\vms_console_user_guide\Content\Campaigns\Adding_Segments_to_Campaigns.md
              - Foundry\vms_console_user_guide\Content\Campaigns\Composing_Message_to_Campaigns.md
              - Foundry\vms_console_user_guide\Content\Campaigns\Defining_Condition_Logic_for_Segment_Definition.md
              - Foundry\vms_console_user_guide\Content\Campaigns\Defining_Conditional_logic.md
              - Foundry\vms_console_user_guide\Content\Campaigns\Defining_Notification_Types_for_a_Campaign.md
              - Foundry\vms_console_user_guide\Content\Campaigns\Defining_a_Voice_SMS_Campaign.md
              - Foundry\vms_console_user_guide\Content\Campaigns\Executing_a_Campaign.md
              - Foundry\vms_console_user_guide\Content\Campaigns\Publishing_a_Campaign.md
              - Foundry\vms_console_user_guide\Content\Campaigns\Saving_a_Campaign.md
              - Foundry\vms_console_user_guide\Content\Campaigns\Specifying_Message_to_Campaigns.md
              - Foundry\vms_console_user_guide\Content\Campaigns\Stopping_a_Campaign.md
              - Foundry\vms_console_user_guide\Content\Campaigns\Viewing_Campaign_Funnel_Reports.md
              - Foundry\vms_console_user_guide\Content\Campaigns\camp_push_blackberry.md
              - Foundry\vms_console_user_guide\Content\Campaigns\camp_push_ios.md
              - Foundry\vms_console_user_guide\Content\Events\Adding_Event_Details.md
              - Foundry\vms_console_user_guide\Content\Events\Composing_an_Event_Message.md
              - Foundry\vms_console_user_guide\Content\Events\Deleting_a_Push_Message.md
              - Foundry\vms_console_user_guide\Content\Events\Email_Event_Message.md
              - Foundry\vms_console_user_guide\Content\Events\Modifying_a_Push_Message.md
              - Foundry\vms_console_user_guide\Content\Events\Name_Value_Pair.md
              - Foundry\vms_console_user_guide\Content\Events\Pass_Event_Message.md
              - Foundry\vms_console_user_guide\Content\Events\Push_Event_Message.md
              - Foundry\vms_console_user_guide\Content\Events\Push_Payload.md
              - Foundry\vms_console_user_guide\Content\Events\SMS_Event_Message.md
              - Foundry\vms_console_user_guide\Content\Logging\Generating_Log_Files.md
              - Foundry\vms_console_user_guide\Content\Scenarios\Geolocations_Scenario_One.md
              - Foundry\vms_console_user_guide\Content\Segments\Adding_Audience_Attribute.md
              - Foundry\vms_console_user_guide\Content\Segments\Geo_Fencing.md
              - Foundry\vms_console_user_guide\Content\Segments\Publishing_a_Segment.md
              - Foundry\vms_console_user_guide\Content\Segments\Republishing_the_Modified_Segment.md
              - Foundry\vms_console_user_guide\Content\Subscribers\Subscribers.md
              - Foundry\vms_console_user_guide\Content\Subscribers\Subscribing_or_Unsubscribing_an_App.md
              - Foundry\vms_console_user_guide\Content\Subscribers\Subscribing_or_Unsubscribing_an_App_device.md
              - Foundry\vms_console_user_guide\Content\Subscribers\Unsubscribing_Installed_Apps.md
              - Foundry\vms_demo_app_quick_start_guide\Content\Configuration of the Email.md
              - Foundry\vms_demo_app_quick_start_guide\Content\Downloading and configuring.md
              - Foundry\vms_demo_app_quick_start_guide\Content\Foundry Service Demo.md
              - Foundry\vms_demo_app_quick_start_guide\Content\Sending Adhoc Email SMS and.md
              - Foundry\vms_demo_app_quick_start_guide\Content\vms_demo_app_quick_start_guide.md
              - Foundry\voltmx_Foundry_deployment_guide\Content\Deployment.md
              - Foundry\voltmx_Foundry_deployment_guide\Content\voltmx_Foundry_deployment_guide.md
              - Foundry\voltmx_analytics_reporting\Content\Prerequisites.md
              - Foundry\voltmx_analytics_reporting\Content\VoltMX_Analytics_and_Reporting_Installation_Guide.md
              - Foundry\voltmx_appfactory_user_guide\Content\AppDevProcess.md
              - Foundry\voltmx_appfactory_user_guide\Content\AppFactory_UserGuide.md
              - Foundry\voltmx_appfactory_user_guide\Content\Configuration_SP3.md
              - Foundry\voltmx_appfactory_user_guide\Content\Copy_of_AutoTriggeredJobs.md
              - Foundry\voltmx_appfactory_user_guide\Content\Copy_of_TestingAnAppJasmine.md
              - Foundry\voltmx_appfactory_user_guide\Content\CustomTestEnvRun_RawMode.md
              - Foundry\voltmx_appfactory_user_guide\Content\Glossary.md
              - Foundry\voltmx_appfactory_user_guide\Content\Running_your_First_App.md
              - Foundry\voltmx_appfactory_user_guide\Content\Setup.md
              - Foundry\voltmx_appfactory_user_guide\Content\Working_with_AppFactory.md
              - Foundry\voltmx_foundry_linux_install_guide\Content\DB_Pre-installation_Tasks.md
              - Foundry\voltmx_foundry_linux_install_guide\Content\Foundry_Architecture_and_Components_Old.md
              - Foundry\voltmx_foundry_linux_install_guide\Content\voltmx_foundry_linux_install_guide.md
              - Foundry\voltmx_foundry_manual_install_guide\Content\Configure_Metrics.md
              - Foundry\voltmx_foundry_manual_install_guide\Content\Configuring_Transactions_Identity_Tomcat.md
              - Foundry\voltmx_foundry_manual_install_guide\Content\Foundry_in_WebSphere_Liberty.md
              - Foundry\voltmx_foundry_manual_install_guide\Content\Install_Memcached_Server.md
              - Foundry\voltmx_foundry_manual_install_guide\Content\Installing_VoltMX_Foundry_on_Linux.md
              -
            Foundry\voltmx_foundry_manual_install_guide\Content\Installing_VoltMX_Foundry_on_Linux_2021-06-08-partial-revision.md
              - Foundry\voltmx_foundry_manual_install_guide\Content\Pre-installation_Tasks_JBoss.md
              - Foundry\voltmx_foundry_manual_install_guide\Content\voltmx_foundry_manual_install_guide.md
              - Foundry\voltmx_foundry_release_notes\Content\V9.2.1_New_Features.md
              - Foundry\voltmx_foundry_release_notes\Content\V92.md
              - Foundry\voltmx_foundry_release_notes\Content\V9SP2HF2.md
              - Foundry\voltmx_foundry_release_notes\Content\VoltMX_Foundry_Release_Notes.md
              - Foundry\voltmx_foundry_release_notes\Content\Common\Table_of_Contents.md
              - Foundry\voltmx_foundry_release_notes\Content\Common\copyright.md
              - Foundry\voltmx_foundry_release_notes\Content\Common\copyrightOld.md
              - Foundry\voltmx_foundry_release_notes\Content\Common\glossary.md
              - Foundry\voltmx_foundry_release_notes\Content\Common\home.md
              - Foundry\voltmx_foundry_release_notes\Content\Module\CopyrightOld.md
              - Foundry\voltmx_foundry_release_notes\Content\Module\Documentation_Links.md
              - Foundry\voltmx_foundry_release_notes\Content\Module\Download_Links.md
              - Foundry\voltmx_foundry_release_notes\Content\Module\Foundry_Release_Notes.md
              - Foundry\voltmx_foundry_release_notes\Content\Module\Introduction.md
              - Foundry\voltmx_foundry_release_notes\Content\Module\Known_Issues.md
              - Foundry\voltmx_foundry_release_notes\Content\Module\Messaging.md
              - Foundry\voltmx_foundry_release_notes\Content\Module\New_Features.md
              - Foundry\voltmx_foundry_release_notes\Content\Module\Preface.md
              - Foundry\voltmx_foundry_release_notes\Content\Module\Product_Compatibility_Chart.md
              - Foundry\voltmx_foundry_release_notes\Content\Module\Revision_History.md
              - Foundry\voltmx_foundry_release_notes\Content\Module\Sync.md
              - Foundry\voltmx_foundry_release_notes\Content\Module\V8FIXPACKS.md
              - Foundry\voltmx_foundry_release_notes\Content\Module\V8SP1.md
              - Foundry\voltmx_foundry_release_notes\Content\Module\V8SP1FIXPACKS.md
              - Foundry\voltmx_foundry_release_notes\Content\Module\V8SP1Fixpack4.md
              - Foundry\voltmx_foundry_release_notes\Content\Module\V8SP1Fixpack5.md
              - Foundry\voltmx_foundry_release_notes\Content\Module\V8SP1Fixpack6.md
              - Foundry\voltmx_foundry_release_notes\Content\Module\V8SP1HotFix8.1.1.6.md
              - Foundry\voltmx_foundry_release_notes\Content\Module\V8SP1HotFix8.1.1.8.md
              - Foundry\voltmx_foundry_release_notes\Content\Module\V8SP1_Enhancements.md
              - Foundry\voltmx_foundry_release_notes\Content\Module\V8SP1_New_Features.md
              - Foundry\voltmx_foundry_release_notes\Content\Module\V8SP1_fixedissues.md
              - Foundry\voltmx_foundry_release_notes\Content\Module\V8SP1_knownissues.md
              - Foundry\voltmx_foundry_release_notes\Content\Module\V8SP2.md
              - Foundry\voltmx_foundry_release_notes\Content\Module\V8SP2FIXPACKS.md
              - Foundry\voltmx_foundry_release_notes\Content\Module\V8SP2Fixpack1.md
              - Foundry\voltmx_foundry_release_notes\Content\Module\V8SP2_Enhancements.md
              - Foundry\voltmx_foundry_release_notes\Content\Module\V8SP2_Hotfixes.md
              - Foundry\voltmx_foundry_release_notes\Content\Module\V8SP2_New_Features.md
              - Foundry\voltmx_foundry_release_notes\Content\Module\V8SP2_fixedissues.md
              - Foundry\voltmx_foundry_release_notes\Content\Module\V8SP2_knownissues.md
              - Foundry\voltmx_foundry_release_notes\Content\Module\V8SP3.md
              - Foundry\voltmx_foundry_release_notes\Content\Module\V8SP3FIXPACKS.md
              - Foundry\voltmx_foundry_release_notes\Content\Module\V8SP3Fixpack1.md
              - Foundry\voltmx_foundry_release_notes\Content\Module\V8SP3_Enhancements.md
              - Foundry\voltmx_foundry_release_notes\Content\Module\V8SP3_Hotfixes.md
              - Foundry\voltmx_foundry_release_notes\Content\Module\V8SP3_Main.md
              - Foundry\voltmx_foundry_release_notes\Content\Module\V8SP3_New_Features.md
              - Foundry\voltmx_foundry_release_notes\Content\Module\V8SP3_fixedissues.md
              - Foundry\voltmx_foundry_release_notes\Content\Module\V8SP3_knownissues.md
              - Foundry\voltmx_foundry_release_notes\Content\Module\V8SP4.md
              - Foundry\voltmx_foundry_release_notes\Content\Module\V8SP4FIXPACKS.md
              - Foundry\voltmx_foundry_release_notes\Content\Module\V8SP4FP1HF1_Enhancements.md
              - Foundry\voltmx_foundry_release_notes\Content\Module\V8SP4Fixpack1.md
              - Foundry\voltmx_foundry_release_notes\Content\Module\V8SP4Fixpack2.md
              - Foundry\voltmx_foundry_release_notes\Content\Module\V8SP4Fixpack3.md
              - Foundry\voltmx_foundry_release_notes\Content\Module\V8SP4Fixpack3_OnPrem_.md
              - Foundry\voltmx_foundry_release_notes\Content\Module\V8SP4Fixpack4.md
              - Foundry\voltmx_foundry_release_notes\Content\Module\V8SP4_Enhancements.md
              - Foundry\voltmx_foundry_release_notes\Content\Module\V8SP4_Hotfixes.md
              - Foundry\voltmx_foundry_release_notes\Content\Module\V8SP4_Main.md
              - Foundry\voltmx_foundry_release_notes\Content\Module\V8SP4_New_Features.md
              - Foundry\voltmx_foundry_release_notes\Content\Module\V8SP4_What_s_New.md
              - Foundry\voltmx_foundry_release_notes\Content\Module\V8SP4_Whats_New_Template.md
              - Foundry\voltmx_foundry_release_notes\Content\Module\V8SP4_fixedissues.md
              - Foundry\voltmx_foundry_release_notes\Content\Module\V8SP4_knownissues.md
              - Foundry\voltmx_foundry_release_notes\Content\Module\V9Preview_Main.md
              - Foundry\voltmx_foundry_release_notes\Content\Module\VoltMX_Messaging_Service.md
              - Foundry\voltmx_foundry_release_notes\Content\Module\VoltMX_Sync.md
              - Foundry\voltmx_foundry_release_notes\Content\Module\mf_integration.md
              - Foundry\voltmx_foundry_release_notes\Content\Module\overview.md
              - Foundry\voltmx_foundry_release_notes\Content\Module\releasenotes.md
              - Foundry\voltmx_foundry_release_notes\Content\Module\releasenotes_Sync.md
              - Foundry\voltmx_foundry_release_notes\Content\Module\tutorials_master.md
              - Foundry\voltmx_foundry_roles_access_control_guide\Content\ConsoleAccessControl.md
              - Foundry\voltmx_foundry_user_guide\Content\App_User_Session.md
              - Foundry\voltmx_foundry_user_guide\Content\Application_SSO.md
              - Foundry\voltmx_foundry_user_guide\Content\CI_Foundry.md
              - Foundry\voltmx_foundry_user_guide\Content\Collection.md
              - Foundry\voltmx_foundry_user_guide\Content\Identity12_VoltMXUR.md
              - Foundry\voltmx_foundry_user_guide\Content\Identity14_Manage_Existing.md
              - Foundry\voltmx_foundry_user_guide\Content\Identity2_MS_AD.md
              - Foundry\voltmx_foundry_user_guide\Content\Identity3_Salesforce.md
              - Foundry\voltmx_foundry_user_guide\Content\Identity4_LDAP.md
              - Foundry\voltmx_foundry_user_guide\Content\Identity5_SAML.md
              - Foundry\voltmx_foundry_user_guide\Content\Identity6_SiteMinder.md
              - Foundry\voltmx_foundry_user_guide\Content\Identity7_VoltMX_SAP.md
              - Foundry\voltmx_foundry_user_guide\Content\Identity9_Facebook.md
              - Foundry\voltmx_foundry_user_guide\Content\Logic_Publish_API_Management.md
              - Foundry\voltmx_foundry_user_guide\Content\Logic_in_Apps.md
              - Foundry\voltmx_foundry_user_guide\Content\ManageCouldFeatures.md
              - Foundry\voltmx_foundry_user_guide\Content\Manage_Existing_Integration_Services_1.md
              - Foundry\voltmx_foundry_user_guide\Content\Offline_Enable_Objectservices.md
              - Foundry\voltmx_foundry_user_guide\Content\Overview_AppSSO.md
              - Foundry\voltmx_foundry_user_guide\Content\Preface 11.59.06 AM.md
              - Foundry\voltmx_foundry_user_guide\Content\Red_Hat_PAM_Adapter_04Feb21.md
              - Foundry\voltmx_foundry_user_guide\Content\RevisionHistory.md
              - Foundry\voltmx_foundry_user_guide\Content\Support_for_OData_Methods.md
              - Foundry\voltmx_foundry_user_guide\Content\URL_Provider_Support_for_XML__JSON__SOAP_and_API_Proxy.md
              - Foundry\voltmx_foundry_user_guide\Content\VoltMXUserRepositoryUserStore.md
              - Foundry\voltmx_foundry_user_guide\Content\js_connector.md
              - Foundry\voltmx_foundry_user_guide\Content\single_Sign-On.md
              - Foundry\voltmx_foundry_user_guide\Content\swagerServices.md
              - Foundry\voltmx_foundry_user_guide\Content\JS\MessagingService_JS.md
              - Foundry\voltmx_foundry_user_guide\Content\ObjectsAPIReference\voltmx.sdk.dto.SelectQuery_Class.md
              - Foundry\voltmx_foundry_user_guide\Content\ObjectsAPIReference\voltmx.sdk.dto.Table_Class.md
              - Foundry\voltmx_foundry_user_guide\Content\ObjectsServices\DataModelTemplateXLSXStorage.md
              - Foundry\voltmx_foundry_user_guide\Content\VoltMXStudio\Invoking_Messaging_Service_Iris_30Doc20.md
              - Foundry\voltmx_foundry_user_guide\Content\VoltMXStudio\Red_Hat_PAM_Adapter.md
              - Foundry\voltmx_foundry_windows_install_guide\Content\voltmx_foundry_windows_install_guide.md
              - Foundry\voltmx_legacy_sync_with_foundry\Content\legacy_sync_with_foundry.md
              - Foundry\voltmx_licensing_guide\Content\Homepage_old.md
              - Foundry\voltmx_licensing_guide\Content\License_Activation_through_VoltMX_Server_7.2-old.md
              - Foundry\voltmx_licensing_guide\Content\License_Activations_old.md
              - Foundry\voltmx_licensing_guide\Content\Overview_old.md
              - Foundry\voltmxfoundry_containers_solution_on-prem\Content\VoltMX_Foundry_Containers_Solution_On-Prem.md
              -
            Foundry\voltmxfoundry_containers_solution_on-prem\Content\VoltMX_Foundry_Containers_Solution_On-Premises_Install_Guide.md
              - Foundry\voltmxfoundry_single_container\Content\VoltMX_Foundry_Single_Container_Solution_On-Prem_.md
              -
            Foundry\voltmxfoundry_single_container\Content\VoltMX_Foundry_Single_Container_Solution_On-Premises_Install_Guide.md
              - Foundry\voltmxfoundry_supported_devices_os_browsers\Content\Supported_Config_Dev_EnvV9.md
              - Foundry\voltmxfoundry_supported_devices_os_browsers\Content\Supported_Config_Dev_EnvV9SP1.md
              - Foundry\voltmxfoundry_supported_devices_os_browsers\Content\Supported_Config_Server_EnvV9.md
              - Foundry\voltmxfoundry_supported_devices_os_browsers\Content\Supported_Config_Server_EnvV9SP1.md
              - Foundry\voltmxfoundry_supported_devices_os_browsers\Content\Supported_Config_Server_EnvV9SP2.md
              -
            Foundry\voltmxplatform_supported_devices_os_browsers\Content\VoltMX_Iris_-_Supported_OSes__Devices__and_Browsers_Guide.md
              - Foundry\voltmxplatform_supported_devices_os_browsers\Content\Windows_Platforms_Support.md
              - Iris\app_design_dev\Content\Accessibility_Iris.md
              - Iris\app_design_dev\Content\Guidelines_for_Splash_Screen.md
              - Iris\app_design_dev\Content\Widget_Navigation.md
              - Iris\iris_api_dev_guide\content\actionsheet_object.md
              - Iris\iris_api_dev_guide\content\addpassesviewcontroller.md
              - Iris\iris_api_dev_guide\content\android_api.md
              - Iris\iris_api_dev_guide\content\apple_pay.md
              - Iris\iris_api_dev_guide\content\appwindow_functions.md
              - Iris\iris_api_dev_guide\content\appwindow_properties.md
              - Iris\iris_api_dev_guide\content\beacon.md
              - Iris\iris_api_dev_guide\content\beacon_manager.md
              - Iris\iris_api_dev_guide\content\bluetooth.md
              - Iris\iris_api_dev_guide\content\bluetooth_ssm.md
              - Iris\iris_api_dev_guide\content\com.voltmx_functions.md
              - Iris\iris_api_dev_guide\content\constants_namespace.md
              - Iris\iris_api_dev_guide\content\copyright.md
              - Iris\iris_api_dev_guide\content\enabling_native_function_apis.md
              - Iris\iris_api_dev_guide\content\formdataobject_methods.md
              - Iris\iris_api_dev_guide\content\guidelines_android.md
              - Iris\iris_api_dev_guide\content\guidelines_ios.md
              - Iris\iris_api_dev_guide\content\healthkit.md
              - Iris\iris_api_dev_guide\content\httprequestobject.md
              - Iris\iris_api_dev_guide\content\httprequestobject_events.md
              - Iris\iris_api_dev_guide\content\httprequestobject_properties.md
              - Iris\iris_api_dev_guide\content\httprequestobjectmethods.md
              - Iris\iris_api_dev_guide\content\image_object.md
              - Iris\iris_api_dev_guide\content\importing_ssm.md
              - Iris\iris_api_dev_guide\content\ios_api.md
              - Iris\iris_api_dev_guide\content\jobscheduler.md
              - Iris\iris_api_dev_guide\content\js_function_semantics.md
              - Iris\iris_api_dev_guide\content\js_object_semantics_new.md
              - Iris\iris_api_dev_guide\content\native_function.md
              - Iris\iris_api_dev_guide\content\nearfieldcommunication.md
              - Iris\iris_api_dev_guide\content\networkapi_httpintegritychecking.md
              - Iris\iris_api_dev_guide\content\revisionhome.md
              - Iris\iris_api_dev_guide\content\session_configuration_api.md
              - Iris\iris_api_dev_guide\content\sharefilesandroid.md
              - Iris\iris_api_dev_guide\content\speech.md
              - Iris\iris_api_dev_guide\content\start_library.md
              - Iris\iris_api_dev_guide\content\touch_id.md
              - Iris\iris_api_dev_guide\content\voltmx.actionextension_properties.md
              - Iris\iris_api_dev_guide\content\voltmx.application_appwindow.md
              - Iris\iris_api_dev_guide\content\voltmx.application_constants.md
              - Iris\iris_api_dev_guide\content\voltmx.application_functions_bookmarkrefreshapi.md
              - Iris\iris_api_dev_guide\content\voltmx.application_functions_charmsapi.md
              - Iris\iris_api_dev_guide\content\voltmx.application_functions_requestreview.md
              - Iris\iris_api_dev_guide\content\voltmx.application_in-app_updates_functions.md
              - Iris\iris_api_dev_guide\content\voltmx.application_namespace.md
              - Iris\iris_api_dev_guide\content\voltmx.automation_namespace.md
              - Iris\iris_api_dev_guide\content\voltmx.forcetouch_namespace.md
              - Iris\iris_api_dev_guide\content\voltmx.forcetouch_namespace_constants.md
              - Iris\iris_api_dev_guide\content\voltmx.io.file_namespace.md
              - Iris\iris_api_dev_guide\content\voltmx.location_deprecated.md
              - Iris\iris_api_dev_guide\content\voltmx.media_namespace.md
              - Iris\iris_api_dev_guide\content\voltmx.net_deprecated.md
              - Iris\iris_api_dev_guide\content\voltmx.net_namespace.md
              - Iris\iris_api_dev_guide\content\voltmx.os_constants.md
              - Iris\iris_api_dev_guide\content\voltmx.os_namespace.md
              - Iris\iris_api_dev_guide\content\voltmx.signinwithapple_functions.md
              - Iris\iris_api_dev_guide\content\voltmx.string_deprecated.md
              - Iris\iris_api_dev_guide\content\voltmx.todayextension_functions.md
              - Iris\iris_api_dev_guide\content\voltmx.types_objects.md
              - Iris\iris_api_dev_guide\content\voltmx.ui_functions.md
              - Iris\iris_api_dev_guide\content\voltmx.ui_functions_alert.md
              - Iris\iris_api_dev_guide\content\voltmx.vocabulary_functions.md
              - Iris\iris_api_dev_guide\content\voltmx_functions_threadingapis.md
              - Iris\iris_api_dev_guide\content\voltmx_map_constants.md
              - Iris\iris_api_dev_guide\content\voltmxfilterfunctions.md
              - Iris\iris_api_dev_guide\content\voltmxfilternamespace.md
              - Iris\iris_api_dev_guide\content\voltmximagenamespace.md
              - Iris\iris_api_dev_guide\content\voltmximagenamespaceconstants.md
              - Iris\iris_api_dev_guide\content\zipunzip_android.md
              - Iris\iris_api_dev_guide\content\zipunzip_ios.md
              - Iris\iris_app_viewer\Content\FunctionalPreviewEnterprise.md
              - Iris\iris_app_viewer\Content\Iris_App_Viewer.md
              - Iris\iris_app_viewer\Content\PreviewAnAppOnADevice.md
              - Iris\iris_app_viewer\Content\Previewing_Child_Apps_with_FFIs_in_App_Viewer.md
              - Iris\iris_rel_notes\Content\V92.md
              - Iris\iris_rel_notes\Content\V9SP2.md
              - Iris\iris_rel_notes\Content\V9SP2FP37.md
              - Iris\iris_rel_notes\Content\V9SP2FP38.md
              - Iris\iris_rel_notes\Content\V9SP2FP39.md
              - Iris\iris_rel_notes\Content\V9SP2FP4.md
              - Iris\iris_rel_notes\Content\V9SP2FP45.md
              - Iris\iris_rel_notes\Content\V9SP2FP46.md
              - Iris\iris_rel_notes\Content\V9SP2FP47.md
              - Iris\iris_rel_notes\Content\V9SP2FP5.md
              - Iris\iris_rel_notes\Content\V9SP2FP54.md
              - Iris\iris_rel_notes\Content\V9SP2_Known_Issues.md
              - Iris\iris_rel_notes\Content\VoltMX_Iris_Release_Notes.md
              - Iris\iris_starter_install_mac\Content\Appendix - Registering with VoltMX.md
              - Iris\iris_starter_install_mac\Content\Configuring Iris to Use a Proxy Server.md
              - Iris\iris_starter_install_mac\Content\Getting Started.md
              - Iris\iris_starter_install_mac\Content\Homepage123.md
              - Iris\iris_starter_install_mac\Content\Installing VoltMX Iris App Preview.md
              - Iris\iris_starter_install_mac\Content\Iris User Guide.md
              - Iris\iris_starter_install_mac\Content\Preferences.md
              - Iris\iris_starter_install_mac\Content\Search.md
              - Iris\iris_starter_install_mac\Content\Snippet.md
              - Iris\iris_starter_install_mac\Content\Uninstalling VoltMX Iris.md
              - Iris\iris_starter_install_mac\Content\Workspace.md
              - Iris\iris_starter_install_mac\Content\A_Getting Started\Basic Steps.md
              - Iris\iris_starter_install_mac\Content\A_Getting Started\Build and Productivity.md
              - Iris\iris_starter_install_mac\Content\A_Getting Started\Build and ProductivityOld.md
              - Iris\iris_starter_install_mac\Content\A_Getting Started\Concepts and architecture.md
              - Iris\iris_starter_install_mac\Content\A_Getting Started\Concepts and architectureold.md
              - Iris\iris_starter_install_mac\Content\A_Getting Started\Designing Backend.md
              - Iris\iris_starter_install_mac\Content\A_Getting Started\Designing BackendOld.md
              - Iris\iris_starter_install_mac\Content\A_Getting Started\Designing Frontend.md
              - Iris\iris_starter_install_mac\Content\A_Getting Started\Designing FrontendOld.md
              - Iris\iris_starter_install_mac\Content\A_Getting Started\Getting Started.md
              - Iris\iris_starter_install_mac\Content\A_Getting Started\Getting StartedOld.md
              - Iris\iris_starter_install_mac\Content\A_Getting Started\Resources.md
              - Iris\iris_starter_install_mac\Content\A_Getting Started\Whats New.md
              - Iris\iris_starter_install_mac\Content\B_Links and Lists\Links.md
              - Iris\iris_starter_install_mac\Content\B_Links and Lists\LinksAndLists.md
              - Iris\iris_starter_install_mac\Content\B_Links and Lists\Lists.md
              - Iris\iris_starter_install_mac\Content\C_Conditions Notes Tables\Conditions.md
              - Iris\iris_starter_install_mac\Content\C_Conditions Notes Tables\ConditionsNotesTables.md
              - Iris\iris_starter_install_mac\Content\C_Conditions Notes Tables\NotesExamplesBlockquotes.md
              - Iris\iris_starter_install_mac\Content\C_Conditions Notes Tables\Tables.md
              - Iris\iris_starter_install_mac\Content\D_Images\ImagePositionedLeft.md
              - Iris\iris_starter_install_mac\Content\D_Images\ImagePositionedRight.md
              - Iris\iris_starter_install_mac\Content\D_Images\ImageWithinList.md
              - Iris\iris_starter_install_mac\Content\D_Images\Images.md
              - Iris\iris_starter_install_mac\Content\D_Images\Positioned Images.md
              - Iris\iris_starter_install_mac\Content\D_Images\ThumbnailImage.md
              - Iris\iris_starter_install_mac\Content\E_Footer Topics\Company Information.md
              - Iris\iris_starter_install_mac\Content\E_Footer Topics\FAQs.md
              - Iris\iris_starter_install_mac\Content\E_Footer Topics\PDF Downloads.md
              - Iris\iris_starter_install_mac\Content\E_Footer Topics\Tips.md
              - Iris\iris_starter_install_win\Content\Configuring Iris to use a proxy Server OLD.md
              - Iris\iris_starter_install_win\Content\Silent Install.md
              - Iris\iris_starter_install_win\Content\Silent Uninstall.md
              - Iris\iris_starter_install_win\Content\A_Getting Started\Basic Steps.md
              - Iris\iris_starter_install_win\Content\A_Getting Started\Build and Productivity.md
              - Iris\iris_starter_install_win\Content\A_Getting Started\Build and ProductivityOld.md
              - Iris\iris_starter_install_win\Content\A_Getting Started\Concepts and architecture.md
              - Iris\iris_starter_install_win\Content\A_Getting Started\Concepts and architectureold.md
              - Iris\iris_starter_install_win\Content\A_Getting Started\Designing Backend.md
              - Iris\iris_starter_install_win\Content\A_Getting Started\Designing BackendOld.md
              - Iris\iris_starter_install_win\Content\A_Getting Started\Designing Frontend.md
              - Iris\iris_starter_install_win\Content\A_Getting Started\Designing FrontendOld.md
              - Iris\iris_starter_install_win\Content\A_Getting Started\Getting Started.md
              - Iris\iris_starter_install_win\Content\A_Getting Started\Getting StartedOld.md
              - Iris\iris_starter_install_win\Content\A_Getting Started\Resources.md
              - Iris\iris_starter_install_win\Content\A_Getting Started\Whats New.md
              - Iris\iris_starter_install_win\Content\B_Links and Lists\Links.md
              - Iris\iris_starter_install_win\Content\B_Links and Lists\LinksAndLists.md
              - Iris\iris_starter_install_win\Content\B_Links and Lists\Lists.md
              - Iris\iris_starter_install_win\Content\C_Conditions Notes Tables\Conditions.md
              - Iris\iris_starter_install_win\Content\C_Conditions Notes Tables\ConditionsNotesTables.md
              - Iris\iris_starter_install_win\Content\C_Conditions Notes Tables\NotesExamplesBlockquotes.md
              - Iris\iris_starter_install_win\Content\C_Conditions Notes Tables\Tables.md
              - Iris\iris_starter_install_win\Content\D_Images\ImagePositionedLeft.md
              - Iris\iris_starter_install_win\Content\D_Images\ImagePositionedRight.md
              - Iris\iris_starter_install_win\Content\D_Images\ImageWithinList.md
              - Iris\iris_starter_install_win\Content\D_Images\Images.md
              - Iris\iris_starter_install_win\Content\D_Images\Positioned Images.md
              - Iris\iris_starter_install_win\Content\D_Images\ThumbnailImage.md
              - Iris\iris_starter_install_win\Content\E_Footer Topics\Company Information.md
              - Iris\iris_starter_install_win\Content\E_Footer Topics\FAQs.md
              - Iris\iris_starter_install_win\Content\E_Footer Topics\PDF Downloads.md
              - Iris\iris_starter_install_win\Content\E_Footer Topics\Tips.md
              - Iris\iris_tutorials\Content\Common\Table of Contents.md
              - Iris\iris_tutorials\Content\Common\copyright1.md
              - Iris\iris_tutorials\Content\Module\Interaction_Design_Parallax_Effect.md
              - Iris\iris_tutorials\Content\Module\Iris Wearables Canvas.md
              - Iris\iris_tutorials\Content\Module\animations_cardflip.md
              - Iris\iris_tutorials\Content\Module\application_performance_monitoring.md
              - Iris\iris_tutorials\Content\Module\custom_progress_indicator_timerapi.md
              - Iris\iris_tutorials\Content\Module\design_practices_for_developers.md
              - Iris\iris_tutorials\Content\Module\desktop_canvas.md
              - Iris\iris_tutorials\Content\Module\enterprise_application_security.md
              - Iris\iris_tutorials\Content\Module\getting_started_iris_old.md
              - Iris\iris_tutorials\Content\Module\image_processing_withVoltMXAPIs.md
              - Iris\iris_tutorials\Content\Module\image_processing_withVoltMXAPIs_advanced.md
              - Iris\iris_tutorials\Content\Module\integrated_studio.md
              - Iris\iris_tutorials\Content\Module\map_widget_advanced.md
              - Iris\iris_tutorials\Content\Module\map_widget_introduction.md
              - Iris\iris_tutorials\Content\Module\mobile_first_apis.md
              - Iris\iris_tutorials\Content\Module\releasenotes.md
              - Iris\iris_tutorials\Content\Module\segment_widget_animation.md
              - Iris\iris_tutorials\Content\Module\tutorials_master.md
              - Iris\iris_tutorials\Content\Module\video_widget.md
              - Iris\iris_tutorials\Content\Module\voltmx_animations_api.md
              - Iris\iris_user_guide\Content\AIAssisted.md
              - Iris\iris_user_guide\Content\AndroidWear_Properties.md
              - Iris\iris_user_guide\Content\CI_BUILD_VoltMX_Iris_Classic.md
              - Iris\iris_user_guide\Content\CloudBuildStarter.md
              - Iris\iris_user_guide\Content\Cloud_Build_in_VoltMX_Iris.md
              - Iris\iris_user_guide\Content\Connect_to_VoltMXFoundry.md
              - Iris\iris_user_guide\Content\CopyBetweenDesAndDevActions.md
              - Iris\iris_user_guide\Content\CreateApplicationExtension.md
              - Iris\iris_user_guide\Content\Creating_a_SOAP_Service.md
              - Iris\iris_user_guide\Content\Custom_FCM.md
              - Iris\iris_user_guide\Content\Custom_GCM.md
              - Iris\iris_user_guide\Content\Desktop_Web_Properties.md
              - Iris\iris_user_guide\Content\EAS.md
              - Iris\iris_user_guide\Content\ImportAppExtension.md
              - Iris\iris_user_guide\Content\Inline_Debugger.md
              - Iris\iris_user_guide\Content\KSLint.md
              - Iris\iris_user_guide\Content\Look.md
              - Iris\iris_user_guide\Content\OpenConsoleLogs.md
              - Iris\iris_user_guide\Content\Orchestration.md
              - Iris\iris_user_guide\Content\Package_AppViewer.md
              - Iris\iris_user_guide\Content\Prerequisite.md
              - Iris\iris_user_guide\Content\Project_Properties_In_Iris_Starter.md
              - Iris\iris_user_guide\Content\Responsive_Design.md
              - Iris\iris_user_guide\Content\ViewAndCollabOnProject.md
              - Iris\iris_user_guide\Content\Viewing_an_Application_on_Emulators.md
              - Iris\iris_user_guide\Content\WatchSegment2Widget.md
              - Iris\iris_user_guide\Content\Working_with_Expression_Editor.md
              - Iris\iris_user_guide\Content\Working_with_Mapping_Editor.md
              - Iris\iris_wearables_dev_guide\content\wearable_android.md
              - Iris\iris_wearables_dev_guide\content\wearable_ios.md
              - Iris\iris_widget_prog_guide\Content\AppMenu_Properties.md
              - Iris\iris_widget_prog_guide\Content\Box.md
              - Iris\iris_widget_prog_guide\Content\Box_Behavior.md
              - Iris\iris_widget_prog_guide\Content\Box_Events.md
              - Iris\iris_widget_prog_guide\Content\Box_Methods.md
              - Iris\iris_widget_prog_guide\Content\ComboBox.md
              - Iris\iris_widget_prog_guide\Content\ComboBox_Events.md
              - Iris\iris_widget_prog_guide\Content\ComboBox_Methods.md
              - Iris\iris_widget_prog_guide\Content\ComboBox_Properties.md
              - Iris\iris_widget_prog_guide\Content\FlexContainer_Example_SampleApp.md
              - Iris\iris_widget_prog_guide\Content\FlexForm_Example_SampleApp.md
              - Iris\iris_widget_prog_guide\Content\Form.md
              - Iris\iris_widget_prog_guide\Content\Form_Basic_Properties.md
              - Iris\iris_widget_prog_guide\Content\Form_Events.md
              - Iris\iris_widget_prog_guide\Content\Form_Methods.md
              - Iris\iris_widget_prog_guide\Content\HBox_Properties.md
              - Iris\iris_widget_prog_guide\Content\Horizontal_Image_Strip.md
              - Iris\iris_widget_prog_guide\Content\HzImage_Events.md
              - Iris\iris_widget_prog_guide\Content\HzImage_Methods.md
              - Iris\iris_widget_prog_guide\Content\HzImage_Properties.md
              - Iris\iris_widget_prog_guide\Content\ImageGallery.md
              - Iris\iris_widget_prog_guide\Content\ImageGallery_Events.md
              - Iris\iris_widget_prog_guide\Content\ImageGallery_Methods.md
              - Iris\iris_widget_prog_guide\Content\ImageGallery_Properties.md
              - Iris\iris_widget_prog_guide\Content\Line.md
              - Iris\iris_widget_prog_guide\Content\Line_Events.md
              - Iris\iris_widget_prog_guide\Content\Line_Properties.md
              - Iris\iris_widget_prog_guide\Content\Link.md
              - Iris\iris_widget_prog_guide\Content\Link_Events.md
              - Iris\iris_widget_prog_guide\Content\Link_Layout_Properties.md
              - Iris\iris_widget_prog_guide\Content\Link_Properties.md
              - Iris\iris_widget_prog_guide\Content\MenuContainer.md
              - Iris\iris_widget_prog_guide\Content\MenuContainer_Basic_Properties.md
              - Iris\iris_widget_prog_guide\Content\MenuContainer_Events.md
              - Iris\iris_widget_prog_guide\Content\MenuContainer_Methods.md
              - Iris\iris_widget_prog_guide\Content\Menuitem.md
              - Iris\iris_widget_prog_guide\Content\Menuitem_Basic_Properties.md
              - Iris\iris_widget_prog_guide\Content\Menuitem_Events.md
              - Iris\iris_widget_prog_guide\Content\Menuitem_Templates.md
              - Iris\iris_widget_prog_guide\Content\ObjectSelector3D.md
              - Iris\iris_widget_prog_guide\Content\ObjectSelector3D_Basic_Properties.md
              - Iris\iris_widget_prog_guide\Content\ObjectSelector3D_Events.md
              - Iris\iris_widget_prog_guide\Content\ObjectSelector3D_Methods.md
              - Iris\iris_widget_prog_guide\Content\Popup.md
              - Iris\iris_widget_prog_guide\Content\Popup_Events.md
              - Iris\iris_widget_prog_guide\Content\Popup_Methods.md
              - Iris\iris_widget_prog_guide\Content\Popup_Properties.md
              - Iris\iris_widget_prog_guide\Content\Revision_History_Home.md
              - Iris\iris_widget_prog_guide\Content\ScrollBox.md
              - Iris\iris_widget_prog_guide\Content\ScrollBox_Basic_Properties.md
              - Iris\iris_widget_prog_guide\Content\VBox.md
              - Iris\iris_widget_prog_guide\Content\VBox_Behavior.md
              - Iris\iris_widget_prog_guide\Content\VBox_Events.md
              - Iris\iris_widget_prog_guide\Content\VBox_Methods.md
              - Iris\iris_widget_prog_guide\Content\VBox_Properties.md
              - Iris\iris_widget_prog_guide\Content\WidgetReferences.md
              - Iris\voltmx_ref_arch_api\Content\App_Customization.md
              - Iris\voltmx_ref_arch_api\Content\Create_an_App_with_VoltMX_Reference_Architecture.md
              - _site\docs\documentation\Iris\iris_api_dev_guide\content\voltmx.os_functions.md
              - _site\docs\tutorials\componentAndMarketplace.md
              - getting-started\index.md
WARNING  -  A relative path to 'Iris/iris_starter_install_mac/Content/Prerequisites.html#download' is included in the
            'nav' configuration, which is not found in the documentation files
WARNING  -  A relative path to 'Iris/iris_starter_install_mac/Content/Installing VoltMX
            Iris.html#configuring-to-use-a-proxy-server' is included in the 'nav' configuration, which is not found in
            the documentation files
WARNING  -  A relative path to 'Iris/iris_starter_install_win/Content/Prerequisites.html#system-requirements' is
            included in the 'nav' configuration, which is not found in the documentation files
WARNING  -  A relative path to 'Iris/iris_starter_install_win/Content/Installing VoltMX
            Iris.html#configuring-to-use-a-proxy-server' is included in the 'nav' configuration, which is not found in
            the documentation files
WARNING  -  A relative path to 'Iris/iris_tutorials/Content/Module/sfpipeline_manual.md' is included in the 'nav'
            configuration, which is not found in the documentation files
WARNING  -  A relative path to 'Iris/iris_user_guide/Content/VoltMXDefaultPerspective.html#left-navigation-bar' is
            included in the 'nav' configuration, which is not found in the documentation files
WARNING  -  A relative path to 'Iris/iris_user_guide/Content/VoltMXDefaultPerspective.html#project-explorer' is included
            in the 'nav' configuration, which is not found in the documentation files
WARNING  -  A relative path to 'Iris/iris_user_guide/Content/VoltMXDefaultPerspective.html#iris-canvas' is included in
            the 'nav' configuration, which is not found in the documentation files
WARNING  -  A relative path to 'Iris/iris_user_guide/Content/VoltMXDefaultPerspective.html#properties-panel' is included
            in the 'nav' configuration, which is not found in the documentation files
WARNING  -  A relative path to 'Iris/iris_user_guide/Content/VoltMXDefaultPerspective.html#account-information' is
            included in the 'nav' configuration, which is not found in the documentation files
WARNING  -  A relative path to 'Iris/iris_user_guide/Content/VoltMXDefaultPerspective.html#library-explorer' is included
            in the 'nav' configuration, which is not found in the documentation files
WARNING  -  A relative path to 'Iris/iris_user_guide/Content/VoltMXDefaultPerspective.html#console' is included in the
            'nav' configuration, which is not found in the documentation files
WARNING  -  A relative path to 'Iris/iris_user_guide/Content/AIAssisted.html#ai-assisted-development' is included in the
            'nav' configuration, which is not found in the documentation files
WARNING  -  A relative path to
            'Iris/iris_user_guide/Content/Internationalization.html#export-internationalization-settings' is included in
            the 'nav' configuration, which is not found in the documentation files
WARNING  -  A relative path to
            'Iris/iris_user_guide/Content/Internationalization.html#import-internationalization-settings' is included in
            the 'nav' configuration, which is not found in the documentation files
WARNING  -  A relative path to 'Iris/iris_user_guide/Content/ExportImportThemes.md' is included in the 'nav'
            configuration, which is not found in the documentation files
WARNING  -  A relative path to 'Iris/iris_user_guide/Content/ExportImportFonts.md' is included in the 'nav'
            configuration, which is not found in the documentation files
WARNING  -  A relative path to 'Iris/iris_user_guide/Content/Watch.html#forms' is included in the 'nav' configuration,
            which is not found in the documentation files
WARNING  -  A relative path to 'Iris/iris_user_guide/Content/PopulatingWidgets.html#container-widgets' is included in
            the 'nav' configuration, which is not found in the documentation files
WARNING  -  A relative path to 'Iris/iris_user_guide/Content/PopulatingWidgets.html#basic-widgets' is included in the
            'nav' configuration, which is not found in the documentation files
WARNING  -  A relative path to 'Iris/iris_user_guide/Content/PopulatingWidgets.html#advanced-widgets' is included in the
            'nav' configuration, which is not found in the documentation files
WARNING  -  A relative path to 'Iris/iris_user_guide/Content/AddAppleWatchWidgets.html#container-widget' is included in
            the 'nav' configuration, which is not found in the documentation files
WARNING  -  A relative path to 'Iris/iris_user_guide/Content/AddAppleWatchWidgets.html#basic-widgets' is included in the
            'nav' configuration, which is not found in the documentation files
WARNING  -  A relative path to 'Iris/iris_user_guide/Content/AddAppleWatchWidgets.html#advanced-widgets' is included in
            the 'nav' configuration, which is not found in the documentation files
WARNING  -  A relative path to 'Iris/iris_user_guide/Content/working_with_Action_Editor.html#important-considerations'
            is included in the 'nav' configuration, which is not found in the documentation files
WARNING  -  A relative path to 'Iris/iris_user_guide/Content/working_with_Action_Editor.html#add-watch-actions' is
            included in the 'nav' configuration, which is not found in the documentation files
WARNING  -  A relative path to
            'Iris/iris_user_guide/Content/working_with_Action_Editor.html#validate-the-code-of-an-action' is included in
            the 'nav' configuration, which is not found in the documentation files
WARNING  -  A relative path to 'Iris/iris_user_guide/Content/working_with_Action_Editor.html#copy-an-action-sequence' is
            included in the 'nav' configuration, which is not found in the documentation files
WARNING  -  A relative path to 'Iris/iris_user_guide/Content/working_with_Action_Editor.html#disable-an-action' is
            included in the 'nav' configuration, which is not found in the documentation files
WARNING  -  A relative path to
            'Iris/iris_user_guide/Content/Customizing_the_Look_and_Feel_with_Skins.html#use-default-skins' is included
            in the 'nav' configuration, which is not found in the documentation files
WARNING  -  A relative path to
            'Iris/iris_user_guide/Content/Customizing_the_Look_and_Feel_with_Skins.html#create-a-new-skin' is included
            in the 'nav' configuration, which is not found in the documentation files
WARNING  -  A relative path to
            'Iris/iris_user_guide/Content/Customizing_the_Look_and_Feel_with_Skins.html#configure-a-new-skin' is
            included in the 'nav' configuration, which is not found in the documentation files
WARNING  -  A relative path to 'Iris/iris_user_guide/Content/Customizing_the_Look_and_Feel_with_Skins.html#edit-a-skin'
            is included in the 'nav' configuration, which is not found in the documentation files
WARNING  -  A relative path to 'Iris/iris_user_guide/Content/Customizing_the_Look_and_Feel_with_Skins.html#apply-a-skin'
            is included in the 'nav' configuration, which is not found in the documentation files
WARNING  -  A relative path to 'Iris/iris_user_guide/Content/Customizing_the_Look_and_Feel_with_Skins.html#reuse-skins'
            is included in the 'nav' configuration, which is not found in the documentation files
WARNING  -  A relative path to 'Iris/iris_user_guide/Content/Customizing_the_Look_and_Feel_with_Skins.html#fork-a-skin'
            is included in the 'nav' configuration, which is not found in the documentation files
WARNING  -  A relative path to
            'Iris/iris_user_guide/Content/Customizing_the_Look_and_Feel_with_Skins.html#important-considerations-in-forking'
            is included in the 'nav' configuration, which is not found in the documentation files
WARNING  -  A relative path to
            'Iris/iris_user_guide/Content/Customizing_the_Look_and_Feel_with_Skins.html#delete-a-skin' is included in
            the 'nav' configuration, which is not found in the documentation files
WARNING  -  A relative path to
            'Iris/iris_user_guide/Content/Customizing_the_Look_and_Feel_with_Skins.html#impact-of-upgrade-to-v8-on-skins-in-widgets'
            is included in the 'nav' configuration, which is not found in the documentation files
WARNING  -  A relative path to
            'Iris/iris_user_guide/Content/Using_Themes_Applying_a_Collection_of_Skins_as_a_Group.html#what-are-themes-and-why-would-i-want-them'
            is included in the 'nav' configuration, which is not found in the documentation files
WARNING  -  A relative path to
            'Iris/iris_user_guide/Content/Using_Themes_Applying_a_Collection_of_Skins_as_a_Group.html#create-a-theme' is
            included in the 'nav' configuration, which is not found in the documentation files
WARNING  -  A relative path to
            'Iris/iris_user_guide/Content/Using_Themes_Applying_a_Collection_of_Skins_as_a_Group.html#rename-a-theme' is
            included in the 'nav' configuration, which is not found in the documentation files
WARNING  -  A relative path to
            'Iris/iris_user_guide/Content/Using_Themes_Applying_a_Collection_of_Skins_as_a_Group.html#duplicate-the-current-theme'
            is included in the 'nav' configuration, which is not found in the documentation files
WARNING  -  A relative path to
            'Iris/iris_user_guide/Content/Using_Themes_Applying_a_Collection_of_Skins_as_a_Group.html#delete-a-theme' is
            included in the 'nav' configuration, which is not found in the documentation files
WARNING  -  A relative path to 'Iris/iris_user_guide/Content/Adding_and_Managing_Images.html#conventions-for-images' is
            included in the 'nav' configuration, which is not found in the documentation files
WARNING  -  A relative path to
            'Iris/iris_user_guide/Content/Adding_and_Managing_Images.html#manage-android-image-folders' is included in
            the 'nav' configuration, which is not found in the documentation files
WARNING  -  A relative path to
            'Iris/iris_user_guide/Content/Adding_and_Managing_Images.html#add-a-favorite-icon-favicon-for-use-in-a-browser'
            is included in the 'nav' configuration, which is not found in the documentation files
WARNING  -  A relative path to 'Iris/iris_user_guide/Content/OpenConsoleLogs.html#open-console-logs' is included in the
            'nav' configuration, which is not found in the documentation files
WARNING  -  A relative path to
            'Iris/iris_user_guide/Content/Creating_a_SOAP_Service.html#create-a-web-soap-sharepoint-service' is included
            in the 'nav' configuration, which is not found in the documentation files
WARNING  -  A relative path to 'Iris/iris_user_guide/Content/Orchestration.html#composite-services' is included in the
            'nav' configuration, which is not found in the documentation files
WARNING  -  A relative path to 'Iris/iris_user_guide/Content/Orchestration.html#looping-services' is included in the
            'nav' configuration, which is not found in the documentation files
WARNING  -  A relative path to
            'Iris/iris_user_guide/Content/ApplicationSecurity.html#build-runtime-security-in-the-application' is
            included in the 'nav' configuration, which is not found in the documentation files
WARNING  -  A relative path to 'Iris/iris_user_guide/Content/ApplicationSecurity.html#protect-the-application-binaries'
            is included in the 'nav' configuration, which is not found in the documentation files
WARNING  -  A relative path to 'Iris/iris_user_guide/Content/ApplicationSecurity.html#protection-mechanisms-provided-by'
            is included in the 'nav' configuration, which is not found in the documentation files
WARNING  -  A relative path to
            'Iris/iris_user_guide/Content/ApplicationSecurity.html#rsa-key-pair-generation-encryption-and-usage' is
            included in the 'nav' configuration, which is not found in the documentation files
WARNING  -  A relative path to 'Iris/iris_user_guide/Content/ApplicationSecurity.html#configure-project-settings-in' is
            included in the 'nav' configuration, which is not found in the documentation files
WARNING  -  A relative path to 'Iris/iris_user_guide/Content/ApplicationSecurity.html#impact-on-app-39-s-performance' is
            included in the 'nav' configuration, which is not found in the documentation files
WARNING  -  A relative path to 'Iris/iris_user_guide/Content/ApplicationSecurity.html#application-security-guidelines'
            is included in the 'nav' configuration, which is not found in the documentation files
WARNING  -  A relative path to
            'Iris/iris_user_guide/Content/ApplicationSecurity.html#jailbroken-and-rooted-device-detection' is included
            in the 'nav' configuration, which is not found in the documentation files
WARNING  -  A relative path to 'Iris/iris_user_guide/Content/Package_AppViewer.html#customize-volt-mx-app' is included
            in the 'nav' configuration, which is not found in the documentation files
WARNING  -  A relative path to 'Iris/iris_user_guide/Content/Cloud_Build_in_VoltMX_Iris.html#build-and-publish-in' is
            included in the 'nav' configuration, which is not found in the documentation files
WARNING  -  A relative path to 'Iris/iris_user_guide/Content/EAS.html#publish-apps-to-the-enterprise-app-store' is
            included in the 'nav' configuration, which is not found in the documentation files
WARNING  -  A relative path to 'Iris/iris_user_guide/Content/Inline_Debugger.html#debug-javascript-for-ios-in' is
            included in the 'nav' configuration, which is not found in the documentation files
WARNING  -  A relative path to 'Iris/iris_user_guide/Content/Inline_Debugger.html#debug-javascript-for-android-in' is
            included in the 'nav' configuration, which is not found in the documentation files
WARNING  -  A relative path to 'Iris/app_design_dev/Content/UI_Guidelines.html#list-of-ui-components' is included in the
            'nav' configuration, which is not found in the documentation files
WARNING  -  A relative path to 'Iris/app_design_dev/Content/UI_Guidelines.html#guidelines-for-application-icons' is
            included in the 'nav' configuration, which is not found in the documentation files
WARNING  -  A relative path to
            'Iris/app_design_dev/Content/Guidelines_for_Splash_Screen.html#guidelines-for-splash-screen' is included in
            the 'nav' configuration, which is not found in the documentation files
WARNING  -  A relative path to 'Iris/app_design_dev/Content/Guidelines_for_App_Menu.html#ios' is included in the 'nav'
            configuration, which is not found in the documentation files
WARNING  -  A relative path to 'Iris/app_design_dev/Content/Guidelines_for_App_Menu.html#android' is included in the
            'nav' configuration, which is not found in the documentation files
WARNING  -  A relative path to 'Iris/app_design_dev/Content/Guidelines_for_App_Menu.html#blackberry' is included in the
            'nav' configuration, which is not found in the documentation files
WARNING  -  A relative path to 'Iris/app_design_dev/Content/Guidelines_for_App_Menu.html#windows' is included in the
            'nav' configuration, which is not found in the documentation files
WARNING  -  A relative path to
            'Iris/app_design_dev/Content/Guidelines_for_App_Menu.html#general-guidelines-for-app-menu' is included in
            the 'nav' configuration, which is not found in the documentation files
WARNING  -  A relative path to 'Iris/app_design_dev/Content/Guidelines_for_App_Menu.html#configure-an-app-menu' is
            included in the 'nav' configuration, which is not found in the documentation files
WARNING  -  A relative path to 'Iris/app_design_dev/Content/Guidelines_for_App_Menu.html#app-menu-examples' is included
            in the 'nav' configuration, which is not found in the documentation files
WARNING  -  A relative path to
            'Iris/app_design_dev/Content/Guidelines_for_Fonts.html#guidelines-for-configuring-fonts-for-rich-client-applications'
            is included in the 'nav' configuration, which is not found in the documentation files
WARNING  -  A relative path to 'Iris/app_design_dev/Content/GuidelinesTitleBarNavigationControls.html#ios' is included
            in the 'nav' configuration, which is not found in the documentation files
WARNING  -  A relative path to 'Iris/app_design_dev/Content/GuidelinesTitleBarNavigationControls.html#android' is
            included in the 'nav' configuration, which is not found in the documentation files
WARNING  -  A relative path to
            'Iris/app_design_dev/Content/GuidelinesTitleBarNavigationControls.html#configure-a-title-bar-on-a-form-iphone'
            is included in the 'nav' configuration, which is not found in the documentation files
WARNING  -  A relative path to
            'Iris/app_design_dev/Content/GuidelinesTitleBarNavigationControls.html#configure-device-back-on-a-form-android-bb'
            is included in the 'nav' configuration, which is not found in the documentation files
WARNING  -  A relative path to
            'Iris/app_design_dev/Content/GuidelinesTitleBarNavigationControls.html#title-bar-examples' is included in
            the 'nav' configuration, which is not found in the documentation files
WARNING  -  A relative path to
            'Iris/app_design_dev/Content/Guidelines_for_Progress_Indicators_RichClients_.html#create-a-progress-indicator'
            is included in the 'nav' configuration, which is not found in the documentation files
WARNING  -  A relative path to
            'Iris/app_design_dev/Content/Guidelines_for_Progress_Indicators_RichClients_.html#create-a-blocking-indicator'
            is included in the 'nav' configuration, which is not found in the documentation files
WARNING  -  A relative path to
            'Iris/app_design_dev/Content/Guidelines_for_Progress_Indicators_RichClients_.html#progress-indicator-blocking-ui-examples'
            is included in the 'nav' configuration, which is not found in the documentation files
WARNING  -  A relative path to
            'Iris/app_design_dev/Content/Guidelines_for_Alignments__Margins_and_Paddings_.html#proper-margins-and-padding-examples'
            is included in the 'nav' configuration, which is not found in the documentation files
WARNING  -  A relative path to
            'Iris/app_design_dev/Content/GuidelinesWhileUsingSegmentWidget.html#avoid-using-unnecessary-container-widgets'
            is included in the 'nav' configuration, which is not found in the documentation files
WARNING  -  A relative path to
            'Iris/app_design_dev/Content/GuidelinesWhileUsingSegmentWidget.html#avoid-complex-view-hierarchy' is
            included in the 'nav' configuration, which is not found in the documentation files
WARNING  -  A relative path to
            'Iris/app_design_dev/Content/GuidelinesWhileUsingSegmentWidget.html#standards-around-maximum-number-of-rows-in-a-segment'
            is included in the 'nav' configuration, which is not found in the documentation files
WARNING  -  A relative path to 'Iris/app_design_dev/Content/GuidelinesWhileUsingSegmentWidget.html#use-pagination' is
            included in the 'nav' configuration, which is not found in the documentation files
WARNING  -  A relative path to
            'Iris/app_design_dev/Content/GuidelinesWhileUsingSegmentWidget.html#setting-segment-as-screenlevel-widget'
            is included in the 'nav' configuration, which is not found in the documentation files
WARNING  -  A relative path to
            'Iris/app_design_dev/Content/GuidelinesWhileUsingSegmentWidget.html#do-not-use-hidden-widgets' is included
            in the 'nav' configuration, which is not found in the documentation files
WARNING  -  A relative path to
            'Iris/app_design_dev/Content/GuidelinesWhileUsingSegmentWidget.html#segment-widget-examples' is included in
            the 'nav' configuration, which is not found in the documentation files
WARNING  -  A relative path to 'Iris/app_design_dev/Content/Guidelines_while_using_Map_Widget.html#map-widget-examples'
            is included in the 'nav' configuration, which is not found in the documentation files
WARNING  -  A relative path to
            'Iris/app_design_dev/Content/Landscape_vs._Portrait_View.html#achieve-a-uniform-ui-in-both-orientations' is
            included in the 'nav' configuration, which is not found in the documentation files
WARNING  -  A relative path to
            'Iris/app_design_dev/Content/General_UI_guidelines.html#guidelines-for-text-and-grammar-across-the-application'
            is included in the 'nav' configuration, which is not found in the documentation files
WARNING  -  A relative path to 'Iris/app_design_dev/Content/General_UI_guidelines.html#guidelines-for-container-widgets'
            is included in the 'nav' configuration, which is not found in the documentation files
WARNING  -  A relative path to 'Iris/app_design_dev/Content/General_UI_guidelines.html#guidelines-for-skins' is included
            in the 'nav' configuration, which is not found in the documentation files
WARNING  -  A relative path to
            'Iris/app_design_dev/Content/General_UI_guidelines.html#guidelines-for-orientation-support' is included in
            the 'nav' configuration, which is not found in the documentation files
WARNING  -  A relative path to
            'Iris/app_design_dev/Content/General_UI_guidelines.html#guidelines-for-headers-and-footers' is included in
            the 'nav' configuration, which is not found in the documentation files
WARNING  -  A relative path to 'Iris/app_design_dev/Content/General_UI_guidelines.html#guidelines-for-copyright' is
            included in the 'nav' configuration, which is not found in the documentation files
WARNING  -  A relative path to 'Iris/app_design_dev/Content/General_UI_guidelines.html#guidelines-for-application-info'
            is included in the 'nav' configuration, which is not found in the documentation files
WARNING  -  A relative path to
            'Iris/app_design_dev/Content/General_UI_guidelines.html#guidelines-for-application-icon-in-phone-settings'
            is included in the 'nav' configuration, which is not found in the documentation files
WARNING  -  A relative path to 'Iris/app_design_dev/Content/General_UI_guidelines.html#other-guidelines' is included in
            the 'nav' configuration, which is not found in the documentation files
WARNING  -  A relative path to 'Iris/app_design_dev/Content/FFI.html#iphone' is included in the 'nav' configuration,
            which is not found in the documentation files
WARNING  -  A relative path to 'Iris/app_design_dev/Content/FFI.html#android' is included in the 'nav' configuration,
            which is not found in the documentation files
WARNING  -  A relative path to 'Iris/app_design_dev/Content/FFI.html#blackberry' is included in the 'nav' configuration,
            which is not found in the documentation files
WARNING  -  A relative path to 'Iris/app_design_dev/Content/Memory_Management_Guidelines.html#form-destroy' is included
            in the 'nav' configuration, which is not found in the documentation files
WARNING  -  A relative path to 'Iris/app_design_dev/Content/Memory_Management_Guidelines.html#global-variables' is
            included in the 'nav' configuration, which is not found in the documentation files
WARNING  -  A relative path to 'Iris/app_design_dev/Content/Accessibility_Iris.html#enable-accessibility-in-iris' is
            included in the 'nav' configuration, which is not found in the documentation files
WARNING  -  A relative path to 'Iris/app_design_dev/Content/Widget_Navigation.html#widget-navigation' is included in the
            'nav' configuration, which is not found in the documentation files
WARNING  -  A relative path to 'Iris/iris_api_dev_guide/content/accelerometerfunctions.html#accelerometer-functions' is
            included in the 'nav' configuration, which is not found in the documentation files
WARNING  -  A relative path to 'Iris/iris_api_dev_guide/content/actionitem_properties.html#enable' is included in the
            'nav' configuration, which is not found in the documentation files
WARNING  -  A relative path to 'Iris/iris_api_dev_guide/content/actionsheet_object_methods.html#methods' is included in
            the 'nav' configuration, which is not found in the documentation files
WARNING  -  A relative path to
            'Iris/iris_api_dev_guide/content/voltmx.ui_functions_alert.html#volt-mx-ui-alert-function' is included in
            the 'nav' configuration, which is not found in the documentation files
WARNING  -  A relative path to 'Iris/iris_api_dev_guide/content/animationdefinitionobject.html#key-frame-animation' is
            included in the 'nav' configuration, which is not found in the documentation files
WARNING  -  A relative path to 'Iris/iris_api_dev_guide/content/animationconfiguration_object.html#delay' is included in
            the 'nav' configuration, which is not found in the documentation files
WARNING  -  A relative path to 'Iris/iris_api_dev_guide/content/animationconfiguration_object.html#directio' is included
            in the 'nav' configuration, which is not found in the documentation files
WARNING  -  A relative path to 'Iris/iris_api_dev_guide/content/animationconfiguration_object.html#duration' is included
            in the 'nav' configuration, which is not found in the documentation files
WARNING  -  A relative path to 'Iris/iris_api_dev_guide/content/animationconfiguration_object.html#fillMode' is included
            in the 'nav' configuration, which is not found in the documentation files
WARNING  -  A relative path to 'Iris/iris_api_dev_guide/content/animationconfiguration_object.html#iteratio' is included
            in the 'nav' configuration, which is not found in the documentation files
WARNING  -  A relative path to 'Iris/iris_api_dev_guide/content/animationconfiguration_object.html#CommonExample' is
            included in the 'nav' configuration, which is not found in the documentation files
WARNING  -  A relative path to 'Iris/iris_api_dev_guide/content/voltmx.anim_constants.html#constants' is included in the
            'nav' configuration, which is not found in the documentation files
WARNING  -  A relative path to 'Iris/iris_api_dev_guide/content/transform_object_methods.html#methods' is included in
            the 'nav' configuration, which is not found in the documentation files
WARNING  -  A relative path to 'Iris/iris_api_dev_guide/content/voltmx.actionextension_functions.html#properties' is
            included in the 'nav' configuration, which is not found in the documentation files
WARNING  -  A relative path to 'Iris/iris_api_dev_guide/content/voltmx.actionextension_functions.html#functions' is
            included in the 'nav' configuration, which is not found in the documentation files
WARNING  -  A relative path to 'Iris/iris_api_dev_guide/content/voltmx.imessageextensionsfunctions.html#properties' is
            included in the 'nav' configuration, which is not found in the documentation files
WARNING  -  A relative path to 'Iris/iris_api_dev_guide/content/voltmx.imessageextensionsfunctions.html#functions' is
            included in the 'nav' configuration, which is not found in the documentation files
WARNING  -  A relative path to 'Iris/iris_api_dev_guide/content/voltmx.intentextension_functions.html#functions' is
            included in the 'nav' configuration, which is not found in the documentation files
WARNING  -  A relative path to
            'Iris/iris_api_dev_guide/content/voltmx.notificationcontentextension_functions.html#properties' is included
            in the 'nav' configuration, which is not found in the documentation files
WARNING  -  A relative path to
            'Iris/iris_api_dev_guide/content/voltmx.notificationcontentextension_functions.html#functions' is included
            in the 'nav' configuration, which is not found in the documentation files
WARNING  -  A relative path to 'Iris/iris_api_dev_guide/content/voltmx.shareextensionsfunctions.html#properties' is
            included in the 'nav' configuration, which is not found in the documentation files
WARNING  -  A relative path to 'Iris/iris_api_dev_guide/content/voltmx.shareextensionsfunctions.html#functions' is
            included in the 'nav' configuration, which is not found in the documentation files
WARNING  -  A relative path to 'Iris/iris_api_dev_guide/content/voltmx.todayextension.html#properties' is included in
            the 'nav' configuration, which is not found in the documentation files
WARNING  -  A relative path to 'Iris/iris_api_dev_guide/content/voltmx.shareextensionsfunctions.html#functions' is
            included in the 'nav' configuration, which is not found in the documentation files
WARNING  -  A relative path to 'Iris/iris_api_dev_guide/content/voltmx.application_functions.html#constants' is included
            in the 'nav' configuration, which is not found in the documentation files
WARNING  -  A relative path to 'Iris/iris_api_dev_guide/content/voltmx.application_functions.html#functions' is included
            in the 'nav' configuration, which is not found in the documentation files
WARNING  -  A relative path to 'Iris/iris_api_dev_guide/content/voltmx_application__settings_functions.html#functions'
            is included in the 'nav' configuration, which is not found in the documentation files
WARNING  -  A relative path to
            'Iris/iris_api_dev_guide/content/voltmx.automation_namespace.html#volt-mx-automation-namespace' is included
            in the 'nav' configuration, which is not found in the documentation files
WARNING  -  A relative path to 'Iris/iris_api_dev_guide/content/voltmx.automation_namespace.html#widget-apis' is
            included in the 'nav' configuration, which is not found in the documentation files
WARNING  -  A relative path to
            'Iris/iris_api_dev_guide/content/voltmx.automation_namespace.html#miscellaneous-automation-apis' is included
            in the 'nav' configuration, which is not found in the documentation files
WARNING  -  A relative path to 'Iris/iris_api_dev_guide/content/voltmx.automation_namespace.html#existing-apis' is
            included in the 'nav' configuration, which is not found in the documentation files
WARNING  -  A relative path to 'Iris/iris_api_dev_guide/content/voltmx.background_functions.html#functions' is included
            in the 'nav' configuration, which is not found in the documentation files
WARNING  -  A relative path to 'Iris/iris_api_dev_guide/content/voltmx.application_functions_badgeapi.html#widget.g' is
            included in the 'nav' configuration, which is not found in the documentation files
WARNING  -  A relative path to 'Iris/iris_api_dev_guide/content/voltmx.application_functions_badgeapi.html#widget.g2' is
            included in the 'nav' configuration, which is not found in the documentation files
WARNING  -  A relative path to 'Iris/iris_api_dev_guide/content/voltmx.application_functions_badgeapi.html#setAppBg' is
            included in the 'nav' configuration, which is not found in the documentation files
WARNING  -  A relative path to 'Iris/iris_api_dev_guide/content/voltmx.application_functions_badgeapi.html#widget.s' is
            included in the 'nav' configuration, which is not found in the documentation files
WARNING  -  A relative path to
            'Iris/iris_api_dev_guide/content/voltmx.os_constants_batteryapi.html#BatteryStateConstants' is included in
            the 'nav' configuration, which is not found in the documentation files
WARNING  -  A relative path to 'Iris/iris_api_dev_guide/content/voltmx.os_functions_batteryapi.html#getBatteryLevel' is
            included in the 'nav' configuration, which is not found in the documentation files
WARNING  -  A relative path to 'Iris/iris_api_dev_guide/content/voltmx.os_functions_batteryapi.html#getBatteryState' is
            included in the 'nav' configuration, which is not found in the documentation files
WARNING  -  A relative path to
            'Iris/iris_api_dev_guide/content/voltmx.os_functions_batteryapi.html#registerBatteryService' is included in
            the 'nav' configuration, which is not found in the documentation files
WARNING  -  A relative path to
            'Iris/iris_api_dev_guide/content/voltmx.os_functions_batteryapi.html#unregisterBatteryService' is included
            in the 'nav' configuration, which is not found in the documentation files
WARNING  -  A relative path to 'Iris/iris_api_dev_guide/content/beaconmethods.html#methods' is included in the 'nav'
            configuration, which is not found in the documentation files
WARNING  -  A relative path to 'Iris/iris_api_dev_guide/content/beaconmanager_methods.html#authoriz' is included in the
            'nav' configuration, which is not found in the documentation files
WARNING  -  A relative path to 'Iris/iris_api_dev_guide/content/beaconmanager_methods.html#getMonit2' is included in the
            'nav' configuration, which is not found in the documentation files
WARNING  -  A relative path to 'Iris/iris_api_dev_guide/content/beaconmanager_methods.html#getRange' is included in the
            'nav' configuration, which is not found in the documentation files
WARNING  -  A relative path to 'Iris/iris_api_dev_guide/content/beaconmanager_methods.html#isMonitor' is included in the
            'nav' configuration, which is not found in the documentation files
WARNING  -  A relative path to 'Iris/iris_api_dev_guide/content/beaconmanager_methods.html#isRangin' is included in the
            'nav' configuration, which is not found in the documentation files
WARNING  -  A relative path to 'Iris/iris_api_dev_guide/content/beaconmanager_methods.html#requestS' is included in the
            'nav' configuration, which is not found in the documentation files
WARNING  -  A relative path to 'Iris/iris_api_dev_guide/content/beaconmanager_methods.html#setAutho' is included in the
            'nav' configuration, which is not found in the documentation files
WARNING  -  A relative path to 'Iris/iris_api_dev_guide/content/beaconmanager_methods.html#setMonit' is included in the
            'nav' configuration, which is not found in the documentation files
WARNING  -  A relative path to 'Iris/iris_api_dev_guide/content/beaconmanager_methods.html#startMon' is included in the
            'nav' configuration, which is not found in the documentation files
WARNING  -  A relative path to 'Iris/iris_api_dev_guide/content/beaconmanager_methods.html#startRan' is included in the
            'nav' configuration, which is not found in the documentation files
WARNING  -  A relative path to 'Iris/iris_api_dev_guide/content/beaconmanager_methods.html#stopMonitoringBeaconsRegion'
            is included in the 'nav' configuration, which is not found in the documentation files
WARNING  -  A relative path to 'Iris/iris_api_dev_guide/content/beaconmanager_methods.html#stopRang' is included in the
            'nav' configuration, which is not found in the documentation files
WARNING  -  A relative path to 'Iris/iris_api_dev_guide/content/com.voltmx.peripheralmanager.html#methods' is included
            in the 'nav' configuration, which is not found in the documentation files
WARNING  -  A relative path to
            'Iris/iris_api_dev_guide/content/voltmx.application_functions_bookmarkrefreshapi.html#functions' is included
            in the 'nav' configuration, which is not found in the documentation files
WARNING  -  A relative path to 'Iris/iris_api_dev_guide/content/voltmx.net.cache_functions.html#functions' is included
            in the 'nav' configuration, which is not found in the documentation files
WARNING  -  A relative path to 'Iris/iris_api_dev_guide/content/voltmx.camera_functions.html#functions' is included in
            the 'nav' configuration, which is not found in the documentation files
WARNING  -  A relative path to 'Iris/iris_api_dev_guide/content/voltmx.application_functions_charmsapi.html#functions'
            is included in the 'nav' configuration, which is not found in the documentation files
WARNING  -  A relative path to 'Iris/iris_api_dev_guide/content/voltmx.haptics.html#Object' is included in the 'nav'
            configuration, which is not found in the documentation files
WARNING  -  A relative path to 'Iris/iris_api_dev_guide/content/voltmx.haptics.html#functions' is included in the 'nav'
            configuration, which is not found in the documentation files
WARNING  -  A relative path to 'Iris/iris_api_dev_guide/content/voltmx.reactnative_functions.html#functions' is included
            in the 'nav' configuration, which is not found in the documentation files
WARNING  -  A relative path to 'Iris/iris_api_dev_guide/content/react_native_apis.html#invokeVoltMXCallback' is included
            in the 'nav' configuration, which is not found in the documentation files
WARNING  -  A relative path to 'Iris/iris_api_dev_guide/content/react_native_apis.html#setCallback' is included in the
            'nav' configuration, which is not found in the documentation files
WARNING  -  A relative path to 'Iris/iris_api_dev_guide/content/voltmx.crypto_functions.html#functions' is included in
            the 'nav' configuration, which is not found in the documentation files
WARNING  -  A relative path to 'Iris/iris_api_dev_guide/content/voltmx.dragdrop_functions.html#functions' is included in
            the 'nav' configuration, which is not found in the documentation files
WARNING  -  A relative path to 'Iris/iris_api_dev_guide/content/voltmx.forcetouch_functions.html#functions' is included
            in the 'nav' configuration, which is not found in the documentation files
WARNING  -  A relative path to 'Iris/iris_api_dev_guide/content/voltmx.modules_functions.html#functions' is included in
            the 'nav' configuration, which is not found in the documentation files
WARNING  -  A relative path to 'Iris/iris_api_dev_guide/content/voltmx.location_functions.html#functions' is included in
            the 'nav' configuration, which is not found in the documentation files
WARNING  -  A relative path to
            'Iris/iris_api_dev_guide/content/voltmx.application_functions_gestures.html#addGestRecogForAllForms' is
            included in the 'nav' configuration, which is not found in the documentation files
WARNING  -  A relative path to 'Iris/iris_api_dev_guide/content/voltmx.application_functions_gestures.html#voltmx.wid2'
            is included in the 'nav' configuration, which is not found in the documentation files
WARNING  -  A relative path to 'Iris/iris_api_dev_guide/content/voltmx.gms_functions.html#constants' is included in the
            'nav' configuration, which is not found in the documentation files
WARNING  -  A relative path to 'Iris/iris_api_dev_guide/content/voltmx.gms_functions.html#functions' is included in the
            'nav' configuration, which is not found in the documentation files
WARNING  -  A relative path to 'Iris/iris_api_dev_guide/content/image_methods.html#methods' is included in the 'nav'
            configuration, which is not found in the documentation files
WARNING  -  A relative path to 'Iris/iris_api_dev_guide/content/voltmxfilterfilterobjmethods.html#methods' is included
            in the 'nav' configuration, which is not found in the documentation files
WARNING  -  A relative path to 'Iris/iris_api_dev_guide/content/voltmxfilterconstants.html#functions' is included in the
            'nav' configuration, which is not found in the documentation files
WARNING  -  A relative path to 'Iris/iris_api_dev_guide/content/voltmxfilterconstants.html#constants' is included in the
            'nav' configuration, which is not found in the documentation files
WARNING  -  A relative path to 'Iris/iris_api_dev_guide/content/voltmximagenamespacefunctions.html#constants' is
            included in the 'nav' configuration, which is not found in the documentation files
WARNING  -  A relative path to 'Iris/iris_api_dev_guide/content/voltmximagenamespacefunctions.html#functions' is
            included in the 'nav' configuration, which is not found in the documentation files
WARNING  -  A relative path to 'Iris/iris_api_dev_guide/content/imageclassifier_object.html#methods' is included in the
            'nav' configuration, which is not found in the documentation files
WARNING  -  A relative path to 'Iris/iris_api_dev_guide/content/voltmx.ml_namespace_functions.html#functions' is
            included in the 'nav' configuration, which is not found in the documentation files
WARNING  -  A relative path to
            'Iris/iris_api_dev_guide/content/voltmx.application_in-app_updates_functions.html#constants' is included in
            the 'nav' configuration, which is not found in the documentation files
WARNING  -  A relative path to
            'Iris/iris_api_dev_guide/content/voltmx.application_in-app_updates_functions.html#functions' is included in
            the 'nav' configuration, which is not found in the documentation files
WARNING  -  A relative path to 'Iris/iris_api_dev_guide/content/voltmx.io.file_functions.html#functions' is included in
            the 'nav' configuration, which is not found in the documentation files
WARNING  -  A relative path to 'Iris/iris_api_dev_guide/content/voltmx.io.filelist_functions.html#functions' is included
            in the 'nav' configuration, which is not found in the documentation files
WARNING  -  A relative path to 'Iris/iris_api_dev_guide/content/voltmx.io.filesystem_functions.html#functions' is
            included in the 'nav' configuration, which is not found in the documentation files
WARNING  -  A relative path to 'Iris/iris_api_dev_guide/content/voltmx.types_objects_rawbytes.html#properties' is
            included in the 'nav' configuration, which is not found in the documentation files
WARNING  -  A relative path to 'Iris/iris_api_dev_guide/content/voltmx.types_objects_rawbytes.html#functions' is
            included in the 'nav' configuration, which is not found in the documentation files
WARNING  -  A relative path to
            'Iris/iris_api_dev_guide/content/voltmx.types_objects.html#secure-text-exchange-between-native-android-code-and-javascript'
            is included in the 'nav' configuration, which is not found in the documentation files
WARNING  -  A relative path to 'Iris/iris_api_dev_guide/content/voltmx.i18n_functions.html#functions' is included in the
            'nav' configuration, which is not found in the documentation files
WARNING  -  A relative path to 'Iris/iris_api_dev_guide/content/voltmx.i18n_functions.html#deprecated-functions' is
            included in the 'nav' configuration, which is not found in the documentation files
WARNING  -  A relative path to 'Iris/iris_api_dev_guide/content/voltmx.keychain_functions.html#functions' is included in
            the 'nav' configuration, which is not found in the documentation files
WARNING  -  A relative path to 'Iris/iris_api_dev_guide/content/voltmx.keychain_functions.html#usage' is included in the
            'nav' configuration, which is not found in the documentation files
WARNING  -  A relative path to 'Iris/iris_api_dev_guide/content/voltmx.lang_functions.html#functions' is included in the
            'nav' configuration, which is not found in the documentation files
WARNING  -  A relative path to 'Iris/iris_api_dev_guide/content/voltmx.localauthentication_functions.html#functions' is
            included in the 'nav' configuration, which is not found in the documentation files
WARNING  -  A relative path to 'Iris/iris_api_dev_guide/content/voltmx_map_functions.html#constants' is included in the
            'nav' configuration, which is not found in the documentation files
WARNING  -  A relative path to 'Iris/iris_api_dev_guide/content/voltmx_map_functions.html#functions' is included in the
            'nav' configuration, which is not found in the documentation files
WARNING  -  A relative path to 'Iris/iris_api_dev_guide/content/voltmx.math_functions.html#functions' is included in the
            'nav' configuration, which is not found in the documentation files
WARNING  -  A relative path to 'Iris/iris_api_dev_guide/content/voltmx.math_functions.html#CommonExample' is included in
            the 'nav' configuration, which is not found in the documentation files
WARNING  -  A relative path to 'Iris/iris_api_dev_guide/content/voltmx.media_functions.html#functions' is included in
            the 'nav' configuration, which is not found in the documentation files
WARNING  -  A relative path to 'Iris/iris_api_dev_guide/content/media_methods.html#pause' is included in the 'nav'
            configuration, which is not found in the documentation files
WARNING  -  A relative path to 'Iris/iris_api_dev_guide/content/media_methods.html#play' is included in the 'nav'
            configuration, which is not found in the documentation files
WARNING  -  A relative path to 'Iris/iris_api_dev_guide/content/media_methods.html#releaseMedia' is included in the
            'nav' configuration, which is not found in the documentation files
WARNING  -  A relative path to 'Iris/iris_api_dev_guide/content/media_methods.html#seek' is included in the 'nav'
            configuration, which is not found in the documentation files
WARNING  -  A relative path to 'Iris/iris_api_dev_guide/content/media_methods.html#setCallbacks' is included in the
            'nav' configuration, which is not found in the documentation files
WARNING  -  A relative path to 'Iris/iris_api_dev_guide/content/media_methods.html#stop' is included in the 'nav'
            configuration, which is not found in the documentation files
WARNING  -  A relative path to 'Iris/iris_api_dev_guide/content/media_properties.html#data' is included in the 'nav'
            configuration, which is not found in the documentation files
WARNING  -  A relative path to 'Iris/iris_api_dev_guide/content/media_properties.html#duration' is included in the 'nav'
            configuration, which is not found in the documentation files
WARNING  -  A relative path to 'Iris/iris_api_dev_guide/content/media_properties.html#isPlaying' is included in the
            'nav' configuration, which is not found in the documentation files
WARNING  -  A relative path to 'Iris/iris_api_dev_guide/content/media_properties.html#volume' is included in the 'nav'
            configuration, which is not found in the documentation files
WARNING  -  A relative path to 'Iris/iris_api_dev_guide/content/record_methods.html#startRecording' is included in the
            'nav' configuration, which is not found in the documentation files
WARNING  -  A relative path to 'Iris/iris_api_dev_guide/content/record_methods.html#stopRecording' is included in the
            'nav' configuration, which is not found in the documentation files
WARNING  -  A relative path to 'Iris/iris_api_dev_guide/content/voltmx.screenrecorder.html#functions' is included in the
            'nav' configuration, which is not found in the documentation files
WARNING  -  A relative path to 'Iris/iris_api_dev_guide/content/voltmx.net_functions.html#functions' is included in the
            'nav' configuration, which is not found in the documentation files
WARNING  -  A relative path to 'Iris/iris_api_dev_guide/content/voltmx.localnotifications_functions.html#functions' is
            included in the 'nav' configuration, which is not found in the documentation files
WARNING  -  A relative path to
            'Iris/iris_api_dev_guide/content/voltmx.localnotifications_properties.html#backgroundColor' is included in
            the 'nav' configuration, which is not found in the documentation files
WARNING  -  A relative path to 'Iris/iris_api_dev_guide/content/voltmx.localnotifications_properties.html#priority' is
            included in the 'nav' configuration, which is not found in the documentation files
WARNING  -  A relative path to 'Iris/iris_api_dev_guide/content/voltmx.localnotifications_properties.html#repeats' is
            included in the 'nav' configuration, which is not found in the documentation files
WARNING  -  A relative path to 'Iris/iris_api_dev_guide/content/voltmx.localnotifications_properties.html#timeInterval'
            is included in the 'nav' configuration, which is not found in the documentation files
WARNING  -  A relative path to 'Iris/iris_api_dev_guide/content/voltmx.localnotifications_properties.html#vibrate' is
            included in the 'nav' configuration, which is not found in the documentation files
WARNING  -  A relative path to 'Iris/iris_api_dev_guide/content/voltmx.localnotifications_properties.html#visibility' is
            included in the 'nav' configuration, which is not found in the documentation files
WARNING  -  A relative path to 'Iris/iris_api_dev_guide/content/voltmx.push_functions.html#functions' is included in the
            'nav' configuration, which is not found in the documentation files
WARNING  -  A relative path to 'Iris/iris_api_dev_guide/content/voltmx.notificationssettings_functions.html#functions'
            is included in the 'nav' configuration, which is not found in the documentation files
WARNING  -  A relative path to 'Iris/iris_api_dev_guide/content/voltmx.store_functions.html#functions' is included in
            the 'nav' configuration, which is not found in the documentation files
WARNING  -  A relative path to 'Iris/iris_api_dev_guide/content/voltmx.db_functions.html#functions' is included in the
            'nav' configuration, which is not found in the documentation files
WARNING  -  A relative path to 'Iris/iris_api_dev_guide/content/voltmx.ds_functions.html#functions' is included in the
            'nav' configuration, which is not found in the documentation files
WARNING  -  A relative path to 'Iris/iris_api_dev_guide/content/voltmx.os_functions.html#constants' is included in the
            'nav' configuration, which is not found in the documentation files
WARNING  -  A relative path to 'Iris/iris_api_dev_guide/content/voltmx.os_functions.html#functions' is included in the
            'nav' configuration, which is not found in the documentation files
WARNING  -  A relative path to 'Iris/iris_api_dev_guide/content/passlibrary.html#methods' is included in the 'nav'
            configuration, which is not found in the documentation files
WARNING  -  A relative path to 'Iris/iris_api_dev_guide/content/pass.html#getauthenticationtoken' is included in the
            'nav' configuration, which is not found in the documentation files
WARNING  -  A relative path to 'Iris/iris_api_dev_guide/content/pass.html#getlocalizeddescription' is included in the
            'nav' configuration, which is not found in the documentation files
WARNING  -  A relative path to 'Iris/iris_api_dev_guide/content/pass.html#getlocalizedname' is included in the 'nav'
            configuration, which is not found in the documentation files
WARNING  -  A relative path to 'Iris/iris_api_dev_guide/content/pass.html#getlocalizedvalueforkeyfordevicelocale' is
            included in the 'nav' configuration, which is not found in the documentation files
WARNING  -  A relative path to 'Iris/iris_api_dev_guide/content/pass.html#getorganizationname' is included in the 'nav'
            configuration, which is not found in the documentation files
WARNING  -  A relative path to 'Iris/iris_api_dev_guide/content/pass.html#getpasstypeidentifier' is included in the
            'nav' configuration, which is not found in the documentation files
WARNING  -  A relative path to 'Iris/iris_api_dev_guide/content/pass.html#getpassurl' is included in the 'nav'
            configuration, which is not found in the documentation files
WARNING  -  A relative path to 'Iris/iris_api_dev_guide/content/pass.html#getserialnumber' is included in the 'nav'
            configuration, which is not found in the documentation files
WARNING  -  A relative path to 'Iris/iris_api_dev_guide/content/pass.html#getuserinfo' is included in the 'nav'
            configuration, which is not found in the documentation files
WARNING  -  A relative path to
            'Iris/iris_api_dev_guide/content/com.voltmx_objects_addpassesviewcontroller_methods.html#methods' is
            included in the 'nav' configuration, which is not found in the documentation files
WARNING  -  A relative path to 'Iris/iris_api_dev_guide/content/voltmx.payment_functions.html#functions' is included in
            the 'nav' configuration, which is not found in the documentation files
WARNING  -  A relative path to 'Iris/iris_api_dev_guide/content/voltmx.contact_functions.html#volt-mx-contact-functions'
            is included in the 'nav' configuration, which is not found in the documentation files
WARNING  -  A relative path to 'Iris/iris_api_dev_guide/content/voltmx.phone_functions.html#functions' is included in
            the 'nav' configuration, which is not found in the documentation files
WARNING  -  A relative path to
            'Iris/iris_api_dev_guide/content/voltmx.application_functions_requestreview.html#requestReviewFlow' is
            included in the 'nav' configuration, which is not found in the documentation files
WARNING  -  A relative path to
            'Iris/iris_api_dev_guide/content/voltmx.application_functions_requestreview.html#requestReview' is included
            in the 'nav' configuration, which is not found in the documentation files
WARNING  -  A relative path to
            'Iris/iris_api_dev_guide/content/voltmx.application_functions_runtimepermissionsapi.html#checkPermissions'
            is included in the 'nav' configuration, which is not found in the documentation files
WARNING  -  A relative path to
            'Iris/iris_api_dev_guide/content/voltmx.application_functions_runtimepermissionsapi.html#getBackgroundPermissionOptionLabel'
            is included in the 'nav' configuration, which is not found in the documentation files
WARNING  -  A relative path to
            'Iris/iris_api_dev_guide/content/voltmx.application_functions_runtimepermissionsapi.html#isAutoRevokeWhitelisted'
            is included in the 'nav' configuration, which is not found in the documentation files
WARNING  -  A relative path to
            'Iris/iris_api_dev_guide/content/voltmx.application_functions_runtimepermissionsapi.html#launchAutoRevokeSettings'
            is included in the 'nav' configuration, which is not found in the documentation files
WARNING  -  A relative path to
            'Iris/iris_api_dev_guide/content/voltmx.application_functions_runtimepermissionsapi.html#requestPermission'
            is included in the 'nav' configuration, which is not found in the documentation files
WARNING  -  A relative path to
            'Iris/iris_api_dev_guide/content/voltmx.application_functions_runtimepermissionsapi.html#reqPermissionSet'
            is included in the 'nav' configuration, which is not found in the documentation files
WARNING  -  A relative path to
            'Iris/iris_api_dev_guide/content/voltmx.application_functions_runtimepermissionsapi.html#openApplicationSettings'
            is included in the 'nav' configuration, which is not found in the documentation files
WARNING  -  A relative path to 'Iris/iris_api_dev_guide/content/voltmx.signinwithapple_functions.html#functions' is
            included in the 'nav' configuration, which is not found in the documentation files
WARNING  -  A relative path to 'Iris/iris_api_dev_guide/content/voltmx_functions.html#functions' is included in the
            'nav' configuration, which is not found in the documentation files
WARNING  -  A relative path to 'Iris/iris_api_dev_guide/content/voltmx_functions.html#volt-mx-nosql-apis' is included in
            the 'nav' configuration, which is not found in the documentation files
WARNING  -  A relative path to 'Iris/iris_api_dev_guide/content/voltmx_functions.html#available-constants' is included
            in the 'nav' configuration, which is not found in the documentation files
WARNING  -  A relative path to 'Iris/iris_api_dev_guide/content/voltmx_functions.html#functions' is included in the
            'nav' configuration, which is not found in the documentation files
WARNING  -  A relative path to 'Iris/iris_api_dev_guide/content/voltmx.string_functions.html#functions' is included in
            the 'nav' configuration, which is not found in the documentation files
WARNING  -  A relative path to 'Iris/iris_api_dev_guide/content/sync_functions.html#functions' is included in the 'nav'
            configuration, which is not found in the documentation files
WARNING  -  A relative path to 'Iris/iris_api_dev_guide/content/sync_object_methods.html#methods' is included in the
            'nav' configuration, which is not found in the documentation files
WARNING  -  A relative path to 'Iris/iris_api_dev_guide/content/voltmx.theme_functions.html#functions' is included in
            the 'nav' configuration, which is not found in the documentation files
WARNING  -  A relative path to 'Iris/iris_api_dev_guide/content/voltmx_functions_threadingapis.html#functions' is
            included in the 'nav' configuration, which is not found in the documentation files
WARNING  -  A relative path to 'Iris/iris_api_dev_guide/content/voltmx.timer_functions.html#functions' is included in
            the 'nav' configuration, which is not found in the documentation files
WARNING  -  A relative path to 'Iris/iris_api_dev_guide/content/voltmx.ui_functions_toast.html#Toast' is included in the
            'nav' configuration, which is not found in the documentation files
WARNING  -  A relative path to 'Iris/iris_api_dev_guide/content/toast_properties.html#methods' is included in the 'nav'
            configuration, which is not found in the documentation files
WARNING  -  A relative path to 'Iris/iris_api_dev_guide/content/toast_properties.html#properties' is included in the
            'nav' configuration, which is not found in the documentation files
WARNING  -  A relative path to 'Iris/iris_api_dev_guide/content/voltmx.worker_functions.html#functions' is included in
            the 'nav' configuration, which is not found in the documentation files
WARNING  -  A relative path to 'Iris/iris_api_dev_guide/content/workerthreadobject_methods.html#methods' is included in
            the 'nav' configuration, which is not found in the documentation files
WARNING  -  A relative path to 'Iris/iris_api_dev_guide/content/background_tasks_in_ios.html#background-fetch' is
            included in the 'nav' configuration, which is not found in the documentation files
WARNING  -  A relative path to 'Iris/iris_api_dev_guide/content/background_tasks_in_ios.html#background-transfers' is
            included in the 'nav' configuration, which is not found in the documentation files
WARNING  -  A relative path to 'Iris/iris_api_dev_guide/content/background_tasks_in_ios.html#background-fetch-workflow'
            is included in the 'nav' configuration, which is not found in the documentation files
WARNING  -  A relative path to
            'Iris/iris_api_dev_guide/content/background_tasks_in_ios.html#background-fetch-and-background-transfers-apis'
            is included in the 'nav' configuration, which is not found in the documentation files
WARNING  -  A relative path to
            'Iris/iris_api_dev_guide/content/background_tasks_in_ios.html#supported-versions-and-platforms' is included
            in the 'nav' configuration, which is not found in the documentation files
WARNING  -  A relative path to
            'Iris/iris_api_dev_guide/content/background_tasks_in_ios.html#volt-mx-backgroundjob-setbackgroundfetchcompletionstatus'
            is included in the 'nav' configuration, which is not found in the documentation files
WARNING  -  A relative path to 'Iris/iris_api_dev_guide/content/background_tasks_in_ios.html#completionStatus' is
            included in the 'nav' configuration, which is not found in the documentation files
WARNING  -  A relative path to
            'Iris/iris_api_dev_guide/content/background_tasks_in_ios.html#volt-mx-backgroundjob-registerbackgroundfetch'
            is included in the 'nav' configuration, which is not found in the documentation files
WARNING  -  A relative path to 'Iris/iris_api_dev_guide/content/background_transfer.html#suspend' is included in the
            'nav' configuration, which is not found in the documentation files
WARNING  -  A relative path to 'Iris/iris_api_dev_guide/content/background_transfer.html#resume' is included in the
            'nav' configuration, which is not found in the documentation files
WARNING  -  A relative path to 'Iris/iris_api_dev_guide/content/background_transfer.html#gettaskstate' is included in
            the 'nav' configuration, which is not found in the documentation files
WARNING  -  A relative path to 'Iris/iris_api_dev_guide/content/session_configuration_api.html#getsession' is included
            in the 'nav' configuration, which is not found in the documentation files
WARNING  -  A relative path to
            'Iris/iris_nf_api_dev_guide/content/updating_old_apps_to_work_with_ios_12_security_enhancements.md' is
            included in the 'nav' configuration, which is not found in the documentation files
WARNING  -  A relative path to 'Iris/iris_nf_api_dev_guidehttp://docs.voltmx.com/NativeAPIs/iOS13/CoreHaptics-iOS-13.0/'
            is included in the 'nav' configuration, which is not found in the documentation files
WARNING  -  A relative path to 'Iris/iris_widget_prog_guide/Content/Animation.html#keyframe-animation' is included in
            the 'nav' configuration, which is not found in the documentation files
WARNING  -  A relative path to 'Iris/iris_widget_prog_guide/Content/Animation.html#affine-transform-animation' is
            included in the 'nav' configuration, which is not found in the documentation files
WARNING  -  A relative path to 'Iris/iris_widget_prog_guide/Content/Animation.html#Parent/C' is included in the 'nav'
            configuration, which is not found in the documentation files
WARNING  -  A relative path to 'Iris/iris_widget_prog_guide/Content/Animation.html#animations-are-asynchronous' is
            included in the 'nav' configuration, which is not found in the documentation files
WARNING  -  A relative path to 'Iris/iris_widget_prog_guide/Content/Animation.html#animation-limitations' is included in
            the 'nav' configuration, which is not found in the documentation files
WARNING  -  A relative path to
            'Iris/iris_widget_prog_guide/Content/Animation.html#animation-limitations-using-flex-layout' is included in
            the 'nav' configuration, which is not found in the documentation files
WARNING  -  A relative path to 'Iris/iris_widget_prog_guide/Content/Animation.html#animation-limitations-on-ios' is
            included in the 'nav' configuration, which is not found in the documentation files
WARNING  -  A relative path to 'Iris/iris_widget_prog_guide/Content/Animation.html#animation-limitations-on-android' is
            included in the 'nav' configuration, which is not found in the documentation files
WARNING  -  A relative path to 'Iris/iris_widget_prog_guide/Content/Animation.html#animation-limitations-on-windows' is
            included in the 'nav' configuration, which is not found in the documentation files
WARNING  -  A relative path to 'Iris/iris_widget_prog_guide/Content/Animation.html#animation-limitations-on-spa' is
            included in the 'nav' configuration, which is not found in the documentation files
WARNING  -  A relative path to 'Iris/iris_widget_prog_guide/Content/Animation.html#animation-limitations-on-desktop-web'
            is included in the 'nav' configuration, which is not found in the documentation files
WARNING  -  A relative path to 'Iris/iris_widget_prog_guide/Content/PlatformSpecificCapabilities.html#ios' is included
            in the 'nav' configuration, which is not found in the documentation files
WARNING  -  A relative path to 'Iris/iris_widget_prog_guide/Content/Appendix.html#desktop-web-limitations' is included
            in the 'nav' configuration, which is not found in the documentation files
WARNING  -  A relative path to 'Iris/iris_widget_prog_guide/Content/Appendix.html#ios-limitations' is included in the
            'nav' configuration, which is not found in the documentation files
WARNING  -  A relative path to 'Iris/iris_widget_prog_guide/Content/Appendix.html#android-limitations' is included in
            the 'nav' configuration, which is not found in the documentation files
WARNING  -  A relative path to 'Iris/iris_widget_prog_guide/Content/Appendix.html#spa-limitations' is included in the
            'nav' configuration, which is not found in the documentation files
WARNING  -  A relative path to 'Iris/iris_widget_prog_guide/Content/Appendix.html#windows-kiosk' is included in the
            'nav' configuration, which is not found in the documentation files
WARNING  -  A relative path to 'Iris/iris_widget_prog_guide/Content/Alert.html#alert-widget-basics' is included in the
            'nav' configuration, which is not found in the documentation files
WARNING  -  A relative path to 'Iris/iris_widget_prog_guide/Content/Alert_Events.html#alertHan' is included in the 'nav'
            configuration, which is not found in the documentation files
WARNING  -  A relative path to 'Iris/iris_widget_prog_guide/Content/Alert_Methods.html#dismissAlert' is included in the
            'nav' configuration, which is not found in the documentation files
WARNING  -  A relative path to 'Iris/iris_widget_prog_guide/Content/Alert_Basic_Properties.html#accessibilityConfig' is
            included in the 'nav' configuration, which is not found in the documentation files
WARNING  -  A relative path to 'Iris/iris_widget_prog_guide/Content/Alert_Basic_Properties.html#alertIco' is included in
            the 'nav' configuration, which is not found in the documentation files
WARNING  -  A relative path to 'Iris/iris_widget_prog_guide/Content/Alert_Basic_Properties.html#alertTit' is included in
            the 'nav' configuration, which is not found in the documentation files
WARNING  -  A relative path to 'Iris/iris_widget_prog_guide/Content/Alert_Basic_Properties.html#alertTyp' is included in
            the 'nav' configuration, which is not found in the documentation files
WARNING  -  A relative path to 'Iris/iris_widget_prog_guide/Content/Alert_Basic_Properties.html#cursorType' is included
            in the 'nav' configuration, which is not found in the documentation files
WARNING  -  A relative path to 'Iris/iris_widget_prog_guide/Content/Alert_Basic_Properties.html#message' is included in
            the 'nav' configuration, which is not found in the documentation files
WARNING  -  A relative path to 'Iris/iris_widget_prog_guide/Content/Alert_Basic_Properties.html#noLabel' is included in
            the 'nav' configuration, which is not found in the documentation files
WARNING  -  A relative path to 'Iris/iris_widget_prog_guide/Content/Alert_Basic_Properties.html#retainContentAlignment'
            is included in the 'nav' configuration, which is not found in the documentation files
WARNING  -  A relative path to
            'Iris/iris_widget_prog_guide/Content/Alert_Basic_Properties.html#retainFlexPositionProperties' is included
            in the 'nav' configuration, which is not found in the documentation files
WARNING  -  A relative path to
            'Iris/iris_widget_prog_guide/Content/Alert_Basic_Properties.html#retainFlowHorizontalAlignment' is included
            in the 'nav' configuration, which is not found in the documentation files
WARNING  -  A relative path to 'Iris/iris_widget_prog_guide/Content/Alert_Basic_Properties.html#textOver' is included in
            the 'nav' configuration, which is not found in the documentation files
WARNING  -  A relative path to 'Iris/iris_widget_prog_guide/Content/Alert_Basic_Properties.html#yesLabel' is included in
            the 'nav' configuration, which is not found in the documentation files
WARNING  -  A relative path to 'Iris/iris_widget_prog_guide/Content/App_Menu.html#appmenu-widget-basics' is included in
            the 'nav' configuration, which is not found in the documentation files
WARNING  -  A relative path to 'Iris/iris_widget_prog_guide/Content/AppMenu_Methods.html#addAppMe' is included in the
            'nav' configuration, which is not found in the documentation files
WARNING  -  A relative path to 'Iris/iris_widget_prog_guide/Content/AppMenu_Methods.html#animate_Method' is included in
            the 'nav' configuration, which is not found in the documentation files
WARNING  -  A relative path to 'Iris/iris_widget_prog_guide/Content/AppMenu_Methods.html#addGestureRecognizer' is
            included in the 'nav' configuration, which is not found in the documentation files
WARNING  -  A relative path to 'Iris/iris_widget_prog_guide/Content/AppMenu_Methods.html#convertPointFromWidget' is
            included in the 'nav' configuration, which is not found in the documentation files
WARNING  -  A relative path to 'Iris/iris_widget_prog_guide/Content/AppMenu_Methods.html#convertPointToWidget' is
            included in the 'nav' configuration, which is not found in the documentation files
WARNING  -  A relative path to 'Iris/iris_widget_prog_guide/Content/AppMenu_Methods.html#createAp' is included in the
            'nav' configuration, which is not found in the documentation files
WARNING  -  A relative path to 'Iris/iris_widget_prog_guide/Content/AppMenu_Methods.html#getAppMe' is included in the
            'nav' configuration, which is not found in the documentation files
WARNING  -  A relative path to 'Iris/iris_widget_prog_guide/Content/AppMenu_Methods.html#getBadge' is included in the
            'nav' configuration, which is not found in the documentation files
WARNING  -  A relative path to 'Iris/iris_widget_prog_guide/Content/AppMenu_Methods.html#getCurre' is included in the
            'nav' configuration, which is not found in the documentation files
WARNING  -  A relative path to 'Iris/iris_widget_prog_guide/Content/AppMenu_Methods.html#register' is included in the
            'nav' configuration, which is not found in the documentation files
WARNING  -  A relative path to 'Iris/iris_widget_prog_guide/Content/AppMenu_Methods.html#removeAp' is included in the
            'nav' configuration, which is not found in the documentation files
WARNING  -  A relative path to 'Iris/iris_widget_prog_guide/Content/AppMenu_Methods.html#removeFromParent' is included
            in the 'nav' configuration, which is not found in the documentation files
WARNING  -  A relative path to 'Iris/iris_widget_prog_guide/Content/AppMenu_Methods.html#removeGestureRecognizer' is
            included in the 'nav' configuration, which is not found in the documentation files
WARNING  -  A relative path to 'Iris/iris_widget_prog_guide/Content/AppMenu_Methods.html#setAppMe2' is included in the
            'nav' configuration, which is not found in the documentation files
WARNING  -  A relative path to 'Iris/iris_widget_prog_guide/Content/AppMenu_Methods.html#setAppMe' is included in the
            'nav' configuration, which is not found in the documentation files
WARNING  -  A relative path to 'Iris/iris_widget_prog_guide/Content/AppMenu_Methods.html#setBadge' is included in the
            'nav' configuration, which is not found in the documentation files
WARNING  -  A relative path to 'Iris/iris_widget_prog_guide/Content/AppMenu_Methods.html#setCurre' is included in the
            'nav' configuration, which is not found in the documentation files
WARNING  -  A relative path to 'Iris/iris_widget_prog_guide/Content/AppMenu_Methods.html#setEnabled' is included in the
            'nav' configuration, which is not found in the documentation files
WARNING  -  A relative path to 'Iris/iris_widget_prog_guide/Content/AppMenu_Methods.html#setFocus' is included in the
            'nav' configuration, which is not found in the documentation files
WARNING  -  A relative path to 'Iris/iris_widget_prog_guide/Content/AppMenu_Methods.html#setGestureRecognizer' is
            included in the 'nav' configuration, which is not found in the documentation files
WARNING  -  A relative path to 'Iris/iris_widget_prog_guide/Content/AppMenu_Methods.html#setOnPek' is included in the
            'nav' configuration, which is not found in the documentation files
WARNING  -  A relative path to 'Iris/iris_widget_prog_guide/Content/AppMenu_Methods.html#setOnPop' is included in the
            'nav' configuration, which is not found in the documentation files
WARNING  -  A relative path to 'Iris/iris_widget_prog_guide/Content/AppMenu_Methods.html#setVisibility' is included in
            the 'nav' configuration, which is not found in the documentation files
WARNING  -  A relative path to 'Iris/iris_widget_prog_guide/Content/AppMenu_Methods.html#unregist' is included in the
            'nav' configuration, which is not found in the documentation files
WARNING  -  A relative path to 'Iris/iris_widget_prog_guide/Content/AppMenu_Properties.html#app-menu-properties' is
            included in the 'nav' configuration, which is not found in the documentation files
WARNING  -  A relative path to 'Iris/iris_widget_prog_guide/Content/AppMenu_Properties.html#Appbar' is included in the
            'nav' configuration, which is not found in the documentation files
WARNING  -  A relative path to 'Iris/iris_widget_prog_guide/Content/AppMenu_Properties.html#enable' is included in the
            'nav' configuration, which is not found in the documentation files
WARNING  -  A relative path to 'Iris/iris_widget_prog_guide/Content/AppMenu_Properties.html#Event' is included in the
            'nav' configuration, which is not found in the documentation files
WARNING  -  A relative path to 'Iris/iris_widget_prog_guide/Content/AppMenu_Properties.html#Focus' is included in the
            'nav' configuration, which is not found in the documentation files
WARNING  -  A relative path to 'Iris/iris_widget_prog_guide/Content/AppMenu_Properties.html#i18n' is included in the
            'nav' configuration, which is not found in the documentation files
WARNING  -  A relative path to 'Iris/iris_widget_prog_guide/Content/AppMenu_Properties.html#Icon' is included in the
            'nav' configuration, which is not found in the documentation files
WARNING  -  A relative path to 'Iris/iris_widget_prog_guide/Content/AppMenu_Properties.html#ID' is included in the 'nav'
            configuration, which is not found in the documentation files
WARNING  -  A relative path to 'Iris/iris_widget_prog_guide/Content/AppMenu_Properties.html#Position' is included in the
            'nav' configuration, which is not found in the documentation files
WARNING  -  A relative path to 'Iris/iris_widget_prog_guide/Content/AppMenu_Properties.html#Render' is included in the
            'nav' configuration, which is not found in the documentation files
WARNING  -  A relative path to 'Iris/iris_widget_prog_guide/Content/AppMenu_Properties.html#retainContentAlignment' is
            included in the 'nav' configuration, which is not found in the documentation files
WARNING  -  A relative path to
            'Iris/iris_widget_prog_guide/Content/AppMenu_Properties.html#retainFlexPositionProperties' is included in
            the 'nav' configuration, which is not found in the documentation files
WARNING  -  A relative path to
            'Iris/iris_widget_prog_guide/Content/AppMenu_Properties.html#retainFlowHorizontalAlignment' is included in
            the 'nav' configuration, which is not found in the documentation files
WARNING  -  A relative path to 'Iris/iris_widget_prog_guide/Content/AppMenu_Properties.html#Skin' is included in the
            'nav' configuration, which is not found in the documentation files
WARNING  -  A relative path to 'Iris/iris_widget_prog_guide/Content/AppMenu_Properties.html#Title' is included in the
            'nav' configuration, which is not found in the documentation files
WARNING  -  A relative path to 'ARRenderer Widget
            Basics:Iris/iris_widget_prog_guide/Content/ARRenderer.html#arrenderer-widget-basics' is included in the
            'nav' configuration, which is not found in the documentation files
WARNING  -  A relative path to 'Iris/iris_widget_prog_guide/Content/ARRenderer_Events.html#doLayout' is included in the
            'nav' configuration, which is not found in the documentation files
WARNING  -  A relative path to 'Iris/iris_widget_prog_guide/Content/ARRenderer_Events.html#onScrollWidgetPosition' is
            included in the 'nav' configuration, which is not found in the documentation files
WARNING  -  A relative path to 'Iris/iris_widget_prog_guide/Content/ARRenderer_Events.html#onTouchEnd' is included in
            the 'nav' configuration, which is not found in the documentation files
WARNING  -  A relative path to 'Iris/iris_widget_prog_guide/Content/ARRenderer_Events.html#onTouchMove' is included in
            the 'nav' configuration, which is not found in the documentation files
WARNING  -  A relative path to 'Iris/iris_widget_prog_guide/Content/ARRenderer_Events.html#onTouchStart' is included in
            the 'nav' configuration, which is not found in the documentation files
WARNING  -  A relative path to 'Iris/iris_widget_prog_guide/Content/ARRenderer_Methods.html#add' is included in the
            'nav' configuration, which is not found in the documentation files
WARNING  -  A relative path to 'Iris/iris_widget_prog_guide/Content/ARRenderer_Methods.html#addGestureRecognizer' is
            included in the 'nav' configuration, which is not found in the documentation files
WARNING  -  A relative path to 'Iris/iris_widget_prog_guide/Content/ARRenderer_Methods.html#clearExperience' is included
            in the 'nav' configuration, which is not found in the documentation files
WARNING  -  A relative path to 'Iris/iris_widget_prog_guide/Content/ARRenderer_Methods.html#convertPointFromWidget' is
            included in the 'nav' configuration, which is not found in the documentation files
WARNING  -  A relative path to 'Iris/iris_widget_prog_guide/Content/ARRenderer_Methods.html#convertPointToWidget' is
            included in the 'nav' configuration, which is not found in the documentation files
WARNING  -  A relative path to 'Iris/iris_widget_prog_guide/Content/ARRenderer_Methods.html#hostCloudAnchor' is included
            in the 'nav' configuration, which is not found in the documentation files
WARNING  -  A relative path to 'Iris/iris_widget_prog_guide/Content/ARRenderer_Methods.html#loadExperience' is included
            in the 'nav' configuration, which is not found in the documentation files
WARNING  -  A relative path to 'Iris/iris_widget_prog_guide/Content/ARRenderer_Methods.html#remove' is included in the
            'nav' configuration, which is not found in the documentation files
WARNING  -  A relative path to 'Iris/iris_widget_prog_guide/Content/ARRenderer_Methods.html#removeFromParent' is
            included in the 'nav' configuration, which is not found in the documentation files
WARNING  -  A relative path to 'Iris/iris_widget_prog_guide/Content/ARRenderer_Methods.html#removeGestureRecognizer' is
            included in the 'nav' configuration, which is not found in the documentation files
WARNING  -  A relative path to 'Iris/iris_widget_prog_guide/Content/ARRenderer_Methods.html#resolveCloudAnchor' is
            included in the 'nav' configuration, which is not found in the documentation files
WARNING  -  A relative path to 'Iris/iris_widget_prog_guide/Content/ARRenderer_Methods.html#saveExperience' is included
            in the 'nav' configuration, which is not found in the documentation files
WARNING  -  A relative path to 'Iris/iris_widget_prog_guide/Content/ARRenderer_Methods.html#startARImageDetection' is
            included in the 'nav' configuration, which is not found in the documentation files
WARNING  -  A relative path to 'Iris/iris_widget_prog_guide/Content/ARRenderer_Methods.html#startRendering' is included
            in the 'nav' configuration, which is not found in the documentation files
WARNING  -  A relative path to 'Iris/iris_widget_prog_guide/Content/ARRenderer_Methods.html#stopARImageDetection' is
            included in the 'nav' configuration, which is not found in the documentation files
WARNING  -  A relative path to 'Iris/iris_widget_prog_guide/Content/ARRenderer_Methods.html#stopRendering' is included
            in the 'nav' configuration, which is not found in the documentation files
WARNING  -  A relative path to 'Iris/iris_widget_prog_guide/Content/ARRenderer_Methods.html#setEnabled' is included in
            the 'nav' configuration, which is not found in the documentation files
WARNING  -  A relative path to 'Iris/iris_widget_prog_guide/Content/ARRenderer_Methods.html#setFocus' is included in the
            'nav' configuration, which is not found in the documentation files
WARNING  -  A relative path to 'Iris/iris_widget_prog_guide/Content/ARRenderer_Methods.html#setVisibility' is included
            in the 'nav' configuration, which is not found in the documentation files
WARNING  -  A relative path to 'Iris/iris_widget_prog_guide/Content/ARRenderer_Properties.html#accessibilityConfig' is
            included in the 'nav' configuration, which is not found in the documentation files
WARNING  -  A relative path to
            'Iris/iris_widget_prog_guide/Content/ARRenderer_Properties.html#activatesCoachingOverlayAutomatically' is
            included in the 'nav' configuration, which is not found in the documentation files
WARNING  -  A relative path to 'Iris/iris_widget_prog_guide/Content/ARRenderer_Properties.html#bottom' is included in
            the 'nav' configuration, which is not found in the documentation files
WARNING  -  A relative path to
            'Iris/iris_widget_prog_guide/Content/ARRenderer_Properties.html#canSaveExperienceCallback' is included in
            the 'nav' configuration, which is not found in the documentation files
WARNING  -  A relative path to 'Iris/iris_widget_prog_guide/Content/ARRenderer_Properties.html#centerX' is included in
            the 'nav' configuration, which is not found in the documentation files
WARNING  -  A relative path to 'Iris/iris_widget_prog_guide/Content/ARRenderer_Properties.html#centerY' is included in
            the 'nav' configuration, which is not found in the documentation files
WARNING  -  A relative path to 'Iris/iris_widget_prog_guide/Content/ARRenderer_Properties.html#contentAlignment' is
            included in the 'nav' configuration, which is not found in the documentation files
WARNING  -  A relative path to 'Iris/iris_widget_prog_guide/Content/ARRenderer_Properties.html#debugOptions' is included
            in the 'nav' configuration, which is not found in the documentation files
WARNING  -  A relative path to 'Iris/iris_widget_prog_guide/Content/ARRenderer_Properties.html#enable' is included in
            the 'nav' configuration, which is not found in the documentation files
WARNING  -  A relative path to 'Iris/iris_widget_prog_guide/Content/ARRenderer_Properties.html#enableCloudAnchors' is
            included in the 'nav' configuration, which is not found in the documentation files
WARNING  -  A relative path to 'Iris/iris_widget_prog_guide/Content/ARRenderer_Properties.html#height' is included in
            the 'nav' configuration, which is not found in the documentation files
WARNING  -  A relative path to 'Iris/iris_widget_prog_guide/Content/ARRenderer_Properties.html#id' is included in the
            'nav' configuration, which is not found in the documentation files
WARNING  -  A relative path to 'Iris/iris_widget_prog_guide/Content/ARRenderer_Properties.html#info' is included in the
            'nav' configuration, which is not found in the documentation files
WARNING  -  A relative path to 'Iris/iris_widget_prog_guide/Content/ARRenderer_Properties.html#isVisibl' is included in
            the 'nav' configuration, which is not found in the documentation files
WARNING  -  A relative path to 'Iris/iris_widget_prog_guide/Content/ARRenderer_Properties.html#left' is included in the
            'nav' configuration, which is not found in the documentation files
WARNING  -  A relative path to 'Iris/iris_widget_prog_guide/Content/ARRenderer_Properties.html#maxHeigh' is included in
            the 'nav' configuration, which is not found in the documentation files
WARNING  -  A relative path to 'Iris/iris_widget_prog_guide/Content/ARRenderer_Properties.html#maxWidth' is included in
            the 'nav' configuration, which is not found in the documentation files
WARNING  -  A relative path to 'Iris/iris_widget_prog_guide/Content/ARRenderer_Properties.html#minHeigh' is included in
            the 'nav' configuration, which is not found in the documentation files
WARNING  -  A relative path to 'Iris/iris_widget_prog_guide/Content/ARRenderer_Properties.html#minHeigh' is included in
            the 'nav' configuration, which is not found in the documentation files
WARNING  -  A relative path to 'Iris/iris_widget_prog_guide/Content/ARRenderer_Properties.html#minWidth' is included in
            the 'nav' configuration, which is not found in the documentation files
WARNING  -  A relative path to 'Iris/iris_widget_prog_guide/Content/ARRenderer_Properties.html#overlay' is included in
            the 'nav' configuration, which is not found in the documentation files
WARNING  -  A relative path to 'Iris/iris_widget_prog_guide/Content/ARRenderer_Properties.html#padding' is included in
            the 'nav' configuration, which is not found in the documentation files
WARNING  -  A relative path to 'Iris/iris_widget_prog_guide/Content/ARRenderer_Properties.html#paddingInPixel' is
            included in the 'nav' configuration, which is not found in the documentation files
WARNING  -  A relative path to 'Iris/iris_widget_prog_guide/Content/ARRenderer_Properties.html#parent' is included in
            the 'nav' configuration, which is not found in the documentation files
WARNING  -  A relative path to 'Iris/iris_widget_prog_guide/Content/ARRenderer_Properties.html#placeholderSkin' is
            included in the 'nav' configuration, which is not found in the documentation files
WARNING  -  A relative path to 'Iris/iris_widget_prog_guide/Content/ARRenderer_Properties.html#placeholderText' is
            included in the 'nav' configuration, which is not found in the documentation files
WARNING  -  A relative path to 'Iris/iris_widget_prog_guide/Content/ARRenderer_Properties.html#right' is included in the
            'nav' configuration, which is not found in the documentation files
WARNING  -  A relative path to 'Iris/iris_widget_prog_guide/Content/ARRenderer_Properties.html#sceneConfig' is included
            in the 'nav' configuration, which is not found in the documentation files
WARNING  -  A relative path to 'Iris/iris_widget_prog_guide/Content/ARRenderer_Properties.html#skin' is included in the
            'nav' configuration, which is not found in the documentation files
WARNING  -  A relative path to 'Iris/iris_widget_prog_guide/Content/ARRenderer_Properties.html#top' is included in the
            'nav' configuration, which is not found in the documentation files
WARNING  -  A relative path to 'Iris/iris_widget_prog_guide/Content/ARRenderer_Properties.html#width' is included in the
            'nav' configuration, which is not found in the documentation files
WARNING  -  A relative path to 'Iris/iris_widget_prog_guide/Content/ARRenderer_Properties.html#zIndex' is included in
            the 'nav' configuration, which is not found in the documentation files
WARNING  -  A relative path to 'Iris/iris_widget_prog_guide/Content/BottomSheet_Events.html#onCollapsed' is included in
            the 'nav' configuration, which is not found in the documentation files
WARNING  -  A relative path to 'Iris/iris_widget_prog_guide/Content/BottomSheet_Events.html#onDismiss' is included in
            the 'nav' configuration, which is not found in the documentation files
WARNING  -  A relative path to 'Iris/iris_widget_prog_guide/Content/BottomSheet_Events.html#onDraggingStarted' is
            included in the 'nav' configuration, which is not found in the documentation files
WARNING  -  A relative path to 'Iris/iris_widget_prog_guide/Content/BottomSheet_Events.html#onExpanded' is included in
            the 'nav' configuration, which is not found in the documentation files
WARNING  -  A relative path to 'Iris/iris_widget_prog_guide/Content/BottomSheet_Events.html#onSettled' is included in
            the 'nav' configuration, which is not found in the documentation files
WARNING  -  A relative path to 'Iris/iris_widget_prog_guide/Content/BottomSheet_Events.html#onShow' is included in the
            'nav' configuration, which is not found in the documentation files
WARNING  -  A relative path to 'Iris/iris_widget_prog_guide/Content/BottomSheet_Events.html#onSliding' is included in
            the 'nav' configuration, which is not found in the documentation files
WARNING  -  A relative path to 'Iris/iris_widget_prog_guide/Content/BottomSheet_Methods.html#destroy' is included in the
            'nav' configuration, which is not found in the documentation files
WARNING  -  A relative path to 'Iris/iris_widget_prog_guide/Content/BottomSheet_Methods.html#dismiss' is included in the
            'nav' configuration, which is not found in the documentation files
WARNING  -  A relative path to 'Iris/iris_widget_prog_guide/Content/BottomSheet_Methods.html#show' is included in the
            'nav' configuration, which is not found in the documentation files
WARNING  -  A relative path to 'Iris/iris_widget_prog_guide/Content/BottomSheet_Methods.html#setState' is included in
            the 'nav' configuration, which is not found in the documentation files
WARNING  -  A relative path to 'Iris/iris_widget_prog_guide/Content/BottomSheet_Properties.html#backgroundTransparency'
            is included in the 'nav' configuration, which is not found in the documentation files
WARNING  -  A relative path to 'Iris/iris_widget_prog_guide/Content/BottomSheet_Properties.html#contentWidget' is
            included in the 'nav' configuration, which is not found in the documentation files
WARNING  -  A relative path to 'Iris/iris_widget_prog_guide/Content/BottomSheet_Properties.html#peekHeight' is included
            in the 'nav' configuration, which is not found in the documentation files
WARNING  -  A relative path to 'Iris/iris_widget_prog_guide/Content/BottomSheet_Properties.html#skipCollapsed' is
            included in the 'nav' configuration, which is not found in the documentation files
WARNING  -  A relative path to 'Iris/iris_widget_prog_guide/Content/Browser.html#browser-widget-basics' is included in
            the 'nav' configuration, which is not found in the documentation files
WARNING  -  A relative path to 'Iris/iris_widget_prog_guide/Content/Browser_Events.html#doLayout' is included in the
            'nav' configuration, which is not found in the documentation files
WARNING  -  A relative path to 'Iris/iris_widget_prog_guide/Content/Browser_Events.html#handleRe' is included in the
            'nav' configuration, which is not found in the documentation files
WARNING  -  A relative path to 'Iris/iris_widget_prog_guide/Content/Browser_Events.html#onFailure' is included in the
            'nav' configuration, which is not found in the documentation files
WARNING  -  A relative path to 'Iris/iris_widget_prog_guide/Content/Browser_Events.html#onPageFinished' is included in
            the 'nav' configuration, which is not found in the documentation files
WARNING  -  A relative path to 'Iris/iris_widget_prog_guide/Content/Browser_Events.html#onPageStarted' is included in
            the 'nav' configuration, which is not found in the documentation files
WARNING  -  A relative path to 'Iris/iris_widget_prog_guide/Content/Browser_Events.html#onProgressChanged' is included
            in the 'nav' configuration, which is not found in the documentation files
WARNING  -  A relative path to 'Iris/iris_widget_prog_guide/Content/Browser_Events.html#onReachingBegining' is included
            in the 'nav' configuration, which is not found in the documentation files
WARNING  -  A relative path to 'Iris/iris_widget_prog_guide/Content/Browser_Events.html#onReachingEnd' is included in
            the 'nav' configuration, which is not found in the documentation files
WARNING  -  A relative path to 'Iris/iris_widget_prog_guide/Content/Browser_Events.html#onReceive' is included in the
            'nav' configuration, which is not found in the documentation files
WARNING  -  A relative path to 'Iris/iris_widget_prog_guide/Content/Browser_Events.html#onSafeBrowsingHit' is included
            in the 'nav' configuration, which is not found in the documentation files
WARNING  -  A relative path to 'Iris/iris_widget_prog_guide/Content/Browser_Events.html#onScrollWidgetPosition' is
            included in the 'nav' configuration, which is not found in the documentation files
WARNING  -  A relative path to 'Iris/iris_widget_prog_guide/Content/Browser_Events.html#onSuccess' is included in the
            'nav' configuration, which is not found in the documentation files
WARNING  -  A relative path to 'Iris/iris_widget_prog_guide/Content/Browser_Methods.html#addGestureRecognizer' is
            included in the 'nav' configuration, which is not found in the documentation files
WARNING  -  A relative path to 'Iris/iris_widget_prog_guide/Content/Browser_Methods.html#animate' is included in the
            'nav' configuration, which is not found in the documentation files
WARNING  -  A relative path to 'Iris/iris_widget_prog_guide/Content/Browser_Methods.html#canGoBac' is included in the
            'nav' configuration, which is not found in the documentation files
WARNING  -  A relative path to 'Iris/iris_widget_prog_guide/Content/Browser_Methods.html#canGoFor' is included in the
            'nav' configuration, which is not found in the documentation files
WARNING  -  A relative path to 'Iris/iris_widget_prog_guide/Content/Browser_Methods.html#clearCookies' is included in
            the 'nav' configuration, which is not found in the documentation files
WARNING  -  A relative path to 'Iris/iris_widget_prog_guide/Content/Browser_Methods.html#clearHis' is included in the
            'nav' configuration, which is not found in the documentation files
WARNING  -  A relative path to 'Iris/iris_widget_prog_guide/Content/Browser_Methods.html#clone' is included in the 'nav'
            configuration, which is not found in the documentation files
WARNING  -  A relative path to 'Iris/iris_widget_prog_guide/Content/Browser_Methods.html#convertPointToWidget' is
            included in the 'nav' configuration, which is not found in the documentation files
WARNING  -  A relative path to 'Iris/iris_widget_prog_guide/Content/Browser_Methods.html#convertPointFromWidget' is
            included in the 'nav' configuration, which is not found in the documentation files
WARNING  -  A relative path to 'Iris/iris_widget_prog_guide/Content/Browser_Methods.html#evaluate' is included in the
            'nav' configuration, which is not found in the documentation files
WARNING  -  A relative path to 'Iris/iris_widget_prog_guide/Content/Browser_Methods.html#evaluate2' is included in the
            'nav' configuration, which is not found in the documentation files
WARNING  -  A relative path to 'Iris/iris_widget_prog_guide/Content/Browser_Methods.html#getBadge' is included in the
            'nav' configuration, which is not found in the documentation files
WARNING  -  A relative path to 'Iris/iris_widget_prog_guide/Content/Browser_Methods.html#getCookies' is included in the
            'nav' configuration, which is not found in the documentation files
WARNING  -  A relative path to 'Iris/iris_widget_prog_guide/Content/Browser_Methods.html#getHTMLFilesInWebFolder' is
            included in the 'nav' configuration, which is not found in the documentation files
WARNING  -  A relative path to 'Iris/iris_widget_prog_guide/Content/Browser_Methods.html#goBack' is included in the
            'nav' configuration, which is not found in the documentation files
WARNING  -  A relative path to 'Iris/iris_widget_prog_guide/Content/Browser_Methods.html#goForwar' is included in the
            'nav' configuration, which is not found in the documentation files
WARNING  -  A relative path to 'Iris/iris_widget_prog_guide/Content/Browser_Methods.html#isCordovaAppsEnabled' is
            included in the 'nav' configuration, which is not found in the documentation files
WARNING  -  A relative path to 'Iris/iris_widget_prog_guide/Content/Browser_Methods.html#isHtmlPreviewEnabled' is
            included in the 'nav' configuration, which is not found in the documentation files
WARNING  -  A relative path to 'Iris/iris_widget_prog_guide/Content/Browser_Methods.html#isWebAppDevelopmentEnabled' is
            included in the 'nav' configuration, which is not found in the documentation files
WARNING  -  A relative path to 'Iris/iris_widget_prog_guide/Content/Browser_Methods.html#loadData' is included in the
            'nav' configuration, which is not found in the documentation files
WARNING  -  A relative path to 'Iris/iris_widget_prog_guide/Content/Browser_Methods.html#register' is included in the
            'nav' configuration, which is not found in the documentation files
WARNING  -  A relative path to 'Iris/iris_widget_prog_guide/Content/Browser_Methods.html#reload' is included in the
            'nav' configuration, which is not found in the documentation files
WARNING  -  A relative path to 'Iris/iris_widget_prog_guide/Content/Browser_Methods.html#removeFromParent' is included
            in the 'nav' configuration, which is not found in the documentation files
WARNING  -  A relative path to 'Iris/iris_widget_prog_guide/Content/Browser_Methods.html#removeGestureRecognizer' is
            included in the 'nav' configuration, which is not found in the documentation files
WARNING  -  A relative path to 'Iris/iris_widget_prog_guide/Content/Browser_Methods.html#setBadge' is included in the
            'nav' configuration, which is not found in the documentation files
WARNING  -  A relative path to 'Iris/iris_widget_prog_guide/Content/Browser_Methods.html#setCookies' is included in the
            'nav' configuration, which is not found in the documentation files
WARNING  -  A relative path to 'Iris/iris_widget_prog_guide/Content/Browser_Methods.html#setEnabled' is included in the
            'nav' configuration, which is not found in the documentation files
WARNING  -  A relative path to 'Iris/iris_widget_prog_guide/Content/Browser_Methods.html#setFocus' is included in the
            'nav' configuration, which is not found in the documentation files
WARNING  -  A relative path to 'Iris/iris_widget_prog_guide/Content/Browser_Methods.html#setGestureRecognizer' is
            included in the 'nav' configuration, which is not found in the documentation files
WARNING  -  A relative path to 'Iris/iris_widget_prog_guide/Content/Browser_Methods.html#setOnPek' is included in the
            'nav' configuration, which is not found in the documentation files
WARNING  -  A relative path to 'Iris/iris_widget_prog_guide/Content/Browser_Methods.html#setOnPop' is included in the
            'nav' configuration, which is not found in the documentation files
WARNING  -  A relative path to 'Iris/iris_widget_prog_guide/Content/Browser_Methods.html#setSafeBrowsingResponse' is
            included in the 'nav' configuration, which is not found in the documentation files
WARNING  -  A relative path to 'Iris/iris_widget_prog_guide/Content/Browser_Methods.html#setResponse' is included in the
            'nav' configuration, which is not found in the documentation files
WARNING  -  A relative path to 'Iris/iris_widget_prog_guide/Content/Browser_Methods.html#setVisibility' is included in
            the 'nav' configuration, which is not found in the documentation files
WARNING  -  A relative path to 'Iris/iris_widget_prog_guide/Content/Browser_Methods.html#unregist' is included in the
            'nav' configuration, which is not found in the documentation files
WARNING  -  A relative path to 'Iris/iris_widget_prog_guide/Content/Browser_Properties.html#accessibilityConfig' is
            included in the 'nav' configuration, which is not found in the documentation files
WARNING  -  A relative path to 'Iris/iris_widget_prog_guide/Content/Browser_Properties.html#allowsInlineMediaPlayback'
            is included in the 'nav' configuration, which is not found in the documentation files
WARNING  -  A relative path to 'Iris/iris_widget_prog_guide/Content/Browser_Properties.html#anchorPo' is included in the
            'nav' configuration, which is not found in the documentation files
WARNING  -  A relative path to 'Iris/iris_widget_prog_guide/Content/Browser_Properties.html#baseURL' is included in the
            'nav' configuration, which is not found in the documentation files
WARNING  -  A relative path to 'Iris/iris_widget_prog_guide/Content/Browser_Properties.html#bottom' is included in the
            'nav' configuration, which is not found in the documentation files
WARNING  -  A relative path to 'Iris/iris_widget_prog_guide/Content/Browser_Properties.html#bounces' is included in the
            'nav' configuration, which is not found in the documentation files
WARNING  -  A relative path to 'Iris/iris_widget_prog_guide/Content/Browser_Properties.html#browserType' is included in
            the 'nav' configuration, which is not found in the documentation files
WARNING  -  A relative path to 'Iris/iris_widget_prog_guide/Content/Browser_Properties.html#cacheConfig' is included in
            the 'nav' configuration, which is not found in the documentation files
WARNING  -  A relative path to 'Iris/iris_widget_prog_guide/Content/Browser_Properties.html#centerX' is included in the
            'nav' configuration, which is not found in the documentation files
WARNING  -  A relative path to 'Iris/iris_widget_prog_guide/Content/Browser_Properties.html#centerY' is included in the
            'nav' configuration, which is not found in the documentation files
WARNING  -  A relative path to 'Iris/iris_widget_prog_guide/Content/Browser_Properties.html#clearCanvasBeforeLoading' is
            included in the 'nav' configuration, which is not found in the documentation files
WARNING  -  A relative path to 'Iris/iris_widget_prog_guide/Content/Browser_Properties.html#cursorType' is included in
            the 'nav' configuration, which is not found in the documentation files
WARNING  -  A relative path to 'Iris/iris_widget_prog_guide/Content/Browser_Properties.html#detectTelNumber' is included
            in the 'nav' configuration, which is not found in the documentation files
WARNING  -  A relative path to 'Iris/iris_widget_prog_guide/Content/Browser_Properties.html#enable' is included in the
            'nav' configuration, which is not found in the documentation files
WARNING  -  A relative path to 'Iris/iris_widget_prog_guide/Content/Browser_Properties.html#enableCa' is included in the
            'nav' configuration, which is not found in the documentation files
WARNING  -  A relative path to 'Iris/iris_widget_prog_guide/Content/Browser_Properties.html#enableFocusInTouchMode' is
            included in the 'nav' configuration, which is not found in the documentation files
WARNING  -  A relative path to 'Iris/iris_widget_prog_guide/Content/Browser_Properties.html#enableNativeCommunication'
            is included in the 'nav' configuration, which is not found in the documentation files
WARNING  -  A relative path to 'Iris/iris_widget_prog_guide/Content/Browser_Properties.html#enableOv' is included in the
            'nav' configuration, which is not found in the documentation files
WARNING  -  A relative path to 'Iris/iris_widget_prog_guide/Content/Browser_Properties.html#enableParent' is included in
            the 'nav' configuration, which is not found in the documentation files
WARNING  -  A relative path to 'Iris/iris_widget_prog_guide/Content/Browser_Properties.html#enableSafeBrowsing' is
            included in the 'nav' configuration, which is not found in the documentation files
WARNING  -  A relative path to 'Iris/iris_widget_prog_guide/Content/Browser_Properties.html#enableSoftwareRendering' is
            included in the 'nav' configuration, which is not found in the documentation files
WARNING  -  A relative path to 'Iris/iris_widget_prog_guide/Content/Browser_Properties.html#enableThirdPartyCookies' is
            included in the 'nav' configuration, which is not found in the documentation files
WARNING  -  A relative path to 'Iris/iris_widget_prog_guide/Content/Browser_Properties.html#enableZoom' is included in
            the 'nav' configuration, which is not found in the documentation files
WARNING  -  A relative path to 'Iris/iris_widget_prog_guide/Content/Browser_Properties.html#height' is included in the
            'nav' configuration, which is not found in the documentation files
WARNING  -  A relative path to '.mdString Property"' is included in the 'nav' configuration, which is not found in the
            documentation files
WARNING  -  A relative path to 'Iris/iris_widget_prog_guide/Content/Browser_Properties.md.mdString' is included in the
            'nav' configuration, which is not found in the documentation files
WARNING  -  A relative path to 'Iris/iris_widget_prog_guide/Content/Browser_Properties.html#id' is included in the 'nav'
            configuration, which is not found in the documentation files
WARNING  -  A relative path to 'Iris/iris_widget_prog_guide/Content/Browser_Properties.html#info' is included in the
            'nav' configuration, which is not found in the documentation files
WARNING  -  A relative path to 'Iris/iris_widget_prog_guide/Content/Browser_Properties.html#isVisible' is included in
            the 'nav' configuration, which is not found in the documentation files
WARNING  -  A relative path to 'Iris/iris_widget_prog_guide/Content/Browser_Properties.html#left' is included in the
            'nav' configuration, which is not found in the documentation files
WARNING  -  A relative path to 'Iris/iris_widget_prog_guide/Content/Browser_Properties.html#maxHeigh' is included in the
            'nav' configuration, which is not found in the documentation files
WARNING  -  A relative path to 'Iris/iris_widget_prog_guide/Content/Browser_Properties.html#maxWidth' is included in the
            'nav' configuration, which is not found in the documentation files
WARNING  -  A relative path to 'Iris/iris_widget_prog_guide/Content/Browser_Properties.html#minHeigh' is included in the
            'nav' configuration, which is not found in the documentation files
WARNING  -  A relative path to 'Iris/iris_widget_prog_guide/Content/Browser_Properties.html#minWidth' is included in the
            'nav' configuration, which is not found in the documentation files
WARNING  -  A relative path to 'Iris/iris_widget_prog_guide/Content/Browser_Properties.html#mixedContentMode' is
            included in the 'nav' configuration, which is not found in the documentation files
WARNING  -  A relative path to 'Iris/iris_widget_prog_guide/Content/Browser_Properties.html#opacity' is included in the
            'nav' configuration, which is not found in the documentation files
WARNING  -  A relative path to 'Iris/iris_widget_prog_guide/Content/Browser_Properties.html#padding' is included in the
            'nav' configuration, which is not found in the documentation files
WARNING  -  A relative path to 'Iris/iris_widget_prog_guide/Content/Browser_Properties.html#paddingInPixel' is included
            in the 'nav' configuration, which is not found in the documentation files
WARNING  -  A relative path to 'Iris/iris_widget_prog_guide/Content/Browser_Properties.html#parent' is included in the
            'nav' configuration, which is not found in the documentation files
WARNING  -  A relative path to 'Iris/iris_widget_prog_guide/Content/Browser_Properties.html#playVideoInFullScreen' is
            included in the 'nav' configuration, which is not found in the documentation files
WARNING  -  A relative path to 'Iris/iris_widget_prog_guide/Content/Browser_Properties.html#requestURLConfig' is
            included in the 'nav' configuration, which is not found in the documentation files
WARNING  -  A relative path to 'Iris/iris_widget_prog_guide/Content/Browser_Properties.html#retainContentAlignment' is
            included in the 'nav' configuration, which is not found in the documentation files
WARNING  -  A relative path to
            'Iris/iris_widget_prog_guide/Content/Browser_Properties.html#retainFlexPositionProperties' is included in
            the 'nav' configuration, which is not found in the documentation files
WARNING  -  A relative path to
            'Iris/iris_widget_prog_guide/Content/Browser_Properties.html#retainFlowHorizontalAlignment' is included in
            the 'nav' configuration, which is not found in the documentation files
WARNING  -  A relative path to 'Iris/iris_widget_prog_guide/Content/Browser_Properties.html#right' is included in the
            'nav' configuration, which is not found in the documentation files
WARNING  -  A relative path to 'Iris/iris_widget_prog_guide/Content/Browser_Properties.html#screenLevelWidget' is
            included in the 'nav' configuration, which is not found in the documentation files
WARNING  -  A relative path to 'Iris/iris_widget_prog_guide/Content/Browser_Properties.html#scrollsT' is included in the
            'nav' configuration, which is not found in the documentation files
WARNING  -  A relative path to 'Iris/iris_widget_prog_guide/Content/Browser_Properties.html#settings' is included in the
            'nav' configuration, which is not found in the documentation files
WARNING  -  A relative path to 'Iris/iris_widget_prog_guide/Content/Browser_Properties.html#shareCookiesInBrowsers' is
            included in the 'nav' configuration, which is not found in the documentation files
WARNING  -  A relative path to 'Iris/iris_widget_prog_guide/Content/Browser_Properties.html#showProg' is included in the
            'nav' configuration, which is not found in the documentation files
WARNING  -  A relative path to 'Iris/iris_widget_prog_guide/Content/Browser_Properties.html#SSLValidationBehavior' is
            included in the 'nav' configuration, which is not found in the documentation files
WARNING  -  A relative path to 'Iris/iris_widget_prog_guide/Content/Browser_Properties.html#supportedURLSchemes' is
            included in the 'nav' configuration, which is not found in the documentation files
WARNING  -  A relative path to 'Iris/iris_widget_prog_guide/Content/Browser_Properties.html#top' is included in the
            'nav' configuration, which is not found in the documentation files
WARNING  -  A relative path to 'Iris/iris_widget_prog_guide/Content/Browser_Properties.html#transform' is included in
            the 'nav' configuration, which is not found in the documentation files
WARNING  -  A relative path to 'Iris/iris_widget_prog_guide/Content/Browser_Properties.html#useWideV' is included in the
            'nav' configuration, which is not found in the documentation files
WARNING  -  A relative path to 'Iris/iris_widget_prog_guide/Content/Browser_Properties.html#width' is included in the
            'nav' configuration, which is not found in the documentation files
WARNING  -  A relative path to 'Iris/iris_widget_prog_guide/Content/Browser_Properties.html#zIndex' is included in the
            'nav' configuration, which is not found in the documentation files
WARNING  -  A relative path to 'Iris/iris_widget_prog_guide/Content/Browser_Properties.html#zoomDens' is included in the
            'nav' configuration, which is not found in the documentation files
WARNING  -  A relative path to 'Iris/iris_widget_prog_guide/Content/Button.html#button-widget-basics' is included in the
            'nav' configuration, which is not found in the documentation files
WARNING  -  A relative path to 'Iris/iris_widget_prog_guide/Content/Button_Events.html#doLayout' is included in the
            'nav' configuration, which is not found in the documentation files
WARNING  -  A relative path to 'Iris/iris_widget_prog_guide/Content/Button_Events.html#onClick' is included in the 'nav'
            configuration, which is not found in the documentation files
WARNING  -  A relative path to 'Iris/iris_widget_prog_guide/Content/Button_Events.html#onScrollWidgetPosition' is
            included in the 'nav' configuration, which is not found in the documentation files
WARNING  -  A relative path to 'Iris/iris_widget_prog_guide/Content/Button_Events.html#onTouchE' is included in the
            'nav' configuration, which is not found in the documentation files
WARNING  -  A relative path to 'Iris/iris_widget_prog_guide/Content/Button_Events.html#onTouchM' is included in the
            'nav' configuration, which is not found in the documentation files
WARNING  -  A relative path to 'Iris/iris_widget_prog_guide/Content/Button_Events.html#onTouchS' is included in the
            'nav' configuration, which is not found in the documentation files
WARNING  -  A relative path to 'Iris/iris_widget_prog_guide/Content/Button_Events.html#postOncl' is included in the
            'nav' configuration, which is not found in the documentation files
WARNING  -  A relative path to 'Iris/iris_widget_prog_guide/Content/Button_Events.html#preOncli' is included in the
            'nav' configuration, which is not found in the documentation files
WARNING  -  A relative path to 'Iris/iris_widget_prog_guide/Content/Button_Method.html#addGestureRecognizer' is included
            in the 'nav' configuration, which is not found in the documentation files
WARNING  -  A relative path to 'Iris/iris_widget_prog_guide/Content/Button_Method.html#animate' is included in the 'nav'
            configuration, which is not found in the documentation files
WARNING  -  A relative path to 'Iris/iris_widget_prog_guide/Content/Button_Method.html#clone' is included in the 'nav'
            configuration, which is not found in the documentation files
WARNING  -  A relative path to 'Iris/iris_widget_prog_guide/Content/Button_Method.html#convertPointFromWidget' is
            included in the 'nav' configuration, which is not found in the documentation files
WARNING  -  A relative path to 'Iris/iris_widget_prog_guide/Content/Button_Method.html#convertPointToWidget' is included
            in the 'nav' configuration, which is not found in the documentation files
WARNING  -  A relative path to 'Iris/iris_widget_prog_guide/Content/Button_Method.html#getBadge' is included in the
            'nav' configuration, which is not found in the documentation files
WARNING  -  A relative path to 'Iris/iris_widget_prog_guide/Content/Button_Method.html#register' is included in the
            'nav' configuration, which is not found in the documentation files
WARNING  -  A relative path to 'Iris/iris_widget_prog_guide/Content/Button_Method.html#removeFromParent' is included in
            the 'nav' configuration, which is not found in the documentation files
WARNING  -  A relative path to 'Iris/iris_widget_prog_guide/Content/Button_Method.html#removeGestureRecognizer' is
            included in the 'nav' configuration, which is not found in the documentation files
WARNING  -  A relative path to 'Iris/iris_widget_prog_guide/Content/Button_Method.html#setBadge' is included in the
            'nav' configuration, which is not found in the documentation files
WARNING  -  A relative path to 'Iris/iris_widget_prog_guide/Content/Button_Method.html#setEnabled' is included in the
            'nav' configuration, which is not found in the documentation files
WARNING  -  A relative path to 'Iris/iris_widget_prog_guide/Content/Button_Method.html#setFocus' is included in the
            'nav' configuration, which is not found in the documentation files
WARNING  -  A relative path to 'Iris/iris_widget_prog_guide/Content/Button_Method.html#setGestureRecognizer' is included
            in the 'nav' configuration, which is not found in the documentation files
WARNING  -  A relative path to 'Iris/iris_widget_prog_guide/Content/Button_Method.html#setOnPek' is included in the
            'nav' configuration, which is not found in the documentation files
WARNING  -  A relative path to 'Iris/iris_widget_prog_guide/Content/Button_Method.html#setOnPop' is included in the
            'nav' configuration, which is not found in the documentation files
WARNING  -  A relative path to 'Iris/iris_widget_prog_guide/Content/Button_Method.html#setVisibility' is included in the
            'nav' configuration, which is not found in the documentation files
WARNING  -  A relative path to 'Iris/iris_widget_prog_guide/Content/Button_Method.html#unregist' is included in the
            'nav' configuration, which is not found in the documentation files
WARNING  -  A relative path to 'Iris/iris_widget_prog_guide/Content/Button_Properties.html#accessibilityConfig' is
            included in the 'nav' configuration, which is not found in the documentation files
WARNING  -  A relative path to 'Iris/iris_widget_prog_guide/Content/Button_Properties.html#anchorPo' is included in the
            'nav' configuration, which is not found in the documentation files
WARNING  -  A relative path to 'Iris/iris_widget_prog_guide/Content/Button_Properties.html#backgrou' is included in the
            'nav' configuration, which is not found in the documentation files
WARNING  -  A relative path to
            'Iris/iris_widget_prog_guide/Content/Button_Properties.html#backgroundColorMultiStepGradient' is included in
            the 'nav' configuration, which is not found in the documentation files
WARNING  -  A relative path to
            'Iris/iris_widget_prog_guide/Content/Button_Properties.html#backgroundColorTwoStepGradient' is included in
            the 'nav' configuration, which is not found in the documentation files
WARNING  -  A relative path to 'Iris/iris_widget_prog_guide/Content/Button_Properties.html#backgroundImage' is included
            in the 'nav' configuration, which is not found in the documentation files
WARNING  -  A relative path to 'Iris/iris_widget_prog_guide/Content/Button_Properties.html#blur' is included in the
            'nav' configuration, which is not found in the documentation files
WARNING  -  A relative path to 'Iris/iris_widget_prog_guide/Content/Button_Properties.html#borderColor' is included in
            the 'nav' configuration, which is not found in the documentation files
WARNING  -  A relative path to 'Iris/iris_widget_prog_guide/Content/Button_Properties.html#borderColorGradient' is
            included in the 'nav' configuration, which is not found in the documentation files
WARNING  -  A relative path to 'Iris/iris_widget_prog_guide/Content/Button_Properties.html#borderStyle' is included in
            the 'nav' configuration, which is not found in the documentation files
WARNING  -  A relative path to 'Iris/iris_widget_prog_guide/Content/Button_Properties.html#borderWidth' is included in
            the 'nav' configuration, which is not found in the documentation files
WARNING  -  A relative path to 'Iris/iris_widget_prog_guide/Content/Button_Properties.html#bottom' is included in the
            'nav' configuration, which is not found in the documentation files
WARNING  -  A relative path to 'Iris/iris_widget_prog_guide/Content/Button_Properties.html#buttonType' is included in
            the 'nav' configuration, which is not found in the documentation files
WARNING  -  A relative path to 'Iris/iris_widget_prog_guide/Content/Button_Properties.html#cacheConfig' is included in
            the 'nav' configuration, which is not found in the documentation files
WARNING  -  A relative path to 'Iris/iris_widget_prog_guide/Content/Button_Properties.html#centerX' is included in the
            'nav' configuration, which is not found in the documentation files
WARNING  -  A relative path to 'Iris/iris_widget_prog_guide/Content/Button_Properties.html#centerY' is included in the
            'nav' configuration, which is not found in the documentation files
WARNING  -  A relative path to 'Iris/iris_widget_prog_guide/Content/Button_Properties.html#clipView' is included in the
            'nav' configuration, which is not found in the documentation files
WARNING  -  A relative path to 'Iris/iris_widget_prog_guide/Content/Button_Properties.html#contentAlignment' is included
            in the 'nav' configuration, which is not found in the documentation files
WARNING  -  A relative path to 'Iris/iris_widget_prog_guide/Content/Button_Properties.html#cornerRadius' is included in
            the 'nav' configuration, which is not found in the documentation files
WARNING  -  A relative path to 'Iris/iris_widget_prog_guide/Content/Button_Properties.html#cursorType' is included in
            the 'nav' configuration, which is not found in the documentation files
WARNING  -  A relative path to 'Iris/iris_widget_prog_guide/Content/Button_Properties.html#disabledStateSkinProperties'
            is included in the 'nav' configuration, which is not found in the documentation files
WARNING  -  A relative path to 'Iris/iris_widget_prog_guide/Content/Button_Properties.html#enable' is included in the
            'nav' configuration, which is not found in the documentation files
WARNING  -  A relative path to 'Iris/iris_widget_prog_guide/Content/Button_Properties.html#enableCa' is included in the
            'nav' configuration, which is not found in the documentation files
WARNING  -  A relative path to 'Iris/iris_widget_prog_guide/Content/Button_Properties.html#enableHapticFeedback' is
            included in the 'nav' configuration, which is not found in the documentation files
WARNING  -  A relative path to 'Iris/iris_widget_prog_guide/Content/Button_Properties.html#external' is included in the
            'nav' configuration, which is not found in the documentation files
WARNING  -  A relative path to 'Iris/iris_widget_prog_guide/Content/Button_Properties.html#focusSki' is included in the
            'nav' configuration, which is not found in the documentation files
WARNING  -  A relative path to 'Iris/iris_widget_prog_guide/Content/Button_Properties.html#focusStateSkinProperties' is
            included in the 'nav' configuration, which is not found in the documentation files
WARNING  -  A relative path to 'Iris/iris_widget_prog_guide/Content/Button_Properties.html#fontColor' is included in the
            'nav' configuration, which is not found in the documentation files
WARNING  -  A relative path to 'Iris/iris_widget_prog_guide/Content/Button_Properties.html#fontFamily' is included in
            the 'nav' configuration, which is not found in the documentation files
WARNING  -  A relative path to 'Iris/iris_widget_prog_guide/Content/Button_Properties.html#fontSize' is included in the
            'nav' configuration, which is not found in the documentation files
WARNING  -  A relative path to 'Iris/iris_widget_prog_guide/Content/Button_Properties.html#fontStyle' is included in the
            'nav' configuration, which is not found in the documentation files
WARNING  -  A relative path to 'Iris/iris_widget_prog_guide/Content/Button_Properties.html#fontWeight' is included in
            the 'nav' configuration, which is not found in the documentation files
WARNING  -  A relative path to 'Iris/iris_widget_prog_guide/Content/Button_Properties.html#glowEffe' is included in the
            'nav' configuration, which is not found in the documentation files
WARNING  -  A relative path to 'Iris/iris_widget_prog_guide/Content/Button_Properties.html#height' is included in the
            'nav' configuration, which is not found in the documentation files
WARNING  -  A relative path to 'Iris/iris_widget_prog_guide/Content/Button_Properties.html#hoverSkin' is included in the
            'nav' configuration, which is not found in the documentation files
WARNING  -  A relative path to 'Iris/iris_widget_prog_guide/Content/Button_Properties.html#hoverStateSkinProperties' is
            included in the 'nav' configuration, which is not found in the documentation files
WARNING  -  A relative path to 'Iris/iris_widget_prog_guide/Content/Button_Properties.html#id' is included in the 'nav'
            configuration, which is not found in the documentation files
WARNING  -  A relative path to 'Iris/iris_widget_prog_guide/Content/Button_Properties.html#info' is included in the
            'nav' configuration, which is not found in the documentation files
WARNING  -  A relative path to 'Iris/iris_widget_prog_guide/Content/Button_Properties.html#isVisibl' is included in the
            'nav' configuration, which is not found in the documentation files
WARNING  -  A relative path to 'Iris/iris_widget_prog_guide/Content/Button_Properties.html#left' is included in the
            'nav' configuration, which is not found in the documentation files
WARNING  -  A relative path to 'Iris/iris_widget_prog_guide/Content/Button_Properties.html#maxHeigh' is included in the
            'nav' configuration, which is not found in the documentation files
WARNING  -  A relative path to 'Iris/iris_widget_prog_guide/Content/Button_Properties.html#maxWidth' is included in the
            'nav' configuration, which is not found in the documentation files
WARNING  -  A relative path to 'Iris/iris_widget_prog_guide/Content/Button_Properties.html#minHeigh' is included in the
            'nav' configuration, which is not found in the documentation files
WARNING  -  A relative path to 'Iris/iris_widget_prog_guide/Content/Button_Properties.html#minWidth' is included in the
            'nav' configuration, which is not found in the documentation files
WARNING  -  A relative path to 'Iris/iris_widget_prog_guide/Content/Button_Properties.html#nativeButtonFocusImage' is
            included in the 'nav' configuration, which is not found in the documentation files
WARNING  -  A relative path to 'Iris/iris_widget_prog_guide/Content/Button_Properties.html#nativeButtonNormalImage' is
            included in the 'nav' configuration, which is not found in the documentation files
WARNING  -  A relative path to 'Iris/iris_widget_prog_guide/Content/Button_Properties.html#opacity' is included in the
            'nav' configuration, which is not found in the documentation files
WARNING  -  A relative path to 'Iris/iris_widget_prog_guide/Content/Button_Properties.html#padding' is included in the
            'nav' configuration, which is not found in the documentation files
WARNING  -  A relative path to 'Iris/iris_widget_prog_guide/Content/Button_Properties.html#paddingInPixel' is included
            in the 'nav' configuration, which is not found in the documentation files
WARNING  -  A relative path to 'Iris/iris_widget_prog_guide/Content/Button_Properties.html#parent' is included in the
            'nav' configuration, which is not found in the documentation files
WARNING  -  A relative path to 'Iris/iris_widget_prog_guide/Content/Button_Properties.html#pressedS' is included in the
            'nav' configuration, which is not found in the documentation files
WARNING  -  A relative path to 'Iris/iris_widget_prog_guide/Content/Button_Properties.html#pressedStateSkinProperties'
            is included in the 'nav' configuration, which is not found in the documentation files
WARNING  -  A relative path to 'Iris/iris_widget_prog_guide/Content/Button_Properties.html#rawbytes' is included in the
            'nav' configuration, which is not found in the documentation files
WARNING  -  A relative path to 'Iris/iris_widget_prog_guide/Content/Button_Properties.html#retainContentAlignment' is
            included in the 'nav' configuration, which is not found in the documentation files
WARNING  -  A relative path to 'Iris/iris_widget_prog_guide/Content/Button_Properties.html#retainFlexPositionProperties'
            is included in the 'nav' configuration, which is not found in the documentation files
WARNING  -  A relative path to
            'Iris/iris_widget_prog_guide/Content/Button_Properties.html#retainFlowHorizontalAlignment' is included in
            the 'nav' configuration, which is not found in the documentation files
WARNING  -  A relative path to 'Iris/iris_widget_prog_guide/Content/Button_Properties.html#right' is included in the
            'nav' configuration, which is not found in the documentation files
WARNING  -  A relative path to 'Iris/iris_widget_prog_guide/Content/Button_Properties.html#rippleBackground' is included
            in the 'nav' configuration, which is not found in the documentation files
WARNING  -  A relative path to 'Iris/iris_widget_prog_guide/Content/Button_Properties.html#shadowColor' is included in
            the 'nav' configuration, which is not found in the documentation files
WARNING  -  A relative path to 'Iris/iris_widget_prog_guide/Content/Button_Properties.html#shadowDepth' is included in
            the 'nav' configuration, which is not found in the documentation files
WARNING  -  A relative path to 'Iris/iris_widget_prog_guide/Content/Button_Properties.html#shadowOffset' is included in
            the 'nav' configuration, which is not found in the documentation files
WARNING  -  A relative path to 'Iris/iris_widget_prog_guide/Content/Button_Properties.html#shadowRadius' is included in
            the 'nav' configuration, which is not found in the documentation files
WARNING  -  A relative path to 'Iris/iris_widget_prog_guide/Content/Button_Properties.html#shadowType' is included in
            the 'nav' configuration, which is not found in the documentation files
WARNING  -  A relative path to 'Iris/iris_widget_prog_guide/Content/Button_Properties.html#showProg' is included in the
            'nav' configuration, which is not found in the documentation files
WARNING  -  A relative path to 'Iris/iris_widget_prog_guide/Content/Button_Properties.html#skin' is included in the
            'nav' configuration, which is not found in the documentation files
WARNING  -  A relative path to 'Iris/iris_widget_prog_guide/Content/Button_Properties.html#submitUR' is included in the
            'nav' configuration, which is not found in the documentation files
WARNING  -  A relative path to 'Iris/iris_widget_prog_guide/Content/Button_Properties.html#text' is included in the
            'nav' configuration, which is not found in the documentation files
WARNING  -  A relative path to 'Iris/iris_widget_prog_guide/Content/Button_Properties.html#textShadowColor' is included
            in the 'nav' configuration, which is not found in the documentation files
WARNING  -  A relative path to 'Iris/iris_widget_prog_guide/Content/Button_Properties.html#textShadowOffset' is included
            in the 'nav' configuration, which is not found in the documentation files
WARNING  -  A relative path to 'Iris/iris_widget_prog_guide/Content/Button_Properties.html#textShadowRadius' is included
            in the 'nav' configuration, which is not found in the documentation files
WARNING  -  A relative path to 'Iris/iris_widget_prog_guide/Content/Button_Properties.html#toolTip' is included in the
            'nav' configuration, which is not found in the documentation files
WARNING  -  A relative path to 'Iris/iris_widget_prog_guide/Content/Button_Properties.html#top' is included in the 'nav'
            configuration, which is not found in the documentation files
WARNING  -  A relative path to 'Iris/iris_widget_prog_guide/Content/Button_Properties.html#transfor' is included in the
            'nav' configuration, which is not found in the documentation files
WARNING  -  A relative path to 'Iris/iris_widget_prog_guide/Content/Button_Properties.html#widgetSwipeMove' is included
            in the 'nav' configuration, which is not found in the documentation files
WARNING  -  A relative path to 'Iris/iris_widget_prog_guide/Content/Button_Properties.html#width' is included in the
            'nav' configuration, which is not found in the documentation files
WARNING  -  A relative path to 'Iris/iris_widget_prog_guide/Content/Button_Properties.html#zIndex' is included in the
            'nav' configuration, which is not found in the documentation files
WARNING  -  A relative path to 'Iris/iris_widget_prog_guide/Content/Calendar_Events.html#doLayout' is included in the
            'nav' configuration, which is not found in the documentation files
WARNING  -  A relative path to 'Iris/iris_widget_prog_guide/Content/Calendar_Events.html#onDone' is included in the
            'nav' configuration, which is not found in the documentation files
WARNING  -  A relative path to 'Iris/iris_widget_prog_guide/Content/Calendar_Events.html#onScrollWidgetPosition' is
            included in the 'nav' configuration, which is not found in the documentation files
WARNING  -  A relative path to 'Iris/iris_widget_prog_guide/Content/Calendar_Events.html#onSelect' is included in the
            'nav' configuration, which is not found in the documentation files
WARNING  -  A relative path to 'Iris/iris_widget_prog_guide/Content/Calendar_Events.html#onAppoin' is included in the
            'nav' configuration, which is not found in the documentation files
WARNING  -  A relative path to 'Iris/iris_widget_prog_guide/Content/Calendar_Events.html#onEmptyC' is included in the
            'nav' configuration, which is not found in the documentation files
WARNING  -  A relative path to 'Iris/iris_widget_prog_guide/Content/Calendar_Events.html#onTouchEnd' is included in the
            'nav' configuration, which is not found in the documentation files
WARNING  -  A relative path to 'Iris/iris_widget_prog_guide/Content/Calendar_Events.html#onTouchMove' is included in the
            'nav' configuration, which is not found in the documentation files
WARNING  -  A relative path to 'Iris/iris_widget_prog_guide/Content/Calendar_Events.html#onTouchStart' is included in
            the 'nav' configuration, which is not found in the documentation files
WARNING  -  A relative path to 'Iris/iris_widget_prog_guide/Content/Calendar_Methods.html#addGestureRecognizer' is
            included in the 'nav' configuration, which is not found in the documentation files
WARNING  -  A relative path to 'Iris/iris_widget_prog_guide/Content/Calendar_Methods.html#animate' is included in the
            'nav' configuration, which is not found in the documentation files
WARNING  -  A relative path to 'Iris/iris_widget_prog_guide/Content/Calendar_Methods.html#open' is included in the 'nav'
            configuration, which is not found in the documentation files
WARNING  -  A relative path to 'Iris/iris_widget_prog_guide/Content/Calendar_Methods.html#dismiss' is included in the
            'nav' configuration, which is not found in the documentation files
WARNING  -  A relative path to 'Iris/iris_widget_prog_guide/Content/Calendar_Methods.html#clear' is included in the
            'nav' configuration, which is not found in the documentation files
WARNING  -  A relative path to 'Iris/iris_widget_prog_guide/Content/Calendar_Methods.html#clearApp' is included in the
            'nav' configuration, which is not found in the documentation files
WARNING  -  A relative path to 'Iris/iris_widget_prog_guide/Content/Calendar_Methods.html#clearDat' is included in the
            'nav' configuration, which is not found in the documentation files
WARNING  -  A relative path to 'Iris/iris_widget_prog_guide/Content/Calendar_Methods.html#clone' is included in the
            'nav' configuration, which is not found in the documentation files
WARNING  -  A relative path to 'Iris/iris_widget_prog_guide/Content/Calendar_Methods.html#convertPointFromWidget' is
            included in the 'nav' configuration, which is not found in the documentation files
WARNING  -  A relative path to 'Iris/iris_widget_prog_guide/Content/Calendar_Methods.html#convertPointToWidget' is
            included in the 'nav' configuration, which is not found in the documentation files
WARNING  -  A relative path to 'Iris/iris_widget_prog_guide/Content/Calendar_Methods.html#deleteAp' is included in the
            'nav' configuration, which is not found in the documentation files
WARNING  -  A relative path to 'Iris/iris_widget_prog_guide/Content/Calendar_Methods.html#enableRa' is included in the
            'nav' configuration, which is not found in the documentation files
WARNING  -  A relative path to 'Iris/iris_widget_prog_guide/Content/Calendar_Methods.html#getAppoi' is included in the
            'nav' configuration, which is not found in the documentation files
WARNING  -  A relative path to 'Iris/iris_widget_prog_guide/Content/Calendar_Methods.html#getBadge' is included in the
            'nav' configuration, which is not found in the documentation files
WARNING  -  A relative path to 'Iris/iris_widget_prog_guide/Content/Calendar_Methods.html#modifyAp' is included in the
            'nav' configuration, which is not found in the documentation files
WARNING  -  A relative path to 'Iris/iris_widget_prog_guide/Content/Calendar_Methods.html#navigate2' is included in the
            'nav' configuration, which is not found in the documentation files
WARNING  -  A relative path to 'Iris/iris_widget_prog_guide/Content/Calendar_Methods.html#navigate' is included in the
            'nav' configuration, which is not found in the documentation files
WARNING  -  A relative path to 'Iris/iris_widget_prog_guide/Content/Calendar_Methods.html#register' is included in the
            'nav' configuration, which is not found in the documentation files
WARNING  -  A relative path to 'Iris/iris_widget_prog_guide/Content/Calendar_Methods.html#removeDa' is included in the
            'nav' configuration, which is not found in the documentation files
WARNING  -  A relative path to 'Iris/iris_widget_prog_guide/Content/Calendar_Methods.html#removeFromParent' is included
            in the 'nav' configuration, which is not found in the documentation files
WARNING  -  A relative path to 'Iris/iris_widget_prog_guide/Content/Calendar_Methods.html#removeGestureRecognizer' is
            included in the 'nav' configuration, which is not found in the documentation files
WARNING  -  A relative path to 'Iris/iris_widget_prog_guide/Content/Calendar_Methods.html#setBadge' is included in the
            'nav' configuration, which is not found in the documentation files
WARNING  -  A relative path to 'Iris/iris_widget_prog_guide/Content/Calendar_Methods.html#setConte' is included in the
            'nav' configuration, which is not found in the documentation files
WARNING  -  A relative path to 'Iris/iris_widget_prog_guide/Content/Calendar_Methods.html#setData' is included in the
            'nav' configuration, which is not found in the documentation files
WARNING  -  A relative path to 'Iris/iris_widget_prog_guide/Content/Calendar_Methods.html#setDataA' is included in the
            'nav' configuration, which is not found in the documentation files
WARNING  -  A relative path to 'Iris/iris_widget_prog_guide/Content/Calendar_Methods.html#setDates' is included in the
            'nav' configuration, which is not found in the documentation files
WARNING  -  A relative path to 'Iris/iris_widget_prog_guide/Content/Calendar_Methods.html#setEnabl' is included in the
            'nav' configuration, which is not found in the documentation files
WARNING  -  A relative path to 'Iris/iris_widget_prog_guide/Content/Calendar_Methods.html#setEnabl2' is included in the
            'nav' configuration, which is not found in the documentation files
WARNING  -  A relative path to 'Iris/iris_widget_prog_guide/Content/Calendar_Methods.html#setFocus' is included in the
            'nav' configuration, which is not found in the documentation files
WARNING  -  A relative path to 'Iris/iris_widget_prog_guide/Content/Calendar_Methods.html#setGestureRecognizer' is
            included in the 'nav' configuration, which is not found in the documentation files
WARNING  -  A relative path to 'Iris/iris_widget_prog_guide/Content/Calendar_Methods.html#setOnPek' is included in the
            'nav' configuration, which is not found in the documentation files
WARNING  -  A relative path to 'Iris/iris_widget_prog_guide/Content/Calendar_Methods.html#setOnPop' is included in the
            'nav' configuration, which is not found in the documentation files
WARNING  -  A relative path to 'Iris/iris_widget_prog_guide/Content/Calendar_Methods.html#switchTo' is included in the
            'nav' configuration, which is not found in the documentation files
WARNING  -  A relative path to 'Iris/iris_widget_prog_guide/Content/Calendar_Methods.html#setVisibility' is included in
            the 'nav' configuration, which is not found in the documentation files
WARNING  -  A relative path to 'Iris/iris_widget_prog_guide/Content/Calendar_Methods.html#unregist' is included in the
            'nav' configuration, which is not found in the documentation files
WARNING  -  A relative path to 'Iris/iris_widget_prog_guide/Content/Calendar_Properties.html#accessibilityConfig' is
            included in the 'nav' configuration, which is not found in the documentation files
WARNING  -  A relative path to 'Iris/iris_widget_prog_guide/Content/Calendar_Properties.html#anchorPo' is included in
            the 'nav' configuration, which is not found in the documentation files
WARNING  -  A relative path to 'Iris/iris_widget_prog_guide/Content/Calendar_Properties.html#appointm' is included in
            the 'nav' configuration, which is not found in the documentation files
WARNING  -  A relative path to 'Iris/iris_widget_prog_guide/Content/Calendar_Properties.html#backgrou' is included in
            the 'nav' configuration, which is not found in the documentation files
WARNING  -  A relative path to
            'Iris/iris_widget_prog_guide/Content/Calendar_Properties.html#backgroundColorMultiStepGradient' is included
            in the 'nav' configuration, which is not found in the documentation files
WARNING  -  A relative path to
            'Iris/iris_widget_prog_guide/Content/Calendar_Properties.html#backgroundColorTwoStepGradient' is included in
            the 'nav' configuration, which is not found in the documentation files
WARNING  -  A relative path to 'Iris/iris_widget_prog_guide/Content/Calendar_Properties.html#backgroundImage' is
            included in the 'nav' configuration, which is not found in the documentation files
WARNING  -  A relative path to 'Iris/iris_widget_prog_guide/Content/Calendar_Properties.html#blur' is included in the
            'nav' configuration, which is not found in the documentation files
WARNING  -  A relative path to 'Iris/iris_widget_prog_guide/Content/Calendar_Properties.html#borderColor' is included in
            the 'nav' configuration, which is not found in the documentation files
WARNING  -  A relative path to 'Iris/iris_widget_prog_guide/Content/Calendar_Properties.html#borderColorGradient' is
            included in the 'nav' configuration, which is not found in the documentation files
WARNING  -  A relative path to 'Iris/iris_widget_prog_guide/Content/Calendar_Properties.html#borderStyle' is included in
            the 'nav' configuration, which is not found in the documentation files
WARNING  -  A relative path to 'Iris/iris_widget_prog_guide/Content/Calendar_Properties.html#borderWidth' is included in
            the 'nav' configuration, which is not found in the documentation files
WARNING  -  A relative path to 'Iris/iris_widget_prog_guide/Content/Calendar_Properties.html#bottom' is included in the
            'nav' configuration, which is not found in the documentation files
WARNING  -  A relative path to 'Iris/iris_widget_prog_guide/Content/Calendar_Properties.html#calendarIcon' is included
            in the 'nav' configuration, which is not found in the documentation files
WARNING  -  A relative path to 'Iris/iris_widget_prog_guide/Content/Calendar_Properties.html#calendarIconAlignment' is
            included in the 'nav' configuration, which is not found in the documentation files
WARNING  -  A relative path to 'Iris/iris_widget_prog_guide/Content/Calendar_Properties.html#calLangu' is included in
            the 'nav' configuration, which is not found in the documentation files
WARNING  -  A relative path to 'Iris/iris_widget_prog_guide/Content/Calendar_Properties.html#cellTemp' is included in
            the 'nav' configuration, which is not found in the documentation files
WARNING  -  A relative path to 'Iris/iris_widget_prog_guide/Content/Calendar_Properties.html#centerX' is included in the
            'nav' configuration, which is not found in the documentation files
WARNING  -  A relative path to 'Iris/iris_widget_prog_guide/Content/Calendar_Properties.html#centerY' is included in the
            'nav' configuration, which is not found in the documentation files
WARNING  -  A relative path to 'Iris/iris_widget_prog_guide/Content/Calendar_Properties.html#containe' is included in
            the 'nav' configuration, which is not found in the documentation files
WARNING  -  A relative path to 'Iris/iris_widget_prog_guide/Content/Calendar_Properties.html#containe2' is included in
            the 'nav' configuration, which is not found in the documentation files
WARNING  -  A relative path to 'Iris/iris_widget_prog_guide/Content/Calendar_Properties.html#contentAlignment' is
            included in the 'nav' configuration, which is not found in the documentation files
WARNING  -  A relative path to 'Iris/iris_widget_prog_guide/Content/Calendar_Properties.html#cornerRadius' is included
            in the 'nav' configuration, which is not found in the documentation files
WARNING  -  A relative path to 'Iris/iris_widget_prog_guide/Content/Calendar_Properties.html#cursorType' is included in
            the 'nav' configuration, which is not found in the documentation files
WARNING  -  A relative path to 'Iris/iris_widget_prog_guide/Content/Calendar_Properties.html#data' is included in the
            'nav' configuration, which is not found in the documentation files
WARNING  -  A relative path to 'Iris/iris_widget_prog_guide/Content/Calendar_Properties.html#dateComp' is included in
            the 'nav' configuration, which is not found in the documentation files
WARNING  -  A relative path to 'Iris/iris_widget_prog_guide/Content/Calendar_Properties.html#dateForm' is included in
            the 'nav' configuration, which is not found in the documentation files
WARNING  -  A relative path to 'Iris/iris_widget_prog_guide/Content/Calendar_Properties.html#day' is included in the
            'nav' configuration, which is not found in the documentation files
WARNING  -  A relative path to 'Iris/iris_widget_prog_guide/Content/Calendar_Properties.html#dayTextA' is included in
            the 'nav' configuration, which is not found in the documentation files
WARNING  -  A relative path to
            'Iris/iris_widget_prog_guide/Content/Calendar_Properties.html#disabledStateSkinProperties' is included in
            the 'nav' configuration, which is not found in the documentation files
WARNING  -  A relative path to 'Iris/iris_widget_prog_guide/Content/Calendar_Properties.html#displaye' is included in
            the 'nav' configuration, which is not found in the documentation files
WARNING  -  A relative path to 'Iris/iris_widget_prog_guide/Content/Calendar_Properties.html#enable' is included in the
            'nav' configuration, which is not found in the documentation files
WARNING  -  A relative path to 'Iris/iris_widget_prog_guide/Content/Calendar_Properties.html#enableOrDisableDates' is
            included in the 'nav' configuration, which is not found in the documentation files
WARNING  -  A relative path to 'Iris/iris_widget_prog_guide/Content/Calendar_Properties.html#enableCa' is included in
            the 'nav' configuration, which is not found in the documentation files
WARNING  -  A relative path to 'Iris/iris_widget_prog_guide/Content/Calendar_Properties.html#focusSki' is included in
            the 'nav' configuration, which is not found in the documentation files
WARNING  -  A relative path to 'Iris/iris_widget_prog_guide/Content/Calendar_Properties.html#focusStateSkinProperties'
            is included in the 'nav' configuration, which is not found in the documentation files
WARNING  -  A relative path to 'Iris/iris_widget_prog_guide/Content/Calendar_Properties.html#fontColor' is included in
            the 'nav' configuration, which is not found in the documentation files
WARNING  -  A relative path to 'Iris/iris_widget_prog_guide/Content/Calendar_Properties.html#fontFamily' is included in
            the 'nav' configuration, which is not found in the documentation files
WARNING  -  A relative path to 'Iris/iris_widget_prog_guide/Content/Calendar_Properties.html#fontSize' is included in
            the 'nav' configuration, which is not found in the documentation files
WARNING  -  A relative path to 'Iris/iris_widget_prog_guide/Content/Calendar_Properties.html#fontStyle' is included in
            the 'nav' configuration, which is not found in the documentation files
WARNING  -  A relative path to 'Iris/iris_widget_prog_guide/Content/Calendar_Properties.html#fontWeight' is included in
            the 'nav' configuration, which is not found in the documentation files
WARNING  -  A relative path to 'Iris/iris_widget_prog_guide/Content/Calendar_Properties.html#formatte' is included in
            the 'nav' configuration, which is not found in the documentation files
WARNING  -  A relative path to 'Iris/iris_widget_prog_guide/Content/Calendar_Properties.html#gridTheme' is included in
            the 'nav' configuration, which is not found in the documentation files
WARNING  -  A relative path to 'Iris/iris_widget_prog_guide/Content/Calendar_Properties.html#height' is included in the
            'nav' configuration, which is not found in the documentation files
WARNING  -  A relative path to 'Iris/iris_widget_prog_guide/Content/Calendar_Properties.html#hideDays' is included in
            the 'nav' configuration, which is not found in the documentation files
WARNING  -  A relative path to 'Iris/iris_widget_prog_guide/Content/Calendar_Properties.html#hideMont' is included in
            the 'nav' configuration, which is not found in the documentation files
WARNING  -  A relative path to 'Iris/iris_widget_prog_guide/Content/Calendar_Properties.html#hidePreviousNextMonthDates'
            is included in the 'nav' configuration, which is not found in the documentation files
WARNING  -  A relative path to 'Iris/iris_widget_prog_guide/Content/Calendar_Properties.html#hour' is included in the
            'nav' configuration, which is not found in the documentation files
WARNING  -  A relative path to 'Iris/iris_widget_prog_guide/Content/Calendar_Properties.html#hoverSkin' is included in
            the 'nav' configuration, which is not found in the documentation files
WARNING  -  A relative path to 'Iris/iris_widget_prog_guide/Content/Calendar_Properties.html#hoverStateSkinProperties'
            is included in the 'nav' configuration, which is not found in the documentation files
WARNING  -  A relative path to 'Iris/iris_widget_prog_guide/Content/Calendar_Properties.html#id' is included in the
            'nav' configuration, which is not found in the documentation files
WARNING  -  A relative path to 'Iris/iris_widget_prog_guide/Content/Calendar_Properties.html#info' is included in the
            'nav' configuration, which is not found in the documentation files
WARNING  -  A relative path to 'Iris/iris_widget_prog_guide/Content/Calendar_Properties.html#inputAccessoryViewType' is
            included in the 'nav' configuration, which is not found in the documentation files
WARNING  -  A relative path to 'Iris/iris_widget_prog_guide/Content/Calendar_Properties.html#isDayVis' is included in
            the 'nav' configuration, which is not found in the documentation files
WARNING  -  A relative path to 'Iris/iris_widget_prog_guide/Content/Calendar_Properties.html#isMonthV' is included in
            the 'nav' configuration, which is not found in the documentation files
WARNING  -  A relative path to 'Iris/iris_widget_prog_guide/Content/Calendar_Properties.html#isVisibl' is included in
            the 'nav' configuration, which is not found in the documentation files
WARNING  -  A relative path to 'Iris/iris_widget_prog_guide/Content/Calendar_Properties.html#isYearVi' is included in
            the 'nav' configuration, which is not found in the documentation files
WARNING  -  A relative path to 'Iris/iris_widget_prog_guide/Content/Calendar_Properties.html#left' is included in the
            'nav' configuration, which is not found in the documentation files
WARNING  -  A relative path to 'Iris/iris_widget_prog_guide/Content/Calendar_Properties.html#maxHeigh' is included in
            the 'nav' configuration, which is not found in the documentation files
WARNING  -  A relative path to 'Iris/iris_widget_prog_guide/Content/Calendar_Properties.html#maxWidth' is included in
            the 'nav' configuration, which is not found in the documentation files
WARNING  -  A relative path to 'Iris/iris_widget_prog_guide/Content/Calendar_Properties.html#minHeigh' is included in
            the 'nav' configuration, which is not found in the documentation files
WARNING  -  A relative path to 'Iris/iris_widget_prog_guide/Content/Calendar_Properties.html#minutes' is included in the
            'nav' configuration, which is not found in the documentation files
WARNING  -  A relative path to 'Iris/iris_widget_prog_guide/Content/Calendar_Properties.html#minWidth' is included in
            the 'nav' configuration, which is not found in the documentation files
WARNING  -  A relative path to 'Iris/iris_widget_prog_guide/Content/Calendar_Properties.html#mode' is included in the
            'nav' configuration, which is not found in the documentation files
WARNING  -  A relative path to 'Iris/iris_widget_prog_guide/Content/Calendar_Properties.html#month' is included in the
            'nav' configuration, which is not found in the documentation files
WARNING  -  A relative path to 'Iris/iris_widget_prog_guide/Content/Calendar_Properties.html#noOfMont' is included in
            the 'nav' configuration, which is not found in the documentation files
WARNING  -  A relative path to 'Iris/iris_widget_prog_guide/Content/Calendar_Properties.html#opacity' is included in the
            'nav' configuration, which is not found in the documentation files
WARNING  -  A relative path to 'Iris/iris_widget_prog_guide/Content/Calendar_Properties.html#padding' is included in the
            'nav' configuration, which is not found in the documentation files
WARNING  -  A relative path to 'Iris/iris_widget_prog_guide/Content/Calendar_Properties.html#paddingInPixel' is included
            in the 'nav' configuration, which is not found in the documentation files
WARNING  -  A relative path to 'Iris/iris_widget_prog_guide/Content/Calendar_Properties.html#parent' is included in the
            'nav' configuration, which is not found in the documentation files
WARNING  -  A relative path to 'Iris/iris_widget_prog_guide/Content/Calendar_Properties.html#placehol' is included in
            the 'nav' configuration, which is not found in the documentation files
WARNING  -  A relative path to 'Iris/iris_widget_prog_guide/Content/Calendar_Properties.html#pressedStateSkinProperties'
            is included in the 'nav' configuration, which is not found in the documentation files
WARNING  -  A relative path to 'Iris/iris_widget_prog_guide/Content/Calendar_Properties.html#retainContentAlignment' is
            included in the 'nav' configuration, which is not found in the documentation files
WARNING  -  A relative path to
            'Iris/iris_widget_prog_guide/Content/Calendar_Properties.html#retainFlexPositionProperties' is included in
            the 'nav' configuration, which is not found in the documentation files
WARNING  -  A relative path to
            'Iris/iris_widget_prog_guide/Content/Calendar_Properties.html#retainFlowHorizontalAlignment' is included in
            the 'nav' configuration, which is not found in the documentation files
WARNING  -  A relative path to 'Iris/iris_widget_prog_guide/Content/Calendar_Properties.html#right' is included in the
            'nav' configuration, which is not found in the documentation files
WARNING  -  A relative path to 'Iris/iris_widget_prog_guide/Content/Calendar_Properties.html#seconds' is included in the
            'nav' configuration, which is not found in the documentation files
WARNING  -  A relative path to 'Iris/iris_widget_prog_guide/Content/Calendar_Properties.html#skin' is included in the
            'nav' configuration, which is not found in the documentation files
WARNING  -  A relative path to 'Iris/iris_widget_prog_guide/Content/Calendar_Properties.html#selectedDates' is included
            in the 'nav' configuration, which is not found in the documentation files
WARNING  -  A relative path to 'Iris/iris_widget_prog_guide/Content/Calendar_Properties.html#selectionType' is included
            in the 'nav' configuration, which is not found in the documentation files
WARNING  -  A relative path to 'Iris/iris_widget_prog_guide/Content/Calendar_Properties.html#shadowColor' is included in
            the 'nav' configuration, which is not found in the documentation files
WARNING  -  A relative path to 'Iris/iris_widget_prog_guide/Content/Calendar_Properties.html#shadowOffset' is included
            in the 'nav' configuration, which is not found in the documentation files
WARNING  -  A relative path to 'Iris/iris_widget_prog_guide/Content/Calendar_Properties.html#shadowRadius' is included
            in the 'nav' configuration, which is not found in the documentation files
WARNING  -  A relative path to 'Iris/iris_widget_prog_guide/Content/Calendar_Properties.html#textShadowColor' is
            included in the 'nav' configuration, which is not found in the documentation files
WARNING  -  A relative path to 'Iris/iris_widget_prog_guide/Content/Calendar_Properties.html#textShadowOffset' is
            included in the 'nav' configuration, which is not found in the documentation files
WARNING  -  A relative path to 'Iris/iris_widget_prog_guide/Content/Calendar_Properties.html#textShadowRadius' is
            included in the 'nav' configuration, which is not found in the documentation files
WARNING  -  A relative path to 'Iris/iris_widget_prog_guide/Content/Calendar_Properties.html#timeShee' is included in
            the 'nav' configuration, which is not found in the documentation files
WARNING  -  A relative path to 'Iris/iris_widget_prog_guide/Content/Calendar_Properties.html#titleOnP' is included in
            the 'nav' configuration, which is not found in the documentation files
WARNING  -  A relative path to 'Iris/iris_widget_prog_guide/Content/Calendar_Properties.html#toolTip' is included in the
            'nav' configuration, which is not found in the documentation files
WARNING  -  A relative path to 'Iris/iris_widget_prog_guide/Content/Calendar_Properties.html#top' is included in the
            'nav' configuration, which is not found in the documentation files
WARNING  -  A relative path to 'Iris/iris_widget_prog_guide/Content/Calendar_Properties.html#transfor' is included in
            the 'nav' configuration, which is not found in the documentation files
WARNING  -  A relative path to 'Iris/iris_widget_prog_guide/Content/Calendar_Properties.html#validEnd' is included in
            the 'nav' configuration, which is not found in the documentation files
WARNING  -  A relative path to 'Iris/iris_widget_prog_guide/Content/Calendar_Properties.html#validSta' is included in
            the 'nav' configuration, which is not found in the documentation files
WARNING  -  A relative path to 'Iris/iris_widget_prog_guide/Content/Calendar_Properties.html#viewConf' is included in
            the 'nav' configuration, which is not found in the documentation files
WARNING  -  A relative path to 'Iris/iris_widget_prog_guide/Content/Calendar_Properties.html#viewType' is included in
            the 'nav' configuration, which is not found in the documentation files
WARNING  -  A relative path to 'Iris/iris_widget_prog_guide/Content/Calendar_Properties.html#wheelBac' is included in
            the 'nav' configuration, which is not found in the documentation files
WARNING  -  A relative path to 'Iris/iris_widget_prog_guide/Content/Calendar_Properties.html#widgetDa' is included in
            the 'nav' configuration, which is not found in the documentation files
WARNING  -  A relative path to 'Iris/iris_widget_prog_guide/Content/Calendar_Properties.html#widgetSwipeMove' is
            included in the 'nav' configuration, which is not found in the documentation files
WARNING  -  A relative path to 'Iris/iris_widget_prog_guide/Content/Calendar_Properties.html#width' is included in the
            'nav' configuration, which is not found in the documentation files
WARNING  -  A relative path to 'Iris/iris_widget_prog_guide/Content/Calendar_Properties.html#year' is included in the
            'nav' configuration, which is not found in the documentation files
WARNING  -  A relative path to 'Iris/iris_widget_prog_guide/Content/Calendar_Properties.html#zIndex' is included in the
            'nav' configuration, which is not found in the documentation files
WARNING  -  A relative path to 'Iris/iris_widget_prog_guide/Content/Camera.html#camera-widget-basics' is included in the
            'nav' configuration, which is not found in the documentation files
WARNING  -  A relative path to 'Iris/iris_widget_prog_guide/Content/Camera_Events.html#doLayout' is included in the
            'nav' configuration, which is not found in the documentation files
WARNING  -  A relative path to 'Iris/iris_widget_prog_guide/Content/Camera_Events.html#onCaptur' is included in the
            'nav' configuration, which is not found in the documentation files
WARNING  -  A relative path to 'Iris/iris_widget_prog_guide/Content/Camera_Events.html#onCaptur2' is included in the
            'nav' configuration, which is not found in the documentation files
WARNING  -  A relative path to 'Iris/iris_widget_prog_guide/Content/Camera_Events.html#onFailur' is included in the
            'nav' configuration, which is not found in the documentation files
WARNING  -  A relative path to 'Iris/iris_widget_prog_guide/Content/Camera_Events.html#onImageS' is included in the
            'nav' configuration, which is not found in the documentation files
WARNING  -  A relative path to 'Iris/iris_widget_prog_guide/Content/Camera_Events.html#onTouchEnd' is included in the
            'nav' configuration, which is not found in the documentation files
WARNING  -  A relative path to 'Iris/iris_widget_prog_guide/Content/Camera_Events.html#onTouchMove' is included in the
            'nav' configuration, which is not found in the documentation files
WARNING  -  A relative path to 'Iris/iris_widget_prog_guide/Content/Camera_Events.html#onTouchStart' is included in the
            'nav' configuration, which is not found in the documentation files
WARNING  -  A relative path to 'Iris/iris_widget_prog_guide/Content/Camera_Methods.html#addGestureRecognizer' is
            included in the 'nav' configuration, which is not found in the documentation files
WARNING  -  A relative path to 'Iris/iris_widget_prog_guide/Content/Camera_Methods.html#animate_Method' is included in
            the 'nav' configuration, which is not found in the documentation files
WARNING  -  A relative path to 'Iris/iris_widget_prog_guide/Content/Camera_Methods.html#closeCam' is included in the
            'nav' configuration, which is not found in the documentation files
WARNING  -  A relative path to 'Iris/iris_widget_prog_guide/Content/Camera_Methods.html#clone' is included in the 'nav'
            configuration, which is not found in the documentation files
WARNING  -  A relative path to 'Iris/iris_widget_prog_guide/Content/Camera_Methods.html#convertPointFromWidget' is
            included in the 'nav' configuration, which is not found in the documentation files
WARNING  -  A relative path to 'Iris/iris_widget_prog_guide/Content/Camera_Methods.html#convertPointToWidget' is
            included in the 'nav' configuration, which is not found in the documentation files
WARNING  -  A relative path to 'Iris/iris_widget_prog_guide/Content/Camera_Methods.html#getBadge' is included in the
            'nav' configuration, which is not found in the documentation files
WARNING  -  A relative path to 'Iris/iris_widget_prog_guide/Content/Camera_Methods.html#getSuppo' is included in the
            'nav' configuration, which is not found in the documentation files
WARNING  -  A relative path to 'Iris/iris_widget_prog_guide/Content/Camera_Methods.html#openCamera' is included in the
            'nav' configuration, which is not found in the documentation files
WARNING  -  A relative path to 'Iris/iris_widget_prog_guide/Content/Camera_Methods.html#register' is included in the
            'nav' configuration, which is not found in the documentation files
WARNING  -  A relative path to 'Iris/iris_widget_prog_guide/Content/Camera_Methods.html#releaseR' is included in the
            'nav' configuration, which is not found in the documentation files
WARNING  -  A relative path to 'Iris/iris_widget_prog_guide/Content/Camera_Methods.html#removeFromParent' is included in
            the 'nav' configuration, which is not found in the documentation files
WARNING  -  A relative path to 'Iris/iris_widget_prog_guide/Content/Camera_Methods.html#removeGestureRecognizer' is
            included in the 'nav' configuration, which is not found in the documentation files
WARNING  -  A relative path to 'Iris/iris_widget_prog_guide/Content/Camera_Methods.html#setBadge' is included in the
            'nav' configuration, which is not found in the documentation files
WARNING  -  A relative path to 'Iris/iris_widget_prog_guide/Content/Camera_Methods.html#setEnabled' is included in the
            'nav' configuration, which is not found in the documentation files
WARNING  -  A relative path to 'Iris/iris_widget_prog_guide/Content/Camera_Methods.html#setFocus' is included in the
            'nav' configuration, which is not found in the documentation files
WARNING  -  A relative path to 'Iris/iris_widget_prog_guide/Content/Camera_Methods.html#setGestureRecognizer' is
            included in the 'nav' configuration, which is not found in the documentation files
WARNING  -  A relative path to 'Iris/iris_widget_prog_guide/Content/Camera_Methods.html#setOnPek' is included in the
            'nav' configuration, which is not found in the documentation files
WARNING  -  A relative path to 'Iris/iris_widget_prog_guide/Content/Camera_Methods.html#setOnPop' is included in the
            'nav' configuration, which is not found in the documentation files
WARNING  -  A relative path to 'Iris/iris_widget_prog_guide/Content/Camera_Methods.html#setVisibility' is included in
            the 'nav' configuration, which is not found in the documentation files
WARNING  -  A relative path to 'Iris/iris_widget_prog_guide/Content/Camera_Methods.html#startVid' is included in the
            'nav' configuration, which is not found in the documentation files
WARNING  -  A relative path to 'Iris/iris_widget_prog_guide/Content/Camera_Methods.html#stopVide' is included in the
            'nav' configuration, which is not found in the documentation files
WARNING  -  A relative path to 'Iris/iris_widget_prog_guide/Content/Camera_Methods.html#takePict' is included in the
            'nav' configuration, which is not found in the documentation files
WARNING  -  A relative path to 'Iris/iris_widget_prog_guide/Content/Camera_Methods.html#unregist' is included in the
            'nav' configuration, which is not found in the documentation files
WARNING  -  A relative path to 'Iris/iris_widget_prog_guide/Content/Camera_Properties.html#accessibilityConfig' is
            included in the 'nav' configuration, which is not found in the documentation files
WARNING  -  A relative path to 'Iris/iris_widget_prog_guide/Content/Camera_Properties.html#accessMo' is included in the
            'nav' configuration, which is not found in the documentation files
WARNING  -  A relative path to 'Iris/iris_widget_prog_guide/Content/Camera_Properties.html#backgrou' is included in the
            'nav' configuration, which is not found in the documentation files
WARNING  -  A relative path to
            'Iris/iris_widget_prog_guide/Content/Camera_Properties.html#backgroundColorMultiStepGradient' is included in
            the 'nav' configuration, which is not found in the documentation files
WARNING  -  A relative path to
            'Iris/iris_widget_prog_guide/Content/Camera_Properties.html#backgroundColorTwoStepGradient' is included in
            the 'nav' configuration, which is not found in the documentation files
WARNING  -  A relative path to 'Iris/iris_widget_prog_guide/Content/Camera_Properties.html#backgroundImage' is included
            in the 'nav' configuration, which is not found in the documentation files
WARNING  -  A relative path to 'Iris/iris_widget_prog_guide/Content/Camera_Properties.html#base64' is included in the
            'nav' configuration, which is not found in the documentation files
WARNING  -  A relative path to 'Iris/iris_widget_prog_guide/Content/Camera_Properties.html#borderColor' is included in
            the 'nav' configuration, which is not found in the documentation files
WARNING  -  A relative path to 'Iris/iris_widget_prog_guide/Content/Camera_Properties.html#borderColorGradient' is
            included in the 'nav' configuration, which is not found in the documentation files
WARNING  -  A relative path to 'Iris/iris_widget_prog_guide/Content/Camera_Properties.html#borderStyle' is included in
            the 'nav' configuration, which is not found in the documentation files
WARNING  -  A relative path to 'Iris/iris_widget_prog_guide/Content/Camera_Properties.html#borderWidth' is included in
            the 'nav' configuration, which is not found in the documentation files
WARNING  -  A relative path to 'Iris/iris_widget_prog_guide/Content/Camera_Properties.html#bottom' is included in the
            'nav' configuration, which is not found in the documentation files
WARNING  -  A relative path to 'Iris/iris_widget_prog_guide/Content/Camera_Properties.html#cameraOp' is included in the
            'nav' configuration, which is not found in the documentation files
WARNING  -  A relative path to 'Iris/iris_widget_prog_guide/Content/Camera_Properties.html#cameraSo' is included in the
            'nav' configuration, which is not found in the documentation files
WARNING  -  A relative path to 'Iris/iris_widget_prog_guide/Content/Camera_Properties.html#captureO' is included in the
            'nav' configuration, which is not found in the documentation files
WARNING  -  A relative path to 'Iris/iris_widget_prog_guide/Content/Camera_Properties.html#captureM' is included in the
            'nav' configuration, which is not found in the documentation files
WARNING  -  A relative path to 'Iris/iris_widget_prog_guide/Content/Camera_Properties.html#centerX' is included in the
            'nav' configuration, which is not found in the documentation files
WARNING  -  A relative path to 'Iris/iris_widget_prog_guide/Content/Camera_Properties.html#centerY' is included in the
            'nav' configuration, which is not found in the documentation files
WARNING  -  A relative path to 'Iris/iris_widget_prog_guide/Content/Camera_Properties.html#compress' is included in the
            'nav' configuration, which is not found in the documentation files
WARNING  -  A relative path to 'Iris/iris_widget_prog_guide/Content/Camera_Properties.html#contentAlignment' is included
            in the 'nav' configuration, which is not found in the documentation files
WARNING  -  A relative path to 'Iris/iris_widget_prog_guide/Content/Camera_Properties.html#cornerRadius' is included in
            the 'nav' configuration, which is not found in the documentation files
WARNING  -  A relative path to 'Iris/iris_widget_prog_guide/Content/Camera_Properties.html#cursorType' is included in
            the 'nav' configuration, which is not found in the documentation files
WARNING  -  A relative path to 'Iris/iris_widget_prog_guide/Content/Camera_Properties.html#disabledStateSkinProperties'
            is included in the 'nav' configuration, which is not found in the documentation files
WARNING  -  A relative path to 'Iris/iris_widget_prog_guide/Content/Camera_Properties.html#enable' is included in the
            'nav' configuration, which is not found in the documentation files
WARNING  -  A relative path to 'Iris/iris_widget_prog_guide/Content/Camera_Properties.html#enableCa' is included in the
            'nav' configuration, which is not found in the documentation files
WARNING  -  A relative path to 'Iris/iris_widget_prog_guide/Content/Camera_Properties.html#enableOv' is included in the
            'nav' configuration, which is not found in the documentation files
WARNING  -  A relative path to 'Iris/iris_widget_prog_guide/Content/Camera_Properties.html#enablePh' is included in the
            'nav' configuration, which is not found in the documentation files
WARNING  -  A relative path to 'Iris/iris_widget_prog_guide/Content/Camera_Properties.html#enableZo' is included in the
            'nav' configuration, which is not found in the documentation files
WARNING  -  A relative path to 'Iris/iris_widget_prog_guide/Content/Camera_Properties.html#focusSki' is included in the
            'nav' configuration, which is not found in the documentation files
WARNING  -  A relative path to 'Iris/iris_widget_prog_guide/Content/Camera_Properties.html#focusStateSkinProperties' is
            included in the 'nav' configuration, which is not found in the documentation files
WARNING  -  A relative path to 'Iris/iris_widget_prog_guide/Content/Camera_Properties.html#fontColor' is included in the
            'nav' configuration, which is not found in the documentation files
WARNING  -  A relative path to 'Iris/iris_widget_prog_guide/Content/Camera_Properties.html#fontFamily' is included in
            the 'nav' configuration, which is not found in the documentation files
WARNING  -  A relative path to 'Iris/iris_widget_prog_guide/Content/Camera_Properties.html#fontSize' is included in the
            'nav' configuration, which is not found in the documentation files
WARNING  -  A relative path to 'Iris/iris_widget_prog_guide/Content/Camera_Properties.html#fontStyle' is included in the
            'nav' configuration, which is not found in the documentation files
WARNING  -  A relative path to 'Iris/iris_widget_prog_guide/Content/Camera_Properties.html#fontWeight' is included in
            the 'nav' configuration, which is not found in the documentation files
WARNING  -  A relative path to 'Iris/iris_widget_prog_guide/Content/Camera_Properties.html#height' is included in the
            'nav' configuration, which is not found in the documentation files
WARNING  -  A relative path to 'Iris/iris_widget_prog_guide/Content/Camera_Properties.html#hoverSkin' is included in the
            'nav' configuration, which is not found in the documentation files
WARNING  -  A relative path to 'Iris/iris_widget_prog_guide/Content/Camera_Properties.html#hoverStateSkinProperties' is
            included in the 'nav' configuration, which is not found in the documentation files
WARNING  -  A relative path to 'Iris/iris_widget_prog_guide/Content/Camera_Properties.html#id' is included in the 'nav'
            configuration, which is not found in the documentation files
WARNING  -  A relative path to 'Iris/iris_widget_prog_guide/Content/Camera_Properties.html#imageFor' is included in the
            'nav' configuration, which is not found in the documentation files
WARNING  -  A relative path to 'Iris/iris_widget_prog_guide/Content/Camera_Properties.html#info' is included in the
            'nav' configuration, which is not found in the documentation files
WARNING  -  A relative path to 'Iris/iris_widget_prog_guide/Content/Camera_Properties.html#isVisibl' is included in the
            'nav' configuration, which is not found in the documentation files
WARNING  -  A relative path to 'Iris/iris_widget_prog_guide/Content/Camera_Properties.html#left' is included in the
            'nav' configuration, which is not found in the documentation files
WARNING  -  A relative path to 'Iris/iris_widget_prog_guide/Content/Camera_Properties.html#maxHeigh' is included in the
            'nav' configuration, which is not found in the documentation files
WARNING  -  A relative path to 'Iris/iris_widget_prog_guide/Content/Camera_Properties.html#maxSideO' is included in the
            'nav' configuration, which is not found in the documentation files
WARNING  -  A relative path to 'Iris/iris_widget_prog_guide/Content/Camera_Properties.html#maxWidth' is included in the
            'nav' configuration, which is not found in the documentation files
WARNING  -  A relative path to 'Iris/iris_widget_prog_guide/Content/Camera_Properties.html#minHeigh' is included in the
            'nav' configuration, which is not found in the documentation files
WARNING  -  A relative path to 'Iris/iris_widget_prog_guide/Content/Camera_Properties.html#minWidth' is included in the
            'nav' configuration, which is not found in the documentation files
WARNING  -  A relative path to 'Iris/iris_widget_prog_guide/Content/Camera_Properties.html#nativeUs' is included in the
            'nav' configuration, which is not found in the documentation files
WARNING  -  A relative path to 'Iris/iris_widget_prog_guide/Content/Camera_Properties.html#opacity' is included in the
            'nav' configuration, which is not found in the documentation files
WARNING  -  A relative path to 'Iris/iris_widget_prog_guide/Content/Camera_Properties.html#overlayC' is included in the
            'nav' configuration, which is not found in the documentation files
WARNING  -  A relative path to 'Iris/iris_widget_prog_guide/Content/Camera_Properties.html#parent' is included in the
            'nav' configuration, which is not found in the documentation files
WARNING  -  A relative path to 'Iris/iris_widget_prog_guide/Content/Camera_Properties.html#poster' is included in the
            'nav' configuration, which is not found in the documentation files
WARNING  -  A relative path to 'Iris/iris_widget_prog_guide/Content/Camera_Properties.html#pressedStateSkinProperties'
            is included in the 'nav' configuration, which is not found in the documentation files
WARNING  -  A relative path to 'Iris/iris_widget_prog_guide/Content/Camera_Properties.html#rawbytes' is included in the
            'nav' configuration, which is not found in the documentation files
WARNING  -  A relative path to 'Iris/iris_widget_prog_guide/Content/Camera_Properties.html#retainContentAlignment' is
            included in the 'nav' configuration, which is not found in the documentation files
WARNING  -  A relative path to 'Iris/iris_widget_prog_guide/Content/Camera_Properties.html#retainFlexPositionProperties'
            is included in the 'nav' configuration, which is not found in the documentation files
WARNING  -  A relative path to
            'Iris/iris_widget_prog_guide/Content/Camera_Properties.html#retainFlowHorizontalAlignment' is included in
            the 'nav' configuration, which is not found in the documentation files
WARNING  -  A relative path to 'Iris/iris_widget_prog_guide/Content/Camera_Properties.html#right' is included in the
            'nav' configuration, which is not found in the documentation files
WARNING  -  A relative path to 'Iris/iris_widget_prog_guide/Content/Camera_Properties.html#scaleFac' is included in the
            'nav' configuration, which is not found in the documentation files
WARNING  -  A relative path to 'Iris/iris_widget_prog_guide/Content/Camera_Properties.html#shadowColor' is included in
            the 'nav' configuration, which is not found in the documentation files
WARNING  -  A relative path to 'Iris/iris_widget_prog_guide/Content/Camera_Properties.html#shadowOffset' is included in
            the 'nav' configuration, which is not found in the documentation files
WARNING  -  A relative path to 'Iris/iris_widget_prog_guide/Content/Camera_Properties.html#shadowRadius' is included in
            the 'nav' configuration, which is not found in the documentation files
WARNING  -  A relative path to 'Iris/iris_widget_prog_guide/Content/Camera_Properties.html#skin' is included in the
            'nav' configuration, which is not found in the documentation files
WARNING  -  A relative path to 'Iris/iris_widget_prog_guide/Content/Camera_Properties.html#supporte' is included in the
            'nav' configuration, which is not found in the documentation files
WARNING  -  A relative path to 'Iris/iris_widget_prog_guide/Content/Camera_Properties.html#text' is included in the
            'nav' configuration, which is not found in the documentation files
WARNING  -  A relative path to 'Iris/iris_widget_prog_guide/Content/Camera_Properties.html#textShadowColor' is included
            in the 'nav' configuration, which is not found in the documentation files
WARNING  -  A relative path to 'Iris/iris_widget_prog_guide/Content/Camera_Properties.html#textShadowOffset' is included
            in the 'nav' configuration, which is not found in the documentation files
WARNING  -  A relative path to 'Iris/iris_widget_prog_guide/Content/Camera_Properties.html#textShadowRadius' is included
            in the 'nav' configuration, which is not found in the documentation files
WARNING  -  A relative path to 'Iris/iris_widget_prog_guide/Content/Camera_Properties.html#toolTip' is included in the
            'nav' configuration, which is not found in the documentation files
WARNING  -  A relative path to 'Iris/iris_widget_prog_guide/Content/Camera_Properties.html#top' is included in the 'nav'
            configuration, which is not found in the documentation files
WARNING  -  A relative path to 'Iris/iris_widget_prog_guide/Content/Camera_Properties.html#videoStabilization_' is
            included in the 'nav' configuration, which is not found in the documentation files
WARNING  -  A relative path to 'Iris/iris_widget_prog_guide/Content/Camera_Properties.html#videoFormat_' is included in
            the 'nav' configuration, which is not found in the documentation files
WARNING  -  A relative path to 'Iris/iris_widget_prog_guide/Content/Camera_Properties.html#videoDuration_' is included
            in the 'nav' configuration, which is not found in the documentation files
WARNING  -  A relative path to 'Iris/iris_widget_prog_guide/Content/Camera_Properties.html#videoQualityLevel_' is
            included in the 'nav' configuration, which is not found in the documentation files
WARNING  -  A relative path to 'Iris/iris_widget_prog_guide/Content/Camera_Properties.html#width' is included in the
            'nav' configuration, which is not found in the documentation files
WARNING  -  A relative path to 'Iris/iris_widget_prog_guide/Content/Camera_Properties.html#zIndex' is included in the
            'nav' configuration, which is not found in the documentation files
WARNING  -  A relative path to 'Iris/iris_widget_prog_guide/Content/canvas.html#canvas-widget-basics' is included in the
            'nav' configuration, which is not found in the documentation files
WARNING  -  A relative path to 'Iris/iris_widget_prog_guide/Content/Canvas_Events.html#doLayout' is included in the
            'nav' configuration, which is not found in the documentation files
WARNING  -  A relative path to 'Iris/iris_widget_prog_guide/Content/Canvas_Events.html#onScrollWidgetPosition' is
            included in the 'nav' configuration, which is not found in the documentation files
WARNING  -  A relative path to 'Iris/iris_widget_prog_guide/Content/Canvas_Events.html#onTouchEnd' is included in the
            'nav' configuration, which is not found in the documentation files
WARNING  -  A relative path to 'Iris/iris_widget_prog_guide/Content/Canvas_Events.html#onTouchMove' is included in the
            'nav' configuration, which is not found in the documentation files
WARNING  -  A relative path to 'Iris/iris_widget_prog_guide/Content/Canvas_Events.html#onTouchStart' is included in the
            'nav' configuration, which is not found in the documentation files
WARNING  -  A relative path to 'Iris/iris_widget_prog_guide/Content/canvas_Method.html#addGestureRecognizer' is included
            in the 'nav' configuration, which is not found in the documentation files
WARNING  -  A relative path to 'Iris/iris_widget_prog_guide/Content/canvas_Method.html#addShapes' is included in the
            'nav' configuration, which is not found in the documentation files
WARNING  -  A relative path to 'Iris/iris_widget_prog_guide/Content/canvas_Method.html#clear' is included in the 'nav'
            configuration, which is not found in the documentation files
WARNING  -  A relative path to 'Iris/iris_widget_prog_guide/Content/canvas_Method.html#convertPointFromWidget' is
            included in the 'nav' configuration, which is not found in the documentation files
WARNING  -  A relative path to 'Iris/iris_widget_prog_guide/Content/canvas_Method.html#convertPointToWidget' is included
            in the 'nav' configuration, which is not found in the documentation files
WARNING  -  A relative path to 'Iris/iris_widget_prog_guide/Content/canvas_Method.html#clone' is included in the 'nav'
            configuration, which is not found in the documentation files
WARNING  -  A relative path to 'Iris/iris_widget_prog_guide/Content/canvas_Method.html#registerForPeekandPop' is
            included in the 'nav' configuration, which is not found in the documentation files
WARNING  -  A relative path to 'Iris/iris_widget_prog_guide/Content/canvas_Method.html#removeFromParent' is included in
            the 'nav' configuration, which is not found in the documentation files
WARNING  -  A relative path to 'Iris/iris_widget_prog_guide/Content/canvas_Method.html#removeGestureRecognizer' is
            included in the 'nav' configuration, which is not found in the documentation files
WARNING  -  A relative path to 'Iris/iris_widget_prog_guide/Content/canvas_Method.html#removeShapes' is included in the
            'nav' configuration, which is not found in the documentation files
WARNING  -  A relative path to 'Iris/iris_widget_prog_guide/Content/canvas_Method.html#setGestureRecognizer' is included
            in the 'nav' configuration, which is not found in the documentation files
WARNING  -  A relative path to 'Iris/iris_widget_prog_guide/Content/canvas_Method.html#setOnPeek' is included in the
            'nav' configuration, which is not found in the documentation files
WARNING  -  A relative path to 'Iris/iris_widget_prog_guide/Content/canvas_Method.html#setOnPop' is included in the
            'nav' configuration, which is not found in the documentation files
WARNING  -  A relative path to 'Iris/iris_widget_prog_guide/Content/canvas_Method.html#setVisibility' is included in the
            'nav' configuration, which is not found in the documentation files
WARNING  -  A relative path to 'Iris/iris_widget_prog_guide/Content/canvas_Method.html#unregisterForPeekandPop' is
            included in the 'nav' configuration, which is not found in the documentation files
WARNING  -  A relative path to 'Iris/iris_widget_prog_guide/Content/canvas_Method.html#updateShapes' is included in the
            'nav' configuration, which is not found in the documentation files
WARNING  -  A relative path to 'Iris/iris_widget_prog_guide/Content/canvas_Properties.html#bottom' is included in the
            'nav' configuration, which is not found in the documentation files
WARNING  -  A relative path to 'Iris/iris_widget_prog_guide/Content/canvas_Properties.html#centerX' is included in the
            'nav' configuration, which is not found in the documentation files
WARNING  -  A relative path to 'Iris/iris_widget_prog_guide/Content/canvas_Properties.html#centerY' is included in the
            'nav' configuration, which is not found in the documentation files
WARNING  -  A relative path to 'Iris/iris_widget_prog_guide/Content/canvas_Properties.html#cursorType' is included in
            the 'nav' configuration, which is not found in the documentation files
WARNING  -  A relative path to 'Iris/iris_widget_prog_guide/Content/canvas_Properties.html#height' is included in the
            'nav' configuration, which is not found in the documentation files
WARNING  -  A relative path to 'Iris/iris_widget_prog_guide/Content/canvas_Properties.html#id' is included in the 'nav'
            configuration, which is not found in the documentation files
WARNING  -  A relative path to 'Iris/iris_widget_prog_guide/Content/canvas_Properties.html#info' is included in the
            'nav' configuration, which is not found in the documentation files
WARNING  -  A relative path to 'Iris/iris_widget_prog_guide/Content/canvas_Properties.html#isVisible' is included in the
            'nav' configuration, which is not found in the documentation files
WARNING  -  A relative path to 'Iris/iris_widget_prog_guide/Content/canvas_Properties.html#left' is included in the
            'nav' configuration, which is not found in the documentation files
WARNING  -  A relative path to 'Iris/iris_widget_prog_guide/Content/canvas_Properties.html#maxHeight' is included in the
            'nav' configuration, which is not found in the documentation files
WARNING  -  A relative path to 'Iris/iris_widget_prog_guide/Content/canvas_Properties.html#maxWidth' is included in the
            'nav' configuration, which is not found in the documentation files
WARNING  -  A relative path to 'Iris/iris_widget_prog_guide/Content/canvas_Properties.html#minHeight' is included in the
            'nav' configuration, which is not found in the documentation files
WARNING  -  A relative path to 'Iris/iris_widget_prog_guide/Content/canvas_Properties.html#minWidth' is included in the
            'nav' configuration, which is not found in the documentation files
WARNING  -  A relative path to 'Iris/iris_widget_prog_guide/Content/canvas_Properties.html#opacity' is included in the
            'nav' configuration, which is not found in the documentation files
WARNING  -  A relative path to 'Iris/iris_widget_prog_guide/Content/canvas_Properties.html#right' is included in the
            'nav' configuration, which is not found in the documentation files
WARNING  -  A relative path to 'Iris/iris_widget_prog_guide/Content/canvas_Properties.html#shapesData' is included in
            the 'nav' configuration, which is not found in the documentation files
WARNING  -  A relative path to 'Iris/iris_widget_prog_guide/Content/canvas_Properties.html#skin' is included in the
            'nav' configuration, which is not found in the documentation files
WARNING  -  A relative path to 'Iris/iris_widget_prog_guide/Content/canvas_Properties.html#top' is included in the 'nav'
            configuration, which is not found in the documentation files
WARNING  -  A relative path to 'Iris/iris_widget_prog_guide/Content/canvas_Properties.html#width' is included in the
            'nav' configuration, which is not found in the documentation files
WARNING  -  A relative path to 'Iris/iris_widget_prog_guide/Content/canvas_Properties.html#zIndex' is included in the
            'nav' configuration, which is not found in the documentation files
WARNING  -  A relative path to 'Iris/iris_widget_prog_guide/Content/CheckBox.html#checkbox-widget-basics' is included in
            the 'nav' configuration, which is not found in the documentation files
WARNING  -  A relative path to 'Iris/iris_widget_prog_guide/Content/CheckBox_Events.html#doLayout' is included in the
            'nav' configuration, which is not found in the documentation files
WARNING  -  A relative path to 'Iris/iris_widget_prog_guide/Content/CheckBox_Events.html#onScrollWidgetPosition' is
            included in the 'nav' configuration, which is not found in the documentation files
WARNING  -  A relative path to 'Iris/iris_widget_prog_guide/Content/CheckBox_Events.html#onSelect' is included in the
            'nav' configuration, which is not found in the documentation files
WARNING  -  A relative path to 'Iris/iris_widget_prog_guide/Content/CheckBox_Events.html#onTouchEnd' is included in the
            'nav' configuration, which is not found in the documentation files
WARNING  -  A relative path to 'Iris/iris_widget_prog_guide/Content/CheckBox_Events.html#onTouchMove' is included in the
            'nav' configuration, which is not found in the documentation files
WARNING  -  A relative path to 'Iris/iris_widget_prog_guide/Content/CheckBox_Events.html#onTouchStart' is included in
            the 'nav' configuration, which is not found in the documentation files
WARNING  -  A relative path to 'Iris/iris_widget_prog_guide/Content/CheckBox_Events.html#postonclickjs' is included in
            the 'nav' configuration, which is not found in the documentation files
WARNING  -  A relative path to 'Iris/iris_widget_prog_guide/Content/CheckBox_Events.html#preonclickjs' is included in
            the 'nav' configuration, which is not found in the documentation files
WARNING  -  A relative path to 'Iris/iris_widget_prog_guide/Content/CheckBox_Method.html#addGestureRecognizer' is
            included in the 'nav' configuration, which is not found in the documentation files
WARNING  -  A relative path to 'Iris/iris_widget_prog_guide/Content/CheckBox_Method.html#animate' is included in the
            'nav' configuration, which is not found in the documentation files
WARNING  -  A relative path to 'Iris/iris_widget_prog_guide/Content/CheckBox_Method.html#clone' is included in the 'nav'
            configuration, which is not found in the documentation files
WARNING  -  A relative path to 'Iris/iris_widget_prog_guide/Content/CheckBox_Method.html#convertPointFromWidget' is
            included in the 'nav' configuration, which is not found in the documentation files
WARNING  -  A relative path to 'Iris/iris_widget_prog_guide/Content/CheckBox_Method.html#convertPointToWidget' is
            included in the 'nav' configuration, which is not found in the documentation files
WARNING  -  A relative path to 'Iris/iris_widget_prog_guide/Content/CheckBox_Method.html#getBadge' is included in the
            'nav' configuration, which is not found in the documentation files
WARNING  -  A relative path to 'Iris/iris_widget_prog_guide/Content/CheckBox_Method.html#register' is included in the
            'nav' configuration, which is not found in the documentation files
WARNING  -  A relative path to 'Iris/iris_widget_prog_guide/Content/CheckBox_Method.html#removeFromParent' is included
            in the 'nav' configuration, which is not found in the documentation files
WARNING  -  A relative path to 'Iris/iris_widget_prog_guide/Content/CheckBox_Method.html#removeGestureRecognizer' is
            included in the 'nav' configuration, which is not found in the documentation files
WARNING  -  A relative path to 'Iris/iris_widget_prog_guide/Content/CheckBox_Method.html#setBadge' is included in the
            'nav' configuration, which is not found in the documentation files
WARNING  -  A relative path to 'Iris/iris_widget_prog_guide/Content/CheckBox_Method.html#setEnabled' is included in the
            'nav' configuration, which is not found in the documentation files
WARNING  -  A relative path to 'Iris/iris_widget_prog_guide/Content/CheckBox_Method.html#setFocus' is included in the
            'nav' configuration, which is not found in the documentation files
WARNING  -  A relative path to 'Iris/iris_widget_prog_guide/Content/CheckBox_Method.html#setGestureRecognizer' is
            included in the 'nav' configuration, which is not found in the documentation files
WARNING  -  A relative path to 'Iris/iris_widget_prog_guide/Content/CheckBox_Method.html#setOnPek' is included in the
            'nav' configuration, which is not found in the documentation files
WARNING  -  A relative path to 'Iris/iris_widget_prog_guide/Content/CheckBox_Method.html#setOnPop' is included in the
            'nav' configuration, which is not found in the documentation files
WARNING  -  A relative path to 'Iris/iris_widget_prog_guide/Content/CheckBox_Method.html#setVisibility' is included in
            the 'nav' configuration, which is not found in the documentation files
WARNING  -  A relative path to 'Iris/iris_widget_prog_guide/Content/CheckBox_Method.html#unregist' is included in the
            'nav' configuration, which is not found in the documentation files
WARNING  -  A relative path to 'Iris/iris_widget_prog_guide/Content/CheckBox_Properties.html#accessibilityConfig' is
            included in the 'nav' configuration, which is not found in the documentation files
WARNING  -  A relative path to 'Iris/iris_widget_prog_guide/Content/CheckBox_Properties.html#anchorPo' is included in
            the 'nav' configuration, which is not found in the documentation files
WARNING  -  A relative path to 'Iris/iris_widget_prog_guide/Content/CheckBox_Properties.html#blur' is included in the
            'nav' configuration, which is not found in the documentation files
WARNING  -  A relative path to 'Iris/iris_widget_prog_guide/Content/CheckBox_Properties.html#backgrou' is included in
            the 'nav' configuration, which is not found in the documentation files
WARNING  -  A relative path to
            'Iris/iris_widget_prog_guide/Content/CheckBox_Properties.html#backgroundColorMultiStepGradient' is included
            in the 'nav' configuration, which is not found in the documentation files
WARNING  -  A relative path to
            'Iris/iris_widget_prog_guide/Content/CheckBox_Properties.html#backgroundColorTwoStepGradient' is included in
            the 'nav' configuration, which is not found in the documentation files
WARNING  -  A relative path to 'Iris/iris_widget_prog_guide/Content/CheckBox_Properties.html#backgroundImage' is
            included in the 'nav' configuration, which is not found in the documentation files
WARNING  -  A relative path to 'Iris/iris_widget_prog_guide/Content/CheckBox_Properties.html#borderColor' is included in
            the 'nav' configuration, which is not found in the documentation files
WARNING  -  A relative path to 'Iris/iris_widget_prog_guide/Content/CheckBox_Properties.html#borderColorGradient' is
            included in the 'nav' configuration, which is not found in the documentation files
WARNING  -  A relative path to 'Iris/iris_widget_prog_guide/Content/CheckBox_Properties.html#borderStyle' is included in
            the 'nav' configuration, which is not found in the documentation files
WARNING  -  A relative path to 'Iris/iris_widget_prog_guide/Content/CheckBox_Properties.html#borderWidth' is included in
            the 'nav' configuration, which is not found in the documentation files
WARNING  -  A relative path to 'Iris/iris_widget_prog_guide/Content/CheckBox_Properties.html#bottom' is included in the
            'nav' configuration, which is not found in the documentation files
WARNING  -  A relative path to 'Iris/iris_widget_prog_guide/Content/CheckBox_Properties.html#centerX' is included in the
            'nav' configuration, which is not found in the documentation files
WARNING  -  A relative path to 'Iris/iris_widget_prog_guide/Content/CheckBox_Properties.html#centerY' is included in the
            'nav' configuration, which is not found in the documentation files
WARNING  -  A relative path to 'Iris/iris_widget_prog_guide/Content/CheckBox_Properties.html#cornerRadius' is included
            in the 'nav' configuration, which is not found in the documentation files
WARNING  -  A relative path to 'Iris/iris_widget_prog_guide/Content/CheckBox_Properties.html#cursorType' is included in
            the 'nav' configuration, which is not found in the documentation files
WARNING  -  A relative path to
            'Iris/iris_widget_prog_guide/Content/CheckBox_Properties.html#disabledStateSkinProperties' is included in
            the 'nav' configuration, which is not found in the documentation files
WARNING  -  A relative path to 'Iris/iris_widget_prog_guide/Content/CheckBox_Properties.html#enable' is included in the
            'nav' configuration, which is not found in the documentation files
WARNING  -  A relative path to 'Iris/iris_widget_prog_guide/Content/CheckBox_Properties.html#enableCa' is included in
            the 'nav' configuration, which is not found in the documentation files
WARNING  -  A relative path to 'Iris/iris_widget_prog_guide/Content/CheckBox_Properties.html#focusSki' is included in
            the 'nav' configuration, which is not found in the documentation files
WARNING  -  A relative path to 'Iris/iris_widget_prog_guide/Content/CheckBox_Properties.html#focusStateSkinProperties'
            is included in the 'nav' configuration, which is not found in the documentation files
WARNING  -  A relative path to 'Iris/iris_widget_prog_guide/Content/CheckBox_Properties.html#focusTic' is included in
            the 'nav' configuration, which is not found in the documentation files
WARNING  -  A relative path to 'Iris/iris_widget_prog_guide/Content/CheckBox_Properties.html#focusUnT' is included in
            the 'nav' configuration, which is not found in the documentation files
WARNING  -  A relative path to 'Iris/iris_widget_prog_guide/Content/CheckBox_Properties.html#fontColor' is included in
            the 'nav' configuration, which is not found in the documentation files
WARNING  -  A relative path to 'Iris/iris_widget_prog_guide/Content/CheckBox_Properties.html#fontFamily' is included in
            the 'nav' configuration, which is not found in the documentation files
WARNING  -  A relative path to 'Iris/iris_widget_prog_guide/Content/CheckBox_Properties.html#fontSize' is included in
            the 'nav' configuration, which is not found in the documentation files
WARNING  -  A relative path to 'Iris/iris_widget_prog_guide/Content/CheckBox_Properties.html#fontStyle' is included in
            the 'nav' configuration, which is not found in the documentation files
WARNING  -  A relative path to 'Iris/iris_widget_prog_guide/Content/CheckBox_Properties.html#fontWeight' is included in
            the 'nav' configuration, which is not found in the documentation files
WARNING  -  A relative path to 'Iris/iris_widget_prog_guide/Content/CheckBox_Properties.html#groupCel' is included in
            the 'nav' configuration, which is not found in the documentation files
WARNING  -  A relative path to 'Iris/iris_widget_prog_guide/Content/CheckBox_Properties.html#height' is included in the
            'nav' configuration, which is not found in the documentation files
WARNING  -  A relative path to 'Iris/iris_widget_prog_guide/Content/CheckBox_Properties.html#hoverSki' is included in
            the 'nav' configuration, which is not found in the documentation files
WARNING  -  A relative path to 'Iris/iris_widget_prog_guide/Content/CheckBox_Properties.html#hoverStateSkinProperties'
            is included in the 'nav' configuration, which is not found in the documentation files
WARNING  -  A relative path to 'Iris/iris_widget_prog_guide/Content/CheckBox_Properties.html#id' is included in the
            'nav' configuration, which is not found in the documentation files
WARNING  -  A relative path to 'Iris/iris_widget_prog_guide/Content/CheckBox_Properties.html#info' is included in the
            'nav' configuration, which is not found in the documentation files
WARNING  -  A relative path to 'Iris/iris_widget_prog_guide/Content/CheckBox_Properties.html#isVisibl' is included in
            the 'nav' configuration, which is not found in the documentation files
WARNING  -  A relative path to 'Iris/iris_widget_prog_guide/Content/CheckBox_Properties.html#itemOrientation' is
            included in the 'nav' configuration, which is not found in the documentation files
WARNING  -  A relative path to 'Iris/iris_widget_prog_guide/Content/CheckBox_Properties.html#left' is included in the
            'nav' configuration, which is not found in the documentation files
WARNING  -  A relative path to 'Iris/iris_widget_prog_guide/Content/CheckBox_Properties.html#masterDa' is included in
            the 'nav' configuration, which is not found in the documentation files
WARNING  -  A relative path to 'Iris/iris_widget_prog_guide/Content/CheckBox_Properties.html#masterDa2' is included in
            the 'nav' configuration, which is not found in the documentation files
WARNING  -  A relative path to 'Iris/iris_widget_prog_guide/Content/CheckBox_Properties.html#maxHeigh' is included in
            the 'nav' configuration, which is not found in the documentation files
WARNING  -  A relative path to 'Iris/iris_widget_prog_guide/Content/CheckBox_Properties.html#maxWidth' is included in
            the 'nav' configuration, which is not found in the documentation files
WARNING  -  A relative path to 'Iris/iris_widget_prog_guide/Content/CheckBox_Properties.html#minHeigh' is included in
            the 'nav' configuration, which is not found in the documentation files
WARNING  -  A relative path to 'Iris/iris_widget_prog_guide/Content/CheckBox_Properties.html#minWidth' is included in
            the 'nav' configuration, which is not found in the documentation files
WARNING  -  A relative path to 'Iris/iris_widget_prog_guide/Content/CheckBox_Properties.html#opacity' is included in the
            'nav' configuration, which is not found in the documentation files
WARNING  -  A relative path to 'Iris/iris_widget_prog_guide/Content/CheckBox_Properties.html#padding' is included in the
            'nav' configuration, which is not found in the documentation files
WARNING  -  A relative path to 'Iris/iris_widget_prog_guide/Content/CheckBox_Properties.html#paddingInPixel' is included
            in the 'nav' configuration, which is not found in the documentation files
WARNING  -  A relative path to 'Iris/iris_widget_prog_guide/Content/CheckBox_Properties.html#parent' is included in the
            'nav' configuration, which is not found in the documentation files
WARNING  -  A relative path to 'Iris/iris_widget_prog_guide/Content/CheckBox_Properties.html#pressedStateSkinProperties'
            is included in the 'nav' configuration, which is not found in the documentation files
WARNING  -  A relative path to 'Iris/iris_widget_prog_guide/Content/CheckBox_Properties.html#retainContentAlignment' is
            included in the 'nav' configuration, which is not found in the documentation files
WARNING  -  A relative path to
            'Iris/iris_widget_prog_guide/Content/CheckBox_Properties.html#retainFlexPositionProperties' is included in
            the 'nav' configuration, which is not found in the documentation files
WARNING  -  A relative path to
            'Iris/iris_widget_prog_guide/Content/CheckBox_Properties.html#retainFlowHorizontalAlignment' is included in
            the 'nav' configuration, which is not found in the documentation files
WARNING  -  A relative path to 'Iris/iris_widget_prog_guide/Content/CheckBox_Properties.html#right' is included in the
            'nav' configuration, which is not found in the documentation files
WARNING  -  A relative path to 'Iris/iris_widget_prog_guide/Content/CheckBox_Properties.html#selected' is included in
            the 'nav' configuration, which is not found in the documentation files
WARNING  -  A relative path to 'Iris/iris_widget_prog_guide/Content/CheckBox_Properties.html#selected2' is included in
            the 'nav' configuration, which is not found in the documentation files
WARNING  -  A relative path to 'Iris/iris_widget_prog_guide/Content/CheckBox_Properties.html#shadowColor' is included in
            the 'nav' configuration, which is not found in the documentation files
WARNING  -  A relative path to 'Iris/iris_widget_prog_guide/Content/CheckBox_Properties.html#shadowDepth' is included in
            the 'nav' configuration, which is not found in the documentation files
WARNING  -  A relative path to 'Iris/iris_widget_prog_guide/Content/CheckBox_Properties.html#shadowOffset' is included
            in the 'nav' configuration, which is not found in the documentation files
WARNING  -  A relative path to 'Iris/iris_widget_prog_guide/Content/CheckBox_Properties.html#shadowRadius' is included
            in the 'nav' configuration, which is not found in the documentation files
WARNING  -  A relative path to 'Iris/iris_widget_prog_guide/Content/CheckBox_Properties.html#shadowType' is included in
            the 'nav' configuration, which is not found in the documentation files
WARNING  -  A relative path to 'Iris/iris_widget_prog_guide/Content/CheckBox_Properties.html#skin' is included in the
            'nav' configuration, which is not found in the documentation files
WARNING  -  A relative path to 'Iris/iris_widget_prog_guide/Content/CheckBox_Properties.html#textShadowColor' is
            included in the 'nav' configuration, which is not found in the documentation files
WARNING  -  A relative path to 'Iris/iris_widget_prog_guide/Content/CheckBox_Properties.html#textShadowOffset' is
            included in the 'nav' configuration, which is not found in the documentation files
WARNING  -  A relative path to 'Iris/iris_widget_prog_guide/Content/CheckBox_Properties.html#textShadowRadius' is
            included in the 'nav' configuration, which is not found in the documentation files
WARNING  -  A relative path to 'Iris/iris_widget_prog_guide/Content/CheckBox_Properties.html#tickedIm' is included in
            the 'nav' configuration, which is not found in the documentation files
WARNING  -  A relative path to 'Iris/iris_widget_prog_guide/Content/CheckBox_Properties.html#toolTip' is included in the
            'nav' configuration, which is not found in the documentation files
WARNING  -  A relative path to 'Iris/iris_widget_prog_guide/Content/CheckBox_Properties.html#top' is included in the
            'nav' configuration, which is not found in the documentation files
WARNING  -  A relative path to 'Iris/iris_widget_prog_guide/Content/CheckBox_Properties.html#transfor' is included in
            the 'nav' configuration, which is not found in the documentation files
WARNING  -  A relative path to 'Iris/iris_widget_prog_guide/Content/CheckBox_Properties.html#unTicked' is included in
            the 'nav' configuration, which is not found in the documentation files
WARNING  -  A relative path to 'Iris/iris_widget_prog_guide/Content/CheckBox_Properties.html#viewType' is included in
            the 'nav' configuration, which is not found in the documentation files
WARNING  -  A relative path to 'Iris/iris_widget_prog_guide/Content/CheckBox_Properties.html#wheelBac' is included in
            the 'nav' configuration, which is not found in the documentation files
WARNING  -  A relative path to 'Iris/iris_widget_prog_guide/Content/CheckBox_Properties.html#widgetSwipeMove' is
            included in the 'nav' configuration, which is not found in the documentation files
WARNING  -  A relative path to 'Iris/iris_widget_prog_guide/Content/CheckBox_Properties.html#width' is included in the
            'nav' configuration, which is not found in the documentation files
WARNING  -  A relative path to 'Iris/iris_widget_prog_guide/Content/CheckBox_Properties.html#zIndex' is included in the
            'nav' configuration, which is not found in the documentation files
WARNING  -  A relative path to 'Iris/iris_widget_prog_guide/Content/CollectionView.html#collectionview-widget-basics' is
            included in the 'nav' configuration, which is not found in the documentation files
WARNING  -  A relative path to 'Iris/iris_widget_prog_guide/Content/CollectionView_Events.html#onDecelerationStarted' is
            included in the 'nav' configuration, which is not found in the documentation files
WARNING  -  A relative path to 'Iris/iris_widget_prog_guide/Content/CollectionView_Events.html#onItemDisplay' is
            included in the 'nav' configuration, which is not found in the documentation files
WARNING  -  A relative path to 'Iris/iris_widget_prog_guide/Content/CollectionView_Events.html#onItemSelect_' is
            included in the 'nav' configuration, which is not found in the documentation files
WARNING  -  A relative path to 'Iris/iris_widget_prog_guide/Content/CollectionView_Events.html#onPull' is included in
            the 'nav' configuration, which is not found in the documentation files
WARNING  -  A relative path to 'Iris/iris_widget_prog_guide/Content/CollectionView_Events.html#onPush' is included in
            the 'nav' configuration, which is not found in the documentation files
WARNING  -  A relative path to 'Iris/iris_widget_prog_guide/Content/CollectionView_Events.html#onReachingBegining' is
            included in the 'nav' configuration, which is not found in the documentation files
WARNING  -  A relative path to 'Iris/iris_widget_prog_guide/Content/CollectionView_Events.html#onReachingEnd' is
            included in the 'nav' configuration, which is not found in the documentation files
WARNING  -  A relative path to 'Iris/iris_widget_prog_guide/Content/CollectionView_Events.html#onScrollStart' is
            included in the 'nav' configuration, which is not found in the documentation files
WARNING  -  A relative path to 'Iris/iris_widget_prog_guide/Content/CollectionView_Events.html#onScrollTouchReleased' is
            included in the 'nav' configuration, which is not found in the documentation files
WARNING  -  A relative path to 'Iris/iris_widget_prog_guide/Content/CollectionView_Events.html#onScrolling' is included
            in the 'nav' configuration, which is not found in the documentation files
WARNING  -  A relative path to 'Iris/iris_widget_prog_guide/Content/CollectionView_Events.html#onScrollEnd' is included
            in the 'nav' configuration, which is not found in the documentation files
WARNING  -  A relative path to 'Iris/iris_widget_prog_guide/Content/CollectionView_Events.html#onScrollWidgetPosition'
            is included in the 'nav' configuration, which is not found in the documentation files
WARNING  -  A relative path to 'Iris/iris_widget_prog_guide/Content/CollectionView_Methods.html#addAll' is included in
            the 'nav' configuration, which is not found in the documentation files
WARNING  -  A relative path to 'Iris/iris_widget_prog_guide/Content/CollectionView_Methods.html#addDataA' is included in
            the 'nav' configuration, which is not found in the documentation files
WARNING  -  A relative path to 'Iris/iris_widget_prog_guide/Content/CollectionView_Methods.html#addGestureRecognizer' is
            included in the 'nav' configuration, which is not found in the documentation files
WARNING  -  A relative path to 'Iris/iris_widget_prog_guide/Content/CollectionView_Methods.html#addSecti' is included in
            the 'nav' configuration, which is not found in the documentation files
WARNING  -  A relative path to 'Iris/iris_widget_prog_guide/Content/CollectionView_Methods.html#convertPointFromWidget'
            is included in the 'nav' configuration, which is not found in the documentation files
WARNING  -  A relative path to 'Iris/iris_widget_prog_guide/Content/CollectionView_Methods.html#convertPointToWidget' is
            included in the 'nav' configuration, which is not found in the documentation files
WARNING  -  A relative path to 'Iris/iris_widget_prog_guide/Content/CollectionView_Methods.html#getBadge' is included in
            the 'nav' configuration, which is not found in the documentation files
WARNING  -  A relative path to
            'Iris/iris_widget_prog_guide/Content/CollectionView_Methods.html#getIndicesForVisibleItems' is included in
            the 'nav' configuration, which is not found in the documentation files
WARNING  -  A relative path to 'Iris/iris_widget_prog_guide/Content/CollectionView_Methods.html#getVisibleItems' is
            included in the 'nav' configuration, which is not found in the documentation files
WARNING  -  A relative path to 'Iris/iris_widget_prog_guide/Content/CollectionView_Methods.html#register' is included in
            the 'nav' configuration, which is not found in the documentation files
WARNING  -  A relative path to 'Iris/iris_widget_prog_guide/Content/CollectionView_Methods.html#removeAl' is included in
            the 'nav' configuration, which is not found in the documentation files
WARNING  -  A relative path to 'Iris/iris_widget_prog_guide/Content/CollectionView_Methods.html#removeAt' is included in
            the 'nav' configuration, which is not found in the documentation files
WARNING  -  A relative path to 'Iris/iris_widget_prog_guide/Content/CollectionView_Methods.html#removeFromParent' is
            included in the 'nav' configuration, which is not found in the documentation files
WARNING  -  A relative path to 'Iris/iris_widget_prog_guide/Content/CollectionView_Methods.html#removeGestureRecognizer'
            is included in the 'nav' configuration, which is not found in the documentation files
WARNING  -  A relative path to 'Iris/iris_widget_prog_guide/Content/CollectionView_Methods.html#removeSe' is included in
            the 'nav' configuration, which is not found in the documentation files
WARNING  -  A relative path to 'Iris/iris_widget_prog_guide/Content/CollectionView_Methods.html#scrollToItemAtIndex' is
            included in the 'nav' configuration, which is not found in the documentation files
WARNING  -  A relative path to 'Iris/iris_widget_prog_guide/Content/CollectionView_Methods.html#setBadge' is included in
            the 'nav' configuration, which is not found in the documentation files
WARNING  -  A relative path to 'Iris/iris_widget_prog_guide/Content/CollectionView_Methods.html#setData' is included in
            the 'nav' configuration, which is not found in the documentation files
WARNING  -  A relative path to 'Iris/iris_widget_prog_guide/Content/CollectionView_Methods.html#setDataA' is included in
            the 'nav' configuration, which is not found in the documentation files
WARNING  -  A relative path to 'Iris/iris_widget_prog_guide/Content/CollectionView_Methods.html#setEnabled' is included
            in the 'nav' configuration, which is not found in the documentation files
WARNING  -  A relative path to 'Iris/iris_widget_prog_guide/Content/CollectionView_Methods.html#setFocus' is included in
            the 'nav' configuration, which is not found in the documentation files
WARNING  -  A relative path to 'Iris/iris_widget_prog_guide/Content/CollectionView_Methods.html#setOnPek' is included in
            the 'nav' configuration, which is not found in the documentation files
WARNING  -  A relative path to 'Iris/iris_widget_prog_guide/Content/CollectionView_Methods.html#setOnPop' is included in
            the 'nav' configuration, which is not found in the documentation files
WARNING  -  A relative path to 'Iris/iris_widget_prog_guide/Content/CollectionView_Methods.html#setSecti' is included in
            the 'nav' configuration, which is not found in the documentation files
WARNING  -  A relative path to 'Iris/iris_widget_prog_guide/Content/CollectionView_Methods.html#setVisibility' is
            included in the 'nav' configuration, which is not found in the documentation files
WARNING  -  A relative path to 'Iris/iris_widget_prog_guide/Content/CollectionView_Methods.html#unregist' is included in
            the 'nav' configuration, which is not found in the documentation files
WARNING  -  A relative path to 'Iris/iris_widget_prog_guide/Content/CollectionView_Properties.html#accessibilityConfig'
            is included in the 'nav' configuration, which is not found in the documentation files
WARNING  -  A relative path to 'Iris/iris_widget_prog_guide/Content/CollectionView_Properties.html#bottom' is included
            in the 'nav' configuration, which is not found in the documentation files
WARNING  -  A relative path to 'Iris/iris_widget_prog_guide/Content/CollectionView_Properties.html#centerX' is included
            in the 'nav' configuration, which is not found in the documentation files
WARNING  -  A relative path to 'Iris/iris_widget_prog_guide/Content/CollectionView_Properties.html#centerY' is included
            in the 'nav' configuration, which is not found in the documentation files
WARNING  -  A relative path to 'Iris/iris_widget_prog_guide/Content/CollectionView_Properties.html#contentOffset' is
            included in the 'nav' configuration, which is not found in the documentation files
WARNING  -  A relative path to
            'Iris/iris_widget_prog_guide/Content/CollectionView_Properties.html#contentOffsetMeasured' is included in
            the 'nav' configuration, which is not found in the documentation files
WARNING  -  A relative path to 'Iris/iris_widget_prog_guide/Content/CollectionView_Properties.html#contentSize' is
            included in the 'nav' configuration, which is not found in the documentation files
WARNING  -  A relative path to 'Iris/iris_widget_prog_guide/Content/CollectionView_Properties.html#cursorType' is
            included in the 'nav' configuration, which is not found in the documentation files
WARNING  -  A relative path to 'Iris/iris_widget_prog_guide/Content/CollectionView_Properties.html#data' is included in
            the 'nav' configuration, which is not found in the documentation files
WARNING  -  A relative path to 'Iris/iris_widget_prog_guide/Content/CollectionView_Properties.html#enable' is included
            in the 'nav' configuration, which is not found in the documentation files
WARNING  -  A relative path to 'Iris/iris_widget_prog_guide/Content/CollectionView_Properties.html#enableCa' is included
            in the 'nav' configuration, which is not found in the documentation files
WARNING  -  A relative path to 'Iris/iris_widget_prog_guide/Content/CollectionView_Properties.html#height' is included
            in the 'nav' configuration, which is not found in the documentation files
WARNING  -  A relative path to 'Iris/iris_widget_prog_guide/Content/CollectionView_Properties.html#id' is included in
            the 'nav' configuration, which is not found in the documentation files
WARNING  -  A relative path to 'Iris/iris_widget_prog_guide/Content/CollectionView_Properties.html#info' is included in
            the 'nav' configuration, which is not found in the documentation files
WARNING  -  A relative path to 'Iris/iris_widget_prog_guide/Content/CollectionView_Properties.html#isVisibl' is included
            in the 'nav' configuration, which is not found in the documentation files
WARNING  -  A relative path to 'Iris/iris_widget_prog_guide/Content/CollectionView_Properties.html#rowFocus' is included
            in the 'nav' configuration, which is not found in the documentation files
WARNING  -  A relative path to 'Iris/iris_widget_prog_guide/Content/CollectionView_Properties.html#itemSkin' is included
            in the 'nav' configuration, which is not found in the documentation files
WARNING  -  A relative path to 'Iris/iris_widget_prog_guide/Content/CollectionView_Properties.html#itemTemplate' is
            included in the 'nav' configuration, which is not found in the documentation files
WARNING  -  A relative path to 'Iris/iris_widget_prog_guide/Content/CollectionView_Properties.html#layoutType' is
            included in the 'nav' configuration, which is not found in the documentation files
WARNING  -  A relative path to 'Iris/iris_widget_prog_guide/Content/CollectionView_Properties.html#maxHeigh' is included
            in the 'nav' configuration, which is not found in the documentation files
WARNING  -  A relative path to 'Iris/iris_widget_prog_guide/Content/CollectionView_Properties.html#maxWidth' is included
            in the 'nav' configuration, which is not found in the documentation files
WARNING  -  A relative path to 'Iris/iris_widget_prog_guide/Content/CollectionView_Properties.html#minHeigh' is included
            in the 'nav' configuration, which is not found in the documentation files
WARNING  -  A relative path to 'Iris/iris_widget_prog_guide/Content/CollectionView_Properties.html#minItemSpace' is
            included in the 'nav' configuration, which is not found in the documentation files
WARNING  -  A relative path to 'Iris/iris_widget_prog_guide/Content/CollectionView_Properties.html#minLineSpace' is
            included in the 'nav' configuration, which is not found in the documentation files
WARNING  -  A relative path to 'Iris/iris_widget_prog_guide/Content/CollectionView_Properties.html#minWidth' is included
            in the 'nav' configuration, which is not found in the documentation files
WARNING  -  A relative path to 'Iris/iris_widget_prog_guide/Content/CollectionView_Properties.html#opacity' is included
            in the 'nav' configuration, which is not found in the documentation files
WARNING  -  A relative path to 'Iris/iris_widget_prog_guide/Content/CollectionView_Properties.html#parent' is included
            in the 'nav' configuration, which is not found in the documentation files
WARNING  -  A relative path to 'Iris/iris_widget_prog_guide/Content/CollectionView_Properties.html#Pressed' is included
            in the 'nav' configuration, which is not found in the documentation files
WARNING  -  A relative path to 'Iris/iris_widget_prog_guide/Content/CollectionView_Properties.html#pullToRefreshView' is
            included in the 'nav' configuration, which is not found in the documentation files
WARNING  -  A relative path to 'Iris/iris_widget_prog_guide/Content/CollectionView_Properties.html#pushToRefreshView' is
            included in the 'nav' configuration, which is not found in the documentation files
WARNING  -  A relative path to
            'Iris/iris_widget_prog_guide/Content/CollectionView_Properties.html#reachingBeginningOffset' is included in
            the 'nav' configuration, which is not found in the documentation files
WARNING  -  A relative path to 'Iris/iris_widget_prog_guide/Content/CollectionView_Properties.html#reachingEndOffset' is
            included in the 'nav' configuration, which is not found in the documentation files
WARNING  -  A relative path to
            'Iris/iris_widget_prog_guide/Content/CollectionView_Properties.html#releaseToPullRefreshView' is included in
            the 'nav' configuration, which is not found in the documentation files
WARNING  -  A relative path to
            'Iris/iris_widget_prog_guide/Content/CollectionView_Properties.html#releaseToPushRefreshView' is included in
            the 'nav' configuration, which is not found in the documentation files
WARNING  -  A relative path to
            'Iris/iris_widget_prog_guide/Content/CollectionView_Properties.html#retainContentAlignment' is included in
            the 'nav' configuration, which is not found in the documentation files
WARNING  -  A relative path to
            'Iris/iris_widget_prog_guide/Content/CollectionView_Properties.html#retainFlexPositionProperties' is
            included in the 'nav' configuration, which is not found in the documentation files
WARNING  -  A relative path to
            'Iris/iris_widget_prog_guide/Content/CollectionView_Properties.html#retainFlowHorizontalAlignment' is
            included in the 'nav' configuration, which is not found in the documentation files
WARNING  -  A relative path to 'Iris/iris_widget_prog_guide/Content/CollectionView_Properties.html#retainSe' is included
            in the 'nav' configuration, which is not found in the documentation files
WARNING  -  A relative path to 'Iris/iris_widget_prog_guide/Content/CollectionView_Properties.html#right' is included in
            the 'nav' configuration, which is not found in the documentation files
WARNING  -  A relative path to 'Iris/iris_widget_prog_guide/Content/CollectionView_Properties.html#scrollDirection' is
            included in the 'nav' configuration, which is not found in the documentation files
WARNING  -  A relative path to 'Iris/iris_widget_prog_guide/Content/CollectionView_Properties.html#scrollsT' is included
            in the 'nav' configuration, which is not found in the documentation files
WARNING  -  A relative path to 'Iris/iris_widget_prog_guide/Content/CollectionView_Properties.html#sectionFooterSkin' is
            included in the 'nav' configuration, which is not found in the documentation files
WARNING  -  A relative path to
            'Iris/iris_widget_prog_guide/Content/CollectionView_Properties.html#sectionFooterTemplate' is included in
            the 'nav' configuration, which is not found in the documentation files
WARNING  -  A relative path to 'Iris/iris_widget_prog_guide/Content/CollectionView_Properties.html#sectionH' is included
            in the 'nav' configuration, which is not found in the documentation files
WARNING  -  A relative path to 'Iris/iris_widget_prog_guide/Content/CollectionView_Properties.html#sectionH2' is
            included in the 'nav' configuration, which is not found in the documentation files
WARNING  -  A relative path to 'Iris/iris_widget_prog_guide/Content/CollectionView_Properties.html#selectedItemIndex' is
            included in the 'nav' configuration, which is not found in the documentation files
WARNING  -  A relative path to 'Iris/iris_widget_prog_guide/Content/CollectionView_Properties.html#selectedItemIndices'
            is included in the 'nav' configuration, which is not found in the documentation files
WARNING  -  A relative path to 'Iris/iris_widget_prog_guide/Content/CollectionView_Properties.html#showScro' is included
            in the 'nav' configuration, which is not found in the documentation files
WARNING  -  A relative path to 'Iris/iris_widget_prog_guide/Content/CollectionView_Properties.html#widgetSk' is included
            in the 'nav' configuration, which is not found in the documentation files
WARNING  -  A relative path to 'Iris/iris_widget_prog_guide/Content/CollectionView_Properties.html#top' is included in
            the 'nav' configuration, which is not found in the documentation files
WARNING  -  A relative path to 'Iris/iris_widget_prog_guide/Content/CollectionView_Properties.html#widgetDa' is included
            in the 'nav' configuration, which is not found in the documentation files
WARNING  -  A relative path to 'Iris/iris_widget_prog_guide/Content/CollectionView_Properties.html#widgetSwipeMove' is
            included in the 'nav' configuration, which is not found in the documentation files
WARNING  -  A relative path to 'Iris/iris_widget_prog_guide/Content/CollectionView_Properties.html#width' is included in
            the 'nav' configuration, which is not found in the documentation files
WARNING  -  A relative path to 'Iris/iris_widget_prog_guide/Content/CollectionView_Properties.html#zIndex' is included
            in the 'nav' configuration, which is not found in the documentation files
WARNING  -  A relative path to 'Iris/iris_widget_prog_guide/Content/CordovaBrowser.html#cordovabrowser-widget-basics' is
            included in the 'nav' configuration, which is not found in the documentation files
WARNING  -  A relative path to 'Iris/iris_widget_prog_guide/Content/CordovaBrowser_Events.html#doLayout' is included in
            the 'nav' configuration, which is not found in the documentation files
WARNING  -  A relative path to 'Iris/iris_widget_prog_guide/Content/CordovaBrowser_Events.html#handleRe' is included in
            the 'nav' configuration, which is not found in the documentation files
WARNING  -  A relative path to 'Iris/iris_widget_prog_guide/Content/CordovaBrowser_Events.html#onFailure' is included in
            the 'nav' configuration, which is not found in the documentation files
WARNING  -  A relative path to 'Iris/iris_widget_prog_guide/Content/CordovaBrowser_Events.html#onProgressChanged' is
            included in the 'nav' configuration, which is not found in the documentation files
WARNING  -  A relative path to 'Iris/iris_widget_prog_guide/Content/CordovaBrowser_Events.html#onScrollWidgetPosition'
            is included in the 'nav' configuration, which is not found in the documentation files
WARNING  -  A relative path to 'Iris/iris_widget_prog_guide/Content/CordovaBrowser_Events.html#onSuccess' is included in
            the 'nav' configuration, which is not found in the documentation files
WARNING  -  A relative path to 'Iris/iris_widget_prog_guide/Content/CordovaBrowser_Methods.html#addGestureRecognizer' is
            included in the 'nav' configuration, which is not found in the documentation files
WARNING  -  A relative path to 'Iris/iris_widget_prog_guide/Content/CordovaBrowser_Methods.html#animate' is included in
            the 'nav' configuration, which is not found in the documentation files
WARNING  -  A relative path to 'Iris/iris_widget_prog_guide/Content/CordovaBrowser_Methods.html#canGoBac' is included in
            the 'nav' configuration, which is not found in the documentation files
WARNING  -  A relative path to 'Iris/iris_widget_prog_guide/Content/CordovaBrowser_Methods.html#canGoFor' is included in
            the 'nav' configuration, which is not found in the documentation files
WARNING  -  A relative path to 'Iris/iris_widget_prog_guide/Content/CordovaBrowser_Methods.html#clearHis' is included in
            the 'nav' configuration, which is not found in the documentation files
WARNING  -  A relative path to 'Iris/iris_widget_prog_guide/Content/CordovaBrowser_Methods.html#clone' is included in
            the 'nav' configuration, which is not found in the documentation files
WARNING  -  A relative path to 'Iris/iris_widget_prog_guide/Content/CordovaBrowser_Methods.html#convertPointFromWidget'
            is included in the 'nav' configuration, which is not found in the documentation files
WARNING  -  A relative path to 'Iris/iris_widget_prog_guide/Content/CordovaBrowser_Methods.html#convertPointToWidget' is
            included in the 'nav' configuration, which is not found in the documentation files
WARNING  -  A relative path to 'Iris/iris_widget_prog_guide/Content/CordovaBrowser_Methods.html#evaluate' is included in
            the 'nav' configuration, which is not found in the documentation files
WARNING  -  A relative path to 'Iris/iris_widget_prog_guide/Content/CordovaBrowser_Methods.html#evaluate2' is included
            in the 'nav' configuration, which is not found in the documentation files
WARNING  -  A relative path to 'Iris/iris_widget_prog_guide/Content/CordovaBrowser_Methods.html#getBadge' is included in
            the 'nav' configuration, which is not found in the documentation files
WARNING  -  A relative path to 'Iris/iris_widget_prog_guide/Content/CordovaBrowser_Methods.html#getHTMLFilesInWebFolder'
            is included in the 'nav' configuration, which is not found in the documentation files
WARNING  -  A relative path to 'Iris/iris_widget_prog_guide/Content/CordovaBrowser_Methods.html#goBack' is included in
            the 'nav' configuration, which is not found in the documentation files
WARNING  -  A relative path to 'Iris/iris_widget_prog_guide/Content/CordovaBrowser_Methods.html#goForwar' is included in
            the 'nav' configuration, which is not found in the documentation files
WARNING  -  A relative path to 'Iris/iris_widget_prog_guide/Content/CordovaBrowser_Methods.html#isHtmlPreviewEnabled' is
            included in the 'nav' configuration, which is not found in the documentation files
WARNING  -  A relative path to
            'Iris/iris_widget_prog_guide/Content/CordovaBrowser_Methods.html#isWebAppDevelopmentEnabled' is included in
            the 'nav' configuration, which is not found in the documentation files
WARNING  -  A relative path to 'Iris/iris_widget_prog_guide/Content/CordovaBrowser_Methods.html#loadData' is included in
            the 'nav' configuration, which is not found in the documentation files
WARNING  -  A relative path to 'Iris/iris_widget_prog_guide/Content/CordovaBrowser_Methods.html#register' is included in
            the 'nav' configuration, which is not found in the documentation files
WARNING  -  A relative path to 'Iris/iris_widget_prog_guide/Content/CordovaBrowser_Methods.html#reload' is included in
            the 'nav' configuration, which is not found in the documentation files
WARNING  -  A relative path to 'Iris/iris_widget_prog_guide/Content/CordovaBrowser_Methods.html#removeFromParent' is
            included in the 'nav' configuration, which is not found in the documentation files
WARNING  -  A relative path to 'Iris/iris_widget_prog_guide/Content/CordovaBrowser_Methods.html#removeGestureRecognizer'
            is included in the 'nav' configuration, which is not found in the documentation files
WARNING  -  A relative path to 'Iris/iris_widget_prog_guide/Content/CordovaBrowser_Methods.html#setBadge' is included in
            the 'nav' configuration, which is not found in the documentation files
WARNING  -  A relative path to 'Iris/iris_widget_prog_guide/Content/CordovaBrowser_Methods.html#setEnabled' is included
            in the 'nav' configuration, which is not found in the documentation files
WARNING  -  A relative path to 'Iris/iris_widget_prog_guide/Content/CordovaBrowser_Methods.html#setFocus' is included in
            the 'nav' configuration, which is not found in the documentation files
WARNING  -  A relative path to 'Iris/iris_widget_prog_guide/Content/CordovaBrowser_Methods.html#setGestureRecognizer' is
            included in the 'nav' configuration, which is not found in the documentation files
WARNING  -  A relative path to 'Iris/iris_widget_prog_guide/Content/CordovaBrowser_Methods.html#setOnPek' is included in
            the 'nav' configuration, which is not found in the documentation files
WARNING  -  A relative path to 'Iris/iris_widget_prog_guide/Content/CordovaBrowser_Methods.html#setOnPop' is included in
            the 'nav' configuration, which is not found in the documentation files
WARNING  -  A relative path to 'Iris/iris_widget_prog_guide/Content/CordovaBrowser_Methods.html#setVisibility' is
            included in the 'nav' configuration, which is not found in the documentation files
WARNING  -  A relative path to 'Iris/iris_widget_prog_guide/Content/CordovaBrowser_Methods.html#unregist' is included in
            the 'nav' configuration, which is not found in the documentation files
WARNING  -  A relative path to 'Iris/iris_widget_prog_guide/Content/CordovaBrowser_Properties.html#anchorPo' is included
            in the 'nav' configuration, which is not found in the documentation files
WARNING  -  A relative path to 'Iris/iris_widget_prog_guide/Content/CordovaBrowser_Properties.html#baseURL' is included
            in the 'nav' configuration, which is not found in the documentation files
WARNING  -  A relative path to 'Iris/iris_widget_prog_guide/Content/CordovaBrowser_Properties.html#bottom' is included
            in the 'nav' configuration, which is not found in the documentation files
WARNING  -  A relative path to 'Iris/iris_widget_prog_guide/Content/CordovaBrowser_Properties.html#centerX' is included
            in the 'nav' configuration, which is not found in the documentation files
WARNING  -  A relative path to 'Iris/iris_widget_prog_guide/Content/CordovaBrowser_Properties.html#centerY' is included
            in the 'nav' configuration, which is not found in the documentation files
WARNING  -  A relative path to 'Iris/iris_widget_prog_guide/Content/CordovaBrowser_Properties.html#cursorType' is
            included in the 'nav' configuration, which is not found in the documentation files
WARNING  -  A relative path to 'Iris/iris_widget_prog_guide/Content/CordovaBrowser_Properties.html#detectTelNumber' is
            included in the 'nav' configuration, which is not found in the documentation files
WARNING  -  A relative path to 'Iris/iris_widget_prog_guide/Content/CordovaBrowser_Properties.html#enable' is included
            in the 'nav' configuration, which is not found in the documentation files
WARNING  -  A relative path to 'Iris/iris_widget_prog_guide/Content/CordovaBrowser_Properties.html#enableCa' is included
            in the 'nav' configuration, which is not found in the documentation files
WARNING  -  A relative path to
            'Iris/iris_widget_prog_guide/Content/CordovaBrowser_Properties.html#enableFocusInTouchMode' is included in
            the 'nav' configuration, which is not found in the documentation files
WARNING  -  A relative path to
            'Iris/iris_widget_prog_guide/Content/CordovaBrowser_Properties.html#enableNativeCommunication' is included
            in the 'nav' configuration, which is not found in the documentation files
WARNING  -  A relative path to 'Iris/iris_widget_prog_guide/Content/CordovaBrowser_Properties.html#enableOv' is included
            in the 'nav' configuration, which is not found in the documentation files
WARNING  -  A relative path to 'Iris/iris_widget_prog_guide/Content/CordovaBrowser_Properties.html#enableZoom' is
            included in the 'nav' configuration, which is not found in the documentation files
WARNING  -  A relative path to 'Iris/iris_widget_prog_guide/Content/CordovaBrowser_Properties.html#height' is included
            in the 'nav' configuration, which is not found in the documentation files
WARNING  -  A relative path to 'Iris/iris_widget_prog_guide/Content/CordovaBrowser_Properties.html#id' is included in
            the 'nav' configuration, which is not found in the documentation files
WARNING  -  A relative path to 'Iris/iris_widget_prog_guide/Content/CordovaBrowser_Properties.html#info' is included in
            the 'nav' configuration, which is not found in the documentation files
WARNING  -  A relative path to 'Iris/iris_widget_prog_guide/Content/Browser_Properties.html#isVisible' is included in
            the 'nav' configuration, which is not found in the documentation files
WARNING  -  A relative path to 'Iris/iris_widget_prog_guide/Content/CordovaBrowser_Properties.html#left' is included in
            the 'nav' configuration, which is not found in the documentation files
WARNING  -  A relative path to 'Iris/iris_widget_prog_guide/Content/CordovaBrowser_Properties.html#loadPageInBrowser' is
            included in the 'nav' configuration, which is not found in the documentation files
WARNING  -  A relative path to 'Iris/iris_widget_prog_guide/Content/CordovaBrowser_Properties.html#maxHeigh' is included
            in the 'nav' configuration, which is not found in the documentation files
WARNING  -  A relative path to 'Iris/iris_widget_prog_guide/Content/CordovaBrowser_Properties.html#maxWidth' is included
            in the 'nav' configuration, which is not found in the documentation files
WARNING  -  A relative path to 'Iris/iris_widget_prog_guide/Content/CordovaBrowser_Properties.html#minHeigh' is included
            in the 'nav' configuration, which is not found in the documentation files
WARNING  -  A relative path to 'Iris/iris_widget_prog_guide/Content/CordovaBrowser_Properties.html#minWidth' is included
            in the 'nav' configuration, which is not found in the documentation files
WARNING  -  A relative path to 'Iris/iris_widget_prog_guide/Content/CordovaBrowser_Properties.html#opacity' is included
            in the 'nav' configuration, which is not found in the documentation files
WARNING  -  A relative path to 'Iris/iris_widget_prog_guide/Content/CordovaBrowser_Properties.html#parent' is included
            in the 'nav' configuration, which is not found in the documentation files
WARNING  -  A relative path to 'Iris/iris_widget_prog_guide/Content/CordovaBrowser_Properties.html#requestURLConfig' is
            included in the 'nav' configuration, which is not found in the documentation files
WARNING  -  A relative path to
            'Iris/iris_widget_prog_guide/Content/CordovaBrowser_Properties.html#retainContentAlignment' is included in
            the 'nav' configuration, which is not found in the documentation files
WARNING  -  A relative path to
            'Iris/iris_widget_prog_guide/Content/CordovaBrowser_Properties.html#retainFlexPositionProperties' is
            included in the 'nav' configuration, which is not found in the documentation files
WARNING  -  A relative path to
            'Iris/iris_widget_prog_guide/Content/CordovaBrowser_Properties.html#retainFlowHorizontalAlignment' is
            included in the 'nav' configuration, which is not found in the documentation files
WARNING  -  A relative path to 'Iris/iris_widget_prog_guide/Content/CordovaBrowser_Properties.html#right' is included in
            the 'nav' configuration, which is not found in the documentation files
WARNING  -  A relative path to 'Iris/iris_widget_prog_guide/Content/CordovaBrowser_Properties.html#screenLevelWidget' is
            included in the 'nav' configuration, which is not found in the documentation files
WARNING  -  A relative path to 'Iris/iris_widget_prog_guide/Content/CordovaBrowser_Properties.html#scrollsT' is included
            in the 'nav' configuration, which is not found in the documentation files
WARNING  -  A relative path to 'Iris/iris_widget_prog_guide/Content/CordovaBrowser_Properties.html#showProg' is included
            in the 'nav' configuration, which is not found in the documentation files
WARNING  -  A relative path to 'Iris/iris_widget_prog_guide/Content/CordovaBrowser_Properties.html#top' is included in
            the 'nav' configuration, which is not found in the documentation files
WARNING  -  A relative path to 'Iris/iris_widget_prog_guide/Content/CordovaBrowser_Properties.html#transfor' is included
            in the 'nav' configuration, which is not found in the documentation files
WARNING  -  A relative path to 'Iris/iris_widget_prog_guide/Content/CordovaBrowser_Properties.html#useWideV' is included
            in the 'nav' configuration, which is not found in the documentation files
WARNING  -  A relative path to 'Iris/iris_widget_prog_guide/Content/CordovaBrowser_Properties.html#width' is included in
            the 'nav' configuration, which is not found in the documentation files
WARNING  -  A relative path to 'Iris/iris_widget_prog_guide/Content/CordovaBrowser_Properties.html#zIndex' is included
            in the 'nav' configuration, which is not found in the documentation files
WARNING  -  A relative path to 'Iris/iris_widget_prog_guide/Content/CordovaBrowser_Properties.html#zoomDens' is included
            in the 'nav' configuration, which is not found in the documentation files
WARNING  -  A relative path to 'Iris/iris_widget_prog_guide/Content/DataGrid.html#datagrid-widget-basics' is included in
            the 'nav' configuration, which is not found in the documentation files
WARNING  -  A relative path to 'Iris/iris_widget_prog_guide/Content/DataGrid_Templates.html#what-is-a-datagrid-template'
            is included in the 'nav' configuration, which is not found in the documentation files
WARNING  -  A relative path to
            'Iris/iris_widget_prog_guide/Content/DataGrid_Templates.html#where-to-use-a-datagrid-template' is included
            in the 'nav' configuration, which is not found in the documentation files
WARNING  -  A relative path to
            'Iris/iris_widget_prog_guide/Content/DataGrid_Templates.html#creating-a-segment-template-within-a-segment-widget'
            is included in the 'nav' configuration, which is not found in the documentation files
WARNING  -  A relative path to 'Iris/iris_widget_prog_guide/Content/DataGrid_Templates.html#datagrid-templates' is
            included in the 'nav' configuration, which is not found in the documentation files
WARNING  -  A relative path to 'Iris/iris_widget_prog_guide/Content/DataGrid_Events.html#doLayout' is included in the
            'nav' configuration, which is not found in the documentation files
WARNING  -  A relative path to 'Iris/iris_widget_prog_guide/Content/DataGrid_Events.html#onRowSelected' is included in
            the 'nav' configuration, which is not found in the documentation files
WARNING  -  A relative path to 'Iris/iris_widget_prog_guide/Content/DataGrid_Events.html#onScrollWidgetPosition' is
            included in the 'nav' configuration, which is not found in the documentation files
WARNING  -  A relative path to 'Iris/iris_widget_prog_guide/Content/DataGrid_Events.html#onTouchEnd' is included in the
            'nav' configuration, which is not found in the documentation files
WARNING  -  A relative path to 'Iris/iris_widget_prog_guide/Content/DataGrid_Events.html#onTouchMove' is included in the
            'nav' configuration, which is not found in the documentation files
WARNING  -  A relative path to 'Iris/iris_widget_prog_guide/Content/DataGrid_Events.html#onTouchStart' is included in
            the 'nav' configuration, which is not found in the documentation files
WARNING  -  A relative path to 'Iris/iris_widget_prog_guide/Content/DataGrid_Methods.html#addAll' is included in the
            'nav' configuration, which is not found in the documentation files
WARNING  -  A relative path to 'Iris/iris_widget_prog_guide/Content/DataGrid_Methods.html#addDataA' is included in the
            'nav' configuration, which is not found in the documentation files
WARNING  -  A relative path to 'Iris/iris_widget_prog_guide/Content/DataGrid_Methods.html#addGestureRecognizer' is
            included in the 'nav' configuration, which is not found in the documentation files
WARNING  -  A relative path to 'Iris/iris_widget_prog_guide/Content/DataGrid_Methods.html#animate' is included in the
            'nav' configuration, which is not found in the documentation files
WARNING  -  A relative path to 'Iris/iris_widget_prog_guide/Content/DataGrid_Methods.html#applycellskin' is included in
            the 'nav' configuration, which is not found in the documentation files
WARNING  -  A relative path to 'Iris/iris_widget_prog_guide/Content/DataGrid_Methods.html#clone' is included in the
            'nav' configuration, which is not found in the documentation files
WARNING  -  A relative path to 'Iris/iris_widget_prog_guide/Content/DataGrid_Methods.html#convertPointFromWidget' is
            included in the 'nav' configuration, which is not found in the documentation files
WARNING  -  A relative path to 'Iris/iris_widget_prog_guide/Content/DataGrid_Methods.html#convertPointToWidget' is
            included in the 'nav' configuration, which is not found in the documentation files
WARNING  -  A relative path to 'Iris/iris_widget_prog_guide/Content/DataGrid_Methods.html#getBadge' is included in the
            'nav' configuration, which is not found in the documentation files
WARNING  -  A relative path to 'Iris/iris_widget_prog_guide/Content/DataGrid_Methods.html#register' is included in the
            'nav' configuration, which is not found in the documentation files
WARNING  -  A relative path to 'Iris/iris_widget_prog_guide/Content/DataGrid_Methods.html#removeAll' is included in the
            'nav' configuration, which is not found in the documentation files
WARNING  -  A relative path to 'Iris/iris_widget_prog_guide/Content/DataGrid_Methods.html#removeAt' is included in the
            'nav' configuration, which is not found in the documentation files
WARNING  -  A relative path to 'Iris/iris_widget_prog_guide/Content/DataGrid_Methods.html#removeFromParent' is included
            in the 'nav' configuration, which is not found in the documentation files
WARNING  -  A relative path to 'Iris/iris_widget_prog_guide/Content/DataGrid_Methods.html#removeGestureRecognizer' is
            included in the 'nav' configuration, which is not found in the documentation files
WARNING  -  A relative path to 'Iris/iris_widget_prog_guide/Content/DataGrid_Methods.html#selectAllRows' is included in
            the 'nav' configuration, which is not found in the documentation files
WARNING  -  A relative path to 'Iris/iris_widget_prog_guide/Content/DataGrid_Methods.html#setBadge' is included in the
            'nav' configuration, which is not found in the documentation files
WARNING  -  A relative path to 'Iris/iris_widget_prog_guide/Content/DataGrid_Methods.html#setCellDataAt' is included in
            the 'nav' configuration, which is not found in the documentation files
WARNING  -  A relative path to 'Iris/iris_widget_prog_guide/Content/DataGrid_Methods.html#setData' is included in the
            'nav' configuration, which is not found in the documentation files
WARNING  -  A relative path to 'Iris/iris_widget_prog_guide/Content/DataGrid_Methods.html#setDataAt' is included in the
            'nav' configuration, which is not found in the documentation files
WARNING  -  A relative path to 'Iris/iris_widget_prog_guide/Content/DataGrid_Methods.html#setEnabled' is included in the
            'nav' configuration, which is not found in the documentation files
WARNING  -  A relative path to 'Iris/iris_widget_prog_guide/Content/DataGrid_Methods.html#setFocus' is included in the
            'nav' configuration, which is not found in the documentation files
WARNING  -  A relative path to 'Iris/iris_widget_prog_guide/Content/DataGrid_Methods.html#setGestureRecognizer' is
            included in the 'nav' configuration, which is not found in the documentation files
WARNING  -  A relative path to 'Iris/iris_widget_prog_guide/Content/DataGrid_Methods.html#setOnPek' is included in the
            'nav' configuration, which is not found in the documentation files
WARNING  -  A relative path to 'Iris/iris_widget_prog_guide/Content/DataGrid_Methods.html#setOnPop' is included in the
            'nav' configuration, which is not found in the documentation files
WARNING  -  A relative path to 'Iris/iris_widget_prog_guide/Content/DataGrid_Methods.html#setVisibility' is included in
            the 'nav' configuration, which is not found in the documentation files
WARNING  -  A relative path to 'Iris/iris_widget_prog_guide/Content/DataGrid_Methods.html#unregist' is included in the
            'nav' configuration, which is not found in the documentation files
WARNING  -  A relative path to 'Iris/iris_widget_prog_guide/Content/DataGrid_Properties.html#anchorPo' is included in
            the 'nav' configuration, which is not found in the documentation files
WARNING  -  A relative path to 'Iris/iris_widget_prog_guide/Content/DataGrid_Properties.html#bottom' is included in the
            'nav' configuration, which is not found in the documentation files
WARNING  -  A relative path to 'Iris/iris_widget_prog_guide/Content/DataGrid_Properties.html#centerX' is included in the
            'nav' configuration, which is not found in the documentation files
WARNING  -  A relative path to 'Iris/iris_widget_prog_guide/Content/DataGrid_Properties.html#centerY' is included in the
            'nav' configuration, which is not found in the documentation files
WARNING  -  A relative path to 'Iris/iris_widget_prog_guide/Content/DataGrid_Properties.html#columnHeadersConfig' is
            included in the 'nav' configuration, which is not found in the documentation files
WARNING  -  A relative path to 'Iris/iris_widget_prog_guide/Content/DataGrid_Properties.html#containe' is included in
            the 'nav' configuration, which is not found in the documentation files
WARNING  -  A relative path to 'Iris/iris_widget_prog_guide/Content/DataGrid_Properties.html#containe2' is included in
            the 'nav' configuration, which is not found in the documentation files
WARNING  -  A relative path to 'Iris/iris_widget_prog_guide/Content/DataGrid_Properties.html#cursorType' is included in
            the 'nav' configuration, which is not found in the documentation files
WARNING  -  A relative path to 'Iris/iris_widget_prog_guide/Content/DataGrid_Properties.html#data' is included in the
            'nav' configuration, which is not found in the documentation files
WARNING  -  A relative path to 'Iris/iris_widget_prog_guide/Content/DataGrid_Properties.html#dockingH' is included in
            the 'nav' configuration, which is not found in the documentation files
WARNING  -  A relative path to 'Iris/iris_widget_prog_guide/Content/DataGrid_Properties.html#enable' is included in the
            'nav' configuration, which is not found in the documentation files
WARNING  -  A relative path to 'Iris/iris_widget_prog_guide/Content/DataGrid_Properties.html#enableCa' is included in
            the 'nav' configuration, which is not found in the documentation files
WARNING  -  A relative path to 'Iris/iris_widget_prog_guide/Content/DataGrid_Properties.html#enableSc' is included in
            the 'nav' configuration, which is not found in the documentation files
WARNING  -  A relative path to 'Iris/iris_widget_prog_guide/Content/DataGrid_Properties.html#gridHeig' is included in
            the 'nav' configuration, which is not found in the documentation files
WARNING  -  A relative path to 'Iris/iris_widget_prog_guide/Content/DataGrid_Properties.html#gridline' is included in
            the 'nav' configuration, which is not found in the documentation files
WARNING  -  A relative path to 'Iris/iris_widget_prog_guide/Content/DataGrid_Properties.html#headerSkin' is included in
            the 'nav' configuration, which is not found in the documentation files
WARNING  -  A relative path to 'Iris/iris_widget_prog_guide/Content/DataGrid_Properties.html#height' is included in the
            'nav' configuration, which is not found in the documentation files
WARNING  -  A relative path to 'Iris/iris_widget_prog_guide/Content/DataGrid_Properties.html#hoverSkin' is included in
            the 'nav' configuration, which is not found in the documentation files
WARNING  -  A relative path to 'Iris/iris_widget_prog_guide/Content/DataGrid_Properties.html#id' is included in the
            'nav' configuration, which is not found in the documentation files
WARNING  -  A relative path to 'Iris/iris_widget_prog_guide/Content/DataGrid_Properties.html#info' is included in the
            'nav' configuration, which is not found in the documentation files
WARNING  -  A relative path to 'Iris/iris_widget_prog_guide/Content/DataGrid_Properties.html#isMultiSelect' is included
            in the 'nav' configuration, which is not found in the documentation files
WARNING  -  A relative path to 'Iris/iris_widget_prog_guide/Content/DataGrid_Properties.html#isVisible' is included in
            the 'nav' configuration, which is not found in the documentation files
WARNING  -  A relative path to 'Iris/iris_widget_prog_guide/Content/DataGrid_Properties.html#left' is included in the
            'nav' configuration, which is not found in the documentation files
WARNING  -  A relative path to 'Iris/iris_widget_prog_guide/Content/DataGrid_Properties.html#maxHeigh' is included in
            the 'nav' configuration, which is not found in the documentation files
WARNING  -  A relative path to 'Iris/iris_widget_prog_guide/Content/DataGrid_Properties.html#maxWidth' is included in
            the 'nav' configuration, which is not found in the documentation files
WARNING  -  A relative path to 'Iris/iris_widget_prog_guide/Content/DataGrid_Properties.html#minHeigh' is included in
            the 'nav' configuration, which is not found in the documentation files
WARNING  -  A relative path to 'Iris/iris_widget_prog_guide/Content/DataGrid_Properties.html#minWidth' is included in
            the 'nav' configuration, which is not found in the documentation files
WARNING  -  A relative path to 'Iris/iris_widget_prog_guide/Content/DataGrid_Properties.html#opacity' is included in the
            'nav' configuration, which is not found in the documentation files
WARNING  -  A relative path to 'Iris/iris_widget_prog_guide/Content/DataGrid_Properties.html#parent' is included in the
            'nav' configuration, which is not found in the documentation files
WARNING  -  A relative path to 'Iris/iris_widget_prog_guide/Content/DataGrid_Properties.html#retainContentAlignment' is
            included in the 'nav' configuration, which is not found in the documentation files
WARNING  -  A relative path to
            'Iris/iris_widget_prog_guide/Content/DataGrid_Properties.html#retainFlexPositionProperties' is included in
            the 'nav' configuration, which is not found in the documentation files
WARNING  -  A relative path to
            'Iris/iris_widget_prog_guide/Content/DataGrid_Properties.html#retainFlowHorizontalAlignment' is included in
            the 'nav' configuration, which is not found in the documentation files
WARNING  -  A relative path to 'Iris/iris_widget_prog_guide/Content/DataGrid_Properties.html#right' is included in the
            'nav' configuration, which is not found in the documentation files
WARNING  -  A relative path to 'Iris/iris_widget_prog_guide/Content/DataGrid_Properties.html#rowAlternateSkin' is
            included in the 'nav' configuration, which is not found in the documentation files
WARNING  -  A relative path to 'Iris/iris_widget_prog_guide/Content/DataGrid_Properties.html#rowCount' is included in
            the 'nav' configuration, which is not found in the documentation files
WARNING  -  A relative path to 'Iris/iris_widget_prog_guide/Content/DataGrid_Properties.html#rowFocusSkin' is included
            in the 'nav' configuration, which is not found in the documentation files
WARNING  -  A relative path to 'Iris/iris_widget_prog_guide/Content/DataGrid_Properties.html#rowNormalSkin' is included
            in the 'nav' configuration, which is not found in the documentation files
WARNING  -  A relative path to 'Iris/iris_widget_prog_guide/Content/DataGrid_Properties.html#scrollab' is included in
            the 'nav' configuration, which is not found in the documentation files
WARNING  -  A relative path to 'Iris/iris_widget_prog_guide/Content/DataGrid_Properties.html#selectedIndex' is included
            in the 'nav' configuration, which is not found in the documentation files
WARNING  -  A relative path to 'Iris/iris_widget_prog_guide/Content/DataGrid_Properties.html#selectedIndices' is
            included in the 'nav' configuration, which is not found in the documentation files
WARNING  -  A relative path to 'Iris/iris_widget_prog_guide/Content/DataGrid_Properties.html#selectedItem' is included
            in the 'nav' configuration, which is not found in the documentation files
WARNING  -  A relative path to 'Iris/iris_widget_prog_guide/Content/DataGrid_Properties.html#selectedItems' is included
            in the 'nav' configuration, which is not found in the documentation files
WARNING  -  A relative path to 'Iris/iris_widget_prog_guide/Content/DataGrid_Properties.html#showColumnHeaders' is
            included in the 'nav' configuration, which is not found in the documentation files
WARNING  -  A relative path to 'Iris/iris_widget_prog_guide/Content/DataGrid_Properties.html#toolTip' is included in the
            'nav' configuration, which is not found in the documentation files
WARNING  -  A relative path to 'Iris/iris_widget_prog_guide/Content/DataGrid_Properties.html#top' is included in the
            'nav' configuration, which is not found in the documentation files
WARNING  -  A relative path to 'Iris/iris_widget_prog_guide/Content/DataGrid_Properties.html#transfor' is included in
            the 'nav' configuration, which is not found in the documentation files
WARNING  -  A relative path to 'Iris/iris_widget_prog_guide/Content/DataGrid_Properties.html#widgetSwipeMove' is
            included in the 'nav' configuration, which is not found in the documentation files
WARNING  -  A relative path to 'Iris/iris_widget_prog_guide/Content/DataGrid_Properties.html#width' is included in the
            'nav' configuration, which is not found in the documentation files
WARNING  -  A relative path to 'Iris/iris_widget_prog_guide/Content/DataGrid_Properties.html#zIndex' is included in the
            'nav' configuration, which is not found in the documentation files
WARNING  -  A relative path to 'Iris/iris_widget_prog_guide/Content/FlexContainer.html#Overviews' is included in the
            'nav' configuration, which is not found in the documentation files
WARNING  -  A relative path to
            'Iris/iris_widget_prog_guide/Content/FlexContainer_Example_SampleApp.html#flexcontainer-example' is included
            in the 'nav' configuration, which is not found in the documentation files
WARNING  -  A relative path to 'Iris/iris_widget_prog_guide/Content/FlexContainer_Events.html#addWidge' is included in
            the 'nav' configuration, which is not found in the documentation files
WARNING  -  A relative path to 'Iris/iris_widget_prog_guide/Content/FlexContainer_Events.html#doLayout' is included in
            the 'nav' configuration, which is not found in the documentation files
WARNING  -  A relative path to 'Iris/iris_widget_prog_guide/Content/FlexContainer_Events.html#init' is included in the
            'nav' configuration, which is not found in the documentation files
WARNING  -  A relative path to 'Iris/iris_widget_prog_guide/Content/FlexContainer_Events.html#onClick' is included in
            the 'nav' configuration, which is not found in the documentation files
WARNING  -  A relative path to 'Iris/iris_widget_prog_guide/Content/FlexContainer_Events.html#onHover' is included in
            the 'nav' configuration, which is not found in the documentation files
WARNING  -  A relative path to 'Iris/iris_widget_prog_guide/Content/FlexContainer_Events.html#onScrollWidgetPosition' is
            included in the 'nav' configuration, which is not found in the documentation files
WARNING  -  A relative path to 'Iris/iris_widget_prog_guide/Content/FlexContainer_Events.html#onTouchEnd' is included in
            the 'nav' configuration, which is not found in the documentation files
WARNING  -  A relative path to 'Iris/iris_widget_prog_guide/Content/FlexContainer_Events.html#onTouchMove' is included
            in the 'nav' configuration, which is not found in the documentation files
WARNING  -  A relative path to 'Iris/iris_widget_prog_guide/Content/FlexContainer_Events.html#onTouchStart' is included
            in the 'nav' configuration, which is not found in the documentation files
WARNING  -  A relative path to 'Iris/iris_widget_prog_guide/Content/FlexContainer_Methods.html#add' is included in the
            'nav' configuration, which is not found in the documentation files
WARNING  -  A relative path to 'Iris/iris_widget_prog_guide/Content/FlexContainer_Methods.html#addAt' is included in the
            'nav' configuration, which is not found in the documentation files
WARNING  -  A relative path to 'Iris/iris_widget_prog_guide/Content/FlexContainer_Methods.html#addGestureRecognizer' is
            included in the 'nav' configuration, which is not found in the documentation files
WARNING  -  A relative path to 'Iris/iris_widget_prog_guide/Content/FlexContainer_Methods.html#animate' is included in
            the 'nav' configuration, which is not found in the documentation files
WARNING  -  A relative path to 'Iris/iris_widget_prog_guide/Content/FlexContainer_Methods.html#clone' is included in the
            'nav' configuration, which is not found in the documentation files
WARNING  -  A relative path to 'Iris/iris_widget_prog_guide/Content/FlexContainer_Methods.html#convertPointFromWidget'
            is included in the 'nav' configuration, which is not found in the documentation files
WARNING  -  A relative path to 'Iris/iris_widget_prog_guide/Content/FlexContainer_Methods.html#convertPointToWidget' is
            included in the 'nav' configuration, which is not found in the documentation files
WARNING  -  A relative path to 'Iris/iris_widget_prog_guide/Content/FlexContainer_Methods.html#forceLay' is included in
            the 'nav' configuration, which is not found in the documentation files
WARNING  -  A relative path to 'Iris/iris_widget_prog_guide/Content/FlexContainer_Methods.html#getBadge' is included in
            the 'nav' configuration, which is not found in the documentation files
WARNING  -  A relative path to 'Iris/iris_widget_prog_guide/Content/FlexContainer_Methods.html#register' is included in
            the 'nav' configuration, which is not found in the documentation files
WARNING  -  A relative path to 'Iris/iris_widget_prog_guide/Content/FlexContainer_Methods.html#form.get2' is included in
            the 'nav' configuration, which is not found in the documentation files
WARNING  -  A relative path to 'Iris/iris_widget_prog_guide/Content/FlexContainer_Methods.html#removeAt' is included in
            the 'nav' configuration, which is not found in the documentation files
WARNING  -  A relative path to 'Iris/iris_widget_prog_guide/Content/FlexContainer_Methods.html#removeAl' is included in
            the 'nav' configuration, which is not found in the documentation files
WARNING  -  A relative path to 'Iris/iris_widget_prog_guide/Content/FlexContainer_Methods.html#removeFromParent' is
            included in the 'nav' configuration, which is not found in the documentation files
WARNING  -  A relative path to 'Iris/iris_widget_prog_guide/Content/FlexContainer_Methods.html#removeGestureRecognizer'
            is included in the 'nav' configuration, which is not found in the documentation files
WARNING  -  A relative path to 'Iris/iris_widget_prog_guide/Content/FlexContainer_Methods.html#setBadge' is included in
            the 'nav' configuration, which is not found in the documentation files
WARNING  -  A relative path to 'Iris/iris_widget_prog_guide/Content/FlexContainer_Methods.html#setDefau' is included in
            the 'nav' configuration, which is not found in the documentation files
WARNING  -  A relative path to 'Iris/iris_widget_prog_guide/Content/FlexContainer_Methods.html#setEnabled' is included
            in the 'nav' configuration, which is not found in the documentation files
WARNING  -  A relative path to 'Iris/iris_widget_prog_guide/Content/FlexContainer_Methods.html#setFocus' is included in
            the 'nav' configuration, which is not found in the documentation files
WARNING  -  A relative path to 'Iris/iris_widget_prog_guide/Content/FlexContainer_Methods.html#setGestureRecognizer' is
            included in the 'nav' configuration, which is not found in the documentation files
WARNING  -  A relative path to 'Iris/iris_widget_prog_guide/Content/FlexContainer_Methods.html#setOnPek' is included in
            the 'nav' configuration, which is not found in the documentation files
WARNING  -  A relative path to 'Iris/iris_widget_prog_guide/Content/FlexContainer_Methods.html#setOnPop' is included in
            the 'nav' configuration, which is not found in the documentation files
WARNING  -  A relative path to 'Iris/iris_widget_prog_guide/Content/FlexContainer_Methods.html#setVisibility' is
            included in the 'nav' configuration, which is not found in the documentation files
WARNING  -  A relative path to 'Iris/iris_widget_prog_guide/Content/FlexContainer_Methods.html#unregist' is included in
            the 'nav' configuration, which is not found in the documentation files
WARNING  -  A relative path to 'Iris/iris_widget_prog_guide/Content/FlexContainer_Methods.html#widgets' is included in
            the 'nav' configuration, which is not found in the documentation files
WARNING  -  A relative path to 'Iris/iris_widget_prog_guide/Content/FlexContainer_Properties.html#accessibilityConfig'
            is included in the 'nav' configuration, which is not found in the documentation files
WARNING  -  A relative path to 'Iris/iris_widget_prog_guide/Content/FlexContainer_Properties.html#anchorPo' is included
            in the 'nav' configuration, which is not found in the documentation files
WARNING  -  A relative path to 'Iris/iris_widget_prog_guide/Content/FlexContainer_Properties.html#autogrow' is included
            in the 'nav' configuration, which is not found in the documentation files
WARNING  -  A relative path to 'Iris/iris_widget_prog_guide/Content/FlexContainer_Properties.html#backgrou' is included
            in the 'nav' configuration, which is not found in the documentation files
WARNING  -  A relative path to
            'Iris/iris_widget_prog_guide/Content/FlexContainer_Properties.html#backgroundColorMultiStepGradient' is
            included in the 'nav' configuration, which is not found in the documentation files
WARNING  -  A relative path to
            'Iris/iris_widget_prog_guide/Content/FlexContainer_Properties.html#backgroundColorTwoStepGradient' is
            included in the 'nav' configuration, which is not found in the documentation files
WARNING  -  A relative path to 'Iris/iris_widget_prog_guide/Content/FlexContainer_Properties.html#backgroundImage' is
            included in the 'nav' configuration, which is not found in the documentation files
WARNING  -  A relative path to 'Iris/iris_widget_prog_guide/Content/FlexContainer_Properties.html#blur' is included in
            the 'nav' configuration, which is not found in the documentation files
WARNING  -  A relative path to 'Iris/iris_widget_prog_guide/Content/FlexContainer_Properties.html#borderColor' is
            included in the 'nav' configuration, which is not found in the documentation files
WARNING  -  A relative path to 'Iris/iris_widget_prog_guide/Content/FlexContainer_Properties.html#borderColorGradient'
            is included in the 'nav' configuration, which is not found in the documentation files
WARNING  -  A relative path to 'Iris/iris_widget_prog_guide/Content/FlexContainer_Properties.html#borderStyle' is
            included in the 'nav' configuration, which is not found in the documentation files
WARNING  -  A relative path to 'Iris/iris_widget_prog_guide/Content/FlexContainer_Properties.html#borderWidth' is
            included in the 'nav' configuration, which is not found in the documentation files
WARNING  -  A relative path to 'Iris/iris_widget_prog_guide/Content/FlexContainer_Properties.html#bottom' is included in
            the 'nav' configuration, which is not found in the documentation files
WARNING  -  A relative path to 'Iris/iris_widget_prog_guide/Content/FlexContainer_Properties.html#centerX' is included
            in the 'nav' configuration, which is not found in the documentation files
WARNING  -  A relative path to 'Iris/iris_widget_prog_guide/Content/FlexContainer_Properties.html#centerY' is included
            in the 'nav' configuration, which is not found in the documentation files
WARNING  -  A relative path to 'Iris/iris_widget_prog_guide/Content/FlexContainer_Properties.html#clipBoun' is included
            in the 'nav' configuration, which is not found in the documentation files
WARNING  -  A relative path to 'Iris/iris_widget_prog_guide/Content/FlexContainer_Properties.html#clipView' is included
            in the 'nav' configuration, which is not found in the documentation files
WARNING  -  A relative path to 'Iris/iris_widget_prog_guide/Content/FlexContainer_Properties.html#cornerRadius' is
            included in the 'nav' configuration, which is not found in the documentation files
WARNING  -  A relative path to 'Iris/iris_widget_prog_guide/Content/FlexContainer_Properties.html#cursorType' is
            included in the 'nav' configuration, which is not found in the documentation files
WARNING  -  A relative path to
            'Iris/iris_widget_prog_guide/Content/FlexContainer_Properties.html#disabledStateSkinProperties' is included
            in the 'nav' configuration, which is not found in the documentation files
WARNING  -  A relative path to 'Iris/iris_widget_prog_guide/Content/FlexContainer_Properties.html#enable' is included in
            the 'nav' configuration, which is not found in the documentation files
WARNING  -  A relative path to 'Iris/iris_widget_prog_guide/Content/FlexContainer_Properties.html#enableCa' is included
            in the 'nav' configuration, which is not found in the documentation files
WARNING  -  A relative path to 'Iris/iris_widget_prog_guide/Content/FlexContainer_Properties.html#enableHapticFeedback'
            is included in the 'nav' configuration, which is not found in the documentation files
WARNING  -  A relative path to
            'Iris/iris_widget_prog_guide/Content/FlexContainer_Properties.html#focusStateSkinProperties' is included in
            the 'nav' configuration, which is not found in the documentation files
WARNING  -  A relative path to 'Iris/iris_widget_prog_guide/Content/FlexContainer_Properties.html#fontColor' is included
            in the 'nav' configuration, which is not found in the documentation files
WARNING  -  A relative path to 'Iris/iris_widget_prog_guide/Content/FlexContainer_Properties.html#fontFamily' is
            included in the 'nav' configuration, which is not found in the documentation files
WARNING  -  A relative path to 'Iris/iris_widget_prog_guide/Content/FlexContainer_Properties.html#fontSize' is included
            in the 'nav' configuration, which is not found in the documentation files
WARNING  -  A relative path to 'Iris/iris_widget_prog_guide/Content/FlexContainer_Properties.html#fontStyle' is included
            in the 'nav' configuration, which is not found in the documentation files
WARNING  -  A relative path to 'Iris/iris_widget_prog_guide/Content/FlexContainer_Properties.html#fontWeight' is
            included in the 'nav' configuration, which is not found in the documentation files
WARNING  -  A relative path to 'Iris/iris_widget_prog_guide/Content/FlexContainer_Properties.html#frame' is included in
            the 'nav' configuration, which is not found in the documentation files
WARNING  -  A relative path to 'Iris/iris_widget_prog_guide/Content/FlexContainer_Properties.html#height' is included in
            the 'nav' configuration, which is not found in the documentation files
WARNING  -  A relative path to
            'Iris/iris_widget_prog_guide/Content/FlexContainer_Properties.html#hoverStateSkinProperties' is included in
            the 'nav' configuration, which is not found in the documentation files
WARNING  -  A relative path to 'Iris/iris_widget_prog_guide/Content/FlexContainer_Properties.html#id' is included in the
            'nav' configuration, which is not found in the documentation files
WARNING  -  A relative path to 'Iris/iris_widget_prog_guide/Content/FlexContainer_Properties.html#info' is included in
            the 'nav' configuration, which is not found in the documentation files
WARNING  -  A relative path to 'Iris/iris_widget_prog_guide/Content/FlexContainer_Properties.html#isMaster' is included
            in the 'nav' configuration, which is not found in the documentation files
WARNING  -  A relative path to 'Iris/iris_widget_prog_guide/Content/FlexContainer_Properties.html#isModalContainer' is
            included in the 'nav' configuration, which is not found in the documentation files
WARNING  -  A relative path to 'Iris/iris_widget_prog_guide/Content/FlexContainer_Properties.html#isVisibl' is included
            in the 'nav' configuration, which is not found in the documentation files
WARNING  -  A relative path to 'Iris/iris_widget_prog_guide/Content/FlexContainer_Properties.html#layoutTy' is included
            in the 'nav' configuration, which is not found in the documentation files
WARNING  -  A relative path to 'Iris/iris_widget_prog_guide/Content/FlexContainer_Properties.html#left' is included in
            the 'nav' configuration, which is not found in the documentation files
WARNING  -  A relative path to 'Iris/iris_widget_prog_guide/Content/FlexContainer_Properties.html#maxHeigh' is included
            in the 'nav' configuration, which is not found in the documentation files
WARNING  -  A relative path to 'Iris/iris_widget_prog_guide/Content/FlexContainer_Properties.html#maxWidth' is included
            in the 'nav' configuration, which is not found in the documentation files
WARNING  -  A relative path to 'Iris/iris_widget_prog_guide/Content/FlexContainer_Properties.html#minHeigh' is included
            in the 'nav' configuration, which is not found in the documentation files
WARNING  -  A relative path to 'Iris/iris_widget_prog_guide/Content/FlexContainer_Properties.html#minWidth' is included
            in the 'nav' configuration, which is not found in the documentation files
WARNING  -  A relative path to 'Iris/iris_widget_prog_guide/Content/FlexContainer_Properties.html#opacity' is included
            in the 'nav' configuration, which is not found in the documentation files
WARNING  -  A relative path to 'Iris/iris_widget_prog_guide/Content/FlexContainer_Properties.html#parent' is included in
            the 'nav' configuration, which is not found in the documentation files
WARNING  -  A relative path to
            'Iris/iris_widget_prog_guide/Content/FlexContainer_Properties.html#pressedStateSkinProperties' is included
            in the 'nav' configuration, which is not found in the documentation files
WARNING  -  A relative path to 'Iris/iris_widget_prog_guide/Content/FlexContainer_Properties.html#responsiveConfig' is
            included in the 'nav' configuration, which is not found in the documentation files
WARNING  -  A relative path to
            'Iris/iris_widget_prog_guide/Content/FlexContainer_Properties.html#retainContentAlignment' is included in
            the 'nav' configuration, which is not found in the documentation files
WARNING  -  A relative path to
            'Iris/iris_widget_prog_guide/Content/FlexContainer_Properties.html#retainFlexPositionProperties' is included
            in the 'nav' configuration, which is not found in the documentation files
WARNING  -  A relative path to
            'Iris/iris_widget_prog_guide/Content/FlexContainer_Properties.html#retainFlowHorizontalAlignment' is
            included in the 'nav' configuration, which is not found in the documentation files
WARNING  -  A relative path to
            'Iris/iris_widget_prog_guide/Content/FlexContainer_Properties.html#reverselayoutdirection' is included in
            the 'nav' configuration, which is not found in the documentation files
WARNING  -  A relative path to 'Iris/iris_widget_prog_guide/Content/FlexContainer_Properties.html#right' is included in
            the 'nav' configuration, which is not found in the documentation files
WARNING  -  A relative path to 'Iris/iris_widget_prog_guide/Content/FlexContainer_Properties.html#rippleBackground' is
            included in the 'nav' configuration, which is not found in the documentation files
WARNING  -  A relative path to 'Iris/iris_widget_prog_guide/Content/FlexContainer_Properties.html#shadowColor' is
            included in the 'nav' configuration, which is not found in the documentation files
WARNING  -  A relative path to 'Iris/iris_widget_prog_guide/Content/FlexContainer_Properties.html#shadowDepth' is
            included in the 'nav' configuration, which is not found in the documentation files
WARNING  -  A relative path to 'Iris/iris_widget_prog_guide/Content/FlexContainer_Properties.html#shadowOffset' is
            included in the 'nav' configuration, which is not found in the documentation files
WARNING  -  A relative path to 'Iris/iris_widget_prog_guide/Content/FlexContainer_Properties.html#shadowRadius' is
            included in the 'nav' configuration, which is not found in the documentation files
WARNING  -  A relative path to 'Iris/iris_widget_prog_guide/Content/FlexContainer_Properties.html#shadowType' is
            included in the 'nav' configuration, which is not found in the documentation files
WARNING  -  A relative path to 'Iris/iris_widget_prog_guide/Content/FlexContainer_Properties.html#skin' is included in
            the 'nav' configuration, which is not found in the documentation files
WARNING  -  A relative path to 'Iris/iris_widget_prog_guide/Content/FlexContainer_Properties.html#textShadowColor' is
            included in the 'nav' configuration, which is not found in the documentation files
WARNING  -  A relative path to 'Iris/iris_widget_prog_guide/Content/FlexContainer_Properties.html#textShadowOffset' is
            included in the 'nav' configuration, which is not found in the documentation files
WARNING  -  A relative path to 'Iris/iris_widget_prog_guide/Content/FlexContainer_Properties.html#textShadowRadius' is
            included in the 'nav' configuration, which is not found in the documentation files
WARNING  -  A relative path to 'Iris/iris_widget_prog_guide/Content/FlexContainer_Properties.html#top' is included in
            the 'nav' configuration, which is not found in the documentation files
WARNING  -  A relative path to 'Iris/iris_widget_prog_guide/Content/FlexContainer_Properties.html#transfor' is included
            in the 'nav' configuration, which is not found in the documentation files
WARNING  -  A relative path to 'Iris/iris_widget_prog_guide/Content/FlexContainer_Properties.html#widgetSwipeMove' is
            included in the 'nav' configuration, which is not found in the documentation files
WARNING  -  A relative path to 'Iris/iris_widget_prog_guide/Content/FlexContainer_Properties.html#width' is included in
            the 'nav' configuration, which is not found in the documentation files
WARNING  -  A relative path to 'Iris/iris_widget_prog_guide/Content/FlexContainer_Properties.html#zIndex' is included in
            the 'nav' configuration, which is not found in the documentation files
WARNING  -  A relative path to 'Iris/iris_widget_prog_guide/Content/FlexForm.html#programming-flexforms' is included in
            the 'nav' configuration, which is not found in the documentation files
WARNING  -  A relative path to
            'Iris/iris_widget_prog_guide/Content/FlexForm_Example_SampleApp.html#example-and-sample-app' is included in
            the 'nav' configuration, which is not found in the documentation files
WARNING  -  A relative path to 'Iris/iris_widget_prog_guide/Content/FlexForm.html#using-the-navigation-drawer' is
            included in the 'nav' configuration, which is not found in the documentation files
WARNING  -  A relative path to 'Iris/iris_widget_prog_guide/Content/FlexForm_Events.html#addwidgets-event' is included
            in the 'nav' configuration, which is not found in the documentation files
WARNING  -  A relative path to 'Iris/iris_widget_prog_guide/Content/FlexForm_Events.html#doLayout' is included in the
            'nav' configuration, which is not found in the documentation files
WARNING  -  A relative path to 'Iris/iris_widget_prog_guide/Content/FlexForm_Events.html#init' is included in the 'nav'
            configuration, which is not found in the documentation files
WARNING  -  A relative path to 'Iris/iris_widget_prog_guide/Content/FlexForm_Events.html#onactionbarback-event' is
            included in the 'nav' configuration, which is not found in the documentation files
WARNING  -  A relative path to 'Iris/iris_widget_prog_guide/Content/FlexForm_Events.html#onBr' is included in the 'nav'
            configuration, which is not found in the documentation files
WARNING  -  A relative path to 'Iris/iris_widget_prog_guide/Content/FlexForm_Events.html#onDecele' is included in the
            'nav' configuration, which is not found in the documentation files
WARNING  -  A relative path to 'Iris/iris_widget_prog_guide/Content/FlexForm_Events.html#ondestroy' is included in the
            'nav' configuration, which is not found in the documentation files
WARNING  -  A relative path to 'Iris/iris_widget_prog_guide/Content/FlexForm_Events.html#ondeviceback' is included in
            the 'nav' configuration, which is not found in the documentation files
WARNING  -  A relative path to 'Iris/iris_widget_prog_guide/Content/FlexForm_Events.html#ondevicemenu' is included in
            the 'nav' configuration, which is not found in the documentation files
WARNING  -  A relative path to 'Iris/iris_widget_prog_guide/Content/FlexForm_Events.html#onDrawerClosed' is included in
            the 'nav' configuration, which is not found in the documentation files
WARNING  -  A relative path to 'Iris/iris_widget_prog_guide/Content/FlexForm_Events.html#onDrawerOpened' is included in
            the 'nav' configuration, which is not found in the documentation files
WARNING  -  A relative path to 'Iris/iris_widget_prog_guide/Content/FlexForm_Events.html#onDrawerSlide' is included in
            the 'nav' configuration, which is not found in the documentation files
WARNING  -  A relative path to 'Iris/iris_widget_prog_guide/Content/FlexForm_Events.html#onDrawerStateChanged' is
            included in the 'nav' configuration, which is not found in the documentation files
WARNING  -  A relative path to 'Iris/iris_widget_prog_guide/Content/FlexForm_Events.html#onHide' is included in the
            'nav' configuration, which is not found in the documentation files
WARNING  -  A relative path to 'Iris/iris_widget_prog_guide/Content/FlexForm_Events.html#KeyboardDidHide' is included in
            the 'nav' configuration, which is not found in the documentation files
WARNING  -  A relative path to 'Iris/iris_widget_prog_guide/Content/FlexForm_Events.html#KeyboardDidShow' is included in
            the 'nav' configuration, which is not found in the documentation files
WARNING  -  A relative path to 'Iris/iris_widget_prog_guide/Content/FlexForm_Events.html#KeyboardWillHide' is included
            in the 'nav' configuration, which is not found in the documentation files
WARNING  -  A relative path to 'Iris/iris_widget_prog_guide/Content/FlexForm_Events.html#KeyboardWillShow' is included
            in the 'nav' configuration, which is not found in the documentation files
WARNING  -  A relative path to 'Iris/iris_widget_prog_guide/Content/FlexForm_Events.html#onloadjs' is included in the
            'nav' configuration, which is not found in the documentation files
WARNING  -  A relative path to 'Iris/iris_widget_prog_guide/Content/FlexForm_Events.html#onLocale' is included in the
            'nav' configuration, which is not found in the documentation files
WARNING  -  A relative path to 'Iris/iris_widget_prog_guide/Content/FlexForm_Events.html#onMapping' is included in the
            'nav' configuration, which is not found in the documentation files
WARNING  -  A relative path to 'Iris/iris_widget_prog_guide/Content/FlexForm_Events.html#onNavigate' is included in the
            'nav' configuration, which is not found in the documentation files
WARNING  -  A relative path to 'Iris/iris_widget_prog_guide/Content/FlexForm_Events.html#onorientationchange' is
            included in the 'nav' configuration, which is not found in the documentation files
WARNING  -  A relative path to 'Iris/iris_widget_prog_guide/Content/FlexForm_Events.html#onResize' is included in the
            'nav' configuration, which is not found in the documentation files
WARNING  -  A relative path to 'Iris/iris_widget_prog_guide/Content/FlexForm_Events.html#onScroll3' is included in the
            'nav' configuration, which is not found in the documentation files
WARNING  -  A relative path to 'Iris/iris_widget_prog_guide/Content/FlexForm_Events.html#onScroll2' is included in the
            'nav' configuration, which is not found in the documentation files
WARNING  -  A relative path to 'Iris/iris_widget_prog_guide/Content/FlexForm_Events.html#onScroll' is included in the
            'nav' configuration, which is not found in the documentation files
WARNING  -  A relative path to 'Iris/iris_widget_prog_guide/Content/FlexForm_Events.html#onScroll4' is included in the
            'nav' configuration, which is not found in the documentation files
WARNING  -  A relative path to 'Iris/iris_widget_prog_guide/Content/FlexForm_Events.html#onScrollWidgetPosition' is
            included in the 'nav' configuration, which is not found in the documentation files
WARNING  -  A relative path to 'Iris/iris_widget_prog_guide/Content/FlexForm_Events.html#onSizeCh' is included in the
            'nav' configuration, which is not found in the documentation files
WARNING  -  A relative path to 'Iris/iris_widget_prog_guide/Content/FlexForm_Events.html#onTouchE' is included in the
            'nav' configuration, which is not found in the documentation files
WARNING  -  A relative path to 'Iris/iris_widget_prog_guide/Content/FlexForm_Events.html#onTouchM' is included in the
            'nav' configuration, which is not found in the documentation files
WARNING  -  A relative path to 'Iris/iris_widget_prog_guide/Content/FlexForm_Events.html#onTouchS' is included in the
            'nav' configuration, which is not found in the documentation files
WARNING  -  A relative path to 'Iris/iris_widget_prog_guide/Content/FlexForm_Events.html#onZoomEn' is included in the
            'nav' configuration, which is not found in the documentation files
WARNING  -  A relative path to 'Iris/iris_widget_prog_guide/Content/FlexForm_Events.html#onZoomin' is included in the
            'nav' configuration, which is not found in the documentation files
WARNING  -  A relative path to 'Iris/iris_widget_prog_guide/Content/FlexForm_Events.html#onZoomSt' is included in the
            'nav' configuration, which is not found in the documentation files
WARNING  -  A relative path to 'Iris/iris_widget_prog_guide/Content/FlexForm_Events.html#postshow' is included in the
            'nav' configuration, which is not found in the documentation files
WARNING  -  A relative path to 'Iris/iris_widget_prog_guide/Content/FlexForm_Events.html#preShow' is included in the
            'nav' configuration, which is not found in the documentation files
WARNING  -  A relative path to 'Iris/iris_widget_prog_guide/Content/FlexForm_Events.html#unloadjs' is included in the
            'nav' configuration, which is not found in the documentation files
WARNING  -  A relative path to 'Iris/iris_widget_prog_guide/Content/FlexForm_Events.html#widgetTo' is included in the
            'nav' configuration, which is not found in the documentation files
WARNING  -  A relative path to 'Iris/iris_widget_prog_guide/Content/FlexForm_Methods.html#add' is included in the 'nav'
            configuration, which is not found in the documentation files
WARNING  -  A relative path to 'Iris/iris_widget_prog_guide/Content/FlexForm_Methods.html#addAt' is included in the
            'nav' configuration, which is not found in the documentation files
WARNING  -  A relative path to 'Iris/iris_widget_prog_guide/Content/FlexForm_Methods.html#animate' is included in the
            'nav' configuration, which is not found in the documentation files
WARNING  -  A relative path to 'Iris/iris_widget_prog_guide/Content/FlexForm_Methods.html#clone' is included in the
            'nav' configuration, which is not found in the documentation files
WARNING  -  A relative path to 'Iris/iris_widget_prog_guide/Content/FlexForm_Methods.html#closeNavigationDrawer' is
            included in the 'nav' configuration, which is not found in the documentation files
WARNING  -  A relative path to 'Iris/iris_widget_prog_guide/Content/FlexForm_Methods.html#destroy' is included in the
            'nav' configuration, which is not found in the documentation files
WARNING  -  A relative path to 'Iris/iris_widget_prog_guide/Content/FlexForm_Methods.html#forceLay' is included in the
            'nav' configuration, which is not found in the documentation files
WARNING  -  A relative path to
            'Iris/iris_widget_prog_guide/Content/FlexForm_Methods.html#getTitleVerticalPositionAdjustment' is included
            in the 'nav' configuration, which is not found in the documentation files
WARNING  -  A relative path to 'Iris/iris_widget_prog_guide/Content/FlexForm_Methods.html#hidetitlebar' is included in
            the 'nav' configuration, which is not found in the documentation files
WARNING  -  A relative path to 'Iris/iris_widget_prog_guide/Content/FlexForm_Methods.html#openNavigationDrawer' is
            included in the 'nav' configuration, which is not found in the documentation files
WARNING  -  A relative path to 'Iris/iris_widget_prog_guide/Content/FlexForm_Methods.html#register' is included in the
            'nav' configuration, which is not found in the documentation files
WARNING  -  A relative path to 'Iris/iris_widget_prog_guide/Content/FlexForm_Methods.html#remove' is included in the
            'nav' configuration, which is not found in the documentation files
WARNING  -  A relative path to 'Iris/iris_widget_prog_guide/Content/FlexForm_Methods.html#removeat' is included in the
            'nav' configuration, which is not found in the documentation files
WARNING  -  A relative path to 'Iris/iris_widget_prog_guide/Content/FlexForm_Methods.html#removeAl' is included in the
            'nav' configuration, which is not found in the documentation files
WARNING  -  A relative path to 'Iris/iris_widget_prog_guide/Content/FlexForm_Methods.html#replaceat' is included in the
            'nav' configuration, which is not found in the documentation files
WARNING  -  A relative path to 'Iris/iris_widget_prog_guide/Content/FlexForm_Methods.html#scrolltobeginning' is included
            in the 'nav' configuration, which is not found in the documentation files
WARNING  -  A relative path to 'Iris/iris_widget_prog_guide/Content/FlexForm_Methods.html#scrolltoend' is included in
            the 'nav' configuration, which is not found in the documentation files
WARNING  -  A relative path to 'Iris/iris_widget_prog_guide/Content/FlexForm_Methods.html#scrolltowidget' is included in
            the 'nav' configuration, which is not found in the documentation files
WARNING  -  A relative path to 'Iris/iris_widget_prog_guide/Content/FlexForm_Methods.html#setBackgroundImageForNavbar'
            is included in the 'nav' configuration, which is not found in the documentation files
WARNING  -  A relative path to 'Iris/iris_widget_prog_guide/Content/FlexForm_Methods.html#setConte' is included in the
            'nav' configuration, which is not found in the documentation files
WARNING  -  A relative path to 'Iris/iris_widget_prog_guide/Content/FlexForm_Methods.html#setDefau' is included in the
            'nav' configuration, which is not found in the documentation files
WARNING  -  A relative path to 'Iris/iris_widget_prog_guide/Content/FlexForm_Methods.html#setHidesBackButton' is
            included in the 'nav' configuration, which is not found in the documentation files
WARNING  -  A relative path to 'Iris/iris_widget_prog_guide/Content/FlexForm_Methods.html#setLeftBarButtonItems' is
            included in the 'nav' configuration, which is not found in the documentation files
WARNING  -  A relative path to 'Iris/iris_widget_prog_guide/Content/FlexForm_Methods.html#setOnPek' is included in the
            'nav' configuration, which is not found in the documentation files
WARNING  -  A relative path to 'Iris/iris_widget_prog_guide/Content/FlexForm_Methods.html#setOnPop' is included in the
            'nav' configuration, which is not found in the documentation files
WARNING  -  A relative path to 'Iris/iris_widget_prog_guide/Content/FlexForm_Methods.html#setPrevi' is included in the
            'nav' configuration, which is not found in the documentation files
WARNING  -  A relative path to 'Iris/iris_widget_prog_guide/Content/FlexForm_Methods.html#setRightBarButtonItems' is
            included in the 'nav' configuration, which is not found in the documentation files
WARNING  -  A relative path to 'Iris/iris_widget_prog_guide/Content/FlexForm_Methods.html#settitlebarleftsidebuttonskin'
            is included in the 'nav' configuration, which is not found in the documentation files
WARNING  -  A relative path to
            'Iris/iris_widget_prog_guide/Content/FlexForm_Methods.html#settitlebarrightsidebuttonskin' is included in
            the 'nav' configuration, which is not found in the documentation files
WARNING  -  A relative path to
            'Iris/iris_widget_prog_guide/Content/FlexForm_Methods.html#setTitleVerticalPositionAdjustment' is included
            in the 'nav' configuration, which is not found in the documentation files
WARNING  -  A relative path to 'Iris/iris_widget_prog_guide/Content/FlexForm_Methods.html#setZoomS' is included in the
            'nav' configuration, which is not found in the documentation files
WARNING  -  A relative path to 'Iris/iris_widget_prog_guide/Content/FlexForm_Methods.html#show' is included in the 'nav'
            configuration, which is not found in the documentation files
WARNING  -  A relative path to 'Iris/iris_widget_prog_guide/Content/FlexForm_Methods.html#showtitlebar' is included in
            the 'nav' configuration, which is not found in the documentation files
WARNING  -  A relative path to 'Iris/iris_widget_prog_guide/Content/FlexForm_Methods.html#unregist' is included in the
            'nav' configuration, which is not found in the documentation files
WARNING  -  A relative path to 'Iris/iris_widget_prog_guide/Content/FlexForm_Methods.html#widgets' is included in the
            'nav' configuration, which is not found in the documentation files
WARNING  -  A relative path to 'Iris/iris_widget_prog_guide/Content/FlexForm_Properties.html#accessibilityConfig' is
            included in the 'nav' configuration, which is not found in the documentation files
WARNING  -  A relative path to 'Iris/iris_widget_prog_guide/Content/FlexForm_Properties.html#allowHor' is included in
            the 'nav' configuration, which is not found in the documentation files
WARNING  -  A relative path to 'Iris/iris_widget_prog_guide/Content/FlexForm_Properties.html#allowVer' is included in
            the 'nav' configuration, which is not found in the documentation files
WARNING  -  A relative path to 'Iris/iris_widget_prog_guide/Content/FlexForm_Properties.html#anchorPo' is included in
            the 'nav' configuration, which is not found in the documentation files
WARNING  -  A relative path to 'Iris/iris_widget_prog_guide/Content/FlexForm_Properties.html#backgrou' is included in
            the 'nav' configuration, which is not found in the documentation files
WARNING  -  A relative path to 'Iris/iris_widget_prog_guide/Content/FlexForm_Properties.html#bounces' is included in the
            'nav' configuration, which is not found in the documentation files
WARNING  -  A relative path to 'Iris/iris_widget_prog_guide/Content/FlexForm_Properties.html#captureG' is included in
            the 'nav' configuration, which is not found in the documentation files
WARNING  -  A relative path to 'Iris/iris_widget_prog_guide/Content/FlexForm_Properties.html#configur2' is included in
            the 'nav' configuration, which is not found in the documentation files
WARNING  -  A relative path to 'Iris/iris_widget_prog_guide/Content/FlexForm_Properties.html#configur' is included in
            the 'nav' configuration, which is not found in the documentation files
WARNING  -  A relative path to 'Iris/iris_widget_prog_guide/Content/FlexForm_Properties.html#configur3' is included in
            the 'nav' configuration, which is not found in the documentation files
WARNING  -  A relative path to 'Iris/iris_widget_prog_guide/Content/FlexForm_Properties.html#contentO' is included in
            the 'nav' configuration, which is not found in the documentation files
WARNING  -  A relative path to 'Iris/iris_widget_prog_guide/Content/FlexForm_Properties.html#contentS' is included in
            the 'nav' configuration, which is not found in the documentation files
WARNING  -  A relative path to 'Iris/iris_widget_prog_guide/Content/FlexForm_Properties.html#defaultI' is included in
            the 'nav' configuration, which is not found in the documentation files
WARNING  -  A relative path to 'Iris/iris_widget_prog_guide/Content/FlexForm_Properties.html#disableZoom' is included in
            the 'nav' configuration, which is not found in the documentation files
WARNING  -  A relative path to 'Iris/iris_widget_prog_guide/Content/FlexForm_Properties.html#drawerClosedIcon' is
            included in the 'nav' configuration, which is not found in the documentation files
WARNING  -  A relative path to 'Iris/iris_widget_prog_guide/Content/FlexForm_Properties.html#drawerLayout' is included
            in the 'nav' configuration, which is not found in the documentation files
WARNING  -  A relative path to 'Iris/iris_widget_prog_guide/Content/FlexForm_Properties.html#drawerOpena11yHint' is
            included in the 'nav' configuration, which is not found in the documentation files
WARNING  -  A relative path to 'Iris/iris_widget_prog_guide/Content/FlexForm_Properties.html#drawerOpenIcon' is included
            in the 'nav' configuration, which is not found in the documentation files
WARNING  -  A relative path to 'Iris/iris_widget_prog_guide/Content/FlexForm_Properties.html#drawerShadowColor' is
            included in the 'nav' configuration, which is not found in the documentation files
WARNING  -  A relative path to 'Iris/iris_widget_prog_guide/Content/FlexForm_Properties.html#drawerWidth' is included in
            the 'nav' configuration, which is not found in the documentation files
WARNING  -  A relative path to 'Iris/iris_widget_prog_guide/Content/FlexForm_Properties.html#enableCa' is included in
            the 'nav' configuration, which is not found in the documentation files
WARNING  -  A relative path to 'Iris/iris_widget_prog_guide/Content/FlexForm_Properties.html#enabledF' is included in
            the 'nav' configuration, which is not found in the documentation files
WARNING  -  A relative path to
            'Iris/iris_widget_prog_guide/Content/FlexForm_Properties.html#enableOnScrollWidgetPositionForSubwidgets' is
            included in the 'nav' configuration, which is not found in the documentation files
WARNING  -  A relative path to 'Iris/iris_widget_prog_guide/Content/FlexForm_Properties.html#enableSc' is included in
            the 'nav' configuration, which is not found in the documentation files
WARNING  -  A relative path to 'Iris/iris_widget_prog_guide/Content/FlexForm_Properties.html#extendBo' is included in
            the 'nav' configuration, which is not found in the documentation files
WARNING  -  A relative path to 'Iris/iris_widget_prog_guide/Content/FlexForm_Properties.html#extendTo' is included in
            the 'nav' configuration, which is not found in the documentation files
WARNING  -  A relative path to 'Iris/iris_widget_prog_guide/Content/FlexForm_Properties.html#footerOv' is included in
            the 'nav' configuration, which is not found in the documentation files
WARNING  -  A relative path to 'Iris/iris_widget_prog_guide/Content/FlexForm_Properties.html#formTran' is included in
            the 'nav' configuration, which is not found in the documentation files
WARNING  -  A relative path to 'Iris/iris_widget_prog_guide/Content/FlexForm_Properties.html#headerOv' is included in
            the 'nav' configuration, which is not found in the documentation files
WARNING  -  A relative path to 'Iris/iris_widget_prog_guide/Content/FlexForm_Properties.html#id' is included in the
            'nav' configuration, which is not found in the documentation files
WARNING  -  A relative path to 'Iris/iris_widget_prog_guide/Content/FlexForm_Properties.html#info' is included in the
            'nav' configuration, which is not found in the documentation files
WARNING  -  A relative path to 'Iris/iris_widget_prog_guide/Content/FlexForm_Properties.html#inputAcc' is included in
            the 'nav' configuration, which is not found in the documentation files
WARNING  -  A relative path to 'Iris/iris_widget_prog_guide/Content/FlexForm_Properties.html#inTransitionConfig' is
            included in the 'nav' configuration, which is not found in the documentation files
WARNING  -  A relative path to 'Iris/iris_widget_prog_guide/Content/FlexForm_Properties.html#layout' is included in the
            'nav' configuration, which is not found in the documentation files
WARNING  -  A relative path to 'Iris/iris_widget_prog_guide/Content/FlexForm_Properties.html#layoutTy' is included in
            the 'nav' configuration, which is not found in the documentation files
WARNING  -  A relative path to 'Iris/iris_widget_prog_guide/Content/FlexForm_Properties.html#maxAppMe' is included in
            the 'nav' configuration, which is not found in the documentation files
WARNING  -  A relative path to 'Iris/iris_widget_prog_guide/Content/FlexForm_Properties.html#maxZoomS' is included in
            the 'nav' configuration, which is not found in the documentation files
WARNING  -  A relative path to 'Iris/iris_widget_prog_guide/Content/FlexForm_Properties.html#menuFocu' is included in
            the 'nav' configuration, which is not found in the documentation files
WARNING  -  A relative path to 'Iris/iris_widget_prog_guide/Content/FlexForm_Properties.html#menuItem' is included in
            the 'nav' configuration, which is not found in the documentation files
WARNING  -  A relative path to 'Iris/iris_widget_prog_guide/Content/FlexForm_Properties.html#menuNorm' is included in
            the 'nav' configuration, which is not found in the documentation files
WARNING  -  A relative path to 'Iris/iris_widget_prog_guide/Content/FlexForm_Properties.html#menuPosi' is included in
            the 'nav' configuration, which is not found in the documentation files
WARNING  -  A relative path to 'Iris/iris_widget_prog_guide/Content/FlexForm_Properties.html#minZoomS' is included in
            the 'nav' configuration, which is not found in the documentation files
WARNING  -  A relative path to 'Iris/iris_widget_prog_guide/Content/FlexForm_Properties.html#navigationBarColor' is
            included in the 'nav' configuration, which is not found in the documentation files
WARNING  -  A relative path to 'Iris/iris_widget_prog_guide/Content/FlexForm_Properties.html#navigationDrawerListeners'
            is included in the 'nav' configuration, which is not found in the documentation files
WARNING  -  A relative path to 'Iris/iris_widget_prog_guide/Content/FlexForm_Properties.html#needAppM' is included in
            the 'nav' configuration, which is not found in the documentation files
WARNING  -  A relative path to 'Iris/iris_widget_prog_guide/Content/FlexForm_Properties.html#needsInd' is included in
            the 'nav' configuration, which is not found in the documentation files
WARNING  -  A relative path to 'Iris/iris_widget_prog_guide/Content/FlexForm_Properties.html#noCache' is included in the
            'nav' configuration, which is not found in the documentation files
WARNING  -  A relative path to 'Iris/iris_widget_prog_guide/Content/FlexForm_Properties.html#opacity' is included in the
            'nav' configuration, which is not found in the documentation files
WARNING  -  A relative path to 'Iris/iris_widget_prog_guide/Content/FlexForm_Properties.html#outTransitionConfig' is
            included in the 'nav' configuration, which is not found in the documentation files
WARNING  -  A relative path to 'Iris/iris_widget_prog_guide/Content/FlexForm_Properties.html#pagingEn' is included in
            the 'nav' configuration, which is not found in the documentation files
WARNING  -  A relative path to 'Iris/iris_widget_prog_guide/Content/FlexForm_Properties.html#parent' is included in the
            'nav' configuration, which is not found in the documentation files
WARNING  -  A relative path to 'Iris/iris_widget_prog_guide/Content/FlexForm_Properties.html#prefersS' is included in
            the 'nav' configuration, which is not found in the documentation files
WARNING  -  A relative path to
            'Iris/iris_widget_prog_guide/Content/FlexForm_Properties.html#requiresBottomSafeAreaInset' is included in
            the 'nav' configuration, which is not found in the documentation files
WARNING  -  A relative path to 'Iris/iris_widget_prog_guide/Content/FlexForm_Properties.html#requiresLeftSafeAreaInset'
            is included in the 'nav' configuration, which is not found in the documentation files
WARNING  -  A relative path to 'Iris/iris_widget_prog_guide/Content/FlexForm_Properties.html#requiresRightSafeAreaInset'
            is included in the 'nav' configuration, which is not found in the documentation files
WARNING  -  A relative path to 'Iris/iris_widget_prog_guide/Content/FlexForm_Properties.html#requiresTopSafeAreaInset'
            is included in the 'nav' configuration, which is not found in the documentation files
WARNING  -  A relative path to 'Iris/iris_widget_prog_guide/Content/FlexForm_Properties.html#retainContentAlignment' is
            included in the 'nav' configuration, which is not found in the documentation files
WARNING  -  A relative path to
            'Iris/iris_widget_prog_guide/Content/FlexForm_Properties.html#retainFlexPositionProperties' is included in
            the 'nav' configuration, which is not found in the documentation files
WARNING  -  A relative path to
            'Iris/iris_widget_prog_guide/Content/FlexForm_Properties.html#retainFlowHorizontalAlignment' is included in
            the 'nav' configuration, which is not found in the documentation files
WARNING  -  A relative path to 'Iris/iris_widget_prog_guide/Content/FlexForm_Properties.html#retainSc' is included in
            the 'nav' configuration, which is not found in the documentation files
WARNING  -  A relative path to 'Iris/iris_widget_prog_guide/Content/FlexForm_Properties.html#scrollDi' is included in
            the 'nav' configuration, which is not found in the documentation files
WARNING  -  A relative path to 'Iris/iris_widget_prog_guide/Content/FlexForm_Properties.html#secureDa' is included in
            the 'nav' configuration, which is not found in the documentation files
WARNING  -  A relative path to 'Iris/iris_widget_prog_guide/Content/FlexForm_Properties.html#showActi' is included in
            the 'nav' configuration, which is not found in the documentation files
WARNING  -  A relative path to 'Iris/iris_widget_prog_guide/Content/FlexForm_Properties.html#showActi2' is included in
            the 'nav' configuration, which is not found in the documentation files
WARNING  -  A relative path to 'Iris/iris_widget_prog_guide/Content/FlexForm_Properties.html#skin' is included in the
            'nav' configuration, which is not found in the documentation files
WARNING  -  A relative path to 'Iris/iris_widget_prog_guide/Content/FlexForm_Properties.html#statusBarColor' is included
            in the 'nav' configuration, which is not found in the documentation files
WARNING  -  A relative path to 'Iris/iris_widget_prog_guide/Content/FlexForm_Properties.html#statusBarForegroundColor'
            is included in the 'nav' configuration, which is not found in the documentation files
WARNING  -  A relative path to 'Iris/iris_widget_prog_guide/Content/FlexForm_Properties.html#statusBa2' is included in
            the 'nav' configuration, which is not found in the documentation files
WARNING  -  A relative path to 'Iris/iris_widget_prog_guide/Content/FlexForm_Properties.html#statusBa' is included in
            the 'nav' configuration, which is not found in the documentation files
WARNING  -  A relative path to 'Iris/iris_widget_prog_guide/Content/FlexForm_Properties.html#submitSe' is included in
            the 'nav' configuration, which is not found in the documentation files
WARNING  -  A relative path to 'Iris/iris_widget_prog_guide/Content/FlexForm_Properties.html#systemUiConfig' is included
            in the 'nav' configuration, which is not found in the documentation files
WARNING  -  A relative path to 'Iris/iris_widget_prog_guide/Content/FlexForm_Properties.html#title' is included in the
            'nav' configuration, which is not found in the documentation files
WARNING  -  A relative path to 'Iris/iris_widget_prog_guide/Content/FlexForm_Properties.html#titleBar' is included in
            the 'nav' configuration, which is not found in the documentation files
WARNING  -  A relative path to 'Iris/iris_widget_prog_guide/Content/FlexForm_Properties.html#titleBarAttributes' is
            included in the 'nav' configuration, which is not found in the documentation files
WARNING  -  A relative path to 'Iris/iris_widget_prog_guide/Content/FlexForm_Properties.html#titleBarConfig' is included
            in the 'nav' configuration, which is not found in the documentation files
WARNING  -  A relative path to 'Iris/iris_widget_prog_guide/Content/FlexForm_Properties.html#titleBar3' is included in
            the 'nav' configuration, which is not found in the documentation files
WARNING  -  A relative path to 'Iris/iris_widget_prog_guide/Content/FlexForm_Properties.html#transfor' is included in
            the 'nav' configuration, which is not found in the documentation files
WARNING  -  A relative path to 'Iris/iris_widget_prog_guide/Content/FlexForm_Properties.html#vertical' is included in
            the 'nav' configuration, which is not found in the documentation files
WARNING  -  A relative path to 'Iris/iris_widget_prog_guide/Content/FlexForm_Properties.html#viewConfig' is included in
            the 'nav' configuration, which is not found in the documentation files
WARNING  -  A relative path to 'Iris/iris_widget_prog_guide/Content/FlexForm_Properties.html#windowSo' is included in
            the 'nav' configuration, which is not found in the documentation files
WARNING  -  A relative path to 'Iris/iris_widget_prog_guide/Content/FlexForm_Properties.html#zoomScal' is included in
            the 'nav' configuration, which is not found in the documentation files
WARNING  -  A relative path to
            'Iris/iris_widget_prog_guide/Content/FlexScrollContainer.html#flexscrollcontainer-widget-basics' is included
            in the 'nav' configuration, which is not found in the documentation files
WARNING  -  A relative path to
            'Iris/iris_widget_prog_guide/Content/FlexScrollContainer.html#creating-a-flexscrollcontainer-using-a-constructor-volt-mx-ui-flexscrollcontainer'
            is included in the 'nav' configuration, which is not found in the documentation files
WARNING  -  A relative path to 'Iris/iris_widget_prog_guide/Content/FlexScrollContainer_Events.html#doLayout' is
            included in the 'nav' configuration, which is not found in the documentation files
WARNING  -  A relative path to 'Iris/iris_widget_prog_guide/Content/FlexScrollContainer_Events.html#onDecele' is
            included in the 'nav' configuration, which is not found in the documentation files
WARNING  -  A relative path to 'Iris/iris_widget_prog_guide/Content/FlexScrollContainer_Events.html#onScroll3' is
            included in the 'nav' configuration, which is not found in the documentation files
WARNING  -  A relative path to 'Iris/iris_widget_prog_guide/Content/FlexScrollContainer_Events.html#onScroll2' is
            included in the 'nav' configuration, which is not found in the documentation files
WARNING  -  A relative path to 'Iris/iris_widget_prog_guide/Content/FlexScrollContainer_Events.html#onScroll' is
            included in the 'nav' configuration, which is not found in the documentation files
WARNING  -  A relative path to 'Iris/iris_widget_prog_guide/Content/FlexScrollContainer_Events.html#onScroll4' is
            included in the 'nav' configuration, which is not found in the documentation files
WARNING  -  A relative path to
            'Iris/iris_widget_prog_guide/Content/FlexScrollContainer_Events.html#onScrollWidgetPosition' is included in
            the 'nav' configuration, which is not found in the documentation files
WARNING  -  A relative path to 'Iris/iris_widget_prog_guide/Content/FlexScrollContainer_Events.html#onZoomEn' is
            included in the 'nav' configuration, which is not found in the documentation files
WARNING  -  A relative path to 'Iris/iris_widget_prog_guide/Content/FlexScrollContainer_Events.html#onZoomin' is
            included in the 'nav' configuration, which is not found in the documentation files
WARNING  -  A relative path to 'Iris/iris_widget_prog_guide/Content/FlexScrollContainer_Events.html#onZoomSt' is
            included in the 'nav' configuration, which is not found in the documentation files
WARNING  -  A relative path to 'Iris/iris_widget_prog_guide/Content/FlexScrollContainer_Events.html#scrollingEvents' is
            included in the 'nav' configuration, which is not found in the documentation files
WARNING  -  A relative path to 'Iris/iris_widget_prog_guide/Content/FlexScrollContainer_Events.html#widgetTo' is
            included in the 'nav' configuration, which is not found in the documentation files
WARNING  -  A relative path to 'Iris/iris_widget_prog_guide/Content/FlexScrollContainer_Methods.html#add' is included in
            the 'nav' configuration, which is not found in the documentation files
WARNING  -  A relative path to 'Iris/iris_widget_prog_guide/Content/FlexScrollContainer_Methods.html#addAt' is included
            in the 'nav' configuration, which is not found in the documentation files
WARNING  -  A relative path to
            'Iris/iris_widget_prog_guide/Content/FlexScrollContainer_Methods.html#addGestureRecognizer' is included in
            the 'nav' configuration, which is not found in the documentation files
WARNING  -  A relative path to 'Iris/iris_widget_prog_guide/Content/FlexScrollContainer_Methods.html#animate' is
            included in the 'nav' configuration, which is not found in the documentation files
WARNING  -  A relative path to 'Iris/iris_widget_prog_guide/Content/FlexScrollContainer_Methods.html#clone' is included
            in the 'nav' configuration, which is not found in the documentation files
WARNING  -  A relative path to
            'Iris/iris_widget_prog_guide/Content/FlexScrollContainer_Methods.html#convertPointFromWidget' is included in
            the 'nav' configuration, which is not found in the documentation files
WARNING  -  A relative path to
            'Iris/iris_widget_prog_guide/Content/FlexScrollContainer_Methods.html#convertPointToWidget' is included in
            the 'nav' configuration, which is not found in the documentation files
WARNING  -  A relative path to 'Iris/iris_widget_prog_guide/Content/FlexScrollContainer_Methods.html#forceLay' is
            included in the 'nav' configuration, which is not found in the documentation files
WARNING  -  A relative path to 'Iris/iris_widget_prog_guide/Content/FlexScrollContainer_Methods.html#getBadge' is
            included in the 'nav' configuration, which is not found in the documentation files
WARNING  -  A relative path to 'Iris/iris_widget_prog_guide/Content/FlexScrollContainer_Methods.html#register' is
            included in the 'nav' configuration, which is not found in the documentation files
WARNING  -  A relative path to 'Iris/iris_widget_prog_guide/Content/FlexScrollContainer_Methods.html#remove' is included
            in the 'nav' configuration, which is not found in the documentation files
WARNING  -  A relative path to 'Iris/iris_widget_prog_guide/Content/FlexScrollContainer_Methods.html#removeAt' is
            included in the 'nav' configuration, which is not found in the documentation files
WARNING  -  A relative path to 'Iris/iris_widget_prog_guide/Content/FlexScrollContainer_Methods.html#removeAl' is
            included in the 'nav' configuration, which is not found in the documentation files
WARNING  -  A relative path to 'Iris/iris_widget_prog_guide/Content/FlexScrollContainer_Methods.html#removeFromParent'
            is included in the 'nav' configuration, which is not found in the documentation files
WARNING  -  A relative path to
            'Iris/iris_widget_prog_guide/Content/FlexScrollContainer_Methods.html#removeGestureRecognizer' is included
            in the 'nav' configuration, which is not found in the documentation files
WARNING  -  A relative path to 'Iris/iris_widget_prog_guide/Content/FlexScrollContainer_Methods.html#scrollTo2' is
            included in the 'nav' configuration, which is not found in the documentation files
WARNING  -  A relative path to 'Iris/iris_widget_prog_guide/Content/FlexScrollContainer_Methods.html#scrollTo' is
            included in the 'nav' configuration, which is not found in the documentation files
WARNING  -  A relative path to 'Iris/iris_widget_prog_guide/Content/FlexScrollContainer_Methods.html#setBadge' is
            included in the 'nav' configuration, which is not found in the documentation files
WARNING  -  A relative path to 'Iris/iris_widget_prog_guide/Content/FlexScrollContainer_Methods.html#setConte' is
            included in the 'nav' configuration, which is not found in the documentation files
WARNING  -  A relative path to 'Iris/iris_widget_prog_guide/Content/FlexScrollContainer_Methods.html#setDefau' is
            included in the 'nav' configuration, which is not found in the documentation files
WARNING  -  A relative path to 'Iris/iris_widget_prog_guide/Content/FlexScrollContainer_Methods.html#setEnabled' is
            included in the 'nav' configuration, which is not found in the documentation files
WARNING  -  A relative path to 'Iris/iris_widget_prog_guide/Content/FlexScrollContainer_Methods.html#setFocus' is
            included in the 'nav' configuration, which is not found in the documentation files
WARNING  -  A relative path to
            'Iris/iris_widget_prog_guide/Content/FlexScrollContainer_Methods.html#setGestureRecognizer' is included in
            the 'nav' configuration, which is not found in the documentation files
WARNING  -  A relative path to 'Iris/iris_widget_prog_guide/Content/FlexScrollContainer_Methods.html#setOnPek' is
            included in the 'nav' configuration, which is not found in the documentation files
WARNING  -  A relative path to 'Iris/iris_widget_prog_guide/Content/FlexScrollContainer_Methods.html#setOnPop' is
            included in the 'nav' configuration, which is not found in the documentation files
WARNING  -  A relative path to 'Iris/iris_widget_prog_guide/Content/FlexScrollContainer_Methods.html#setVisibility' is
            included in the 'nav' configuration, which is not found in the documentation files
WARNING  -  A relative path to 'Iris/iris_widget_prog_guide/Content/FlexScrollContainer_Methods.html#setZoomS' is
            included in the 'nav' configuration, which is not found in the documentation files
WARNING  -  A relative path to 'Iris/iris_widget_prog_guide/Content/FlexScrollContainer_Methods.html#unregist' is
            included in the 'nav' configuration, which is not found in the documentation files
WARNING  -  A relative path to 'Iris/iris_widget_prog_guide/Content/FlexScrollContainer_Methods.html#widgets' is
            included in the 'nav' configuration, which is not found in the documentation files
WARNING  -  A relative path to
            'Iris/iris_widget_prog_guide/Content/FlexScrollContainer_Properties.html#accessibilityConfig' is included in
            the 'nav' configuration, which is not found in the documentation files
WARNING  -  A relative path to 'Iris/iris_widget_prog_guide/Content/FlexScrollContainer_Properties.html#allowHor' is
            included in the 'nav' configuration, which is not found in the documentation files
WARNING  -  A relative path to 'Iris/iris_widget_prog_guide/Content/FlexScrollContainer_Properties.html#allowVer' is
            included in the 'nav' configuration, which is not found in the documentation files
WARNING  -  A relative path to 'Iris/iris_widget_prog_guide/Content/FlexScrollContainer_Properties.html#anchorPo' is
            included in the 'nav' configuration, which is not found in the documentation files
WARNING  -  A relative path to 'Iris/iris_widget_prog_guide/Content/FlexScrollContainer_Properties.html#animateIcons' is
            included in the 'nav' configuration, which is not found in the documentation files
WARNING  -  A relative path to 'Iris/iris_widget_prog_guide/Content/FlexScrollContainer_Properties.html#backgrou' is
            included in the 'nav' configuration, which is not found in the documentation files
WARNING  -  A relative path to 'Iris/iris_widget_prog_guide/Content/FlexScrollContainer_Properties.html#blur' is
            included in the 'nav' configuration, which is not found in the documentation files
WARNING  -  A relative path to 'Iris/iris_widget_prog_guide/Content/FlexScrollContainer_Properties.html#bottom' is
            included in the 'nav' configuration, which is not found in the documentation files
WARNING  -  A relative path to 'Iris/iris_widget_prog_guide/Content/FlexScrollContainer_Properties.html#bounces' is
            included in the 'nav' configuration, which is not found in the documentation files
WARNING  -  A relative path to 'Iris/iris_widget_prog_guide/Content/FlexScrollContainer_Properties.html#bouncesZ' is
            included in the 'nav' configuration, which is not found in the documentation files
WARNING  -  A relative path to 'Iris/iris_widget_prog_guide/Content/FlexScrollContainer_Properties.html#centerX' is
            included in the 'nav' configuration, which is not found in the documentation files
WARNING  -  A relative path to 'Iris/iris_widget_prog_guide/Content/FlexScrollContainer_Properties.html#centerY' is
            included in the 'nav' configuration, which is not found in the documentation files
WARNING  -  A relative path to 'Iris/iris_widget_prog_guide/Content/FlexScrollContainer_Properties.html#contentO' is
            included in the 'nav' configuration, which is not found in the documentation files
WARNING  -  A relative path to 'Iris/iris_widget_prog_guide/Content/FlexScrollContainer_Properties.html#contentO2' is
            included in the 'nav' configuration, which is not found in the documentation files
WARNING  -  A relative path to 'Iris/iris_widget_prog_guide/Content/FlexScrollContainer_Properties.html#contentS' is
            included in the 'nav' configuration, which is not found in the documentation files
WARNING  -  A relative path to 'Iris/iris_widget_prog_guide/Content/FlexScrollContainer_Properties.html#contentS2' is
            included in the 'nav' configuration, which is not found in the documentation files
WARNING  -  A relative path to 'Iris/iris_widget_prog_guide/Content/FlexScrollContainer_Properties.html#cursorType' is
            included in the 'nav' configuration, which is not found in the documentation files
WARNING  -  A relative path to 'Iris/iris_widget_prog_guide/Content/FlexScrollContainer_Properties.html#decelera' is
            included in the 'nav' configuration, which is not found in the documentation files
WARNING  -  A relative path to 'Iris/iris_widget_prog_guide/Content/FlexScrollContainer_Properties.html#disableZoom' is
            included in the 'nav' configuration, which is not found in the documentation files
WARNING  -  A relative path to 'Iris/iris_widget_prog_guide/Content/FlexScrollContainer_Properties.html#dragging' is
            included in the 'nav' configuration, which is not found in the documentation files
WARNING  -  A relative path to 'Iris/iris_widget_prog_guide/Content/FlexScrollContainer_Properties.html#enable' is
            included in the 'nav' configuration, which is not found in the documentation files
WARNING  -  A relative path to 'Iris/iris_widget_prog_guide/Content/FlexScrollContainer_Properties.html#enableCa' is
            included in the 'nav' configuration, which is not found in the documentation files
WARNING  -  A relative path to 'Iris/iris_widget_prog_guide/Content/FlexScrollContainer_Properties.html#enableGp' is
            included in the 'nav' configuration, which is not found in the documentation files
WARNING  -  A relative path to
            'Iris/iris_widget_prog_guide/Content/FlexScrollContainer_Properties.html#enableOnScrollWidgetPositionForSubwidgets'
            is included in the 'nav' configuration, which is not found in the documentation files
WARNING  -  A relative path to 'Iris/iris_widget_prog_guide/Content/FlexScrollContainer_Properties.html#enableSc' is
            included in the 'nav' configuration, which is not found in the documentation files
WARNING  -  A relative path to 'Iris/iris_widget_prog_guide/Content/FlexScrollContainer_Properties.html#horizont' is
            included in the 'nav' configuration, which is not found in the documentation files
WARNING  -  A relative path to 'Iris/iris_widget_prog_guide/Content/FlexScrollContainer_Properties.html#id' is included
            in the 'nav' configuration, which is not found in the documentation files
WARNING  -  A relative path to 'Iris/iris_widget_prog_guide/Content/FlexScrollContainer_Properties.html#info' is
            included in the 'nav' configuration, which is not found in the documentation files
WARNING  -  A relative path to 'Iris/iris_widget_prog_guide/Content/FlexScrollContainer_Properties.html#isMaster' is
            included in the 'nav' configuration, which is not found in the documentation files
WARNING  -  A relative path to 'Iris/iris_widget_prog_guide/Content/FlexScrollContainer_Properties.html#isVisibl' is
            included in the 'nav' configuration, which is not found in the documentation files
WARNING  -  A relative path to 'Iris/iris_widget_prog_guide/Content/FlexScrollContainer_Properties.html#layoutTy' is
            included in the 'nav' configuration, which is not found in the documentation files
WARNING  -  A relative path to 'Iris/iris_widget_prog_guide/Content/FlexScrollContainer_Properties.html#left' is
            included in the 'nav' configuration, which is not found in the documentation files
WARNING  -  A relative path to 'Iris/iris_widget_prog_guide/Content/FlexScrollContainer_Properties.html#maxHeigh' is
            included in the 'nav' configuration, which is not found in the documentation files
WARNING  -  A relative path to 'Iris/iris_widget_prog_guide/Content/FlexScrollContainer_Properties.html#maxWidth' is
            included in the 'nav' configuration, which is not found in the documentation files
WARNING  -  A relative path to 'Iris/iris_widget_prog_guide/Content/FlexScrollContainer_Properties.html#maxZoomS' is
            included in the 'nav' configuration, which is not found in the documentation files
WARNING  -  A relative path to 'Iris/iris_widget_prog_guide/Content/FlexScrollContainer_Properties.html#minHeigh' is
            included in the 'nav' configuration, which is not found in the documentation files
WARNING  -  A relative path to 'Iris/iris_widget_prog_guide/Content/FlexScrollContainer_Properties.html#minWidth' is
            included in the 'nav' configuration, which is not found in the documentation files
WARNING  -  A relative path to 'Iris/iris_widget_prog_guide/Content/FlexScrollContainer_Properties.html#minZoomS' is
            included in the 'nav' configuration, which is not found in the documentation files
WARNING  -  A relative path to 'Iris/iris_widget_prog_guide/Content/FlexScrollContainer_Properties.html#opacity' is
            included in the 'nav' configuration, which is not found in the documentation files
WARNING  -  A relative path to 'Iris/iris_widget_prog_guide/Content/FlexScrollContainer_Properties.html#overScrollX' is
            included in the 'nav' configuration, which is not found in the documentation files
WARNING  -  A relative path to 'Iris/iris_widget_prog_guide/Content/FlexScrollContainer_Properties.html#overScrollY' is
            included in the 'nav' configuration, which is not found in the documentation files
WARNING  -  A relative path to 'Iris/iris_widget_prog_guide/Content/FlexScrollContainer_Properties.html#pagingEn' is
            included in the 'nav' configuration, which is not found in the documentation files
WARNING  -  A relative path to 'Iris/iris_widget_prog_guide/Content/FlexScrollContainer_Properties.html#parent' is
            included in the 'nav' configuration, which is not found in the documentation files
WARNING  -  A relative path to
            'Iris/iris_widget_prog_guide/Content/FlexScrollContainer_Properties.html#pullToRefreshI18NKey' is included
            in the 'nav' configuration, which is not found in the documentation files
WARNING  -  A relative path to
            'Iris/iris_widget_prog_guide/Content/FlexScrollContainer_Properties.html#pullToRefreshIcon' is included in
            the 'nav' configuration, which is not found in the documentation files
WARNING  -  A relative path to
            'Iris/iris_widget_prog_guide/Content/FlexScrollContainer_Properties.html#pullToRefreshSkin' is included in
            the 'nav' configuration, which is not found in the documentation files
WARNING  -  A relative path to
            'Iris/iris_widget_prog_guide/Content/FlexScrollContainer_Properties.html#pushToRefreshI18NKey' is included
            in the 'nav' configuration, which is not found in the documentation files
WARNING  -  A relative path to
            'Iris/iris_widget_prog_guide/Content/FlexScrollContainer_Properties.html#pushToRefreshIcon' is included in
            the 'nav' configuration, which is not found in the documentation files
WARNING  -  A relative path to
            'Iris/iris_widget_prog_guide/Content/FlexScrollContainer_Properties.html#pushToRefreshSkin' is included in
            the 'nav' configuration, which is not found in the documentation files
WARNING  -  A relative path to
            'Iris/iris_widget_prog_guide/Content/FlexScrollContainer_Properties.html#releaseToPullRefreshI18NKey' is
            included in the 'nav' configuration, which is not found in the documentation files
WARNING  -  A relative path to
            'Iris/iris_widget_prog_guide/Content/FlexScrollContainer_Properties.html#releaseToPushRefreshI18NKey' is
            included in the 'nav' configuration, which is not found in the documentation files
WARNING  -  A relative path to
            'Iris/iris_widget_prog_guide/Content/FlexScrollContainer_Properties.html#retainContentAlignment' is included
            in the 'nav' configuration, which is not found in the documentation files
WARNING  -  A relative path to
            'Iris/iris_widget_prog_guide/Content/FlexScrollContainer_Properties.html#retainFlexPositionProperties' is
            included in the 'nav' configuration, which is not found in the documentation files
WARNING  -  A relative path to
            'Iris/iris_widget_prog_guide/Content/FlexScrollContainer_Properties.html#retainFlowHorizontalAlignment' is
            included in the 'nav' configuration, which is not found in the documentation files
WARNING  -  A relative path to
            'Iris/iris_widget_prog_guide/Content/FlexScrollContainer_Properties.html#reverseLayoutDirection' is included
            in the 'nav' configuration, which is not found in the documentation files
WARNING  -  A relative path to 'Iris/iris_widget_prog_guide/Content/FlexScrollContainer_Properties.html#right' is
            included in the 'nav' configuration, which is not found in the documentation files
WARNING  -  A relative path to 'Iris/iris_widget_prog_guide/Content/FlexScrollContainer_Properties.html#scrollDi' is
            included in the 'nav' configuration, which is not found in the documentation files
WARNING  -  A relative path to 'Iris/iris_widget_prog_guide/Content/FlexScrollContainer_Properties.html#scrollsT' is
            included in the 'nav' configuration, which is not found in the documentation files
WARNING  -  A relative path to 'Iris/iris_widget_prog_guide/Content/FlexScrollContainer_Properties.html#skin' is
            included in the 'nav' configuration, which is not found in the documentation files
WARNING  -  A relative path to 'Iris/iris_widget_prog_guide/Content/FlexScrollContainer_Properties.html#top' is included
            in the 'nav' configuration, which is not found in the documentation files
WARNING  -  A relative path to 'Iris/iris_widget_prog_guide/Content/FlexScrollContainer_Properties.html#tracking' is
            included in the 'nav' configuration, which is not found in the documentation files
WARNING  -  A relative path to 'Iris/iris_widget_prog_guide/Content/FlexScrollContainer_Properties.html#transfor' is
            included in the 'nav' configuration, which is not found in the documentation files
WARNING  -  A relative path to 'Iris/iris_widget_prog_guide/Content/FlexScrollContainer_Properties.html#vertical' is
            included in the 'nav' configuration, which is not found in the documentation files
WARNING  -  A relative path to 'Iris/iris_widget_prog_guide/Content/FlexScrollContainer_Properties.html#widgetSwipeMove'
            is included in the 'nav' configuration, which is not found in the documentation files
WARNING  -  A relative path to 'Iris/iris_widget_prog_guide/Content/FlexScrollContainer_Properties.html#width' is
            included in the 'nav' configuration, which is not found in the documentation files
WARNING  -  A relative path to 'Iris/iris_widget_prog_guide/Content/FlexScrollContainer_Properties.html#zIndex' is
            included in the 'nav' configuration, which is not found in the documentation files
WARNING  -  A relative path to 'Iris/iris_widget_prog_guide/Content/FlexScrollContainer_Properties.html#zooming' is
            included in the 'nav' configuration, which is not found in the documentation files
WARNING  -  A relative path to 'Iris/iris_widget_prog_guide/Content/FlexScrollContainer_Properties.html#zoomScal' is
            included in the 'nav' configuration, which is not found in the documentation files
WARNING  -  A relative path to 'Iris/iris_widget_prog_guide/Content/Image.html#image-widget-basics' is included in the
            'nav' configuration, which is not found in the documentation files
WARNING  -  A relative path to 'Iris/iris_widget_prog_guide/Content/Image_Events.html#doLayout' is included in the 'nav'
            configuration, which is not found in the documentation files
WARNING  -  A relative path to 'Iris/iris_widget_prog_guide/Content/Image_Events.html#onDownlo' is included in the 'nav'
            configuration, which is not found in the documentation files
WARNING  -  A relative path to 'Iris/iris_widget_prog_guide/Content/Image_Events.html#onScrollWidgetPosition' is
            included in the 'nav' configuration, which is not found in the documentation files
WARNING  -  A relative path to 'Iris/iris_widget_prog_guide/Content/Image_Events.html#onTouchEnd' is included in the
            'nav' configuration, which is not found in the documentation files
WARNING  -  A relative path to 'Iris/iris_widget_prog_guide/Content/Image_Events.html#onTouchMove' is included in the
            'nav' configuration, which is not found in the documentation files
WARNING  -  A relative path to 'Iris/iris_widget_prog_guide/Content/Image_Events.html#onTouchStart' is included in the
            'nav' configuration, which is not found in the documentation files
WARNING  -  A relative path to 'Iris/iris_widget_prog_guide/Content/Image_Method.html#addGestureRecognizer' is included
            in the 'nav' configuration, which is not found in the documentation files
WARNING  -  A relative path to 'Iris/iris_widget_prog_guide/Content/Image_Method.html#addOverlayWidgets' is included in
            the 'nav' configuration, which is not found in the documentation files
WARNING  -  A relative path to 'Iris/iris_widget_prog_guide/Content/Image_Method.html#animate' is included in the 'nav'
            configuration, which is not found in the documentation files
WARNING  -  A relative path to 'Iris/iris_widget_prog_guide/Content/Image_Method.html#clone' is included in the 'nav'
            configuration, which is not found in the documentation files
WARNING  -  A relative path to 'Iris/iris_widget_prog_guide/Content/Image_Method.html#convertPointFromWidget' is
            included in the 'nav' configuration, which is not found in the documentation files
WARNING  -  A relative path to 'Iris/iris_widget_prog_guide/Content/Image_Method.html#convertPointToWidget' is included
            in the 'nav' configuration, which is not found in the documentation files
WARNING  -  A relative path to 'Iris/iris_widget_prog_guide/Content/Image_Method.html#Crp2Rect' is included in the 'nav'
            configuration, which is not found in the documentation files
WARNING  -  A relative path to 'Iris/iris_widget_prog_guide/Content/Image_Method.html#getBadge' is included in the 'nav'
            configuration, which is not found in the documentation files
WARNING  -  A relative path to 'Iris/iris_widget_prog_guide/Content/Image_Method.html#ImgRaw' is included in the 'nav'
            configuration, which is not found in the documentation files
WARNING  -  A relative path to 'Iris/iris_widget_prog_guide/Content/Image_Method.html#ImgHeight' is included in the
            'nav' configuration, which is not found in the documentation files
WARNING  -  A relative path to 'Iris/iris_widget_prog_guide/Content/Image_Method.html#ImgWidth' is included in the 'nav'
            configuration, which is not found in the documentation files
WARNING  -  A relative path to 'Iris/iris_widget_prog_guide/Content/Image_Method.html#register' is included in the 'nav'
            configuration, which is not found in the documentation files
WARNING  -  A relative path to 'Iris/iris_widget_prog_guide/Content/Image_Method.html#removeFromParent' is included in
            the 'nav' configuration, which is not found in the documentation files
WARNING  -  A relative path to 'Iris/iris_widget_prog_guide/Content/Image_Method.html#removeGestureRecognizer' is
            included in the 'nav' configuration, which is not found in the documentation files
WARNING  -  A relative path to 'Iris/iris_widget_prog_guide/Content/Image_Method.html#removeOverlayWidgets' is included
            in the 'nav' configuration, which is not found in the documentation files
WARNING  -  A relative path to 'Iris/iris_widget_prog_guide/Content/Image_Method.html#scale' is included in the 'nav'
            configuration, which is not found in the documentation files
WARNING  -  A relative path to 'Iris/iris_widget_prog_guide/Content/Image_Method.html#setBadge' is included in the 'nav'
            configuration, which is not found in the documentation files
WARNING  -  A relative path to 'Iris/iris_widget_prog_guide/Content/Image_Method.html#setEnabled' is included in the
            'nav' configuration, which is not found in the documentation files
WARNING  -  A relative path to 'Iris/iris_widget_prog_guide/Content/Image_Method.html#setFocus' is included in the 'nav'
            configuration, which is not found in the documentation files
WARNING  -  A relative path to 'Iris/iris_widget_prog_guide/Content/Image_Method.html#setGestureRecognizer' is included
            in the 'nav' configuration, which is not found in the documentation files
WARNING  -  A relative path to 'Iris/iris_widget_prog_guide/Content/Image_Method.html#setOnPek' is included in the 'nav'
            configuration, which is not found in the documentation files
WARNING  -  A relative path to 'Iris/iris_widget_prog_guide/Content/Image_Method.html#setOnPop' is included in the 'nav'
            configuration, which is not found in the documentation files
WARNING  -  A relative path to 'Iris/iris_widget_prog_guide/Content/Image_Method.html#setVisibility' is included in the
            'nav' configuration, which is not found in the documentation files
WARNING  -  A relative path to 'Iris/iris_widget_prog_guide/Content/Image_Method.html#unregist' is included in the 'nav'
            configuration, which is not found in the documentation files
WARNING  -  A relative path to 'Iris/iris_widget_prog_guide/Content/Image_Properties.html#accessibilityConfig' is
            included in the 'nav' configuration, which is not found in the documentation files
WARNING  -  A relative path to 'Iris/iris_widget_prog_guide/Content/Image_Properties.html#anchorPo' is included in the
            'nav' configuration, which is not found in the documentation files
WARNING  -  A relative path to 'Iris/iris_widget_prog_guide/Content/Image_Properties.html#base64' is included in the
            'nav' configuration, which is not found in the documentation files
WARNING  -  A relative path to 'Iris/iris_widget_prog_guide/Content/Image_Properties.html#blur' is included in the 'nav'
            configuration, which is not found in the documentation files
WARNING  -  A relative path to 'Iris/iris_widget_prog_guide/Content/Image_Properties.html#bottom' is included in the
            'nav' configuration, which is not found in the documentation files
WARNING  -  A relative path to 'Iris/iris_widget_prog_guide/Content/Image_Properties.html#cacheConfig' is included in
            the 'nav' configuration, which is not found in the documentation files
WARNING  -  A relative path to 'Iris/iris_widget_prog_guide/Content/Image_Properties.html#centerX' is included in the
            'nav' configuration, which is not found in the documentation files
WARNING  -  A relative path to 'Iris/iris_widget_prog_guide/Content/Image_Properties.html#centerY' is included in the
            'nav' configuration, which is not found in the documentation files
WARNING  -  A relative path to 'Iris/iris_widget_prog_guide/Content/Image_Properties.html#clipView' is included in the
            'nav' configuration, which is not found in the documentation files
WARNING  -  A relative path to 'Iris/iris_widget_prog_guide/Content/Image_Properties.html#cursorType' is included in the
            'nav' configuration, which is not found in the documentation files
WARNING  -  A relative path to 'Iris/iris_widget_prog_guide/Content/Image_Properties.html#enable' is included in the
            'nav' configuration, which is not found in the documentation files
WARNING  -  A relative path to 'Iris/iris_widget_prog_guide/Content/Image_Properties.html#enableCa' is included in the
            'nav' configuration, which is not found in the documentation files
WARNING  -  A relative path to 'Iris/iris_widget_prog_guide/Content/Image_Properties.html#glossyEffect' is included in
            the 'nav' configuration, which is not found in the documentation files
WARNING  -  A relative path to 'Iris/iris_widget_prog_guide/Content/Image_Properties.html#height' is included in the
            'nav' configuration, which is not found in the documentation files
WARNING  -  A relative path to 'Iris/iris_widget_prog_guide/Content/Image_Properties.html#hoverSkin' is included in the
            'nav' configuration, which is not found in the documentation files
WARNING  -  A relative path to 'Iris/iris_widget_prog_guide/Content/Image_Properties.html#id' is included in the 'nav'
            configuration, which is not found in the documentation files
WARNING  -  A relative path to 'Iris/iris_widget_prog_guide/Content/Image_Properties.html#imageScaleMode' is included in
            the 'nav' configuration, which is not found in the documentation files
WARNING  -  A relative path to 'Iris/iris_widget_prog_guide/Content/Image_Properties.html#imageWhenFailed' is included
            in the 'nav' configuration, which is not found in the documentation files
WARNING  -  A relative path to 'Iris/iris_widget_prog_guide/Content/Image_Properties.html#imageWhileDownloading' is
            included in the 'nav' configuration, which is not found in the documentation files
WARNING  -  A relative path to 'Iris/iris_widget_prog_guide/Content/Image_Properties.html#info' is included in the 'nav'
            configuration, which is not found in the documentation files
WARNING  -  A relative path to 'Iris/iris_widget_prog_guide/Content/Image_Properties.html#isVisible' is included in the
            'nav' configuration, which is not found in the documentation files
WARNING  -  A relative path to 'Iris/iris_widget_prog_guide/Content/Image_Properties.html#left' is included in the 'nav'
            configuration, which is not found in the documentation files
WARNING  -  A relative path to 'Iris/iris_widget_prog_guide/Content/Image_Properties.html#maxHeigh' is included in the
            'nav' configuration, which is not found in the documentation files
WARNING  -  A relative path to 'Iris/iris_widget_prog_guide/Content/Image_Properties.html#maxWidth' is included in the
            'nav' configuration, which is not found in the documentation files
WARNING  -  A relative path to 'Iris/iris_widget_prog_guide/Content/Image_Properties.html#minHeigh' is included in the
            'nav' configuration, which is not found in the documentation files
WARNING  -  A relative path to 'Iris/iris_widget_prog_guide/Content/Image_Properties.html#minWidth' is included in the
            'nav' configuration, which is not found in the documentation files
WARNING  -  A relative path to 'Iris/iris_widget_prog_guide/Content/Image_Properties.html#opacity' is included in the
            'nav' configuration, which is not found in the documentation files
WARNING  -  A relative path to 'Iris/iris_widget_prog_guide/Content/Image_Properties.html#padding' is included in the
            'nav' configuration, which is not found in the documentation files
WARNING  -  A relative path to 'Iris/iris_widget_prog_guide/Content/Image_Properties.html#paddingInPixel' is included in
            the 'nav' configuration, which is not found in the documentation files
WARNING  -  A relative path to 'Iris/iris_widget_prog_guide/Content/Image_Properties.html#parent' is included in the
            'nav' configuration, which is not found in the documentation files
WARNING  -  A relative path to 'Iris/iris_widget_prog_guide/Content/Image_Properties.html#rawBytes' is included in the
            'nav' configuration, which is not found in the documentation files
WARNING  -  A relative path to 'Iris/iris_widget_prog_guide/Content/Image_Properties.html#renderAs' is included in the
            'nav' configuration, which is not found in the documentation files
WARNING  -  A relative path to 'Iris/iris_widget_prog_guide/Content/Image_Properties.html#retainContentAlignment' is
            included in the 'nav' configuration, which is not found in the documentation files
WARNING  -  A relative path to 'Iris/iris_widget_prog_guide/Content/Image_Properties.html#retainFlexPositionProperties'
            is included in the 'nav' configuration, which is not found in the documentation files
WARNING  -  A relative path to 'Iris/iris_widget_prog_guide/Content/Image_Properties.html#retainFlowHorizontalAlignment'
            is included in the 'nav' configuration, which is not found in the documentation files
WARNING  -  A relative path to 'Iris/iris_widget_prog_guide/Content/Image_Properties.html#right' is included in the
            'nav' configuration, which is not found in the documentation files
WARNING  -  A relative path to 'Iris/iris_widget_prog_guide/Content/Image_Properties.html#shadowDepth' is included in
            the 'nav' configuration, which is not found in the documentation files
WARNING  -  A relative path to 'Iris/iris_widget_prog_guide/Content/Image_Properties.html#shadowType' is included in the
            'nav' configuration, which is not found in the documentation files
WARNING  -  A relative path to 'Iris/iris_widget_prog_guide/Content/Image_Properties.html#skin' is included in the 'nav'
            configuration, which is not found in the documentation files
WARNING  -  A relative path to 'Iris/iris_widget_prog_guide/Content/Image_Properties.html#src' is included in the 'nav'
            configuration, which is not found in the documentation files
WARNING  -  A relative path to 'Iris/iris_widget_prog_guide/Content/Image_Properties.html#toolTip' is included in the
            'nav' configuration, which is not found in the documentation files
WARNING  -  A relative path to 'Iris/iris_widget_prog_guide/Content/Image_Properties.html#top' is included in the 'nav'
            configuration, which is not found in the documentation files
WARNING  -  A relative path to 'Iris/iris_widget_prog_guide/Content/Image_Properties.html#transfor' is included in the
            'nav' configuration, which is not found in the documentation files
WARNING  -  A relative path to 'Iris/iris_widget_prog_guide/Content/Image_Properties.html#widgetSwipeMove' is included
            in the 'nav' configuration, which is not found in the documentation files
WARNING  -  A relative path to 'Iris/iris_widget_prog_guide/Content/Image_Properties.html#width' is included in the
            'nav' configuration, which is not found in the documentation files
WARNING  -  A relative path to 'Iris/iris_widget_prog_guide/Content/Image_Properties.html#zIndex' is included in the
            'nav' configuration, which is not found in the documentation files
WARNING  -  A relative path to 'Iris/iris_widget_prog_guide/Content/Image_Properties.html#zoomEnabled' is included in
            the 'nav' configuration, which is not found in the documentation files
WARNING  -  A relative path to 'Iris/iris_widget_prog_guide/Content/Image_Properties.html#zoomValue' is included in the
            'nav' configuration, which is not found in the documentation files
WARNING  -  A relative path to 'Iris/iris_widget_prog_guide/Content/label.html#label-widget-basics' is included in the
            'nav' configuration, which is not found in the documentation files
WARNING  -  A relative path to 'Iris/iris_widget_prog_guide/Content/Label_Events.html#doLayout' is included in the 'nav'
            configuration, which is not found in the documentation files
WARNING  -  A relative path to 'Iris/iris_widget_prog_guide/Content/Label_Events.html#onScrollWidgetPosition' is
            included in the 'nav' configuration, which is not found in the documentation files
WARNING  -  A relative path to 'Iris/iris_widget_prog_guide/Content/Label_Events.html#onTouchEnd' is included in the
            'nav' configuration, which is not found in the documentation files
WARNING  -  A relative path to 'Iris/iris_widget_prog_guide/Content/Label_Events.html#onTouchMove' is included in the
            'nav' configuration, which is not found in the documentation files
WARNING  -  A relative path to 'Iris/iris_widget_prog_guide/Content/Label_Events.html#onTouchStart' is included in the
            'nav' configuration, which is not found in the documentation files
WARNING  -  A relative path to 'Iris/iris_widget_prog_guide/Content/Label_Method.html#addGestureRecognizer' is included
            in the 'nav' configuration, which is not found in the documentation files
WARNING  -  A relative path to 'Iris/iris_widget_prog_guide/Content/Label_Method.html#animate' is included in the 'nav'
            configuration, which is not found in the documentation files
WARNING  -  A relative path to 'Iris/iris_widget_prog_guide/Content/Label_Method.html#clone' is included in the 'nav'
            configuration, which is not found in the documentation files
WARNING  -  A relative path to 'Iris/iris_widget_prog_guide/Content/Label_Method.html#convertPointFromWidget' is
            included in the 'nav' configuration, which is not found in the documentation files
WARNING  -  A relative path to 'Iris/iris_widget_prog_guide/Content/Label_Method.html#convertPointToWidget' is included
            in the 'nav' configuration, which is not found in the documentation files
WARNING  -  A relative path to 'Iris/iris_widget_prog_guide/Content/Label_Method.html#getBadge' is included in the 'nav'
            configuration, which is not found in the documentation files
WARNING  -  A relative path to 'Iris/iris_widget_prog_guide/Content/Label_Method.html#register' is included in the 'nav'
            configuration, which is not found in the documentation files
WARNING  -  A relative path to 'Iris/iris_widget_prog_guide/Content/Label_Method.html#removeFromParent' is included in
            the 'nav' configuration, which is not found in the documentation files
WARNING  -  A relative path to 'Iris/iris_widget_prog_guide/Content/Label_Method.html#removeGestureRecognizer' is
            included in the 'nav' configuration, which is not found in the documentation files
WARNING  -  A relative path to 'Iris/iris_widget_prog_guide/Content/Label_Method.html#setBadge' is included in the 'nav'
            configuration, which is not found in the documentation files
WARNING  -  A relative path to 'Iris/iris_widget_prog_guide/Content/Label_Method.html#setEnabled' is included in the
            'nav' configuration, which is not found in the documentation files
WARNING  -  A relative path to 'Iris/iris_widget_prog_guide/Content/Label_Method.html#setFocus' is included in the 'nav'
            configuration, which is not found in the documentation files
WARNING  -  A relative path to 'Iris/iris_widget_prog_guide/Content/Label_Method.html#setGestureRecognizer' is included
            in the 'nav' configuration, which is not found in the documentation files
WARNING  -  A relative path to 'Iris/iris_widget_prog_guide/Content/Label_Method.html#setOnPek' is included in the 'nav'
            configuration, which is not found in the documentation files
WARNING  -  A relative path to 'Iris/iris_widget_prog_guide/Content/Label_Method.html#setOnPop' is included in the 'nav'
            configuration, which is not found in the documentation files
WARNING  -  A relative path to 'Iris/iris_widget_prog_guide/Content/Label_Method.html#setVisibility' is included in the
            'nav' configuration, which is not found in the documentation files
WARNING  -  A relative path to 'Iris/iris_widget_prog_guide/Content/Label_Method.html#unregist' is included in the 'nav'
            configuration, which is not found in the documentation files
WARNING  -  A relative path to 'Iris/iris_widget_prog_guide/Content/Label_Properties.html#accessibilityConfig' is
            included in the 'nav' configuration, which is not found in the documentation files
WARNING  -  A relative path to 'Iris/iris_widget_prog_guide/Content/Label_Properties.html#anchorPo' is included in the
            'nav' configuration, which is not found in the documentation files
WARNING  -  A relative path to 'Iris/iris_widget_prog_guide/Content/Label_Properties.html#backgrou' is included in the
            'nav' configuration, which is not found in the documentation files
WARNING  -  A relative path to
            'Iris/iris_widget_prog_guide/Content/Label_Properties.html#backgroundColorMultiStepGradient' is included in
            the 'nav' configuration, which is not found in the documentation files
WARNING  -  A relative path to
            'Iris/iris_widget_prog_guide/Content/Label_Properties.html#backgroundColorTwoStepGradient' is included in
            the 'nav' configuration, which is not found in the documentation files
WARNING  -  A relative path to 'Iris/iris_widget_prog_guide/Content/Label_Properties.html#backgroundImage' is included
            in the 'nav' configuration, which is not found in the documentation files
WARNING  -  A relative path to 'Iris/iris_widget_prog_guide/Content/Label_Properties.html#blur' is included in the 'nav'
            configuration, which is not found in the documentation files
WARNING  -  A relative path to 'Iris/iris_widget_prog_guide/Content/Label_Properties.html#borderColor' is included in
            the 'nav' configuration, which is not found in the documentation files
WARNING  -  A relative path to 'Iris/iris_widget_prog_guide/Content/Label_Properties.html#borderColorGradient' is
            included in the 'nav' configuration, which is not found in the documentation files
WARNING  -  A relative path to 'Iris/iris_widget_prog_guide/Content/Label_Properties.html#borderStyle' is included in
            the 'nav' configuration, which is not found in the documentation files
WARNING  -  A relative path to 'Iris/iris_widget_prog_guide/Content/Label_Properties.html#borderWidth' is included in
            the 'nav' configuration, which is not found in the documentation files
WARNING  -  A relative path to 'Iris/iris_widget_prog_guide/Content/Label_Properties.html#bottom' is included in the
            'nav' configuration, which is not found in the documentation files
WARNING  -  A relative path to 'Iris/iris_widget_prog_guide/Content/Label_Properties.html#breakStrategy' is included in
            the 'nav' configuration, which is not found in the documentation files
WARNING  -  A relative path to 'Iris/iris_widget_prog_guide/Content/Label_Properties.html#centerX' is included in the
            'nav' configuration, which is not found in the documentation files
WARNING  -  A relative path to 'Iris/iris_widget_prog_guide/Content/Label_Properties.html#centerY' is included in the
            'nav' configuration, which is not found in the documentation files
WARNING  -  A relative path to 'Iris/iris_widget_prog_guide/Content/Label_Properties.html#clipView' is included in the
            'nav' configuration, which is not found in the documentation files
WARNING  -  A relative path to 'Iris/iris_widget_prog_guide/Content/Label_Properties.html#contentAlignment' is included
            in the 'nav' configuration, which is not found in the documentation files
WARNING  -  A relative path to 'Iris/iris_widget_prog_guide/Content/Label_Properties.html#cornerRadius' is included in
            the 'nav' configuration, which is not found in the documentation files
WARNING  -  A relative path to 'Iris/iris_widget_prog_guide/Content/Label_Properties.html#cursorType' is included in the
            'nav' configuration, which is not found in the documentation files
WARNING  -  A relative path to 'Iris/iris_widget_prog_guide/Content/Label_Properties.html#disabledStateSkinProperties'
            is included in the 'nav' configuration, which is not found in the documentation files
WARNING  -  A relative path to 'Iris/iris_widget_prog_guide/Content/Label_Properties.html#enable' is included in the
            'nav' configuration, which is not found in the documentation files
WARNING  -  A relative path to 'Iris/iris_widget_prog_guide/Content/Label_Properties.html#enableCa' is included in the
            'nav' configuration, which is not found in the documentation files
WARNING  -  A relative path to 'Iris/iris_widget_prog_guide/Content/Label_Properties.html#focusStateSkinProperties' is
            included in the 'nav' configuration, which is not found in the documentation files
WARNING  -  A relative path to 'Iris/iris_widget_prog_guide/Content/Label_Properties.html#fontColor' is included in the
            'nav' configuration, which is not found in the documentation files
WARNING  -  A relative path to 'Iris/iris_widget_prog_guide/Content/Label_Properties.html#fontFamily' is included in the
            'nav' configuration, which is not found in the documentation files
WARNING  -  A relative path to 'Iris/iris_widget_prog_guide/Content/Label_Properties.html#fontMetrics' is included in
            the 'nav' configuration, which is not found in the documentation files
WARNING  -  A relative path to 'Iris/iris_widget_prog_guide/Content/Label_Properties.html#fontSize' is included in the
            'nav' configuration, which is not found in the documentation files
WARNING  -  A relative path to 'Iris/iris_widget_prog_guide/Content/Label_Properties.html#fontStyle' is included in the
            'nav' configuration, which is not found in the documentation files
WARNING  -  A relative path to 'Iris/iris_widget_prog_guide/Content/Label_Properties.html#fontWeight' is included in the
            'nav' configuration, which is not found in the documentation files
WARNING  -  A relative path to 'Iris/iris_widget_prog_guide/Content/Label_Properties.html#height' is included in the
            'nav' configuration, which is not found in the documentation files
WARNING  -  A relative path to 'Iris/iris_widget_prog_guide/Content/Label_Properties.html#hoverSki' is included in the
            'nav' configuration, which is not found in the documentation files
WARNING  -  A relative path to 'Iris/iris_widget_prog_guide/Content/Label_Properties.html#hoverStateSkinProperties' is
            included in the 'nav' configuration, which is not found in the documentation files
WARNING  -  A relative path to 'Iris/iris_widget_prog_guide/Content/Label_Properties.html#hyphenationFrequency' is
            included in the 'nav' configuration, which is not found in the documentation files
WARNING  -  A relative path to 'Iris/iris_widget_prog_guide/Content/Label_Properties.html#id' is included in the 'nav'
            configuration, which is not found in the documentation files
WARNING  -  A relative path to 'Iris/iris_widget_prog_guide/Content/Label_Properties.html#info' is included in the 'nav'
            configuration, which is not found in the documentation files
WARNING  -  A relative path to 'Iris/iris_widget_prog_guide/Content/Label_Properties.html#isVisibl' is included in the
            'nav' configuration, which is not found in the documentation files
WARNING  -  A relative path to 'Iris/iris_widget_prog_guide/Content/Label_Properties.html#left' is included in the 'nav'
            configuration, which is not found in the documentation files
WARNING  -  A relative path to 'Iris/iris_widget_prog_guide/Content/Label_Properties.html#maxHeigh' is included in the
            'nav' configuration, which is not found in the documentation files
WARNING  -  A relative path to 'Iris/iris_widget_prog_guide/Content/Label_Properties.html#maxNumberOfLines' is included
            in the 'nav' configuration, which is not found in the documentation files
WARNING  -  A relative path to 'Iris/iris_widget_prog_guide/Content/Label_Properties.html#maxWidth' is included in the
            'nav' configuration, which is not found in the documentation files
WARNING  -  A relative path to 'Iris/iris_widget_prog_guide/Content/Label_Properties.html#minHeigh' is included in the
            'nav' configuration, which is not found in the documentation files
WARNING  -  A relative path to 'Iris/iris_widget_prog_guide/Content/Label_Properties.html#minWidth' is included in the
            'nav' configuration, which is not found in the documentation files
WARNING  -  A relative path to 'Iris/iris_widget_prog_guide/Content/Label_Properties.html#newUnderlineBehaviour' is
            included in the 'nav' configuration, which is not found in the documentation files
WARNING  -  A relative path to 'Iris/iris_widget_prog_guide/Content/Label_Properties.html#opacity' is included in the
            'nav' configuration, which is not found in the documentation files
WARNING  -  A relative path to 'Iris/iris_widget_prog_guide/Content/Label_Properties.html#padding' is included in the
            'nav' configuration, which is not found in the documentation files
WARNING  -  A relative path to 'Iris/iris_widget_prog_guide/Content/Label_Properties.html#paddingInPixel' is included in
            the 'nav' configuration, which is not found in the documentation files
WARNING  -  A relative path to 'Iris/iris_widget_prog_guide/Content/Label_Properties.html#parent' is included in the
            'nav' configuration, which is not found in the documentation files
WARNING  -  A relative path to 'Iris/iris_widget_prog_guide/Content/Label_Properties.html#pasteboa' is included in the
            'nav' configuration, which is not found in the documentation files
WARNING  -  A relative path to 'Iris/iris_widget_prog_guide/Content/Label_Properties.html#pressedStateSkinProperties' is
            included in the 'nav' configuration, which is not found in the documentation files
WARNING  -  A relative path to 'Iris/iris_widget_prog_guide/Content/Label_Properties.html#renderAs' is included in the
            'nav' configuration, which is not found in the documentation files
WARNING  -  A relative path to 'Iris/iris_widget_prog_guide/Content/Label_Properties.html#retainContentAlignment' is
            included in the 'nav' configuration, which is not found in the documentation files
WARNING  -  A relative path to 'Iris/iris_widget_prog_guide/Content/Label_Properties.html#retainFlexPositionProperties'
            is included in the 'nav' configuration, which is not found in the documentation files
WARNING  -  A relative path to 'Iris/iris_widget_prog_guide/Content/Label_Properties.html#retainFlowHorizontalAlignment'
            is included in the 'nav' configuration, which is not found in the documentation files
WARNING  -  A relative path to 'Iris/iris_widget_prog_guide/Content/Label_Properties.html#right' is included in the
            'nav' configuration, which is not found in the documentation files
WARNING  -  A relative path to 'Iris/iris_widget_prog_guide/Content/Label_Properties.html#shadowColor' is included in
            the 'nav' configuration, which is not found in the documentation files
WARNING  -  A relative path to 'Iris/iris_widget_prog_guide/Content/Label_Properties.html#shadowDepth' is included in
            the 'nav' configuration, which is not found in the documentation files
WARNING  -  A relative path to 'Iris/iris_widget_prog_guide/Content/Label_Properties.html#shadowOffset' is included in
            the 'nav' configuration, which is not found in the documentation files
WARNING  -  A relative path to 'Iris/iris_widget_prog_guide/Content/Label_Properties.html#shadowRadius' is included in
            the 'nav' configuration, which is not found in the documentation files
WARNING  -  A relative path to 'Iris/iris_widget_prog_guide/Content/Label_Properties.html#shadowType' is included in the
            'nav' configuration, which is not found in the documentation files
WARNING  -  A relative path to 'Iris/iris_widget_prog_guide/Content/Label_Properties.html#skin' is included in the 'nav'
            configuration, which is not found in the documentation files
WARNING  -  A relative path to 'Iris/iris_widget_prog_guide/Content/Label_Properties.html#text' is included in the 'nav'
            configuration, which is not found in the documentation files
WARNING  -  A relative path to 'Iris/iris_widget_prog_guide/Content/Label_Properties.html#textCopy' is included in the
            'nav' configuration, which is not found in the documentation files
WARNING  -  A relative path to 'Iris/iris_widget_prog_guide/Content/Label_Properties.html#textShadowColor' is included
            in the 'nav' configuration, which is not found in the documentation files
WARNING  -  A relative path to 'Iris/iris_widget_prog_guide/Content/Label_Properties.html#textShadowOffset' is included
            in the 'nav' configuration, which is not found in the documentation files
WARNING  -  A relative path to 'Iris/iris_widget_prog_guide/Content/Label_Properties.html#textShadowRadius' is included
            in the 'nav' configuration, which is not found in the documentation files
WARNING  -  A relative path to 'Iris/iris_widget_prog_guide/Content/Label_Properties.html#textSyle' is included in the
            'nav' configuration, which is not found in the documentation files
WARNING  -  A relative path to 'Iris/iris_widget_prog_guide/Content/Label_Properties.html#textTruncatePosition' is
            included in the 'nav' configuration, which is not found in the documentation files
WARNING  -  A relative path to 'Iris/iris_widget_prog_guide/Content/Label_Properties.html#top' is included in the 'nav'
            configuration, which is not found in the documentation files
WARNING  -  A relative path to 'Iris/iris_widget_prog_guide/Content/Label_Properties.html#toolTip' is included in the
            'nav' configuration, which is not found in the documentation files
WARNING  -  A relative path to 'Iris/iris_widget_prog_guide/Content/Label_Properties.html#transfor' is included in the
            'nav' configuration, which is not found in the documentation files
WARNING  -  A relative path to 'Iris/iris_widget_prog_guide/Content/Label_Properties.html#widgetSwipeMove' is included
            in the 'nav' configuration, which is not found in the documentation files
WARNING  -  A relative path to 'Iris/iris_widget_prog_guide/Content/Label_Properties.html#width' is included in the
            'nav' configuration, which is not found in the documentation files
WARNING  -  A relative path to 'Iris/iris_widget_prog_guide/Content/Label_Properties.html#wrapping' is included in the
            'nav' configuration, which is not found in the documentation files
WARNING  -  A relative path to 'Iris/iris_widget_prog_guide/Content/Label_Properties.html#zIndex' is included in the
            'nav' configuration, which is not found in the documentation files
WARNING  -  A relative path to 'Iris/iris_widget_prog_guide/Content/ListBox.html#listbox-widget-basics' is included in
            the 'nav' configuration, which is not found in the documentation files
WARNING  -  A relative path to 'Iris/iris_widget_prog_guide/Content/ListBox_Events.html#doLayout' is included in the
            'nav' configuration, which is not found in the documentation files
WARNING  -  A relative path to 'Iris/iris_widget_prog_guide/Content/ListBox_Events.html#onScrollWidgetPosition' is
            included in the 'nav' configuration, which is not found in the documentation files
WARNING  -  A relative path to 'Iris/iris_widget_prog_guide/Content/ListBox_Events.html#onSelect' is included in the
            'nav' configuration, which is not found in the documentation files
WARNING  -  A relative path to 'Iris/iris_widget_prog_guide/Content/ListBox_Events.html#onTouchEnd' is included in the
            'nav' configuration, which is not found in the documentation files
WARNING  -  A relative path to 'Iris/iris_widget_prog_guide/Content/ListBox_Events.html#onTouchMove' is included in the
            'nav' configuration, which is not found in the documentation files
WARNING  -  A relative path to 'Iris/iris_widget_prog_guide/Content/ListBox_Events.html#onTouchStart' is included in the
            'nav' configuration, which is not found in the documentation files
WARNING  -  A relative path to 'Iris/iris_widget_prog_guide/Content/ListBox_Events.html#preonclickjs' is included in the
            'nav' configuration, which is not found in the documentation files
WARNING  -  A relative path to 'Iris/iris_widget_prog_guide/Content/ListBox_Events.html#postonclickjs' is included in
            the 'nav' configuration, which is not found in the documentation files
WARNING  -  A relative path to 'Iris/iris_widget_prog_guide/Content/ListBox_Method.html#addGestureRecognizer' is
            included in the 'nav' configuration, which is not found in the documentation files
WARNING  -  A relative path to 'Iris/iris_widget_prog_guide/Content/ListBox_Method.html#animate' is included in the
            'nav' configuration, which is not found in the documentation files
WARNING  -  A relative path to 'Iris/iris_widget_prog_guide/Content/ListBox_Method.html#clone' is included in the 'nav'
            configuration, which is not found in the documentation files
WARNING  -  A relative path to 'Iris/iris_widget_prog_guide/Content/ListBox_Method.html#convertPointFromWidget' is
            included in the 'nav' configuration, which is not found in the documentation files
WARNING  -  A relative path to 'Iris/iris_widget_prog_guide/Content/ListBox_Method.html#convertPointToWidget' is
            included in the 'nav' configuration, which is not found in the documentation files
WARNING  -  A relative path to 'Iris/iris_widget_prog_guide/Content/ListBox_Method.html#getBadge' is included in the
            'nav' configuration, which is not found in the documentation files
WARNING  -  A relative path to 'Iris/iris_widget_prog_guide/Content/ListBox_Method.html#register' is included in the
            'nav' configuration, which is not found in the documentation files
WARNING  -  A relative path to 'Iris/iris_widget_prog_guide/Content/ListBox_Method.html#removeFromParent' is included in
            the 'nav' configuration, which is not found in the documentation files
WARNING  -  A relative path to 'Iris/iris_widget_prog_guide/Content/ListBox_Method.html#removeGestureRecognizer' is
            included in the 'nav' configuration, which is not found in the documentation files
WARNING  -  A relative path to 'Iris/iris_widget_prog_guide/Content/ListBox_Method.html#setBadge' is included in the
            'nav' configuration, which is not found in the documentation files
WARNING  -  A relative path to 'Iris/iris_widget_prog_guide/Content/ListBox_Method.html#setEnabled' is included in the
            'nav' configuration, which is not found in the documentation files
WARNING  -  A relative path to 'Iris/iris_widget_prog_guide/Content/ListBox_Method.html#setFocus' is included in the
            'nav' configuration, which is not found in the documentation files
WARNING  -  A relative path to 'Iris/iris_widget_prog_guide/Content/ListBox_Method.html#setGestureRecognizer' is
            included in the 'nav' configuration, which is not found in the documentation files
WARNING  -  A relative path to 'Iris/iris_widget_prog_guide/Content/ListBox_Method.html#setOnPek' is included in the
            'nav' configuration, which is not found in the documentation files
WARNING  -  A relative path to 'Iris/iris_widget_prog_guide/Content/ListBox_Method.html#setOnPop' is included in the
            'nav' configuration, which is not found in the documentation files
WARNING  -  A relative path to 'Iris/iris_widget_prog_guide/Content/ListBox_Method.html#setVisibility' is included in
            the 'nav' configuration, which is not found in the documentation files
WARNING  -  A relative path to 'Iris/iris_widget_prog_guide/Content/ListBox_Method.html#unregist' is included in the
            'nav' configuration, which is not found in the documentation files
WARNING  -  A relative path to 'Iris/iris_widget_prog_guide/Content/ListBox_Basic_Properties.html#accessibilityConfig'
            is included in the 'nav' configuration, which is not found in the documentation files
WARNING  -  A relative path to 'Iris/iris_widget_prog_guide/Content/ListBox_Basic_Properties.html#anchorPo' is included
            in the 'nav' configuration, which is not found in the documentation files
WARNING  -  A relative path to 'Iris/iris_widget_prog_guide/Content/ListBox_Basic_Properties.html#applySki' is included
            in the 'nav' configuration, which is not found in the documentation files
WARNING  -  A relative path to 'Iris/iris_widget_prog_guide/Content/ListBox_Basic_Properties.html#backgrou' is included
            in the 'nav' configuration, which is not found in the documentation files
WARNING  -  A relative path to
            'Iris/iris_widget_prog_guide/Content/ListBox_Basic_Properties.html#backgroundColorMultiStepGradient' is
            included in the 'nav' configuration, which is not found in the documentation files
WARNING  -  A relative path to
            'Iris/iris_widget_prog_guide/Content/ListBox_Basic_Properties.html#backgroundColorTwoStepGradient' is
            included in the 'nav' configuration, which is not found in the documentation files
WARNING  -  A relative path to 'Iris/iris_widget_prog_guide/Content/ListBox_Basic_Properties.html#backgroundImage' is
            included in the 'nav' configuration, which is not found in the documentation files
WARNING  -  A relative path to 'Iris/iris_widget_prog_guide/Content/ListBox_Basic_Properties.html#blur' is included in
            the 'nav' configuration, which is not found in the documentation files
WARNING  -  A relative path to 'Iris/iris_widget_prog_guide/Content/ListBox_Basic_Properties.html#borderColor' is
            included in the 'nav' configuration, which is not found in the documentation files
WARNING  -  A relative path to 'Iris/iris_widget_prog_guide/Content/ListBox_Basic_Properties.html#borderColorGradient'
            is included in the 'nav' configuration, which is not found in the documentation files
WARNING  -  A relative path to 'Iris/iris_widget_prog_guide/Content/ListBox_Basic_Properties.html#borderStyle' is
            included in the 'nav' configuration, which is not found in the documentation files
WARNING  -  A relative path to 'Iris/iris_widget_prog_guide/Content/ListBox_Basic_Properties.html#borderWidth' is
            included in the 'nav' configuration, which is not found in the documentation files
WARNING  -  A relative path to 'Iris/iris_widget_prog_guide/Content/ListBox_Basic_Properties.html#bottom' is included in
            the 'nav' configuration, which is not found in the documentation files
WARNING  -  A relative path to 'Iris/iris_widget_prog_guide/Content/ListBox_Basic_Properties.html#centerX' is included
            in the 'nav' configuration, which is not found in the documentation files
WARNING  -  A relative path to 'Iris/iris_widget_prog_guide/Content/ListBox_Basic_Properties.html#centerY' is included
            in the 'nav' configuration, which is not found in the documentation files
WARNING  -  A relative path to 'Iris/iris_widget_prog_guide/Content/ListBox_Basic_Properties.html#containe' is included
            in the 'nav' configuration, which is not found in the documentation files
WARNING  -  A relative path to 'Iris/iris_widget_prog_guide/Content/ListBox_Basic_Properties.html#contentA' is included
            in the 'nav' configuration, which is not found in the documentation files
WARNING  -  A relative path to 'Iris/iris_widget_prog_guide/Content/ListBox_Basic_Properties.html#cornerRadius' is
            included in the 'nav' configuration, which is not found in the documentation files
WARNING  -  A relative path to 'Iris/iris_widget_prog_guide/Content/ListBox_Basic_Properties.html#cursorType' is
            included in the 'nav' configuration, which is not found in the documentation files
WARNING  -  A relative path to 'Iris/iris_widget_prog_guide/Content/ListBox_Basic_Properties.html#disabledKeys' is
            included in the 'nav' configuration, which is not found in the documentation files
WARNING  -  A relative path to
            'Iris/iris_widget_prog_guide/Content/ListBox_Basic_Properties.html#disabledStateSkinProperties' is included
            in the 'nav' configuration, which is not found in the documentation files
WARNING  -  A relative path to 'Iris/iris_widget_prog_guide/Content/ListBox_Basic_Properties.html#dropDown' is included
            in the 'nav' configuration, which is not found in the documentation files
WARNING  -  A relative path to 'Iris/iris_widget_prog_guide/Content/ListBox_Basic_Properties.html#enable' is included in
            the 'nav' configuration, which is not found in the documentation files
WARNING  -  A relative path to 'Iris/iris_widget_prog_guide/Content/ListBox_Basic_Properties.html#enableCa' is included
            in the 'nav' configuration, which is not found in the documentation files
WARNING  -  A relative path to 'Iris/iris_widget_prog_guide/Content/ListBox_Basic_Properties.html#enableHapticFeedback'
            is included in the 'nav' configuration, which is not found in the documentation files
WARNING  -  A relative path to
            'Iris/iris_widget_prog_guide/Content/ListBox_Basic_Properties.html#expandListItemToParentWidth' is included
            in the 'nav' configuration, which is not found in the documentation files
WARNING  -  A relative path to 'Iris/iris_widget_prog_guide/Content/ListBox_Basic_Properties.html#focusSki' is included
            in the 'nav' configuration, which is not found in the documentation files
WARNING  -  A relative path to
            'Iris/iris_widget_prog_guide/Content/ListBox_Basic_Properties.html#focusStateSkinProperties' is included in
            the 'nav' configuration, which is not found in the documentation files
WARNING  -  A relative path to 'Iris/iris_widget_prog_guide/Content/ListBox_Basic_Properties.html#fontColor' is included
            in the 'nav' configuration, which is not found in the documentation files
WARNING  -  A relative path to 'Iris/iris_widget_prog_guide/Content/ListBox_Basic_Properties.html#fontFamily' is
            included in the 'nav' configuration, which is not found in the documentation files
WARNING  -  A relative path to 'Iris/iris_widget_prog_guide/Content/ListBox_Basic_Properties.html#fontSize' is included
            in the 'nav' configuration, which is not found in the documentation files
WARNING  -  A relative path to 'Iris/iris_widget_prog_guide/Content/ListBox_Basic_Properties.html#fontStyle' is included
            in the 'nav' configuration, which is not found in the documentation files
WARNING  -  A relative path to 'Iris/iris_widget_prog_guide/Content/ListBox_Basic_Properties.html#fontWeight' is
            included in the 'nav' configuration, which is not found in the documentation files
WARNING  -  A relative path to 'Iris/iris_widget_prog_guide/Content/ListBox_Basic_Properties.html#groupCel' is included
            in the 'nav' configuration, which is not found in the documentation files
WARNING  -  A relative path to 'Iris/iris_widget_prog_guide/Content/ListBox_Basic_Properties.html#height' is included in
            the 'nav' configuration, which is not found in the documentation files
WARNING  -  A relative path to 'Iris/iris_widget_prog_guide/Content/ListBox_Basic_Properties.html#hoverSkin' is included
            in the 'nav' configuration, which is not found in the documentation files
WARNING  -  A relative path to
            'Iris/iris_widget_prog_guide/Content/ListBox_Basic_Properties.html#hoverStateSkinProperties' is included in
            the 'nav' configuration, which is not found in the documentation files
WARNING  -  A relative path to 'Iris/iris_widget_prog_guide/Content/ListBox_Basic_Properties.html#hExpand' is included
            in the 'nav' configuration, which is not found in the documentation files
WARNING  -  A relative path to 'Iris/iris_widget_prog_guide/Content/ListBox_Basic_Properties.html#id' is included in the
            'nav' configuration, which is not found in the documentation files
WARNING  -  A relative path to 'Iris/iris_widget_prog_guide/Content/ListBox_Basic_Properties.html#info' is included in
            the 'nav' configuration, which is not found in the documentation files
WARNING  -  A relative path to
            'Iris/iris_widget_prog_guide/Content/ListBox_Basic_Properties.html#inputAccessoryViewType' is included in
            the 'nav' configuration, which is not found in the documentation files
WARNING  -  A relative path to 'Iris/iris_widget_prog_guide/Content/ListBox_Basic_Properties.html#isVisibl' is included
            in the 'nav' configuration, which is not found in the documentation files
WARNING  -  A relative path to 'Iris/iris_widget_prog_guide/Content/ListBox_Basic_Properties.html#itemDisabledSkin' is
            included in the 'nav' configuration, which is not found in the documentation files
WARNING  -  A relative path to 'Iris/iris_widget_prog_guide/Content/ListBox_Basic_Properties.html#itemHoverSkin' is
            included in the 'nav' configuration, which is not found in the documentation files
WARNING  -  A relative path to 'Iris/iris_widget_prog_guide/Content/ListBox_Basic_Properties.html#itemNormalSkin' is
            included in the 'nav' configuration, which is not found in the documentation files
WARNING  -  A relative path to 'Iris/iris_widget_prog_guide/Content/ListBox_Basic_Properties.html#left' is included in
            the 'nav' configuration, which is not found in the documentation files
WARNING  -  A relative path to 'Iris/iris_widget_prog_guide/Content/ListBox_Basic_Properties.html#lockTextScroll' is
            included in the 'nav' configuration, which is not found in the documentation files
WARNING  -  A relative path to 'Iris/iris_widget_prog_guide/Content/ListBox_Basic_Properties.html#masterDa' is included
            in the 'nav' configuration, which is not found in the documentation files
WARNING  -  A relative path to 'Iris/iris_widget_prog_guide/Content/ListBox_Basic_Properties.html#masterDa2' is included
            in the 'nav' configuration, which is not found in the documentation files
WARNING  -  A relative path to 'Iris/iris_widget_prog_guide/Content/ListBox_Basic_Properties.html#maxHeigh' is included
            in the 'nav' configuration, which is not found in the documentation files
WARNING  -  A relative path to 'Iris/iris_widget_prog_guide/Content/ListBox_Basic_Properties.html#maxWidth' is included
            in the 'nav' configuration, which is not found in the documentation files
WARNING  -  A relative path to 'Iris/iris_widget_prog_guide/Content/ListBox_Basic_Properties.html#minHeigh' is included
            in the 'nav' configuration, which is not found in the documentation files
WARNING  -  A relative path to 'Iris/iris_widget_prog_guide/Content/ListBox_Basic_Properties.html#minWidth' is included
            in the 'nav' configuration, which is not found in the documentation files
WARNING  -  A relative path to 'Iris/iris_widget_prog_guide/Content/ListBox_Basic_Properties.html#multiSel' is included
            in the 'nav' configuration, which is not found in the documentation files
WARNING  -  A relative path to 'Iris/iris_widget_prog_guide/Content/ListBox_Basic_Properties.html#multiSel2' is included
            in the 'nav' configuration, which is not found in the documentation files
WARNING  -  A relative path to 'Iris/iris_widget_prog_guide/Content/ListBox_Basic_Properties.html#nativeLi' is included
            in the 'nav' configuration, which is not found in the documentation files
WARNING  -  A relative path to 'Iris/iris_widget_prog_guide/Content/ListBox_Basic_Properties.html#Native2' is included
            in the 'nav' configuration, which is not found in the documentation files
WARNING  -  A relative path to 'Iris/iris_widget_prog_guide/Content/ListBox_Basic_Properties.html#opacity' is included
            in the 'nav' configuration, which is not found in the documentation files
WARNING  -  A relative path to 'Iris/iris_widget_prog_guide/Content/ListBox_Basic_Properties.html#padding' is included
            in the 'nav' configuration, which is not found in the documentation files
WARNING  -  A relative path to 'Iris/iris_widget_prog_guide/Content/ListBox_Basic_Properties.html#paddingI' is included
            in the 'nav' configuration, which is not found in the documentation files
WARNING  -  A relative path to 'Iris/iris_widget_prog_guide/Content/ListBox_Basic_Properties.html#parent' is included in
            the 'nav' configuration, which is not found in the documentation files
WARNING  -  A relative path to 'Iris/iris_widget_prog_guide/Content/ListBox_Basic_Properties.html#placehol' is included
            in the 'nav' configuration, which is not found in the documentation files
WARNING  -  A relative path to 'Iris/iris_widget_prog_guide/Content/ListBox_Basic_Properties.html#placehol3' is included
            in the 'nav' configuration, which is not found in the documentation files
WARNING  -  A relative path to 'Iris/iris_widget_prog_guide/Content/ListBox_Basic_Properties.html#popupIco' is included
            in the 'nav' configuration, which is not found in the documentation files
WARNING  -  A relative path to 'Iris/iris_widget_prog_guide/Content/ListBox_Basic_Properties.html#popupTit' is included
            in the 'nav' configuration, which is not found in the documentation files
WARNING  -  A relative path to
            'Iris/iris_widget_prog_guide/Content/ListBox_Basic_Properties.html#popupTitleBackgroundColor' is included in
            the 'nav' configuration, which is not found in the documentation files
WARNING  -  A relative path to
            'Iris/iris_widget_prog_guide/Content/ListBox_Basic_Properties.html#pressedStateSkinProperties' is included
            in the 'nav' configuration, which is not found in the documentation files
WARNING  -  A relative path to
            'Iris/iris_widget_prog_guide/Content/ListBox_Basic_Properties.html#retainContentAlignment' is included in
            the 'nav' configuration, which is not found in the documentation files
WARNING  -  A relative path to
            'Iris/iris_widget_prog_guide/Content/ListBox_Basic_Properties.html#retainFlexPositionProperties' is included
            in the 'nav' configuration, which is not found in the documentation files
WARNING  -  A relative path to
            'Iris/iris_widget_prog_guide/Content/ListBox_Basic_Properties.html#retainFlowHorizontalAlignment' is
            included in the 'nav' configuration, which is not found in the documentation files
WARNING  -  A relative path to 'Iris/iris_widget_prog_guide/Content/ListBox_Basic_Properties.html#right' is included in
            the 'nav' configuration, which is not found in the documentation files
WARNING  -  A relative path to 'Iris/iris_widget_prog_guide/Content/ListBox_Basic_Properties.html#selected' is included
            in the 'nav' configuration, which is not found in the documentation files
WARNING  -  A relative path to 'Iris/iris_widget_prog_guide/Content/ListBox_Basic_Properties.html#selected2' is included
            in the 'nav' configuration, which is not found in the documentation files
WARNING  -  A relative path to 'Iris/iris_widget_prog_guide/Content/ListBox_Basic_Properties.html#selected2' is included
            in the 'nav' configuration, which is not found in the documentation files
WARNING  -  A relative path to 'Iris/iris_widget_prog_guide/Content/ListBox_Basic_Properties.html#selected3' is included
            in the 'nav' configuration, which is not found in the documentation files
WARNING  -  A relative path to 'Iris/iris_widget_prog_guide/Content/ListBox_Basic_Properties.html#shadowColor' is
            included in the 'nav' configuration, which is not found in the documentation files
WARNING  -  A relative path to 'Iris/iris_widget_prog_guide/Content/ListBox_Basic_Properties.html#shadowDepth' is
            included in the 'nav' configuration, which is not found in the documentation files
WARNING  -  A relative path to 'Iris/iris_widget_prog_guide/Content/ListBox_Basic_Properties.html#shadowOffset' is
            included in the 'nav' configuration, which is not found in the documentation files
WARNING  -  A relative path to 'Iris/iris_widget_prog_guide/Content/ListBox_Basic_Properties.html#shadowRadius' is
            included in the 'nav' configuration, which is not found in the documentation files
WARNING  -  A relative path to 'Iris/iris_widget_prog_guide/Content/ListBox_Basic_Properties.html#shadowType' is
            included in the 'nav' configuration, which is not found in the documentation files
WARNING  -  A relative path to 'Iris/iris_widget_prog_guide/Content/ListBox_Basic_Properties.html#showAppM' is included
            in the 'nav' configuration, which is not found in the documentation files
WARNING  -  A relative path to 'Iris/iris_widget_prog_guide/Content/ListBox_Basic_Properties.html#singleLi' is included
            in the 'nav' configuration, which is not found in the documentation files
WARNING  -  A relative path to 'Iris/iris_widget_prog_guide/Content/ListBox_Basic_Properties.html#singleLi2' is included
            in the 'nav' configuration, which is not found in the documentation files
WARNING  -  A relative path to 'Iris/iris_widget_prog_guide/Content/ListBox_Basic_Properties.html#skin' is included in
            the 'nav' configuration, which is not found in the documentation files
WARNING  -  A relative path to 'Iris/iris_widget_prog_guide/Content/ListBox_Basic_Properties.html#textShadowColor' is
            included in the 'nav' configuration, which is not found in the documentation files
WARNING  -  A relative path to 'Iris/iris_widget_prog_guide/Content/ListBox_Basic_Properties.html#textShadowOffset' is
            included in the 'nav' configuration, which is not found in the documentation files
WARNING  -  A relative path to 'Iris/iris_widget_prog_guide/Content/ListBox_Basic_Properties.html#textShadowRadius' is
            included in the 'nav' configuration, which is not found in the documentation files
WARNING  -  A relative path to 'Iris/iris_widget_prog_guide/Content/ListBox_Basic_Properties.html#textTrun' is included
            in the 'nav' configuration, which is not found in the documentation files
WARNING  -  A relative path to 'Iris/iris_widget_prog_guide/Content/ListBox_Basic_Properties.html#textTrun2' is included
            in the 'nav' configuration, which is not found in the documentation files
WARNING  -  A relative path to 'Iris/iris_widget_prog_guide/Content/ListBox_Basic_Properties.html#tickedIm' is included
            in the 'nav' configuration, which is not found in the documentation files
WARNING  -  A relative path to 'Iris/iris_widget_prog_guide/Content/ListBox_Basic_Properties.html#titleAlignment' is
            included in the 'nav' configuration, which is not found in the documentation files
WARNING  -  A relative path to 'Iris/iris_widget_prog_guide/Content/ListBox_Basic_Properties.html#titleIconAlignment' is
            included in the 'nav' configuration, which is not found in the documentation files
WARNING  -  A relative path to 'Iris/iris_widget_prog_guide/Content/ListBox_Basic_Properties.html#toolTip' is included
            in the 'nav' configuration, which is not found in the documentation files
WARNING  -  A relative path to 'Iris/iris_widget_prog_guide/Content/ListBox_Basic_Properties.html#top' is included in
            the 'nav' configuration, which is not found in the documentation files
WARNING  -  A relative path to 'Iris/iris_widget_prog_guide/Content/ListBox_Basic_Properties.html#transfor' is included
            in the 'nav' configuration, which is not found in the documentation files
WARNING  -  A relative path to 'Iris/iris_widget_prog_guide/Content/ListBox_Basic_Properties.html#unticked' is included
            in the 'nav' configuration, which is not found in the documentation files
WARNING  -  A relative path to 'Iris/iris_widget_prog_guide/Content/ListBox_Basic_Properties.html#vExpand' is included
            in the 'nav' configuration, which is not found in the documentation files
WARNING  -  A relative path to 'Iris/iris_widget_prog_guide/Content/ListBox_Basic_Properties.html#viewConf' is included
            in the 'nav' configuration, which is not found in the documentation files
WARNING  -  A relative path to 'Iris/iris_widget_prog_guide/Content/ListBox_Basic_Properties.html#viewType' is included
            in the 'nav' configuration, which is not found in the documentation files
WARNING  -  A relative path to 'Iris/iris_widget_prog_guide/Content/ListBox_Basic_Properties.html#wheelBac' is included
            in the 'nav' configuration, which is not found in the documentation files
WARNING  -  A relative path to 'Iris/iris_widget_prog_guide/Content/ListBox_Basic_Properties.html#widgetSwipeMove' is
            included in the 'nav' configuration, which is not found in the documentation files
WARNING  -  A relative path to 'Iris/iris_widget_prog_guide/Content/ListBox_Basic_Properties.html#widgetAl' is included
            in the 'nav' configuration, which is not found in the documentation files
WARNING  -  A relative path to 'Iris/iris_widget_prog_guide/Content/ListBox_Basic_Properties.html#width' is included in
            the 'nav' configuration, which is not found in the documentation files
WARNING  -  A relative path to 'Iris/iris_widget_prog_guide/Content/ListBox_Basic_Properties.html#zIndex' is included in
            the 'nav' configuration, which is not found in the documentation files
WARNING  -  A relative path to 'Iris/iris_widget_prog_guide/Content/Map.html#map-widget-basics' is included in the 'nav'
            configuration, which is not found in the documentation files
WARNING  -  A relative path to
            'Iris/iris_widget_prog_guide/Content/Map_Templates.html#what-is-a-template-for-map-callout' is included in
            the 'nav' configuration, which is not found in the documentation files
WARNING  -  A relative path to
            'Iris/iris_widget_prog_guide/Content/Map_Templates.html#where-to-use-a-map-callout-template' is included in
            the 'nav' configuration, which is not found in the documentation files
WARNING  -  A relative path to
            'Iris/iris_widget_prog_guide/Content/Map_Templates.html#creating-a-segment-template-within-a-segment-widget'
            is included in the 'nav' configuration, which is not found in the documentation files
WARNING  -  A relative path to 'Iris/iris_widget_prog_guide/Content/Map_Templates.html#using-map-callout-template' is
            included in the 'nav' configuration, which is not found in the documentation files
WARNING  -  A relative path to 'Iris/iris_widget_prog_guide/Content/Map_Events.html#doLayout' is included in the 'nav'
            configuration, which is not found in the documentation files
WARNING  -  A relative path to 'Iris/iris_widget_prog_guide/Content/Map_Events.html#onBoundsChanged' is included in the
            'nav' configuration, which is not found in the documentation files
WARNING  -  A relative path to 'Iris/iris_widget_prog_guide/Content/Map_Events.html#onClick' is included in the 'nav'
            configuration, which is not found in the documentation files
WARNING  -  A relative path to 'Iris/iris_widget_prog_guide/Content/Map_Events.html#onPinCli' is included in the 'nav'
            configuration, which is not found in the documentation files
WARNING  -  A relative path to 'Iris/iris_widget_prog_guide/Content/Map_Events.html#onMapLoaded' is included in the
            'nav' configuration, which is not found in the documentation files
WARNING  -  A relative path to 'Iris/iris_widget_prog_guide/Content/Map_Events.html#onScrollWidgetPosition' is included
            in the 'nav' configuration, which is not found in the documentation files
WARNING  -  A relative path to 'Iris/iris_widget_prog_guide/Content/Map_Events.html#onSelect' is included in the 'nav'
            configuration, which is not found in the documentation files
WARNING  -  A relative path to 'Iris/iris_widget_prog_guide/Content/Map_Methods.html#addCircl' is included in the 'nav'
            configuration, which is not found in the documentation files
WARNING  -  A relative path to 'Iris/iris_widget_prog_guide/Content/Map_Methods.html#addPin' is included in the 'nav'
            configuration, which is not found in the documentation files
WARNING  -  A relative path to 'Iris/iris_widget_prog_guide/Content/Map_Methods.html#addPins' is included in the 'nav'
            configuration, which is not found in the documentation files
WARNING  -  A relative path to 'Iris/iris_widget_prog_guide/Content/Map_Methods.html#addGestureRecognizer' is included
            in the 'nav' configuration, which is not found in the documentation files
WARNING  -  A relative path to 'Iris/iris_widget_prog_guide/Content/Map_Methods.html#addPolyg' is included in the 'nav'
            configuration, which is not found in the documentation files
WARNING  -  A relative path to 'Iris/iris_widget_prog_guide/Content/Map_Methods.html#addPolyl' is included in the 'nav'
            configuration, which is not found in the documentation files
WARNING  -  A relative path to 'Iris/iris_widget_prog_guide/Content/Map_Methods.html#animate' is included in the 'nav'
            configuration, which is not found in the documentation files
WARNING  -  A relative path to 'Iris/iris_widget_prog_guide/Content/Map_Methods.html#clear' is included in the 'nav'
            configuration, which is not found in the documentation files
WARNING  -  A relative path to 'Iris/iris_widget_prog_guide/Content/Map_Methods.html#clone' is included in the 'nav'
            configuration, which is not found in the documentation files
WARNING  -  A relative path to 'Iris/iris_widget_prog_guide/Content/Map_Methods.html#convertPointFromWidget' is included
            in the 'nav' configuration, which is not found in the documentation files
WARNING  -  A relative path to 'Iris/iris_widget_prog_guide/Content/Map_Methods.html#convertPointToWidget' is included
            in the 'nav' configuration, which is not found in the documentation files
WARNING  -  A relative path to 'Iris/iris_widget_prog_guide/Content/Map_Methods.html#dismissC' is included in the 'nav'
            configuration, which is not found in the documentation files
WARNING  -  A relative path to 'Iris/iris_widget_prog_guide/Content/Map_Methods.html#fitToBounds' is included in the
            'nav' configuration, which is not found in the documentation files
WARNING  -  A relative path to 'Iris/iris_widget_prog_guide/Content/Map_Methods.html#getBound' is included in the 'nav'
            configuration, which is not found in the documentation files
WARNING  -  A relative path to 'Iris/iris_widget_prog_guide/Content/Map_Methods.html#getBadge' is included in the 'nav'
            configuration, which is not found in the documentation files
WARNING  -  A relative path to 'Iris/iris_widget_prog_guide/Content/Map_Methods.html#navigate' is included in the 'nav'
            configuration, which is not found in the documentation files
WARNING  -  A relative path to 'Iris/iris_widget_prog_guide/Content/Map_Methods.html#navigate2' is included in the 'nav'
            configuration, which is not found in the documentation files
WARNING  -  A relative path to 'Iris/iris_widget_prog_guide/Content/Map_Methods.html#register' is included in the 'nav'
            configuration, which is not found in the documentation files
WARNING  -  A relative path to 'Iris/iris_widget_prog_guide/Content/Map_Methods.html#removeCi' is included in the 'nav'
            configuration, which is not found in the documentation files
WARNING  -  A relative path to 'Iris/iris_widget_prog_guide/Content/Map_Methods.html#removeFromParent' is included in
            the 'nav' configuration, which is not found in the documentation files
WARNING  -  A relative path to 'Iris/iris_widget_prog_guide/Content/Map_Methods.html#removeGestureRecognizer' is
            included in the 'nav' configuration, which is not found in the documentation files
WARNING  -  A relative path to 'Iris/iris_widget_prog_guide/Content/Map_Methods.html#removePin' is included in the 'nav'
            configuration, which is not found in the documentation files
WARNING  -  A relative path to 'Iris/iris_widget_prog_guide/Content/Map_Methods.html#removePins' is included in the
            'nav' configuration, which is not found in the documentation files
WARNING  -  A relative path to 'Iris/iris_widget_prog_guide/Content/Map_Methods.html#removeP1' is included in the 'nav'
            configuration, which is not found in the documentation files
WARNING  -  A relative path to 'Iris/iris_widget_prog_guide/Content/Map_Methods.html#removePo' is included in the 'nav'
            configuration, which is not found in the documentation files
WARNING  -  A relative path to 'Iris/iris_widget_prog_guide/Content/Map_Methods.html#setBadge' is included in the 'nav'
            configuration, which is not found in the documentation files
WARNING  -  A relative path to 'Iris/iris_widget_prog_guide/Content/Map_Methods.html#setBounds' is included in the 'nav'
            configuration, which is not found in the documentation files
WARNING  -  A relative path to 'Iris/iris_widget_prog_guide/Content/Map_Methods.html#setCalloutVisibility' is included
            in the 'nav' configuration, which is not found in the documentation files
WARNING  -  A relative path to 'Iris/iris_widget_prog_guide/Content/Map_Methods.html#setEnabled' is included in the
            'nav' configuration, which is not found in the documentation files
WARNING  -  A relative path to 'Iris/iris_widget_prog_guide/Content/Map_Methods.html#setFocus' is included in the 'nav'
            configuration, which is not found in the documentation files
WARNING  -  A relative path to 'Iris/iris_widget_prog_guide/Content/Map_Methods.html#setGestureRecognizer' is included
            in the 'nav' configuration, which is not found in the documentation files
WARNING  -  A relative path to 'Iris/iris_widget_prog_guide/Content/Map_Methods.html#setOnPek' is included in the 'nav'
            configuration, which is not found in the documentation files
WARNING  -  A relative path to 'Iris/iris_widget_prog_guide/Content/Map_Methods.html#setOnPop' is included in the 'nav'
            configuration, which is not found in the documentation files
WARNING  -  A relative path to 'Iris/iris_widget_prog_guide/Content/Map_Methods.html#setVisibility' is included in the
            'nav' configuration, which is not found in the documentation files
WARNING  -  A relative path to 'Iris/iris_widget_prog_guide/Content/Map_Methods.html#unregist' is included in the 'nav'
            configuration, which is not found in the documentation files
WARNING  -  A relative path to 'Iris/iris_widget_prog_guide/Content/Map_Methods.html#updatePin' is included in the 'nav'
            configuration, which is not found in the documentation files
WARNING  -  A relative path to 'Iris/iris_widget_prog_guide/Content/Map_Methods.html#updatePins' is included in the
            'nav' configuration, which is not found in the documentation files
WARNING  -  A relative path to 'Iris/iris_widget_prog_guide/Content/Map_Properties.html#accessibilityConfig' is included
            in the 'nav' configuration, which is not found in the documentation files
WARNING  -  A relative path to 'Iris/iris_widget_prog_guide/Content/Map_Properties.html#address' is included in the
            'nav' configuration, which is not found in the documentation files
WARNING  -  A relative path to 'Iris/iris_widget_prog_guide/Content/Map_Properties.html#anchor' is included in the 'nav'
            configuration, which is not found in the documentation files
WARNING  -  A relative path to 'Iris/iris_widget_prog_guide/Content/Map_Properties.html#anchor' is included in the 'nav'
            configuration, which is not found in the documentation files
WARNING  -  A relative path to 'Iris/iris_widget_prog_guide/Content/Map_Properties.html#autoCenterPinOnClick' is
            included in the 'nav' configuration, which is not found in the documentation files
WARNING  -  A relative path to 'Iris/iris_widget_prog_guide/Content/Map_Properties.html#bottom' is included in the 'nav'
            configuration, which is not found in the documentation files
WARNING  -  A relative path to 'Iris/iris_widget_prog_guide/Content/Map_Properties.html#calloutT' is included in the
            'nav' configuration, which is not found in the documentation files
WARNING  -  A relative path to 'Iris/iris_widget_prog_guide/Content/Map_Properties.html#calloutW' is included in the
            'nav' configuration, which is not found in the documentation files
WARNING  -  A relative path to 'Iris/iris_widget_prog_guide/Content/Map_Properties.html#centerX' is included in the
            'nav' configuration, which is not found in the documentation files
WARNING  -  A relative path to 'Iris/iris_widget_prog_guide/Content/Map_Properties.html#centerY' is included in the
            'nav' configuration, which is not found in the documentation files
WARNING  -  A relative path to 'Iris/iris_widget_prog_guide/Content/Map_Properties.html#containe3' is included in the
            'nav' configuration, which is not found in the documentation files
WARNING  -  A relative path to 'Iris/iris_widget_prog_guide/Content/Map_Properties.html#containe2' is included in the
            'nav' configuration, which is not found in the documentation files
WARNING  -  A relative path to 'Iris/iris_widget_prog_guide/Content/Map_Properties.html#containe' is included in the
            'nav' configuration, which is not found in the documentation files
WARNING  -  A relative path to 'Iris/iris_widget_prog_guide/Content/Map_Properties.html#cursorType' is included in the
            'nav' configuration, which is not found in the documentation files
WARNING  -  A relative path to 'Iris/iris_widget_prog_guide/Content/Map_Properties.html#defaultP' is included in the
            'nav' configuration, which is not found in the documentation files
WARNING  -  A relative path to 'Iris/iris_widget_prog_guide/Content/Map_Properties.html#enable' is included in the 'nav'
            configuration, which is not found in the documentation files
WARNING  -  A relative path to 'Iris/iris_widget_prog_guide/Content/Map_Properties.html#enableCa' is included in the
            'nav' configuration, which is not found in the documentation files
WARNING  -  A relative path to 'Iris/iris_widget_prog_guide/Content/Map_Properties.html#enableMultipleCallouts' is
            included in the 'nav' configuration, which is not found in the documentation files
WARNING  -  A relative path to 'Iris/iris_widget_prog_guide/Content/Map_Properties.html#enableToolBar' is included in
            the 'nav' configuration, which is not found in the documentation files
WARNING  -  A relative path to 'Iris/iris_widget_prog_guide/Content/Map_Properties.html#height' is included in the 'nav'
            configuration, which is not found in the documentation files
WARNING  -  A relative path to 'Iris/iris_widget_prog_guide/Content/Map_Properties.html#id' is included in the 'nav'
            configuration, which is not found in the documentation files
WARNING  -  A relative path to 'Iris/iris_widget_prog_guide/Content/Map_Properties.html#imageSou' is included in the
            'nav' configuration, which is not found in the documentation files
WARNING  -  A relative path to 'Iris/iris_widget_prog_guide/Content/Map_Properties.html#info' is included in the 'nav'
            configuration, which is not found in the documentation files
WARNING  -  A relative path to 'Iris/iris_widget_prog_guide/Content/Map_Properties.html#left' is included in the 'nav'
            configuration, which is not found in the documentation files
WARNING  -  A relative path to 'Iris/iris_widget_prog_guide/Content/Map_Properties.html#location' is included in the
            'nav' configuration, which is not found in the documentation files
WARNING  -  A relative path to 'Iris/iris_widget_prog_guide/Content/Map_Properties.html#mapHeigh' is included in the
            'nav' configuration, which is not found in the documentation files
WARNING  -  A relative path to 'Iris/iris_widget_prog_guide/Content/Map_Properties.html#mapKey' is included in the 'nav'
            configuration, which is not found in the documentation files
WARNING  -  A relative path to 'Iris/iris_widget_prog_guide/Content/Map_Properties.html#mapSourc' is included in the
            'nav' configuration, which is not found in the documentation files
WARNING  -  A relative path to 'Iris/iris_widget_prog_guide/Content/Map_Properties.html#mapWidth' is included in the
            'nav' configuration, which is not found in the documentation files
WARNING  -  A relative path to 'Iris/iris_widget_prog_guide/Content/Map_Properties.html#margin' is included in the 'nav'
            configuration, which is not found in the documentation files
WARNING  -  A relative path to 'Iris/iris_widget_prog_guide/Content/Map_Properties.html#marginIn' is included in the
            'nav' configuration, which is not found in the documentation files
WARNING  -  A relative path to 'Iris/iris_widget_prog_guide/Content/Map_Properties.html#maxHeigh' is included in the
            'nav' configuration, which is not found in the documentation files
WARNING  -  A relative path to 'Iris/iris_widget_prog_guide/Content/Map_Properties.html#maxWidth' is included in the
            'nav' configuration, which is not found in the documentation files
WARNING  -  A relative path to 'Iris/iris_widget_prog_guide/Content/Map_Properties.html#minHeigh' is included in the
            'nav' configuration, which is not found in the documentation files
WARNING  -  A relative path to 'Iris/iris_widget_prog_guide/Content/Map_Properties.html#minWidth' is included in the
            'nav' configuration, which is not found in the documentation files
WARNING  -  A relative path to 'Iris/iris_widget_prog_guide/Content/Map_Properties.html#mode' is included in the 'nav'
            configuration, which is not found in the documentation files
WARNING  -  A relative path to 'Iris/iris_widget_prog_guide/Content/Map_Properties.html#navContr' is included in the
            'nav' configuration, which is not found in the documentation files
WARNING  -  A relative path to 'Iris/iris_widget_prog_guide/Content/Map_Properties.html#opacity' is included in the
            'nav' configuration, which is not found in the documentation files
WARNING  -  A relative path to 'Iris/iris_widget_prog_guide/Content/Map_Properties.html#parent' is included in the 'nav'
            configuration, which is not found in the documentation files
WARNING  -  A relative path to 'Iris/iris_widget_prog_guide/Content/Map_Properties.html#provider' is included in the
            'nav' configuration, which is not found in the documentation files
WARNING  -  A relative path to 'Iris/iris_widget_prog_guide/Content/Map_Properties.html#retainContentAlignment' is
            included in the 'nav' configuration, which is not found in the documentation files
WARNING  -  A relative path to 'Iris/iris_widget_prog_guide/Content/Map_Properties.html#retainFlowHorizontalAlignment'
            is included in the 'nav' configuration, which is not found in the documentation files
WARNING  -  A relative path to 'Iris/iris_widget_prog_guide/Content/Map_Properties.html#retainMapPositionOnRestore' is
            included in the 'nav' configuration, which is not found in the documentation files
WARNING  -  A relative path to 'Iris/iris_widget_prog_guide/Content/Map_Properties.html#right' is included in the 'nav'
            configuration, which is not found in the documentation files
WARNING  -  A relative path to 'Iris/iris_widget_prog_guide/Content/Map_Properties.html#screenLe' is included in the
            'nav' configuration, which is not found in the documentation files
WARNING  -  A relative path to 'Iris/iris_widget_prog_guide/Content/Map_Properties.html#showCurr' is included in the
            'nav' configuration, which is not found in the documentation files
WARNING  -  A relative path to 'Iris/iris_widget_prog_guide/Content/Map_Properties.html#showZoom' is included in the
            'nav' configuration, which is not found in the documentation files
WARNING  -  A relative path to 'Iris/iris_widget_prog_guide/Content/Map_Properties.html#top' is included in the 'nav'
            configuration, which is not found in the documentation files
WARNING  -  A relative path to 'Iris/iris_widget_prog_guide/Content/Map_Properties.html#transfor' is included in the
            'nav' configuration, which is not found in the documentation files
WARNING  -  A relative path to 'Iris/iris_widget_prog_guide/Content/Map_Properties.html#widgetDa' is included in the
            'nav' configuration, which is not found in the documentation files
WARNING  -  A relative path to 'Iris/iris_widget_prog_guide/Content/Map_Properties.html#width' is included in the 'nav'
            configuration, which is not found in the documentation files
WARNING  -  A relative path to 'Iris/iris_widget_prog_guide/Content/Map_Properties.html#zIndex' is included in the 'nav'
            configuration, which is not found in the documentation files
WARNING  -  A relative path to 'Iris/iris_widget_prog_guide/Content/Map_Properties.html#zoomLeve' is included in the
            'nav' configuration, which is not found in the documentation files
WARNING  -  A relative path to 'Iris/iris_widget_prog_guide/Content/MapObjects.html#circcfg' is included in the 'nav'
            configuration, which is not found in the documentation files
WARNING  -  A relative path to 'Iris/iris_widget_prog_guide/Content/MapObjects.html#circData' is included in the 'nav'
            configuration, which is not found in the documentation files
WARNING  -  A relative path to 'Iris/iris_widget_prog_guide/Content/MapObjects.html#polyData' is included in the 'nav'
            configuration, which is not found in the documentation files
WARNING  -  A relative path to 'Iris/iris_widget_prog_guide/Content/MapObjects.html#srchCrit' is included in the 'nav'
            configuration, which is not found in the documentation files
WARNING  -  A relative path to 'Iris/iris_widget_prog_guide/Content/MLCamera.html#camera-widget-basics' is included in
            the 'nav' configuration, which is not found in the documentation files
WARNING  -  A relative path to 'Iris/iris_widget_prog_guide/Content/MLCamera_Events.html#doLayout' is included in the
            'nav' configuration, which is not found in the documentation files
WARNING  -  A relative path to 'Iris/iris_widget_prog_guide/Content/MLCamera_Events.html#onFailur' is included in the
            'nav' configuration, which is not found in the documentation files
WARNING  -  A relative path to 'Iris/iris_widget_prog_guide/Content/MLCamera_Methods.html#convertPointFromWidget' is
            included in the 'nav' configuration, which is not found in the documentation files
WARNING  -  A relative path to 'Iris/iris_widget_prog_guide/Content/MLCamera_Methods.html#convertPointToWidget' is
            included in the 'nav' configuration, which is not found in the documentation files
WARNING  -  A relative path to 'Iris/iris_widget_prog_guide/Content/MLCamera_Methods.html#removeFromParent' is included
            in the 'nav' configuration, which is not found in the documentation files
WARNING  -  A relative path to 'Iris/iris_widget_prog_guide/Content/MLCamera_Methods.html#setImageClassifier' is
            included in the 'nav' configuration, which is not found in the documentation files
WARNING  -  A relative path to 'Iris/iris_widget_prog_guide/Content/MLCamera_Methods.html#startDetection' is included in
            the 'nav' configuration, which is not found in the documentation files
WARNING  -  A relative path to 'Iris/iris_widget_prog_guide/Content/MLCamera_Methods.html#stopDetection' is included in
            the 'nav' configuration, which is not found in the documentation files
WARNING  -  A relative path to 'Iris/iris_widget_prog_guide/Content/MLCamera_Methods.html#setVisibility' is included in
            the 'nav' configuration, which is not found in the documentation files
WARNING  -  A relative path to 'Iris/iris_widget_prog_guide/Content/MLCamera_Properties.html#bottom' is included in the
            'nav' configuration, which is not found in the documentation files
WARNING  -  A relative path to 'Iris/iris_widget_prog_guide/Content/MLCamera_Properties.html#centerX' is included in the
            'nav' configuration, which is not found in the documentation files
WARNING  -  A relative path to 'Iris/iris_widget_prog_guide/Content/MLCamera_Properties.html#centerY' is included in the
            'nav' configuration, which is not found in the documentation files
WARNING  -  A relative path to 'Iris/iris_widget_prog_guide/Content/MLCamera_Properties.html#height' is included in the
            'nav' configuration, which is not found in the documentation files
WARNING  -  A relative path to 'Iris/iris_widget_prog_guide/Content/MLCamera_Properties.html#id' is included in the
            'nav' configuration, which is not found in the documentation files
WARNING  -  A relative path to 'Iris/iris_widget_prog_guide/Content/MLCamera_Properties.html#info' is included in the
            'nav' configuration, which is not found in the documentation files
WARNING  -  A relative path to 'Iris/iris_widget_prog_guide/Content/MLCamera_Properties.html#isVisibl' is included in
            the 'nav' configuration, which is not found in the documentation files
WARNING  -  A relative path to 'Iris/iris_widget_prog_guide/Content/MLCamera_Properties.html#left' is included in the
            'nav' configuration, which is not found in the documentation files
WARNING  -  A relative path to 'Iris/iris_widget_prog_guide/Content/MLCamera_Properties.html#maxHeigh' is included in
            the 'nav' configuration, which is not found in the documentation files
WARNING  -  A relative path to 'Iris/iris_widget_prog_guide/Content/MLCamera_Properties.html#maxWidth' is included in
            the 'nav' configuration, which is not found in the documentation files
WARNING  -  A relative path to 'Iris/iris_widget_prog_guide/Content/MLCamera_Properties.html#minHeigh' is included in
            the 'nav' configuration, which is not found in the documentation files
WARNING  -  A relative path to 'Iris/iris_widget_prog_guide/Content/MLCamera_Properties.html#minWidth' is included in
            the 'nav' configuration, which is not found in the documentation files
WARNING  -  A relative path to 'Iris/iris_widget_prog_guide/Content/MLCamera_Properties.html#parent' is included in the
            'nav' configuration, which is not found in the documentation files
WARNING  -  A relative path to 'Iris/iris_widget_prog_guide/Content/MLCamera_Properties.html#right' is included in the
            'nav' configuration, which is not found in the documentation files
WARNING  -  A relative path to 'Iris/iris_widget_prog_guide/Content/MLCamera_Properties.html#top' is included in the
            'nav' configuration, which is not found in the documentation files
WARNING  -  A relative path to 'Iris/iris_widget_prog_guide/Content/MLCamera_Properties.html#width' is included in the
            'nav' configuration, which is not found in the documentation files
WARNING  -  A relative path to 'Iris/iris_widget_prog_guide/Content/MLCamera_Properties.html#zIndex' is included in the
            'nav' configuration, which is not found in the documentation files
WARNING  -  A relative path to 'Iris/iris_widget_prog_guide/Content/nativeContainer.html#nativecontainer-widget-basics'
            is included in the 'nav' configuration, which is not found in the documentation files
WARNING  -  A relative path to 'Iris/iris_widget_prog_guide/Content/nativeContainer_Events.html#onCleanup' is included
            in the 'nav' configuration, which is not found in the documentation files
WARNING  -  A relative path to 'Iris/iris_widget_prog_guide/Content/nativeContainer_Events.html#onCreated' is included
            in the 'nav' configuration, which is not found in the documentation files
WARNING  -  A relative path to
            'Iris/iris_widget_prog_guide/Content/nativeContainer_Events.html#onDidMoveToParentViewController' is
            included in the 'nav' configuration, which is not found in the documentation files
WARNING  -  A relative path to 'Iris/iris_widget_prog_guide/Content/nativeContainer_Events.html#onLayoutSubviews' is
            included in the 'nav' configuration, which is not found in the documentation files
WARNING  -  A relative path to 'Iris/iris_widget_prog_guide/Content/nativeContainer_Events.html#onOrientationChange' is
            included in the 'nav' configuration, which is not found in the documentation files
WARNING  -  A relative path to 'Iris/iris_widget_prog_guide/Content/nativeContainer_Events.html#onViewDidAppear' is
            included in the 'nav' configuration, which is not found in the documentation files
WARNING  -  A relative path to 'Iris/iris_widget_prog_guide/Content/nativeContainer_Events.html#onViewDidDisappear' is
            included in the 'nav' configuration, which is not found in the documentation files
WARNING  -  A relative path to 'Iris/iris_widget_prog_guide/Content/nativeContainer_Events.html#onViewDidLoad' is
            included in the 'nav' configuration, which is not found in the documentation files
WARNING  -  A relative path to 'Iris/iris_widget_prog_guide/Content/nativeContainer_Events.html#onViewWillAppear' is
            included in the 'nav' configuration, which is not found in the documentation files
WARNING  -  A relative path to
            'Iris/iris_widget_prog_guide/Content/nativeContainer_Events.html#onWillMoveToParentViewController' is
            included in the 'nav' configuration, which is not found in the documentation files
WARNING  -  A relative path to 'Iris/iris_widget_prog_guide/Content/nativeContainer_Methods.html#addGestureRecognizer'
            is included in the 'nav' configuration, which is not found in the documentation files
WARNING  -  A relative path to 'Iris/iris_widget_prog_guide/Content/nativeContainer_Methods.html#animate' is included in
            the 'nav' configuration, which is not found in the documentation files
WARNING  -  A relative path to 'Iris/iris_widget_prog_guide/Content/nativeContainer_Methods.html#convertPointFromWidget'
            is included in the 'nav' configuration, which is not found in the documentation files
WARNING  -  A relative path to 'Iris/iris_widget_prog_guide/Content/nativeContainer_Methods.html#convertPointToWidget'
            is included in the 'nav' configuration, which is not found in the documentation files
WARNING  -  A relative path to 'Iris/iris_widget_prog_guide/Content/nativeContainer_Methods.html#getBadge' is included
            in the 'nav' configuration, which is not found in the documentation files
WARNING  -  A relative path to 'Iris/iris_widget_prog_guide/Content/nativeContainer_Methods.html#getContainerView' is
            included in the 'nav' configuration, which is not found in the documentation files
WARNING  -  A relative path to 'Iris/iris_widget_prog_guide/Content/nativeContainer_Methods.html#register' is included
            in the 'nav' configuration, which is not found in the documentation files
WARNING  -  A relative path to 'Iris/iris_widget_prog_guide/Content/nativeContainer_Methods.html#removeFromParent' is
            included in the 'nav' configuration, which is not found in the documentation files
WARNING  -  A relative path to 'Iris/iris_widget_prog_guide/Content/nativeContainer_Methods.html#setBadge' is included
            in the 'nav' configuration, which is not found in the documentation files
WARNING  -  A relative path to 'Iris/iris_widget_prog_guide/Content/nativeContainer_Methods.html#setEnabled' is included
            in the 'nav' configuration, which is not found in the documentation files
WARNING  -  A relative path to 'Iris/iris_widget_prog_guide/Content/nativeContainer_Methods.html#setFocus' is included
            in the 'nav' configuration, which is not found in the documentation files
WARNING  -  A relative path to 'Iris/iris_widget_prog_guide/Content/nativeContainer_Methods.html#setGestureRecognizer'
            is included in the 'nav' configuration, which is not found in the documentation files
WARNING  -  A relative path to 'Iris/iris_widget_prog_guide/Content/nativeContainer_Methods.html#setOnPek' is included
            in the 'nav' configuration, which is not found in the documentation files
WARNING  -  A relative path to 'Iris/iris_widget_prog_guide/Content/nativeContainer_Methods.html#setOnPop' is included
            in the 'nav' configuration, which is not found in the documentation files
WARNING  -  A relative path to 'Iris/iris_widget_prog_guide/Content/nativeContainer_Methods.html#setVisibility' is
            included in the 'nav' configuration, which is not found in the documentation files
WARNING  -  A relative path to 'Iris/iris_widget_prog_guide/Content/nativeContainer_Methods.html#unregist' is included
            in the 'nav' configuration, which is not found in the documentation files
WARNING  -  A relative path to 'Iris/iris_widget_prog_guide/Content/nativeContainer_Properties.html#anchorPo' is
            included in the 'nav' configuration, which is not found in the documentation files
WARNING  -  A relative path to 'Iris/iris_widget_prog_guide/Content/nativeContainer_Properties.html#enable' is included
            in the 'nav' configuration, which is not found in the documentation files
WARNING  -  A relative path to 'Iris/iris_widget_prog_guide/Content/nativeContainer_Properties.html#id' is included in
            the 'nav' configuration, which is not found in the documentation files
WARNING  -  A relative path to 'Iris/iris_widget_prog_guide/Content/nativeContainer_Properties.html#isVisible' is
            included in the 'nav' configuration, which is not found in the documentation files
WARNING  -  A relative path to
            'Iris/iris_widget_prog_guide/Content/nativeContainer_Properties.html#retainContentAlignment' is included in
            the 'nav' configuration, which is not found in the documentation files
WARNING  -  A relative path to
            'Iris/iris_widget_prog_guide/Content/nativeContainer_Properties.html#retainFlexPositionProperties' is
            included in the 'nav' configuration, which is not found in the documentation files
WARNING  -  A relative path to
            'Iris/iris_widget_prog_guide/Content/nativeContainer_Properties.html#retainFlowHorizontalAlignment' is
            included in the 'nav' configuration, which is not found in the documentation files
WARNING  -  A relative path to 'Iris/iris_widget_prog_guide/Content/nativeContainer_Properties.html#transfor' is
            included in the 'nav' configuration, which is not found in the documentation files
WARNING  -  A relative path to 'Iris/iris_widget_prog_guide/Content/nativeContainer_Properties.html#type' is included in
            the 'nav' configuration, which is not found in the documentation files
WARNING  -  A relative path to 'Iris/iris_widget_prog_guide/Content/PDFView.html#pdfview-widget-basics' is included in
            the 'nav' configuration, which is not found in the documentation files
WARNING  -  A relative path to 'Iris/iris_widget_prog_guide/Content/PDFView_Events.html#doLayout' is included in the
            'nav' configuration, which is not found in the documentation files
WARNING  -  A relative path to 'Iris/iris_widget_prog_guide/Content/PDFView_Events.html#onDocumentChanged' is included
            in the 'nav' configuration, which is not found in the documentation files
WARNING  -  A relative path to 'Iris/iris_widget_prog_guide/Content/PDFView_Events.html#onPageChanged' is included in
            the 'nav' configuration, which is not found in the documentation files
WARNING  -  A relative path to 'Iris/iris_widget_prog_guide/Content/PDFView_Methods.html#addGestureRecognizer' is
            included in the 'nav' configuration, which is not found in the documentation files
WARNING  -  A relative path to 'Iris/iris_widget_prog_guide/Content/PDFView_Methods.html#animate' is included in the
            'nav' configuration, which is not found in the documentation files
WARNING  -  A relative path to 'Iris/iris_widget_prog_guide/Content/PDFView_Methods.html#canGoBac' is included in the
            'nav' configuration, which is not found in the documentation files
WARNING  -  A relative path to 'Iris/iris_widget_prog_guide/Content/PDFView_Methods.html#canGoFor' is included in the
            'nav' configuration, which is not found in the documentation files
WARNING  -  A relative path to 'Iris/iris_widget_prog_guide/Content/PDFView_Methods.html#canGoToFirstPage' is included
            in the 'nav' configuration, which is not found in the documentation files
WARNING  -  A relative path to 'Iris/iris_widget_prog_guide/Content/PDFView_Methods.html#canGoToLastPage' is included in
            the 'nav' configuration, which is not found in the documentation files
WARNING  -  A relative path to 'Iris/iris_widget_prog_guide/Content/PDFView_Methods.html#canGoToNextPage' is included in
            the 'nav' configuration, which is not found in the documentation files
WARNING  -  A relative path to 'Iris/iris_widget_prog_guide/Content/PDFView_Methods.html#canGoToPreviousPage' is
            included in the 'nav' configuration, which is not found in the documentation files
WARNING  -  A relative path to 'Iris/iris_widget_prog_guide/Content/PDFView_Methods.html#canZoomIn' is included in the
            'nav' configuration, which is not found in the documentation files
WARNING  -  A relative path to 'Iris/iris_widget_prog_guide/Content/PDFView_Methods.html#canZoomOut' is included in the
            'nav' configuration, which is not found in the documentation files
WARNING  -  A relative path to 'Iris/iris_widget_prog_guide/Content/PDFView_Methods.html#clone' is included in the 'nav'
            configuration, which is not found in the documentation files
WARNING  -  A relative path to 'Iris/iris_widget_prog_guide/Content/PDFView_Methods.html#convertPointFromWidget' is
            included in the 'nav' configuration, which is not found in the documentation files
WARNING  -  A relative path to 'Iris/iris_widget_prog_guide/Content/PDFView_Methods.html#convertPointToWidget' is
            included in the 'nav' configuration, which is not found in the documentation files
WARNING  -  A relative path to 'Iris/iris_widget_prog_guide/Content/PDFView_Methods.html#getCurrentPageIndex' is
            included in the 'nav' configuration, which is not found in the documentation files
WARNING  -  A relative path to 'Iris/iris_widget_prog_guide/Content/PDFView_Methods.html#getDocumentHistory' is included
            in the 'nav' configuration, which is not found in the documentation files
WARNING  -  A relative path to 'Iris/iris_widget_prog_guide/Content/PDFView_Methods.html#getPageCount' is included in
            the 'nav' configuration, which is not found in the documentation files
WARNING  -  A relative path to 'Iris/iris_widget_prog_guide/Content/PDFView_Methods.html#goBack' is included in the
            'nav' configuration, which is not found in the documentation files
WARNING  -  A relative path to 'Iris/iris_widget_prog_guide/Content/PDFView_Methods.html#goForward' is included in the
            'nav' configuration, which is not found in the documentation files
WARNING  -  A relative path to 'Iris/iris_widget_prog_guide/Content/PDFView_Methods.html#goToFirstPage' is included in
            the 'nav' configuration, which is not found in the documentation files
WARNING  -  A relative path to 'Iris/iris_widget_prog_guide/Content/PDFView_Methods.html#goToLastPage' is included in
            the 'nav' configuration, which is not found in the documentation files
WARNING  -  A relative path to 'Iris/iris_widget_prog_guide/Content/PDFView_Methods.html#goToNextPage' is included in
            the 'nav' configuration, which is not found in the documentation files
WARNING  -  A relative path to 'Iris/iris_widget_prog_guide/Content/PDFView_Methods.html#goToPage' is included in the
            'nav' configuration, which is not found in the documentation files
WARNING  -  A relative path to 'Iris/iris_widget_prog_guide/Content/PDFView_Methods.html#goToPreviousPage' is included
            in the 'nav' configuration, which is not found in the documentation files
WARNING  -  A relative path to 'Iris/iris_widget_prog_guide/Content/PDFView_Methods.html#isPDFEncrypted' is included in
            the 'nav' configuration, which is not found in the documentation files
WARNING  -  A relative path to 'Iris/iris_widget_prog_guide/Content/PDFView_Methods.html#isPDFLocked' is included in the
            'nav' configuration, which is not found in the documentation files
WARNING  -  A relative path to 'Iris/iris_widget_prog_guide/Content/PDFView_Methods.html#register' is included in the
            'nav' configuration, which is not found in the documentation files
WARNING  -  A relative path to 'Iris/iris_widget_prog_guide/Content/PDFView_Methods.html#reload' is included in the
            'nav' configuration, which is not found in the documentation files
WARNING  -  A relative path to 'Iris/iris_widget_prog_guide/Content/PDFView_Methods.html#removeFromParent' is included
            in the 'nav' configuration, which is not found in the documentation files
WARNING  -  A relative path to 'Iris/iris_widget_prog_guide/Content/PDFView_Methods.html#removeGestureRecognizer' is
            included in the 'nav' configuration, which is not found in the documentation files
WARNING  -  A relative path to 'Iris/iris_widget_prog_guide/Content/PDFView_Methods.html#setEnabled' is included in the
            'nav' configuration, which is not found in the documentation files
WARNING  -  A relative path to 'Iris/iris_widget_prog_guide/Content/PDFView_Methods.html#setGestureRecognizer' is
            included in the 'nav' configuration, which is not found in the documentation files
WARNING  -  A relative path to 'Iris/iris_widget_prog_guide/Content/PDFView_Methods.html#setOnPek' is included in the
            'nav' configuration, which is not found in the documentation files
WARNING  -  A relative path to 'Iris/iris_widget_prog_guide/Content/PDFView_Methods.html#setOnPop' is included in the
            'nav' configuration, which is not found in the documentation files
WARNING  -  A relative path to 'Iris/iris_widget_prog_guide/Content/PDFView_Methods.html#setVisibility' is included in
            the 'nav' configuration, which is not found in the documentation files
WARNING  -  A relative path to 'Iris/iris_widget_prog_guide/Content/PDFView_Methods.html#unregist' is included in the
            'nav' configuration, which is not found in the documentation files
WARNING  -  A relative path to 'Iris/iris_widget_prog_guide/Content/PDFView_Methods.html#ZoomIn' is included in the
            'nav' configuration, which is not found in the documentation files
WARNING  -  A relative path to 'Iris/iris_widget_prog_guide/Content/PDFView_Methods.html#zoomOut' is included in the
            'nav' configuration, which is not found in the documentation files
WARNING  -  A relative path to 'Iris/iris_widget_prog_guide/Content/PDFView_Properties.html#accessibilityConfig' is
            included in the 'nav' configuration, which is not found in the documentation files
WARNING  -  A relative path to 'Iris/iris_widget_prog_guide/Content/PDFView_Properties.html#autoScale' is included in
            the 'nav' configuration, which is not found in the documentation files
WARNING  -  A relative path to 'Iris/iris_widget_prog_guide/Content/PDFView_Properties.html#bottom' is included in the
            'nav' configuration, which is not found in the documentation files
WARNING  -  A relative path to 'Iris/iris_widget_prog_guide/Content/PDFView_Properties.html#centerX' is included in the
            'nav' configuration, which is not found in the documentation files
WARNING  -  A relative path to 'Iris/iris_widget_prog_guide/Content/PDFView_Properties.html#centerY' is included in the
            'nav' configuration, which is not found in the documentation files
WARNING  -  A relative path to 'Iris/iris_widget_prog_guide/Content/PDFView_Properties.html#displayAsBook' is included
            in the 'nav' configuration, which is not found in the documentation files
WARNING  -  A relative path to 'Iris/iris_widget_prog_guide/Content/PDFView_Properties.html#displayDirection' is
            included in the 'nav' configuration, which is not found in the documentation files
WARNING  -  A relative path to 'Iris/iris_widget_prog_guide/Content/PDFView_Properties.html#displayMode' is included in
            the 'nav' configuration, which is not found in the documentation files
WARNING  -  A relative path to 'Iris/iris_widget_prog_guide/Content/PDFView_Properties.html#displayPageBreak' is
            included in the 'nav' configuration, which is not found in the documentation files
WARNING  -  A relative path to 'Iris/iris_widget_prog_guide/Content/PDFView_Properties.html#displayRTL' is included in
            the 'nav' configuration, which is not found in the documentation files
WARNING  -  A relative path to 'Iris/iris_widget_prog_guide/Content/PDFView_Properties.html#enablePDFThumbnailView' is
            included in the 'nav' configuration, which is not found in the documentation files
WARNING  -  A relative path to 'Iris/iris_widget_prog_guide/Content/PDFView_Properties.html#enableZoom' is included in
            the 'nav' configuration, which is not found in the documentation files
WARNING  -  A relative path to 'Iris/iris_widget_prog_guide/Content/PDFView_Properties.html#height' is included in the
            'nav' configuration, which is not found in the documentation files
WARNING  -  A relative path to 'Iris/iris_widget_prog_guide/Content/PDFView_Properties.html#id' is included in the 'nav'
            configuration, which is not found in the documentation files
WARNING  -  A relative path to 'Iris/iris_widget_prog_guide/Content/PDFView_Properties.html#info' is included in the
            'nav' configuration, which is not found in the documentation files
WARNING  -  A relative path to 'Iris/iris_widget_prog_guide/Content/PDFView_Properties.html#interpolationQuality' is
            included in the 'nav' configuration, which is not found in the documentation files
WARNING  -  A relative path to 'Iris/iris_widget_prog_guide/Content/PDFView_Properties.html#isVisible' is included in
            the 'nav' configuration, which is not found in the documentation files
WARNING  -  A relative path to 'Iris/iris_widget_prog_guide/Content/PDFView_Properties.html#left' is included in the
            'nav' configuration, which is not found in the documentation files
WARNING  -  A relative path to 'Iris/iris_widget_prog_guide/Content/PDFView_Properties.html#maxHeigh' is included in the
            'nav' configuration, which is not found in the documentation files
WARNING  -  A relative path to 'Iris/iris_widget_prog_guide/Content/PDFView_Properties.html#maxScaleFactor' is included
            in the 'nav' configuration, which is not found in the documentation files
WARNING  -  A relative path to 'Iris/iris_widget_prog_guide/Content/PDFView_Properties.html#maxWidth' is included in the
            'nav' configuration, which is not found in the documentation files
WARNING  -  A relative path to 'Iris/iris_widget_prog_guide/Content/PDFView_Properties.html#minHeigh' is included in the
            'nav' configuration, which is not found in the documentation files
WARNING  -  A relative path to 'Iris/iris_widget_prog_guide/Content/PDFView_Properties.html#minScaleFactor' is included
            in the 'nav' configuration, which is not found in the documentation files
WARNING  -  A relative path to 'Iris/iris_widget_prog_guide/Content/PDFView_Properties.html#minWidth' is included in the
            'nav' configuration, which is not found in the documentation files
WARNING  -  A relative path to 'Iris/iris_widget_prog_guide/Content/PDFView_Properties.html#opacity' is included in the
            'nav' configuration, which is not found in the documentation files
WARNING  -  A relative path to 'Iris/iris_widget_prog_guide/Content/PDFView_Properties.html#parent' is included in the
            'nav' configuration, which is not found in the documentation files
WARNING  -  A relative path to 'Iris/iris_widget_prog_guide/Content/PDFView_Properties.html#pdfThumbnailPosition' is
            included in the 'nav' configuration, which is not found in the documentation files
WARNING  -  A relative path to
            'Iris/iris_widget_prog_guide/Content/PDFView_Properties.html#pdfThumbnailSizeinPercentage' is included in
            the 'nav' configuration, which is not found in the documentation files
WARNING  -  A relative path to 'Iris/iris_widget_prog_guide/Content/PDFView_Properties.html#right' is included in the
            'nav' configuration, which is not found in the documentation files
WARNING  -  A relative path to 'Iris/iris_widget_prog_guide/Content/PDFView_Properties.html#skin' is included in the
            'nav' configuration, which is not found in the documentation files
WARNING  -  A relative path to 'Iris/iris_widget_prog_guide/Content/PDFView_Properties.html#thumbnailBackgroundColor' is
            included in the 'nav' configuration, which is not found in the documentation files
WARNING  -  A relative path to 'Iris/iris_widget_prog_guide/Content/PDFView_Properties.html#top' is included in the
            'nav' configuration, which is not found in the documentation files
WARNING  -  A relative path to 'Iris/iris_widget_prog_guide/Content/PDFView_Properties.html#transform' is included in
            the 'nav' configuration, which is not found in the documentation files
WARNING  -  A relative path to 'Iris/iris_widget_prog_guide/Content/PDFView_Properties.html#url' is included in the
            'nav' configuration, which is not found in the documentation files
WARNING  -  A relative path to 'Iris/iris_widget_prog_guide/Content/PDFView_Properties.html#width' is included in the
            'nav' configuration, which is not found in the documentation files
WARNING  -  A relative path to 'Iris/iris_widget_prog_guide/Content/PDFView_Properties.html#zIndex' is included in the
            'nav' configuration, which is not found in the documentation files
WARNING  -  A relative path to 'Iris/iris_widget_prog_guide/Content/Phone.html#phone-widget-basics' is included in the
            'nav' configuration, which is not found in the documentation files
WARNING  -  A relative path to 'Iris/iris_widget_prog_guide/Content/Phone_Events.html#doLayout' is included in the 'nav'
            configuration, which is not found in the documentation files
WARNING  -  A relative path to 'Iris/iris_widget_prog_guide/Content/Phone_Events.html#onTouchEnd' is included in the
            'nav' configuration, which is not found in the documentation files
WARNING  -  A relative path to 'Iris/iris_widget_prog_guide/Content/Phone_Events.html#onTouchMove' is included in the
            'nav' configuration, which is not found in the documentation files
WARNING  -  A relative path to 'Iris/iris_widget_prog_guide/Content/Phone_Events.html#onTouchStart' is included in the
            'nav' configuration, which is not found in the documentation files
WARNING  -  A relative path to 'Iris/iris_widget_prog_guide/Content/Phone_Method.html#addGestureRecognizer' is included
            in the 'nav' configuration, which is not found in the documentation files
WARNING  -  A relative path to 'Iris/iris_widget_prog_guide/Content/Phone_Method.html#animate' is included in the 'nav'
            configuration, which is not found in the documentation files
WARNING  -  A relative path to 'Iris/iris_widget_prog_guide/Content/Phone_Method.html#clone' is included in the 'nav'
            configuration, which is not found in the documentation files
WARNING  -  A relative path to 'Iris/iris_widget_prog_guide/Content/Phone_Method.html#convertPointFromWidget' is
            included in the 'nav' configuration, which is not found in the documentation files
WARNING  -  A relative path to 'Iris/iris_widget_prog_guide/Content/Phone_Method.html#convertPointToWidget' is included
            in the 'nav' configuration, which is not found in the documentation files
WARNING  -  A relative path to 'Iris/iris_widget_prog_guide/Content/Phone_Method.html#getBadge' is included in the 'nav'
            configuration, which is not found in the documentation files
WARNING  -  A relative path to 'Iris/iris_widget_prog_guide/Content/Phone_Method.html#register' is included in the 'nav'
            configuration, which is not found in the documentation files
WARNING  -  A relative path to 'Iris/iris_widget_prog_guide/Content/Phone_Method.html#removeFromParent' is included in
            the 'nav' configuration, which is not found in the documentation files
WARNING  -  A relative path to 'Iris/iris_widget_prog_guide/Content/Phone_Method.html#removeGestureRecognizer' is
            included in the 'nav' configuration, which is not found in the documentation files
WARNING  -  A relative path to 'Iris/iris_widget_prog_guide/Content/Phone_Method.html#setBadge' is included in the 'nav'
            configuration, which is not found in the documentation files
WARNING  -  A relative path to 'Iris/iris_widget_prog_guide/Content/Phone_Method.html#setEnabled' is included in the
            'nav' configuration, which is not found in the documentation files
WARNING  -  A relative path to 'Iris/iris_widget_prog_guide/Content/Phone_Method.html#setFocus' is included in the 'nav'
            configuration, which is not found in the documentation files
WARNING  -  A relative path to 'Iris/iris_widget_prog_guide/Content/Phone_Method.html#setGestureRecognizer' is included
            in the 'nav' configuration, which is not found in the documentation files
WARNING  -  A relative path to 'Iris/iris_widget_prog_guide/Content/Phone_Method.html#setOnPek' is included in the 'nav'
            configuration, which is not found in the documentation files
WARNING  -  A relative path to 'Iris/iris_widget_prog_guide/Content/Phone_Method.html#setOnPop' is included in the 'nav'
            configuration, which is not found in the documentation files
WARNING  -  A relative path to 'Iris/iris_widget_prog_guide/Content/Phone_Method.html#setVisibility' is included in the
            'nav' configuration, which is not found in the documentation files
WARNING  -  A relative path to 'Iris/iris_widget_prog_guide/Content/Phone_Method.html#unregist' is included in the 'nav'
            configuration, which is not found in the documentation files
WARNING  -  A relative path to 'Iris/iris_widget_prog_guide/Content/Phone_Properties.html#anchorPo' is included in the
            'nav' configuration, which is not found in the documentation files
WARNING  -  A relative path to 'Iris/iris_widget_prog_guide/Content/Phone_Properties.html#bottom' is included in the
            'nav' configuration, which is not found in the documentation files
WARNING  -  A relative path to 'Iris/iris_widget_prog_guide/Content/Phone_Properties.html#centerX' is included in the
            'nav' configuration, which is not found in the documentation files
WARNING  -  A relative path to 'Iris/iris_widget_prog_guide/Content/Phone_Properties.html#centerY' is included in the
            'nav' configuration, which is not found in the documentation files
WARNING  -  A relative path to 'Iris/iris_widget_prog_guide/Content/Phone_Properties.html#contentA' is included in the
            'nav' configuration, which is not found in the documentation files
WARNING  -  A relative path to 'Iris/iris_widget_prog_guide/Content/Phone_Properties.html#cursorType' is included in the
            'nav' configuration, which is not found in the documentation files
WARNING  -  A relative path to 'Iris/iris_widget_prog_guide/Content/Phone_Properties.html#enable' is included in the
            'nav' configuration, which is not found in the documentation files
WARNING  -  A relative path to 'Iris/iris_widget_prog_guide/Content/Phone_Properties.html#focusSki' is included in the
            'nav' configuration, which is not found in the documentation files
WARNING  -  A relative path to 'Iris/iris_widget_prog_guide/Content/Phone_Properties.html#height' is included in the
            'nav' configuration, which is not found in the documentation files
WARNING  -  A relative path to 'Iris/iris_widget_prog_guide/Content/Phone_Properties.html#hExpand' is included in the
            'nav' configuration, which is not found in the documentation files
WARNING  -  A relative path to 'Iris/iris_widget_prog_guide/Content/Phone_Properties.html#id' is included in the 'nav'
            configuration, which is not found in the documentation files
WARNING  -  A relative path to 'Iris/iris_widget_prog_guide/Content/Phone_Properties.html#isVisibl' is included in the
            'nav' configuration, which is not found in the documentation files
WARNING  -  A relative path to 'Iris/iris_widget_prog_guide/Content/Phone_Properties.html#left' is included in the 'nav'
            configuration, which is not found in the documentation files
WARNING  -  A relative path to 'Iris/iris_widget_prog_guide/Content/Phone_Properties.html#margin' is included in the
            'nav' configuration, which is not found in the documentation files
WARNING  -  A relative path to 'Iris/iris_widget_prog_guide/Content/Phone_Properties.html#marginIn' is included in the
            'nav' configuration, which is not found in the documentation files
WARNING  -  A relative path to 'Iris/iris_widget_prog_guide/Content/Phone_Properties.html#maxHeigh' is included in the
            'nav' configuration, which is not found in the documentation files
WARNING  -  A relative path to 'Iris/iris_widget_prog_guide/Content/Phone_Properties.html#maxWidth' is included in the
            'nav' configuration, which is not found in the documentation files
WARNING  -  A relative path to 'Iris/iris_widget_prog_guide/Content/Phone_Properties.html#minHeigh' is included in the
            'nav' configuration, which is not found in the documentation files
WARNING  -  A relative path to 'Iris/iris_widget_prog_guide/Content/Phone_Properties.html#minWidth' is included in the
            'nav' configuration, which is not found in the documentation files
WARNING  -  A relative path to 'Iris/iris_widget_prog_guide/Content/Phone_Properties.html#opacity' is included in the
            'nav' configuration, which is not found in the documentation files
WARNING  -  A relative path to 'Iris/iris_widget_prog_guide/Content/Phone_Properties.html#padding' is included in the
            'nav' configuration, which is not found in the documentation files
WARNING  -  A relative path to 'Iris/iris_widget_prog_guide/Content/Phone_Properties.html#paddingI' is included in the
            'nav' configuration, which is not found in the documentation files
WARNING  -  A relative path to 'Iris/iris_widget_prog_guide/Content/Phone_Properties.html#parent' is included in the
            'nav' configuration, which is not found in the documentation files
WARNING  -  A relative path to 'Iris/iris_widget_prog_guide/Content/Phone_Properties.html#retainContentAlignment' is
            included in the 'nav' configuration, which is not found in the documentation files
WARNING  -  A relative path to 'Iris/iris_widget_prog_guide/Content/Phone_Properties.html#retainFlexPositionProperties'
            is included in the 'nav' configuration, which is not found in the documentation files
WARNING  -  A relative path to 'Iris/iris_widget_prog_guide/Content/Phone_Properties.html#retainFlowHorizontalAlignment'
            is included in the 'nav' configuration, which is not found in the documentation files
WARNING  -  A relative path to 'Iris/iris_widget_prog_guide/Content/Phone_Properties.html#right' is included in the
            'nav' configuration, which is not found in the documentation files
WARNING  -  A relative path to 'Iris/iris_widget_prog_guide/Content/Phone_Properties.html#skin' is included in the 'nav'
            configuration, which is not found in the documentation files
WARNING  -  A relative path to 'Iris/iris_widget_prog_guide/Content/Phone_Properties.html#text' is included in the 'nav'
            configuration, which is not found in the documentation files
WARNING  -  A relative path to 'Iris/iris_widget_prog_guide/Content/Phone_Properties.html#top' is included in the 'nav'
            configuration, which is not found in the documentation files
WARNING  -  A relative path to 'Iris/iris_widget_prog_guide/Content/Phone_Properties.html#transfor' is included in the
            'nav' configuration, which is not found in the documentation files
WARNING  -  A relative path to 'Iris/iris_widget_prog_guide/Content/Phone_Properties.html#vExpand' is included in the
            'nav' configuration, which is not found in the documentation files
WARNING  -  A relative path to 'Iris/iris_widget_prog_guide/Content/Phone_Properties.html#widgetAl' is included in the
            'nav' configuration, which is not found in the documentation files
WARNING  -  A relative path to 'Iris/iris_widget_prog_guide/Content/Phone_Properties.html#width' is included in the
            'nav' configuration, which is not found in the documentation files
WARNING  -  A relative path to 'Iris/iris_widget_prog_guide/Content/Phone_Properties.html#zIndex' is included in the
            'nav' configuration, which is not found in the documentation files
WARNING  -  A relative path to 'Iris/iris_widget_prog_guide/Content/PickerView.html#pickerview-widget-basics' is
            included in the 'nav' configuration, which is not found in the documentation files
WARNING  -  A relative path to 'Iris/iris_widget_prog_guide/Content/PickerView_Events.html#doLayout' is included in the
            'nav' configuration, which is not found in the documentation files
WARNING  -  A relative path to 'Iris/iris_widget_prog_guide/Content/PickerView_Events.html#onScrollWidgetPosition' is
            included in the 'nav' configuration, which is not found in the documentation files
WARNING  -  A relative path to 'Iris/iris_widget_prog_guide/Content/PickerView_Events.html#onSelect' is included in the
            'nav' configuration, which is not found in the documentation files
WARNING  -  A relative path to 'Iris/iris_widget_prog_guide/Content/PickerView_Events.html#onTouchStart' is included in
            the 'nav' configuration, which is not found in the documentation files
WARNING  -  A relative path to 'Iris/iris_widget_prog_guide/Content/PickerView_Events.html#onTouchMove' is included in
            the 'nav' configuration, which is not found in the documentation files
WARNING  -  A relative path to 'Iris/iris_widget_prog_guide/Content/PickerView_Events.html#onTouchEnd' is included in
            the 'nav' configuration, which is not found in the documentation files
WARNING  -  A relative path to 'Iris/iris_widget_prog_guide/Content/PickerView_Methods.html#addGestureRecognizer' is
            included in the 'nav' configuration, which is not found in the documentation files
WARNING  -  A relative path to 'Iris/iris_widget_prog_guide/Content/PickerView_Methods.html#animate' is included in the
            'nav' configuration, which is not found in the documentation files
WARNING  -  A relative path to 'Iris/iris_widget_prog_guide/Content/PickerView_Methods.html#clone' is included in the
            'nav' configuration, which is not found in the documentation files
WARNING  -  A relative path to 'Iris/iris_widget_prog_guide/Content/PickerView_Methods.html#convertPointFromWidget' is
            included in the 'nav' configuration, which is not found in the documentation files
WARNING  -  A relative path to 'Iris/iris_widget_prog_guide/Content/PickerView_Methods.html#convertPointToWidget' is
            included in the 'nav' configuration, which is not found in the documentation files
WARNING  -  A relative path to 'Iris/iris_widget_prog_guide/Content/PickerView_Methods.html#getBadge' is included in the
            'nav' configuration, which is not found in the documentation files
WARNING  -  A relative path to 'Iris/iris_widget_prog_guide/Content/PickerView_Methods.html#registerForPeekandPop' is
            included in the 'nav' configuration, which is not found in the documentation files
WARNING  -  A relative path to 'Iris/iris_widget_prog_guide/Content/PickerView_Methods.html#removeFromParent' is
            included in the 'nav' configuration, which is not found in the documentation files
WARNING  -  A relative path to 'Iris/iris_widget_prog_guide/Content/PickerView_Methods.html#removeGestureRecognizer' is
            included in the 'nav' configuration, which is not found in the documentation files
WARNING  -  A relative path to 'Iris/iris_widget_prog_guide/Content/PickerView_Methods.html#setBadge' is included in the
            'nav' configuration, which is not found in the documentation files
WARNING  -  A relative path to 'Iris/iris_widget_prog_guide/Content/PickerView_Methods.html#setComponentData' is
            included in the 'nav' configuration, which is not found in the documentation files
WARNING  -  A relative path to 'Iris/iris_widget_prog_guide/Content/PickerView_Methods.html#setEnabled' is included in
            the 'nav' configuration, which is not found in the documentation files
WARNING  -  A relative path to 'Iris/iris_widget_prog_guide/Content/PickerView_Methods.html#setFocus' is included in the
            'nav' configuration, which is not found in the documentation files
WARNING  -  A relative path to 'Iris/iris_widget_prog_guide/Content/PickerView_Methods.html#setGestureRecognizer' is
            included in the 'nav' configuration, which is not found in the documentation files
WARNING  -  A relative path to 'Iris/iris_widget_prog_guide/Content/PickerView_Methods.html#setOnPeek' is included in
            the 'nav' configuration, which is not found in the documentation files
WARNING  -  A relative path to 'Iris/iris_widget_prog_guide/Content/PickerView_Methods.html#setOnPop' is included in the
            'nav' configuration, which is not found in the documentation files
WARNING  -  A relative path to 'Iris/iris_widget_prog_guide/Content/PickerView_Methods.html#setSelectedKeyInComponent'
            is included in the 'nav' configuration, which is not found in the documentation files
WARNING  -  A relative path to 'Iris/iris_widget_prog_guide/Content/PickerView_Methods.html#setVisibility' is included
            in the 'nav' configuration, which is not found in the documentation files
WARNING  -  A relative path to 'Iris/iris_widget_prog_guide/Content/PickerView_Methods.html#unregisterForPeekandPop' is
            included in the 'nav' configuration, which is not found in the documentation files
WARNING  -  A relative path to
            'Iris/iris_widget_prog_guide/Content/PickerView_Basic_Properties.html#accessibilityConfig' is included in
            the 'nav' configuration, which is not found in the documentation files
WARNING  -  A relative path to 'Iris/iris_widget_prog_guide/Content/PickerView_Basic_Properties.html#anchorPo' is
            included in the 'nav' configuration, which is not found in the documentation files
WARNING  -  A relative path to 'Iris/iris_widget_prog_guide/Content/PickerView_Basic_Properties.html#backgrou' is
            included in the 'nav' configuration, which is not found in the documentation files
WARNING  -  A relative path to
            'Iris/iris_widget_prog_guide/Content/PickerView_Basic_Properties.html#backgroundColorMultiStepGradient' is
            included in the 'nav' configuration, which is not found in the documentation files
WARNING  -  A relative path to
            'Iris/iris_widget_prog_guide/Content/PickerView_Basic_Properties.html#backgroundColorTwoStepGradient' is
            included in the 'nav' configuration, which is not found in the documentation files
WARNING  -  A relative path to 'Iris/iris_widget_prog_guide/Content/PickerView_Basic_Properties.html#backgroundImage' is
            included in the 'nav' configuration, which is not found in the documentation files
WARNING  -  A relative path to 'Iris/iris_widget_prog_guide/Content/PickerView_Basic_Properties.html#borderColor' is
            included in the 'nav' configuration, which is not found in the documentation files
WARNING  -  A relative path to
            'Iris/iris_widget_prog_guide/Content/PickerView_Basic_Properties.html#borderColorGradient' is included in
            the 'nav' configuration, which is not found in the documentation files
WARNING  -  A relative path to 'Iris/iris_widget_prog_guide/Content/PickerView_Basic_Properties.html#borderStyle' is
            included in the 'nav' configuration, which is not found in the documentation files
WARNING  -  A relative path to 'Iris/iris_widget_prog_guide/Content/PickerView_Basic_Properties.html#borderWidth' is
            included in the 'nav' configuration, which is not found in the documentation files
WARNING  -  A relative path to 'Iris/iris_widget_prog_guide/Content/PickerView_Basic_Properties.html#bottom' is included
            in the 'nav' configuration, which is not found in the documentation files
WARNING  -  A relative path to 'Iris/iris_widget_prog_guide/Content/PickerView_Basic_Properties.html#centerX' is
            included in the 'nav' configuration, which is not found in the documentation files
WARNING  -  A relative path to 'Iris/iris_widget_prog_guide/Content/PickerView_Basic_Properties.html#centerY' is
            included in the 'nav' configuration, which is not found in the documentation files
WARNING  -  A relative path to 'Iris/iris_widget_prog_guide/Content/PickerView_Basic_Properties.html#cornerRadius' is
            included in the 'nav' configuration, which is not found in the documentation files
WARNING  -  A relative path to 'Iris/iris_widget_prog_guide/Content/PickerView_Basic_Properties.html#cursorType' is
            included in the 'nav' configuration, which is not found in the documentation files
WARNING  -  A relative path to
            'Iris/iris_widget_prog_guide/Content/PickerView_Basic_Properties.html#disabledStateSkinProperties' is
            included in the 'nav' configuration, which is not found in the documentation files
WARNING  -  A relative path to 'Iris/iris_widget_prog_guide/Content/PickerView_Basic_Properties.html#enable' is included
            in the 'nav' configuration, which is not found in the documentation files
WARNING  -  A relative path to 'Iris/iris_widget_prog_guide/Content/PickerView_Basic_Properties.html#enableCa' is
            included in the 'nav' configuration, which is not found in the documentation files
WARNING  -  A relative path to
            'Iris/iris_widget_prog_guide/Content/PickerView_Basic_Properties.html#enableHapticFeedback' is included in
            the 'nav' configuration, which is not found in the documentation files
WARNING  -  A relative path to 'Iris/iris_widget_prog_guide/Content/PickerView_Basic_Properties.html#focusSki' is
            included in the 'nav' configuration, which is not found in the documentation files
WARNING  -  A relative path to
            'Iris/iris_widget_prog_guide/Content/PickerView_Basic_Properties.html#focusStateSkinProperties' is included
            in the 'nav' configuration, which is not found in the documentation files
WARNING  -  A relative path to 'Iris/iris_widget_prog_guide/Content/PickerView_Basic_Properties.html#fontColor' is
            included in the 'nav' configuration, which is not found in the documentation files
WARNING  -  A relative path to 'Iris/iris_widget_prog_guide/Content/PickerView_Basic_Properties.html#fontFamily' is
            included in the 'nav' configuration, which is not found in the documentation files
WARNING  -  A relative path to 'Iris/iris_widget_prog_guide/Content/PickerView_Basic_Properties.html#fontSize' is
            included in the 'nav' configuration, which is not found in the documentation files
WARNING  -  A relative path to 'Iris/iris_widget_prog_guide/Content/PickerView_Basic_Properties.html#fontStyle' is
            included in the 'nav' configuration, which is not found in the documentation files
WARNING  -  A relative path to 'Iris/iris_widget_prog_guide/Content/PickerView_Basic_Properties.html#fontWeight' is
            included in the 'nav' configuration, which is not found in the documentation files
WARNING  -  A relative path to 'Iris/iris_widget_prog_guide/Content/PickerView_Basic_Properties.html#height' is included
            in the 'nav' configuration, which is not found in the documentation files
WARNING  -  A relative path to 'Iris/iris_widget_prog_guide/Content/PickerView_Basic_Properties.html#hExpand' is
            included in the 'nav' configuration, which is not found in the documentation files
WARNING  -  A relative path to
            'Iris/iris_widget_prog_guide/Content/PickerView_Basic_Properties.html#hoverStateSkinProperties' is included
            in the 'nav' configuration, which is not found in the documentation files
WARNING  -  A relative path to 'Iris/iris_widget_prog_guide/Content/PickerView_Basic_Properties.html#id' is included in
            the 'nav' configuration, which is not found in the documentation files
WARNING  -  A relative path to 'Iris/iris_widget_prog_guide/Content/PickerView_Basic_Properties.html#info' is included
            in the 'nav' configuration, which is not found in the documentation files
WARNING  -  A relative path to 'Iris/iris_widget_prog_guide/Content/PickerView_Basic_Properties.html#isVisibl' is
            included in the 'nav' configuration, which is not found in the documentation files
WARNING  -  A relative path to 'Iris/iris_widget_prog_guide/Content/PickerView_Basic_Properties.html#left' is included
            in the 'nav' configuration, which is not found in the documentation files
WARNING  -  A relative path to 'Iris/iris_widget_prog_guide/Content/PickerView_Basic_Properties.html#margin' is included
            in the 'nav' configuration, which is not found in the documentation files
WARNING  -  A relative path to 'Iris/iris_widget_prog_guide/Content/PickerView_Basic_Properties.html#marginIn' is
            included in the 'nav' configuration, which is not found in the documentation files
WARNING  -  A relative path to 'Iris/iris_widget_prog_guide/Content/PickerView_Basic_Properties.html#masterDa' is
            included in the 'nav' configuration, which is not found in the documentation files
WARNING  -  A relative path to 'Iris/iris_widget_prog_guide/Content/PickerView_Basic_Properties.html#masterDa2' is
            included in the 'nav' configuration, which is not found in the documentation files
WARNING  -  A relative path to 'Iris/iris_widget_prog_guide/Content/PickerView_Basic_Properties.html#maxHeigh' is
            included in the 'nav' configuration, which is not found in the documentation files
WARNING  -  A relative path to 'Iris/iris_widget_prog_guide/Content/PickerView_Basic_Properties.html#maxWidth' is
            included in the 'nav' configuration, which is not found in the documentation files
WARNING  -  A relative path to 'Iris/iris_widget_prog_guide/Content/PickerView_Basic_Properties.html#minHeigh' is
            included in the 'nav' configuration, which is not found in the documentation files
WARNING  -  A relative path to 'Iris/iris_widget_prog_guide/Content/PickerView_Basic_Properties.html#minWidth' is
            included in the 'nav' configuration, which is not found in the documentation files
WARNING  -  A relative path to 'Iris/iris_widget_prog_guide/Content/PickerView_Basic_Properties.html#opacity' is
            included in the 'nav' configuration, which is not found in the documentation files
WARNING  -  A relative path to 'Iris/iris_widget_prog_guide/Content/PickerView_Basic_Properties.html#parent' is included
            in the 'nav' configuration, which is not found in the documentation files
WARNING  -  A relative path to
            'Iris/iris_widget_prog_guide/Content/PickerView_Basic_Properties.html#pressedStateSkinProperties' is
            included in the 'nav' configuration, which is not found in the documentation files
WARNING  -  A relative path to
            'Iris/iris_widget_prog_guide/Content/PickerView_Basic_Properties.html#retainContentAlignment' is included in
            the 'nav' configuration, which is not found in the documentation files
WARNING  -  A relative path to
            'Iris/iris_widget_prog_guide/Content/PickerView_Basic_Properties.html#retainFlexPositionProperties' is
            included in the 'nav' configuration, which is not found in the documentation files
WARNING  -  A relative path to
            'Iris/iris_widget_prog_guide/Content/PickerView_Basic_Properties.html#retainFlowHorizontalAlignment' is
            included in the 'nav' configuration, which is not found in the documentation files
WARNING  -  A relative path to 'Iris/iris_widget_prog_guide/Content/PickerView_Basic_Properties.html#right' is included
            in the 'nav' configuration, which is not found in the documentation files
WARNING  -  A relative path to 'Iris/iris_widget_prog_guide/Content/PickerView_Basic_Properties.html#selected' is
            included in the 'nav' configuration, which is not found in the documentation files
WARNING  -  A relative path to 'Iris/iris_widget_prog_guide/Content/PickerView_Basic_Properties.html#selected2' is
            included in the 'nav' configuration, which is not found in the documentation files
WARNING  -  A relative path to 'Iris/iris_widget_prog_guide/Content/PickerView_Basic_Properties.html#shadowColor' is
            included in the 'nav' configuration, which is not found in the documentation files
WARNING  -  A relative path to 'Iris/iris_widget_prog_guide/Content/PickerView_Basic_Properties.html#shadowOffset' is
            included in the 'nav' configuration, which is not found in the documentation files
WARNING  -  A relative path to 'Iris/iris_widget_prog_guide/Content/PickerView_Basic_Properties.html#shadowRadius' is
            included in the 'nav' configuration, which is not found in the documentation files
WARNING  -  A relative path to 'Iris/iris_widget_prog_guide/Content/PickerView_Basic_Properties.html#showAppM' is
            included in the 'nav' configuration, which is not found in the documentation files
WARNING  -  A relative path to 'Iris/iris_widget_prog_guide/Content/PickerView_Basic_Properties.html#skin' is included
            in the 'nav' configuration, which is not found in the documentation files
WARNING  -  A relative path to 'Iris/iris_widget_prog_guide/Content/PickerView_Basic_Properties.html#textShadowColor' is
            included in the 'nav' configuration, which is not found in the documentation files
WARNING  -  A relative path to 'Iris/iris_widget_prog_guide/Content/PickerView_Basic_Properties.html#textShadowOffset'
            is included in the 'nav' configuration, which is not found in the documentation files
WARNING  -  A relative path to 'Iris/iris_widget_prog_guide/Content/PickerView_Basic_Properties.html#textShadowRadius'
            is included in the 'nav' configuration, which is not found in the documentation files
WARNING  -  A relative path to 'Iris/iris_widget_prog_guide/Content/PickerView_Basic_Properties.html#top' is included in
            the 'nav' configuration, which is not found in the documentation files
WARNING  -  A relative path to 'Iris/iris_widget_prog_guide/Content/PickerView_Basic_Properties.html#transfor' is
            included in the 'nav' configuration, which is not found in the documentation files
WARNING  -  A relative path to 'Iris/iris_widget_prog_guide/Content/PickerView_Basic_Properties.html#viewType' is
            included in the 'nav' configuration, which is not found in the documentation files
WARNING  -  A relative path to 'Iris/iris_widget_prog_guide/Content/PickerView_Basic_Properties.html#widgetAl' is
            included in the 'nav' configuration, which is not found in the documentation files
WARNING  -  A relative path to 'Iris/iris_widget_prog_guide/Content/PickerView_Basic_Properties.html#widgetSwipeMove' is
            included in the 'nav' configuration, which is not found in the documentation files
WARNING  -  A relative path to 'Iris/iris_widget_prog_guide/Content/PickerView_Basic_Properties.html#width' is included
            in the 'nav' configuration, which is not found in the documentation files
WARNING  -  A relative path to 'Iris/iris_widget_prog_guide/Content/PickerView_Basic_Properties.html#zIndex' is included
            in the 'nav' configuration, which is not found in the documentation files
WARNING  -  A relative path to
            'Iris/iris_widget_prog_guide/Content/RadioButtonGroup.html#radiobuttongroup-widget-basics' is included in
            the 'nav' configuration, which is not found in the documentation files
WARNING  -  A relative path to 'Iris/iris_widget_prog_guide/Content/RadioButton_Events.html#doLayout' is included in the
            'nav' configuration, which is not found in the documentation files
WARNING  -  A relative path to 'Iris/iris_widget_prog_guide/Content/RadioButton_Events.html#onScrollWidgetPosition' is
            included in the 'nav' configuration, which is not found in the documentation files
WARNING  -  A relative path to 'Iris/iris_widget_prog_guide/Content/RadioButton_Events.html#onSelect' is included in the
            'nav' configuration, which is not found in the documentation files
WARNING  -  A relative path to 'Iris/iris_widget_prog_guide/Content/RadioButton_Events.html#onTouchEnd' is included in
            the 'nav' configuration, which is not found in the documentation files
WARNING  -  A relative path to 'Iris/iris_widget_prog_guide/Content/RadioButton_Events.html#onTouchMove' is included in
            the 'nav' configuration, which is not found in the documentation files
WARNING  -  A relative path to 'Iris/iris_widget_prog_guide/Content/RadioButton_Events.html#onTouchStart' is included in
            the 'nav' configuration, which is not found in the documentation files
WARNING  -  A relative path to 'Iris/iris_widget_prog_guide/Content/RadioButton_Events.html#postOncl' is included in the
            'nav' configuration, which is not found in the documentation files
WARNING  -  A relative path to 'Iris/iris_widget_prog_guide/Content/RadioButton_Events.html#preOncli' is included in the
            'nav' configuration, which is not found in the documentation files
WARNING  -  A relative path to 'Iris/iris_widget_prog_guide/Content/RadioButton_Method.html#animate' is included in the
            'nav' configuration, which is not found in the documentation files
WARNING  -  A relative path to 'Iris/iris_widget_prog_guide/Content/RadioButton_Method.html#clone' is included in the
            'nav' configuration, which is not found in the documentation files
WARNING  -  A relative path to 'Iris/iris_widget_prog_guide/Content/RadioButton_Method.html#convertPointFromWidget' is
            included in the 'nav' configuration, which is not found in the documentation files
WARNING  -  A relative path to 'Iris/iris_widget_prog_guide/Content/RadioButton_Method.html#convertPointToWidget' is
            included in the 'nav' configuration, which is not found in the documentation files
WARNING  -  A relative path to 'Iris/iris_widget_prog_guide/Content/RadioButton_Method.html#getBadge' is included in the
            'nav' configuration, which is not found in the documentation files
WARNING  -  A relative path to 'Iris/iris_widget_prog_guide/Content/RadioButton_Method.html#register' is included in the
            'nav' configuration, which is not found in the documentation files
WARNING  -  A relative path to 'Iris/iris_widget_prog_guide/Content/RadioButton_Method.html#removeFromParent' is
            included in the 'nav' configuration, which is not found in the documentation files
WARNING  -  A relative path to 'Iris/iris_widget_prog_guide/Content/RadioButton_Method.html#removeGestureRecognizer' is
            included in the 'nav' configuration, which is not found in the documentation files
WARNING  -  A relative path to 'Iris/iris_widget_prog_guide/Content/RadioButton_Method.html#setBadge' is included in the
            'nav' configuration, which is not found in the documentation files
WARNING  -  A relative path to 'Iris/iris_widget_prog_guide/Content/RadioButton_Method.html#setEnabled' is included in
            the 'nav' configuration, which is not found in the documentation files
WARNING  -  A relative path to 'Iris/iris_widget_prog_guide/Content/RadioButton_Method.html#setFocus' is included in the
            'nav' configuration, which is not found in the documentation files
WARNING  -  A relative path to 'Iris/iris_widget_prog_guide/Content/RadioButton_Method.html#setGestureRecognizer' is
            included in the 'nav' configuration, which is not found in the documentation files
WARNING  -  A relative path to 'Iris/iris_widget_prog_guide/Content/RadioButton_Method.html#setOnPek' is included in the
            'nav' configuration, which is not found in the documentation files
WARNING  -  A relative path to 'Iris/iris_widget_prog_guide/Content/RadioButton_Method.html#setOnPop' is included in the
            'nav' configuration, which is not found in the documentation files
WARNING  -  A relative path to 'Iris/iris_widget_prog_guide/Content/RadioButton_Method.html#setVisibility' is included
            in the 'nav' configuration, which is not found in the documentation files
WARNING  -  A relative path to 'Iris/iris_widget_prog_guide/Content/RadioButton_Method.html#unregist' is included in the
            'nav' configuration, which is not found in the documentation files
WARNING  -  A relative path to 'Iris/iris_widget_prog_guide/Content/RadioButton_Properties.html#accessibilityConfig' is
            included in the 'nav' configuration, which is not found in the documentation files
WARNING  -  A relative path to 'Iris/iris_widget_prog_guide/Content/RadioButton_Properties.html#anchorPo' is included in
            the 'nav' configuration, which is not found in the documentation files
WARNING  -  A relative path to 'Iris/iris_widget_prog_guide/Content/RadioButton_Properties.html#backgrou' is included in
            the 'nav' configuration, which is not found in the documentation files
WARNING  -  A relative path to
            'Iris/iris_widget_prog_guide/Content/RadioButton_Properties.html#backgroundColorMultiStepGradient' is
            included in the 'nav' configuration, which is not found in the documentation files
WARNING  -  A relative path to
            'Iris/iris_widget_prog_guide/Content/RadioButton_Properties.html#backgroundColorTwoStepGradient' is included
            in the 'nav' configuration, which is not found in the documentation files
WARNING  -  A relative path to 'Iris/iris_widget_prog_guide/Content/RadioButton_Properties.html#backgroundImage' is
            included in the 'nav' configuration, which is not found in the documentation files
WARNING  -  A relative path to 'Iris/iris_widget_prog_guide/Content/RadioButton_Properties.html#blur' is included in the
            'nav' configuration, which is not found in the documentation files
WARNING  -  A relative path to 'Iris/iris_widget_prog_guide/Content/RadioButton_Properties.html#borderColor' is included
            in the 'nav' configuration, which is not found in the documentation files
WARNING  -  A relative path to 'Iris/iris_widget_prog_guide/Content/RadioButton_Properties.html#borderColorGradient' is
            included in the 'nav' configuration, which is not found in the documentation files
WARNING  -  A relative path to 'Iris/iris_widget_prog_guide/Content/RadioButton_Properties.html#borderStyle' is included
            in the 'nav' configuration, which is not found in the documentation files
WARNING  -  A relative path to 'Iris/iris_widget_prog_guide/Content/RadioButton_Properties.html#borderWidth' is included
            in the 'nav' configuration, which is not found in the documentation files
WARNING  -  A relative path to 'Iris/iris_widget_prog_guide/Content/RadioButton_Properties.html#bottom' is included in
            the 'nav' configuration, which is not found in the documentation files
WARNING  -  A relative path to 'Iris/iris_widget_prog_guide/Content/RadioButton_Properties.html#centerX' is included in
            the 'nav' configuration, which is not found in the documentation files
WARNING  -  A relative path to 'Iris/iris_widget_prog_guide/Content/RadioButton_Properties.html#centerY' is included in
            the 'nav' configuration, which is not found in the documentation files
WARNING  -  A relative path to 'Iris/iris_widget_prog_guide/Content/RadioButton_Properties.html#cornerRadius' is
            included in the 'nav' configuration, which is not found in the documentation files
WARNING  -  A relative path to 'Iris/iris_widget_prog_guide/Content/RadioButton_Properties.html#cursorType' is included
            in the 'nav' configuration, which is not found in the documentation files
WARNING  -  A relative path to
            'Iris/iris_widget_prog_guide/Content/RadioButton_Properties.html#disabledStateSkinProperties' is included in
            the 'nav' configuration, which is not found in the documentation files
WARNING  -  A relative path to 'Iris/iris_widget_prog_guide/Content/RadioButton_Properties.html#dropDown' is included in
            the 'nav' configuration, which is not found in the documentation files
WARNING  -  A relative path to 'Iris/iris_widget_prog_guide/Content/RadioButton_Properties.html#enable' is included in
            the 'nav' configuration, which is not found in the documentation files
WARNING  -  A relative path to 'Iris/iris_widget_prog_guide/Content/RadioButton_Properties.html#enableCa' is included in
            the 'nav' configuration, which is not found in the documentation files
WARNING  -  A relative path to 'Iris/iris_widget_prog_guide/Content/RadioButton_Properties.html#enableHapticFeedback' is
            included in the 'nav' configuration, which is not found in the documentation files
WARNING  -  A relative path to 'Iris/iris_widget_prog_guide/Content/RadioButton_Properties.html#focusSki' is included in
            the 'nav' configuration, which is not found in the documentation files
WARNING  -  A relative path to
            'Iris/iris_widget_prog_guide/Content/RadioButton_Properties.html#focusStateSkinProperties' is included in
            the 'nav' configuration, which is not found in the documentation files
WARNING  -  A relative path to 'Iris/iris_widget_prog_guide/Content/RadioButton_Properties.html#fontColor' is included
            in the 'nav' configuration, which is not found in the documentation files
WARNING  -  A relative path to 'Iris/iris_widget_prog_guide/Content/RadioButton_Properties.html#fontFamily' is included
            in the 'nav' configuration, which is not found in the documentation files
WARNING  -  A relative path to 'Iris/iris_widget_prog_guide/Content/RadioButton_Properties.html#fontSize' is included in
            the 'nav' configuration, which is not found in the documentation files
WARNING  -  A relative path to 'Iris/iris_widget_prog_guide/Content/RadioButton_Properties.html#fontStyle' is included
            in the 'nav' configuration, which is not found in the documentation files
WARNING  -  A relative path to 'Iris/iris_widget_prog_guide/Content/RadioButton_Properties.html#fontWeight' is included
            in the 'nav' configuration, which is not found in the documentation files
WARNING  -  A relative path to 'Iris/iris_widget_prog_guide/Content/RadioButton_Properties.html#groupCel' is included in
            the 'nav' configuration, which is not found in the documentation files
WARNING  -  A relative path to 'Iris/iris_widget_prog_guide/Content/RadioButton_Properties.html#height' is included in
            the 'nav' configuration, which is not found in the documentation files
WARNING  -  A relative path to 'Iris/iris_widget_prog_guide/Content/RadioButton_Properties.html#hoverSki' is included in
            the 'nav' configuration, which is not found in the documentation files
WARNING  -  A relative path to
            'Iris/iris_widget_prog_guide/Content/RadioButton_Properties.html#hoverStateSkinProperties' is included in
            the 'nav' configuration, which is not found in the documentation files
WARNING  -  A relative path to 'Iris/iris_widget_prog_guide/Content/RadioButton_Properties.html#id' is included in the
            'nav' configuration, which is not found in the documentation files
WARNING  -  A relative path to 'Iris/iris_widget_prog_guide/Content/RadioButton_Properties.html#info' is included in the
            'nav' configuration, which is not found in the documentation files
WARNING  -  A relative path to 'Iris/iris_widget_prog_guide/Content/RadioButton_Properties.html#inputAccessoryViewType'
            is included in the 'nav' configuration, which is not found in the documentation files
WARNING  -  A relative path to 'Iris/iris_widget_prog_guide/Content/RadioButton_Properties.html#isVisibl' is included in
            the 'nav' configuration, which is not found in the documentation files
WARNING  -  A relative path to 'Iris/iris_widget_prog_guide/Content/RadioButton_Properties.html#itemOrientation' is
            included in the 'nav' configuration, which is not found in the documentation files
WARNING  -  A relative path to 'Iris/iris_widget_prog_guide/Content/RadioButton_Properties.html#left' is included in the
            'nav' configuration, which is not found in the documentation files
WARNING  -  A relative path to 'Iris/iris_widget_prog_guide/Content/RadioButton_Properties.html#masterDa' is included in
            the 'nav' configuration, which is not found in the documentation files
WARNING  -  A relative path to 'Iris/iris_widget_prog_guide/Content/RadioButton_Properties.html#masterDataMap' is
            included in the 'nav' configuration, which is not found in the documentation files
WARNING  -  A relative path to 'Iris/iris_widget_prog_guide/Content/RadioButton_Properties.html#maxHeigh' is included in
            the 'nav' configuration, which is not found in the documentation files
WARNING  -  A relative path to 'Iris/iris_widget_prog_guide/Content/RadioButton_Properties.html#maxWidth' is included in
            the 'nav' configuration, which is not found in the documentation files
WARNING  -  A relative path to 'Iris/iris_widget_prog_guide/Content/RadioButton_Properties.html#minHeigh' is included in
            the 'nav' configuration, which is not found in the documentation files
WARNING  -  A relative path to 'Iris/iris_widget_prog_guide/Content/RadioButton_Properties.html#minWidth' is included in
            the 'nav' configuration, which is not found in the documentation files
WARNING  -  A relative path to 'Iris/iris_widget_prog_guide/Content/RadioButton_Properties.html#opacity' is included in
            the 'nav' configuration, which is not found in the documentation files
WARNING  -  A relative path to 'Iris/iris_widget_prog_guide/Content/RadioButton_Properties.html#padding' is included in
            the 'nav' configuration, which is not found in the documentation files
WARNING  -  A relative path to 'Iris/iris_widget_prog_guide/Content/RadioButton_Properties.html#paddingInPixel' is
            included in the 'nav' configuration, which is not found in the documentation files
WARNING  -  A relative path to 'Iris/iris_widget_prog_guide/Content/RadioButton_Properties.html#parent' is included in
            the 'nav' configuration, which is not found in the documentation files
WARNING  -  A relative path to 'Iris/iris_widget_prog_guide/Content/RadioButton_Properties.html#placehol' is included in
            the 'nav' configuration, which is not found in the documentation files
WARNING  -  A relative path to
            'Iris/iris_widget_prog_guide/Content/RadioButton_Properties.html#pressedStateSkinProperties' is included in
            the 'nav' configuration, which is not found in the documentation files
WARNING  -  A relative path to 'Iris/iris_widget_prog_guide/Content/RadioButton_Properties.html#retainContentAlignment'
            is included in the 'nav' configuration, which is not found in the documentation files
WARNING  -  A relative path to
            'Iris/iris_widget_prog_guide/Content/RadioButton_Properties.html#retainFlexPositionProperties' is included
            in the 'nav' configuration, which is not found in the documentation files
WARNING  -  A relative path to
            'Iris/iris_widget_prog_guide/Content/RadioButton_Properties.html#retainFlowHorizontalAlignment' is included
            in the 'nav' configuration, which is not found in the documentation files
WARNING  -  A relative path to 'Iris/iris_widget_prog_guide/Content/RadioButton_Properties.html#right' is included in
            the 'nav' configuration, which is not found in the documentation files
WARNING  -  A relative path to 'Iris/iris_widget_prog_guide/Content/RadioButton_Properties.html#selected' is included in
            the 'nav' configuration, which is not found in the documentation files
WARNING  -  A relative path to 'Iris/iris_widget_prog_guide/Content/RadioButton_Properties.html#Selected2' is included
            in the 'nav' configuration, which is not found in the documentation files
WARNING  -  A relative path to 'Iris/iris_widget_prog_guide/Content/RadioButton_Properties.html#shadowColor' is included
            in the 'nav' configuration, which is not found in the documentation files
WARNING  -  A relative path to 'Iris/iris_widget_prog_guide/Content/RadioButton_Properties.html#shadowDepth' is included
            in the 'nav' configuration, which is not found in the documentation files
WARNING  -  A relative path to 'Iris/iris_widget_prog_guide/Content/RadioButton_Properties.html#shadowOffset' is
            included in the 'nav' configuration, which is not found in the documentation files
WARNING  -  A relative path to 'Iris/iris_widget_prog_guide/Content/RadioButton_Properties.html#shadowRadius' is
            included in the 'nav' configuration, which is not found in the documentation files
WARNING  -  A relative path to 'Iris/iris_widget_prog_guide/Content/RadioButton_Properties.html#shadowType' is included
            in the 'nav' configuration, which is not found in the documentation files
WARNING  -  A relative path to 'Iris/iris_widget_prog_guide/Content/RadioButton_Properties.html#skin' is included in the
            'nav' configuration, which is not found in the documentation files
WARNING  -  A relative path to 'Iris/iris_widget_prog_guide/Content/RadioButton_Properties.html#textShadowColor' is
            included in the 'nav' configuration, which is not found in the documentation files
WARNING  -  A relative path to 'Iris/iris_widget_prog_guide/Content/RadioButton_Properties.html#textShadowOffset' is
            included in the 'nav' configuration, which is not found in the documentation files
WARNING  -  A relative path to 'Iris/iris_widget_prog_guide/Content/RadioButton_Properties.html#textShadowRadius' is
            included in the 'nav' configuration, which is not found in the documentation files
WARNING  -  A relative path to 'Iris/iris_widget_prog_guide/Content/RadioButton_Properties.html#tickedIm' is included in
            the 'nav' configuration, which is not found in the documentation files
WARNING  -  A relative path to 'Iris/iris_widget_prog_guide/Content/RadioButton_Properties.html#toolTip' is included in
            the 'nav' configuration, which is not found in the documentation files
WARNING  -  A relative path to 'Iris/iris_widget_prog_guide/Content/RadioButton_Properties.html#top' is included in the
            'nav' configuration, which is not found in the documentation files
WARNING  -  A relative path to 'Iris/iris_widget_prog_guide/Content/RadioButton_Properties.html#transfor' is included in
            the 'nav' configuration, which is not found in the documentation files
WARNING  -  A relative path to 'Iris/iris_widget_prog_guide/Content/RadioButton_Properties.html#unticked' is included in
            the 'nav' configuration, which is not found in the documentation files
WARNING  -  A relative path to 'Iris/iris_widget_prog_guide/Content/RadioButton_Properties.html#viewConf' is included in
            the 'nav' configuration, which is not found in the documentation files
WARNING  -  A relative path to 'Iris/iris_widget_prog_guide/Content/RadioButton_Properties.html#viewType' is included in
            the 'nav' configuration, which is not found in the documentation files
WARNING  -  A relative path to 'Iris/iris_widget_prog_guide/Content/RadioButton_Properties.html#wheelBac' is included in
            the 'nav' configuration, which is not found in the documentation files
WARNING  -  A relative path to 'Iris/iris_widget_prog_guide/Content/RadioButton_Properties.html#widgetSwipeMove' is
            included in the 'nav' configuration, which is not found in the documentation files
WARNING  -  A relative path to 'Iris/iris_widget_prog_guide/Content/RadioButton_Properties.html#widgetAlignment' is
            included in the 'nav' configuration, which is not found in the documentation files
WARNING  -  A relative path to 'Iris/iris_widget_prog_guide/Content/RadioButton_Properties.html#zIndex' is included in
            the 'nav' configuration, which is not found in the documentation files
WARNING  -  A relative path to
            'Iris/iris_widget_prog_guide/Content/react_Native_Container.html#reactnativecontainer-widget-basics' is
            included in the 'nav' configuration, which is not found in the documentation files
WARNING  -  A relative path to 'Iris/iris_widget_prog_guide/Content/ReactNativeContainer_Properties.html#anchorPoint' is
            included in the 'nav' configuration, which is not found in the documentation files
WARNING  -  A relative path to 'Iris/iris_widget_prog_guide/Content/ReactNativeContainer_Properties.html#bottom' is
            included in the 'nav' configuration, which is not found in the documentation files
WARNING  -  A relative path to 'Iris/iris_widget_prog_guide/Content/ReactNativeContainer_Properties.html#centerX' is
            included in the 'nav' configuration, which is not found in the documentation files
WARNING  -  A relative path to 'Iris/iris_widget_prog_guide/Content/ReactNativeContainer_Properties.html#centerY' is
            included in the 'nav' configuration, which is not found in the documentation files
WARNING  -  A relative path to 'Iris/iris_widget_prog_guide/Content/ReactNativeContainer_Properties.html#height' is
            included in the 'nav' configuration, which is not found in the documentation files
WARNING  -  A relative path to 'Iris/iris_widget_prog_guide/Content/ReactNativeContainer_Properties.html#id' is included
            in the 'nav' configuration, which is not found in the documentation files
WARNING  -  A relative path to 'Iris/iris_widget_prog_guide/Content/ReactNativeContainer_Properties.html#info' is
            included in the 'nav' configuration, which is not found in the documentation files
WARNING  -  A relative path to 'Iris/iris_widget_prog_guide/Content/ReactNativeContainer_Properties.html#isVisibl' is
            included in the 'nav' configuration, which is not found in the documentation files
WARNING  -  A relative path to 'Iris/iris_widget_prog_guide/Content/ReactNativeContainer_Properties.html#left' is
            included in the 'nav' configuration, which is not found in the documentation files
WARNING  -  A relative path to 'Iris/iris_widget_prog_guide/Content/ReactNativeContainer_Properties.html#maxHeigh' is
            included in the 'nav' configuration, which is not found in the documentation files
WARNING  -  A relative path to 'Iris/iris_widget_prog_guide/Content/ReactNativeContainer_Properties.html#maxWidth' is
            included in the 'nav' configuration, which is not found in the documentation files
WARNING  -  A relative path to 'Iris/iris_widget_prog_guide/Content/ReactNativeContainer_Properties.html#minHeigh' is
            included in the 'nav' configuration, which is not found in the documentation files
WARNING  -  A relative path to 'Iris/iris_widget_prog_guide/Content/ReactNativeContainer_Properties.html#minWidth' is
            included in the 'nav' configuration, which is not found in the documentation files
WARNING  -  A relative path to
            'Iris/iris_widget_prog_guide/Content/ReactNativeContainer_Properties.html#nativeModulePackages' is included
            in the 'nav' configuration, which is not found in the documentation files
WARNING  -  A relative path to 'Iris/iris_widget_prog_guide/Content/ReactNativeContainer_Properties.html#parent' is
            included in the 'nav' configuration, which is not found in the documentation files
WARNING  -  A relative path to
            'Iris/iris_widget_prog_guide/Content/ReactNativeContainer_Properties.html#reactNativeAppID' is included in
            the 'nav' configuration, which is not found in the documentation files
WARNING  -  A relative path to 'Iris/iris_widget_prog_guide/Content/ReactNativeContainer_Properties.html#right' is
            included in the 'nav' configuration, which is not found in the documentation files
WARNING  -  A relative path to 'Iris/iris_widget_prog_guide/Content/ReactNativeContainer_Properties.html#top' is
            included in the 'nav' configuration, which is not found in the documentation files
WARNING  -  A relative path to 'Iris/iris_widget_prog_guide/Content/ReactNativeContainer_Properties.html#transfor' is
            included in the 'nav' configuration, which is not found in the documentation files
WARNING  -  A relative path to 'Iris/iris_widget_prog_guide/Content/ReactNativeContainer_Properties.html#width' is
            included in the 'nav' configuration, which is not found in the documentation files
WARNING  -  A relative path to 'Iris/iris_widget_prog_guide/Content/ReactNativeContainer_Properties.html#zIndex' is
            included in the 'nav' configuration, which is not found in the documentation files
WARNING  -  A relative path to 'Iris/iris_widget_prog_guide/Content/RichText.html#richtext-widget-basics' is included in
            the 'nav' configuration, which is not found in the documentation files
WARNING  -  A relative path to 'Iris/iris_widget_prog_guide/Content/RichText_Events.html#doLayout' is included in the
            'nav' configuration, which is not found in the documentation files
WARNING  -  A relative path to 'Iris/iris_widget_prog_guide/Content/RichText_Events.html#onClick' is included in the
            'nav' configuration, which is not found in the documentation files
WARNING  -  A relative path to 'Iris/iris_widget_prog_guide/Content/RichText_Events.html#onScrollWidgetPosition' is
            included in the 'nav' configuration, which is not found in the documentation files
WARNING  -  A relative path to 'Iris/iris_widget_prog_guide/Content/RichText_Events.html#onTouchEnd' is included in the
            'nav' configuration, which is not found in the documentation files
WARNING  -  A relative path to 'Iris/iris_widget_prog_guide/Content/RichText_Events.html#onTouchMove' is included in the
            'nav' configuration, which is not found in the documentation files
WARNING  -  A relative path to 'Iris/iris_widget_prog_guide/Content/RichText_Events.html#onTouchStart' is included in
            the 'nav' configuration, which is not found in the documentation files
WARNING  -  A relative path to 'Iris/iris_widget_prog_guide/Content/RichText_Events.html#postOncl' is included in the
            'nav' configuration, which is not found in the documentation files
WARNING  -  A relative path to 'Iris/iris_widget_prog_guide/Content/RichText_Events.html#preOncli' is included in the
            'nav' configuration, which is not found in the documentation files
WARNING  -  A relative path to 'Iris/iris_widget_prog_guide/Content/RichText_Method.html#addGestureRecognizer' is
            included in the 'nav' configuration, which is not found in the documentation files
WARNING  -  A relative path to 'Iris/iris_widget_prog_guide/Content/RichText_Method.html#animate' is included in the
            'nav' configuration, which is not found in the documentation files
WARNING  -  A relative path to 'Iris/iris_widget_prog_guide/Content/RichText_Method.html#clone' is included in the 'nav'
            configuration, which is not found in the documentation files
WARNING  -  A relative path to 'Iris/iris_widget_prog_guide/Content/RichText_Method.html#convertPointFromWidget' is
            included in the 'nav' configuration, which is not found in the documentation files
WARNING  -  A relative path to 'Iris/iris_widget_prog_guide/Content/RichText_Method.html#convertPointToWidget' is
            included in the 'nav' configuration, which is not found in the documentation files
WARNING  -  A relative path to 'Iris/iris_widget_prog_guide/Content/RichText_Method.html#getBadge' is included in the
            'nav' configuration, which is not found in the documentation files
WARNING  -  A relative path to 'Iris/iris_widget_prog_guide/Content/RichText_Method.html#register' is included in the
            'nav' configuration, which is not found in the documentation files
WARNING  -  A relative path to 'Iris/iris_widget_prog_guide/Content/RichText_Method.html#removeFromParent' is included
            in the 'nav' configuration, which is not found in the documentation files
WARNING  -  A relative path to 'Iris/iris_widget_prog_guide/Content/RichText_Method.html#removeGestureRecognizer' is
            included in the 'nav' configuration, which is not found in the documentation files
WARNING  -  A relative path to 'Iris/iris_widget_prog_guide/Content/RichText_Method.html#setBadge' is included in the
            'nav' configuration, which is not found in the documentation files
WARNING  -  A relative path to 'Iris/iris_widget_prog_guide/Content/RichText_Method.html#setEnabled' is included in the
            'nav' configuration, which is not found in the documentation files
WARNING  -  A relative path to 'Iris/iris_widget_prog_guide/Content/RichText_Method.html#setFocus' is included in the
            'nav' configuration, which is not found in the documentation files
WARNING  -  A relative path to 'Iris/iris_widget_prog_guide/Content/RichText_Method.html#setGestureRecognizer' is
            included in the 'nav' configuration, which is not found in the documentation files
WARNING  -  A relative path to 'Iris/iris_widget_prog_guide/Content/RichText_Method.html#setOnPek' is included in the
            'nav' configuration, which is not found in the documentation files
WARNING  -  A relative path to 'Iris/iris_widget_prog_guide/Content/RichText_Method.html#setOnPop' is included in the
            'nav' configuration, which is not found in the documentation files
WARNING  -  A relative path to 'Iris/iris_widget_prog_guide/Content/RichText_Method.html#setVisibility' is included in
            the 'nav' configuration, which is not found in the documentation files
WARNING  -  A relative path to 'Iris/iris_widget_prog_guide/Content/RichText_Method.html#unregist' is included in the
            'nav' configuration, which is not found in the documentation files
WARNING  -  A relative path to 'Iris/iris_widget_prog_guide/Content/RichText_Properties.html#accessibilityConfig' is
            included in the 'nav' configuration, which is not found in the documentation files
WARNING  -  A relative path to 'Iris/iris_widget_prog_guide/Content/RichText_Properties.html#anchorPo' is included in
            the 'nav' configuration, which is not found in the documentation files
WARNING  -  A relative path to 'Iris/iris_widget_prog_guide/Content/RichText_Properties.html#appendsHTTPForHyperLinks'
            is included in the 'nav' configuration, which is not found in the documentation files
WARNING  -  A relative path to 'Iris/iris_widget_prog_guide/Content/RichText_Properties.html#backgrou' is included in
            the 'nav' configuration, which is not found in the documentation files
WARNING  -  A relative path to
            'Iris/iris_widget_prog_guide/Content/RichText_Properties.html#backgroundColorMultiStepGradient' is included
            in the 'nav' configuration, which is not found in the documentation files
WARNING  -  A relative path to
            'Iris/iris_widget_prog_guide/Content/RichText_Properties.html#backgroundColorTwoStepGradient' is included in
            the 'nav' configuration, which is not found in the documentation files
WARNING  -  A relative path to 'Iris/iris_widget_prog_guide/Content/RichText_Properties.html#backgroundImage' is
            included in the 'nav' configuration, which is not found in the documentation files
WARNING  -  A relative path to 'Iris/iris_widget_prog_guide/Content/RichText_Properties.html#borderColor' is included in
            the 'nav' configuration, which is not found in the documentation files
WARNING  -  A relative path to 'Iris/iris_widget_prog_guide/Content/RichText_Properties.html#borderColorGradient' is
            included in the 'nav' configuration, which is not found in the documentation files
WARNING  -  A relative path to 'Iris/iris_widget_prog_guide/Content/RichText_Properties.html#borderStyle' is included in
            the 'nav' configuration, which is not found in the documentation files
WARNING  -  A relative path to 'Iris/iris_widget_prog_guide/Content/RichText_Properties.html#borderWidth' is included in
            the 'nav' configuration, which is not found in the documentation files
WARNING  -  A relative path to 'Iris/iris_widget_prog_guide/Content/RichText_Properties.html#bottom' is included in the
            'nav' configuration, which is not found in the documentation files
WARNING  -  A relative path to 'Iris/iris_widget_prog_guide/Content/RichText_Properties.html#breakStrategy' is included
            in the 'nav' configuration, which is not found in the documentation files
WARNING  -  A relative path to 'Iris/iris_widget_prog_guide/Content/RichText_Properties.html#centerX' is included in the
            'nav' configuration, which is not found in the documentation files
WARNING  -  A relative path to 'Iris/iris_widget_prog_guide/Content/RichText_Properties.html#centerY' is included in the
            'nav' configuration, which is not found in the documentation files
WARNING  -  A relative path to 'Iris/iris_widget_prog_guide/Content/RichText_Properties.html#clipView' is included in
            the 'nav' configuration, which is not found in the documentation files
WARNING  -  A relative path to 'Iris/iris_widget_prog_guide/Content/RichText_Properties.html#contentAlignment' is
            included in the 'nav' configuration, which is not found in the documentation files
WARNING  -  A relative path to 'Iris/iris_widget_prog_guide/Content/RichText_Properties.html#cornerRadius' is included
            in the 'nav' configuration, which is not found in the documentation files
WARNING  -  A relative path to 'Iris/iris_widget_prog_guide/Content/RichText_Properties.html#cursorType' is included in
            the 'nav' configuration, which is not found in the documentation files
WARNING  -  A relative path to
            'Iris/iris_widget_prog_guide/Content/RichText_Properties.html#disabledStateSkinProperties' is included in
            the 'nav' configuration, which is not found in the documentation files
WARNING  -  A relative path to 'Iris/iris_widget_prog_guide/Content/RichText_Properties.html#enable' is included in the
            'nav' configuration, which is not found in the documentation files
WARNING  -  A relative path to 'Iris/iris_widget_prog_guide/Content/RichText_Properties.html#enableCa' is included in
            the 'nav' configuration, which is not found in the documentation files
WARNING  -  A relative path to 'Iris/iris_widget_prog_guide/Content/RichText_Properties.html#focusStateSkinProperties'
            is included in the 'nav' configuration, which is not found in the documentation files
WARNING  -  A relative path to 'Iris/iris_widget_prog_guide/Content/RichText_Properties.html#fontColor' is included in
            the 'nav' configuration, which is not found in the documentation files
WARNING  -  A relative path to 'Iris/iris_widget_prog_guide/Content/RichText_Properties.html#fontFamily' is included in
            the 'nav' configuration, which is not found in the documentation files
WARNING  -  A relative path to 'Iris/iris_widget_prog_guide/Content/RichText_Properties.html#fontSize' is included in
            the 'nav' configuration, which is not found in the documentation files
WARNING  -  A relative path to 'Iris/iris_widget_prog_guide/Content/RichText_Properties.html#fontStyle' is included in
            the 'nav' configuration, which is not found in the documentation files
WARNING  -  A relative path to 'Iris/iris_widget_prog_guide/Content/RichText_Properties.html#fontWeight' is included in
            the 'nav' configuration, which is not found in the documentation files
WARNING  -  A relative path to 'Iris/iris_widget_prog_guide/Content/RichText_Properties.html#height' is included in the
            'nav' configuration, which is not found in the documentation files
WARNING  -  A relative path to 'Iris/iris_widget_prog_guide/Content/RichText_Properties.html#hoverSki' is included in
            the 'nav' configuration, which is not found in the documentation files
WARNING  -  A relative path to 'Iris/iris_widget_prog_guide/Content/RichText_Properties.html#hoverStateSkinProperties'
            is included in the 'nav' configuration, which is not found in the documentation files
WARNING  -  A relative path to 'Iris/iris_widget_prog_guide/Content/RichText_Properties.html#hyphenationFrequency' is
            included in the 'nav' configuration, which is not found in the documentation files
WARNING  -  A relative path to 'Iris/iris_widget_prog_guide/Content/RichText_Properties.html#id' is included in the
            'nav' configuration, which is not found in the documentation files
WARNING  -  A relative path to 'Iris/iris_widget_prog_guide/Content/RichText_Properties.html#info' is included in the
            'nav' configuration, which is not found in the documentation files
WARNING  -  A relative path to 'Iris/iris_widget_prog_guide/Content/RichText_Properties.html#isVisible' is included in
            the 'nav' configuration, which is not found in the documentation files
WARNING  -  A relative path to 'Iris/iris_widget_prog_guide/Content/RichText_Properties.html#left' is included in the
            'nav' configuration, which is not found in the documentation files
WARNING  -  A relative path to 'Iris/iris_widget_prog_guide/Content/RichText_Properties.html#linkFocu' is included in
            the 'nav' configuration, which is not found in the documentation files
WARNING  -  A relative path to 'Iris/iris_widget_prog_guide/Content/RichText_Properties.html#linkSkin' is included in
            the 'nav' configuration, which is not found in the documentation files
WARNING  -  A relative path to 'Iris/iris_widget_prog_guide/Content/RichText_Properties.html#maxHeigh' is included in
            the 'nav' configuration, which is not found in the documentation files
WARNING  -  A relative path to 'Iris/iris_widget_prog_guide/Content/RichText_Properties.html#maxWidth' is included in
            the 'nav' configuration, which is not found in the documentation files
WARNING  -  A relative path to 'Iris/iris_widget_prog_guide/Content/RichText_Properties.html#minHeigh' is included in
            the 'nav' configuration, which is not found in the documentation files
WARNING  -  A relative path to 'Iris/iris_widget_prog_guide/Content/RichText_Properties.html#minWidth' is included in
            the 'nav' configuration, which is not found in the documentation files
WARNING  -  A relative path to 'Iris/iris_widget_prog_guide/Content/RichText_Properties.html#opacity' is included in the
            'nav' configuration, which is not found in the documentation files
WARNING  -  A relative path to 'Iris/iris_widget_prog_guide/Content/RichText_Properties.html#padding' is included in the
            'nav' configuration, which is not found in the documentation files
WARNING  -  A relative path to 'Iris/iris_widget_prog_guide/Content/RichText_Properties.html#paddingInPixel' is included
            in the 'nav' configuration, which is not found in the documentation files
WARNING  -  A relative path to 'Iris/iris_widget_prog_guide/Content/RichText_Properties.html#parent' is included in the
            'nav' configuration, which is not found in the documentation files
WARNING  -  A relative path to 'Iris/iris_widget_prog_guide/Content/RichText_Properties.html#pressedStateSkinProperties'
            is included in the 'nav' configuration, which is not found in the documentation files
WARNING  -  A relative path to 'Iris/iris_widget_prog_guide/Content/RichText_Properties.html#retainContentAlignment' is
            included in the 'nav' configuration, which is not found in the documentation files
WARNING  -  A relative path to
            'Iris/iris_widget_prog_guide/Content/RichText_Properties.html#retainFlexPositionProperties' is included in
            the 'nav' configuration, which is not found in the documentation files
WARNING  -  A relative path to
            'Iris/iris_widget_prog_guide/Content/RichText_Properties.html#retainFlowHorizontalAlignment' is included in
            the 'nav' configuration, which is not found in the documentation files
WARNING  -  A relative path to 'Iris/iris_widget_prog_guide/Content/RichText_Properties.html#right' is included in the
            'nav' configuration, which is not found in the documentation files
WARNING  -  A relative path to 'Iris/iris_widget_prog_guide/Content/RichText_Properties.html#shadowColor' is included in
            the 'nav' configuration, which is not found in the documentation files
WARNING  -  A relative path to 'Iris/iris_widget_prog_guide/Content/RichText_Properties.html#shadowDepth' is included in
            the 'nav' configuration, which is not found in the documentation files
WARNING  -  A relative path to 'Iris/iris_widget_prog_guide/Content/RichText_Properties.html#shadowOffset' is included
            in the 'nav' configuration, which is not found in the documentation files
WARNING  -  A relative path to 'Iris/iris_widget_prog_guide/Content/RichText_Properties.html#shadowRadius' is included
            in the 'nav' configuration, which is not found in the documentation files
WARNING  -  A relative path to 'Iris/iris_widget_prog_guide/Content/RichText_Properties.html#shadowType' is included in
            the 'nav' configuration, which is not found in the documentation files
WARNING  -  A relative path to 'Iris/iris_widget_prog_guide/Content/RichText_Properties.html#skin' is included in the
            'nav' configuration, which is not found in the documentation files
WARNING  -  A relative path to 'Iris/iris_widget_prog_guide/Content/RichText_Properties.html#superScr' is included in
            the 'nav' configuration, which is not found in the documentation files
WARNING  -  A relative path to 'Iris/iris_widget_prog_guide/Content/RichText_Properties.html#telephon' is included in
            the 'nav' configuration, which is not found in the documentation files
WARNING  -  A relative path to 'Iris/iris_widget_prog_guide/Content/RichText_Properties.html#text' is included in the
            'nav' configuration, which is not found in the documentation files
WARNING  -  A relative path to 'Iris/iris_widget_prog_guide/Content/RichText_Properties.html#textShadowColor' is
            included in the 'nav' configuration, which is not found in the documentation files
WARNING  -  A relative path to 'Iris/iris_widget_prog_guide/Content/RichText_Properties.html#textShadowOffset' is
            included in the 'nav' configuration, which is not found in the documentation files
WARNING  -  A relative path to 'Iris/iris_widget_prog_guide/Content/RichText_Properties.html#textShadowRadius' is
            included in the 'nav' configuration, which is not found in the documentation files
WARNING  -  A relative path to 'Iris/iris_widget_prog_guide/Content/RichText_Properties.html#toolTip' is included in the
            'nav' configuration, which is not found in the documentation files
WARNING  -  A relative path to 'Iris/iris_widget_prog_guide/Content/RichText_Properties.html#top' is included in the
            'nav' configuration, which is not found in the documentation files
WARNING  -  A relative path to 'Iris/iris_widget_prog_guide/Content/RichText_Properties.html#transfor' is included in
            the 'nav' configuration, which is not found in the documentation files
WARNING  -  A relative path to 'Iris/iris_widget_prog_guide/Content/RichText_Properties.html#widgetSwipeMove' is
            included in the 'nav' configuration, which is not found in the documentation files
WARNING  -  A relative path to 'Iris/iris_widget_prog_guide/Content/RichText_Properties.html#width' is included in the
            'nav' configuration, which is not found in the documentation files
WARNING  -  A relative path to 'Iris/iris_widget_prog_guide/Content/RichText_Properties.html#wrapping' is included in
            the 'nav' configuration, which is not found in the documentation files
WARNING  -  A relative path to 'Iris/iris_widget_prog_guide/Content/RichText_Properties.html#zIndex' is included in the
            'nav' configuration, which is not found in the documentation files
WARNING  -  A relative path to 'Iris/iris_widget_prog_guide/Content/Segment.html#segmentedui-widget-basics' is included
            in the 'nav' configuration, which is not found in the documentation files
WARNING  -  A relative path to 'Iris/iris_widget_prog_guide/Content/Segment_Events.html#doLayout' is included in the
            'nav' configuration, which is not found in the documentation files
WARNING  -  A relative path to 'Iris/iris_widget_prog_guide/Content/Segment_Events.html#onDidFin' is included in the
            'nav' configuration, which is not found in the documentation files
WARNING  -  A relative path to 'Iris/iris_widget_prog_guide/Content/Segment_Events.html#onDragCompleted' is included in
            the 'nav' configuration, which is not found in the documentation files
WARNING  -  A relative path to 'Iris/iris_widget_prog_guide/Content/Segment_Events.html#onEditin' is included in the
            'nav' configuration, which is not found in the documentation files
WARNING  -  A relative path to 'Iris/iris_widget_prog_guide/Content/Segment_Events.html#onPull' is included in the 'nav'
            configuration, which is not found in the documentation files
WARNING  -  A relative path to 'Iris/iris_widget_prog_guide/Content/Segment_Events.html#onPush' is included in the 'nav'
            configuration, which is not found in the documentation files
WARNING  -  A relative path to 'Iris/iris_widget_prog_guide/Content/Segment_Events.html#onReachingBegining' is included
            in the 'nav' configuration, which is not found in the documentation files
WARNING  -  A relative path to 'Iris/iris_widget_prog_guide/Content/Segment_Events.html#onReachingEnd' is included in
            the 'nav' configuration, which is not found in the documentation files
WARNING  -  A relative path to 'Iris/iris_widget_prog_guide/Content/Segment_Events.html#onRowCli' is included in the
            'nav' configuration, which is not found in the documentation files
WARNING  -  A relative path to 'Iris/iris_widget_prog_guide/Content/Segment_Events.html#onRowDis' is included in the
            'nav' configuration, which is not found in the documentation files
WARNING  -  A relative path to 'Iris/iris_widget_prog_guide/Content/Segment_Events.html#onScrollStart' is included in
            the 'nav' configuration, which is not found in the documentation files
WARNING  -  A relative path to 'Iris/iris_widget_prog_guide/Content/Segment_Events.html#onScrollEnd' is included in the
            'nav' configuration, which is not found in the documentation files
WARNING  -  A relative path to 'Iris/iris_widget_prog_guide/Content/Segment_Events.html#onScrolling' is included in the
            'nav' configuration, which is not found in the documentation files
WARNING  -  A relative path to 'Iris/iris_widget_prog_guide/Content/Segment_Events.html#onScrollTouchReleased' is
            included in the 'nav' configuration, which is not found in the documentation files
WARNING  -  A relative path to 'Iris/iris_widget_prog_guide/Content/Segment_Events.html#onScrollWidgetPosition' is
            included in the 'nav' configuration, which is not found in the documentation files
WARNING  -  A relative path to 'Iris/iris_widget_prog_guide/Content/Segment_Events.html#onSwipe' is included in the
            'nav' configuration, which is not found in the documentation files
WARNING  -  A relative path to 'Iris/iris_widget_prog_guide/Content/Segment_Events.html#postOncl' is included in the
            'nav' configuration, which is not found in the documentation files
WARNING  -  A relative path to 'Iris/iris_widget_prog_guide/Content/Segment_Events.html#preOncli' is included in the
            'nav' configuration, which is not found in the documentation files
WARNING  -  A relative path to 'Iris/iris_widget_prog_guide/Content/Segment_Methods.html#addAll' is included in the
            'nav' configuration, which is not found in the documentation files
WARNING  -  A relative path to 'Iris/iris_widget_prog_guide/Content/Segment_Methods.html#addDataA' is included in the
            'nav' configuration, which is not found in the documentation files
WARNING  -  A relative path to 'Iris/iris_widget_prog_guide/Content/Segment_Methods.html#addGestureRecognizer' is
            included in the 'nav' configuration, which is not found in the documentation files
WARNING  -  A relative path to 'Iris/iris_widget_prog_guide/Content/Segment_Methods.html#addSecti' is included in the
            'nav' configuration, which is not found in the documentation files
WARNING  -  A relative path to 'Iris/iris_widget_prog_guide/Content/Segment_Methods.html#animate' is included in the
            'nav' configuration, which is not found in the documentation files
WARNING  -  A relative path to 'Iris/iris_widget_prog_guide/Content/Segment_Methods.html#animateRows' is included in the
            'nav' configuration, which is not found in the documentation files
WARNING  -  A relative path to 'Iris/iris_widget_prog_guide/Content/Segment_Methods.html#clearSearch' is included in the
            'nav' configuration, which is not found in the documentation files
WARNING  -  A relative path to 'Iris/iris_widget_prog_guide/Content/Segment_Methods.html#convertPointFromWidget' is
            included in the 'nav' configuration, which is not found in the documentation files
WARNING  -  A relative path to 'Iris/iris_widget_prog_guide/Content/Segment_Methods.html#convertPointToWidget' is
            included in the 'nav' configuration, which is not found in the documentation files
WARNING  -  A relative path to 'Iris/iris_widget_prog_guide/Content/Segment_Methods.html#getBadge' is included in the
            'nav' configuration, which is not found in the documentation files
WARNING  -  A relative path to 'Iris/iris_widget_prog_guide/Content/Segment_Methods.html#getFirstVisibleRow' is included
            in the 'nav' configuration, which is not found in the documentation files
WARNING  -  A relative path to 'Iris/iris_widget_prog_guide/Content/Segment_Methods.html#getLastVisibleRow' is included
            in the 'nav' configuration, which is not found in the documentation files
WARNING  -  A relative path to 'Iris/iris_widget_prog_guide/Content/Segment_Methods.html#getUpdatedSearchResults' is
            included in the 'nav' configuration, which is not found in the documentation files
WARNING  -  A relative path to 'Iris/iris_widget_prog_guide/Content/Segment_Methods.html#register' is included in the
            'nav' configuration, which is not found in the documentation files
WARNING  -  A relative path to 'Iris/iris_widget_prog_guide/Content/Segment_Methods.html#removeAl' is included in the
            'nav' configuration, which is not found in the documentation files
WARNING  -  A relative path to 'Iris/iris_widget_prog_guide/Content/Segment_Methods.html#removeAt' is included in the
            'nav' configuration, which is not found in the documentation files
WARNING  -  A relative path to 'Iris/iris_widget_prog_guide/Content/Segment_Methods.html#removeFromParent' is included
            in the 'nav' configuration, which is not found in the documentation files
WARNING  -  A relative path to 'Iris/iris_widget_prog_guide/Content/Segment_Methods.html#removeGestureRecognizer' is
            included in the 'nav' configuration, which is not found in the documentation files
WARNING  -  A relative path to 'Iris/iris_widget_prog_guide/Content/Segment_Methods.html#removeSe' is included in the
            'nav' configuration, which is not found in the documentation files
WARNING  -  A relative path to 'Iris/iris_widget_prog_guide/Content/Segment_Methods.html#resetSwipeMove' is included in
            the 'nav' configuration, which is not found in the documentation files
WARNING  -  A relative path to 'Iris/iris_widget_prog_guide/Content/Segment_Methods.html#searchText' is included in the
            'nav' configuration, which is not found in the documentation files
WARNING  -  A relative path to 'Iris/iris_widget_prog_guide/Content/Segment_Methods.html#setAnimations' is included in
            the 'nav' configuration, which is not found in the documentation files
WARNING  -  A relative path to 'Iris/iris_widget_prog_guide/Content/Segment_Methods.html#setBadge' is included in the
            'nav' configuration, which is not found in the documentation files
WARNING  -  A relative path to 'Iris/iris_widget_prog_guide/Content/Segment_Methods.html#setData' is included in the
            'nav' configuration, which is not found in the documentation files
WARNING  -  A relative path to 'Iris/iris_widget_prog_guide/Content/Segment_Methods.html#setDataA' is included in the
            'nav' configuration, which is not found in the documentation files
WARNING  -  A relative path to 'Iris/iris_widget_prog_guide/Content/Segment_Methods.html#setEnabled' is included in the
            'nav' configuration, which is not found in the documentation files
WARNING  -  A relative path to 'Iris/iris_widget_prog_guide/Content/Segment_Methods.html#setFocus' is included in the
            'nav' configuration, which is not found in the documentation files
WARNING  -  A relative path to 'Iris/iris_widget_prog_guide/Content/Segment_Methods.html#setOnPek' is included in the
            'nav' configuration, which is not found in the documentation files
WARNING  -  A relative path to 'Iris/iris_widget_prog_guide/Content/Segment_Methods.html#setOnPop' is included in the
            'nav' configuration, which is not found in the documentation files
WARNING  -  A relative path to 'Iris/iris_widget_prog_guide/Content/Segment_Methods.html#setSecti' is included in the
            'nav' configuration, which is not found in the documentation files
WARNING  -  A relative path to 'Iris/iris_widget_prog_guide/Content/Segment_Methods.html#setVisibility' is included in
            the 'nav' configuration, which is not found in the documentation files
WARNING  -  A relative path to 'Iris/iris_widget_prog_guide/Content/Segment_Methods.html#unregist' is included in the
            'nav' configuration, which is not found in the documentation files
WARNING  -  A relative path to 'Iris/iris_widget_prog_guide/Content/Segment_Properties.html#accessibilityConfig' is
            included in the 'nav' configuration, which is not found in the documentation files
WARNING  -  A relative path to 'Iris/iris_widget_prog_guide/Content/Segment_Properties.html#alternat' is included in the
            'nav' configuration, which is not found in the documentation files
WARNING  -  A relative path to 'Iris/iris_widget_prog_guide/Content/Segment_Properties.html#anchorPo' is included in the
            'nav' configuration, which is not found in the documentation files
WARNING  -  A relative path to 'Iris/iris_widget_prog_guide/Content/Segment_Properties.html#animateFocusChanges' is
            included in the 'nav' configuration, which is not found in the documentation files
WARNING  -  A relative path to 'Iris/iris_widget_prog_guide/Content/Segment_Properties.html#autogrow' is included in the
            'nav' configuration, which is not found in the documentation files
WARNING  -  A relative path to 'Iris/iris_widget_prog_guide/Content/Segment_Properties.html#border' is included in the
            'nav' configuration, which is not found in the documentation files
WARNING  -  A relative path to 'Iris/iris_widget_prog_guide/Content/Segment_Properties.html#bottom' is included in the
            'nav' configuration, which is not found in the documentation files
WARNING  -  A relative path to 'Iris/iris_widget_prog_guide/Content/Segment_Properties.html#bounces' is included in the
            'nav' configuration, which is not found in the documentation files
WARNING  -  A relative path to 'Iris/iris_widget_prog_guide/Content/Segment_Properties.html#centerX' is included in the
            'nav' configuration, which is not found in the documentation files
WARNING  -  A relative path to 'Iris/iris_widget_prog_guide/Content/Segment_Properties.html#centerY' is included in the
            'nav' configuration, which is not found in the documentation files
WARNING  -  A relative path to 'Iris/iris_widget_prog_guide/Content/Segment_Properties.html#contentInsetAdjustmentType'
            is included in the 'nav' configuration, which is not found in the documentation files
WARNING  -  A relative path to 'Iris/iris_widget_prog_guide/Content/Segment_Properties.html#contentOffsetMeasured' is
            included in the 'nav' configuration, which is not found in the documentation files
WARNING  -  A relative path to 'Iris/iris_widget_prog_guide/Content/Segment_Properties.html#cursorType' is included in
            the 'nav' configuration, which is not found in the documentation files
WARNING  -  A relative path to 'Iris/iris_widget_prog_guide/Content/Segment_Properties.html#data' is included in the
            'nav' configuration, which is not found in the documentation files
WARNING  -  A relative path to 'Iris/iris_widget_prog_guide/Content/Segment_Properties.html#defaultS' is included in the
            'nav' configuration, which is not found in the documentation files
WARNING  -  A relative path to 'Iris/iris_widget_prog_guide/Content/Segment_Properties.html#data' is included in the
            'nav' configuration, which is not found in the documentation files
WARNING  -  A relative path to 'Iris/iris_widget_prog_guide/Content/Segment_Properties.html#dockSect' is included in the
            'nav' configuration, which is not found in the documentation files
WARNING  -  A relative path to 'Iris/iris_widget_prog_guide/Content/Segment_Properties.html#editStyl' is included in the
            'nav' configuration, which is not found in the documentation files
WARNING  -  A relative path to 'Iris/iris_widget_prog_guide/Content/Segment_Properties.html#enable' is included in the
            'nav' configuration, which is not found in the documentation files
WARNING  -  A relative path to 'Iris/iris_widget_prog_guide/Content/Segment_Properties.html#enableCa' is included in the
            'nav' configuration, which is not found in the documentation files
WARNING  -  A relative path to
            'Iris/iris_widget_prog_guide/Content/Segment_Properties.html#enableCloneControllerForRowTemplates' is
            included in the 'nav' configuration, which is not found in the documentation files
WARNING  -  A relative path to 'Iris/iris_widget_prog_guide/Content/Segment_Properties.html#enableDi' is included in the
            'nav' configuration, which is not found in the documentation files
WARNING  -  A relative path to 'Iris/iris_widget_prog_guide/Content/Segment_Properties.html#enableHapticFeedback' is
            included in the 'nav' configuration, which is not found in the documentation files
WARNING  -  A relative path to 'Iris/iris_widget_prog_guide/Content/Segment_Properties.html#enableReordering' is
            included in the 'nav' configuration, which is not found in the documentation files
WARNING  -  A relative path to 'Iris/iris_widget_prog_guide/Content/Segment_Properties.html#groupCel' is included in the
            'nav' configuration, which is not found in the documentation files
WARNING  -  A relative path to 'Iris/iris_widget_prog_guide/Content/Segment_Properties.html#height' is included in the
            'nav' configuration, which is not found in the documentation files
WARNING  -  A relative path to 'Iris/iris_widget_prog_guide/Content/Segment_Properties.html#id' is included in the 'nav'
            configuration, which is not found in the documentation files
WARNING  -  A relative path to 'Iris/iris_widget_prog_guide/Content/Segment_Properties.html#indicato' is included in the
            'nav' configuration, which is not found in the documentation files
WARNING  -  A relative path to 'Iris/iris_widget_prog_guide/Content/Segment_Properties.html#info' is included in the
            'nav' configuration, which is not found in the documentation files
WARNING  -  A relative path to 'Iris/iris_widget_prog_guide/Content/Segment_Properties.html#isMaster' is included in the
            'nav' configuration, which is not found in the documentation files
WARNING  -  A relative path to 'Iris/iris_widget_prog_guide/Content/Segment_Properties.html#isVisible' is included in
            the 'nav' configuration, which is not found in the documentation files
WARNING  -  A relative path to 'Iris/iris_widget_prog_guide/Content/Segment_Properties.html#left' is included in the
            'nav' configuration, which is not found in the documentation files
WARNING  -  A relative path to 'Iris/iris_widget_prog_guide/Content/Segment_Properties.html#maxHeigh' is included in the
            'nav' configuration, which is not found in the documentation files
WARNING  -  A relative path to 'Iris/iris_widget_prog_guide/Content/Segment_Properties.html#maxWidth' is included in the
            'nav' configuration, which is not found in the documentation files
WARNING  -  A relative path to 'Iris/iris_widget_prog_guide/Content/Segment_Properties.html#metaInfo' is included in the
            'nav' configuration, which is not found in the documentation files
WARNING  -  A relative path to 'Iris/iris_widget_prog_guide/Content/Segment_Properties.html#minHeigh' is included in the
            'nav' configuration, which is not found in the documentation files
WARNING  -  A relative path to 'Iris/iris_widget_prog_guide/Content/Segment_Properties.html#minWidth' is included in the
            'nav' configuration, which is not found in the documentation files
WARNING  -  A relative path to 'Iris/iris_widget_prog_guide/Content/Segment_Properties.html#needPage' is included in the
            'nav' configuration, which is not found in the documentation files
WARNING  -  A relative path to 'Iris/iris_widget_prog_guide/Content/Segment_Properties.html#orientat' is included in the
            'nav' configuration, which is not found in the documentation files
WARNING  -  A relative path to 'Iris/iris_widget_prog_guide/Content/Segment_Properties.html#opacity' is included in the
            'nav' configuration, which is not found in the documentation files
WARNING  -  A relative path to 'Iris/iris_widget_prog_guide/Content/Segment_Properties.html#parent' is included in the
            'nav' configuration, which is not found in the documentation files
WARNING  -  A relative path to 'Iris/iris_widget_prog_guide/Content/Segment_Properties.html#pageOnDo' is included in the
            'nav' configuration, which is not found in the documentation files
WARNING  -  A relative path to 'Iris/iris_widget_prog_guide/Content/Segment_Properties.html#pageOffD' is included in the
            'nav' configuration, which is not found in the documentation files
WARNING  -  A relative path to 'Iris/iris_widget_prog_guide/Content/Segment_Properties.html#Pressed' is included in the
            'nav' configuration, which is not found in the documentation files
WARNING  -  A relative path to 'Iris/iris_widget_prog_guide/Content/Segment_Properties.html#progress' is included in the
            'nav' configuration, which is not found in the documentation files
WARNING  -  A relative path to 'Iris/iris_widget_prog_guide/Content/Segment_Properties.html#pullToRe' is included in the
            'nav' configuration, which is not found in the documentation files
WARNING  -  A relative path to 'Iris/iris_widget_prog_guide/Content/Segment_Properties.html#pullToRe2' is included in
            the 'nav' configuration, which is not found in the documentation files
WARNING  -  A relative path to 'Iris/iris_widget_prog_guide/Content/Segment_Properties.html#pushToRe' is included in the
            'nav' configuration, which is not found in the documentation files
WARNING  -  A relative path to 'Iris/iris_widget_prog_guide/Content/Segment_Properties.html#pushToRe2' is included in
            the 'nav' configuration, which is not found in the documentation files
WARNING  -  A relative path to 'Iris/iris_widget_prog_guide/Content/Segment_Properties.html#releaseT' is included in the
            'nav' configuration, which is not found in the documentation files
WARNING  -  A relative path to 'Iris/iris_widget_prog_guide/Content/Segment_Properties.html#releaseT2' is included in
            the 'nav' configuration, which is not found in the documentation files
WARNING  -  A relative path to 'Iris/iris_widget_prog_guide/Content/Segment_Properties.html#retainContentAlignment' is
            included in the 'nav' configuration, which is not found in the documentation files
WARNING  -  A relative path to
            'Iris/iris_widget_prog_guide/Content/Segment_Properties.html#retainFlexPositionProperties' is included in
            the 'nav' configuration, which is not found in the documentation files
WARNING  -  A relative path to
            'Iris/iris_widget_prog_guide/Content/Segment_Properties.html#retainFlowHorizontalAlignment' is included in
            the 'nav' configuration, which is not found in the documentation files
WARNING  -  A relative path to 'Iris/iris_widget_prog_guide/Content/Segment_Properties.html#retainScrolledPage' is
            included in the 'nav' configuration, which is not found in the documentation files
WARNING  -  A relative path to 'Iris/iris_widget_prog_guide/Content/Segment_Properties.html#retainSe' is included in the
            'nav' configuration, which is not found in the documentation files
WARNING  -  A relative path to 'Iris/iris_widget_prog_guide/Content/Segment_Properties.html#right' is included in the
            'nav' configuration, which is not found in the documentation files
WARNING  -  A relative path to 'Iris/iris_widget_prog_guide/Content/Segment_Properties.html#rowFocus' is included in the
            'nav' configuration, which is not found in the documentation files
WARNING  -  A relative path to 'Iris/iris_widget_prog_guide/Content/Segment_Properties.html#rowHeigh' is included in the
            'nav' configuration, which is not found in the documentation files
WARNING  -  A relative path to 'Iris/iris_widget_prog_guide/Content/Segment_Properties.html#rowSkin' is included in the
            'nav' configuration, which is not found in the documentation files
WARNING  -  A relative path to 'Iris/iris_widget_prog_guide/Content/Segment_Properties.html#rowTempl' is included in the
            'nav' configuration, which is not found in the documentation files
WARNING  -  A relative path to 'Iris/iris_widget_prog_guide/Content/Segment_Properties.html#rowWidth' is included in the
            'nav' configuration, which is not found in the documentation files
WARNING  -  A relative path to 'Iris/iris_widget_prog_guide/Content/Segment_Properties.html#scrollsT' is included in the
            'nav' configuration, which is not found in the documentation files
WARNING  -  A relative path to 'Iris/iris_widget_prog_guide/Content/Segment_Properties.html#searchBy' is included in the
            'nav' configuration, which is not found in the documentation files
WARNING  -  A relative path to 'Iris/iris_widget_prog_guide/Content/Segment_Properties.html#searchCr' is included in the
            'nav' configuration, which is not found in the documentation files
WARNING  -  A relative path to 'Iris/iris_widget_prog_guide/Content/Segment_Properties.html#sectionH' is included in the
            'nav' configuration, which is not found in the documentation files
WARNING  -  A relative path to 'Iris/iris_widget_prog_guide/Content/Segment_Properties.html#sectionH2' is included in
            the 'nav' configuration, which is not found in the documentation files
WARNING  -  A relative path to 'Iris/iris_widget_prog_guide/Content/Segment_Properties.html#selected' is included in the
            'nav' configuration, which is not found in the documentation files
WARNING  -  A relative path to 'Iris/iris_widget_prog_guide/Content/Segment_Properties.html#selected2' is included in
            the 'nav' configuration, which is not found in the documentation files
WARNING  -  A relative path to 'Iris/iris_widget_prog_guide/Content/Segment_Properties.html#selected3' is included in
            the 'nav' configuration, which is not found in the documentation files
WARNING  -  A relative path to 'Iris/iris_widget_prog_guide/Content/Segment_Properties.html#selectio' is included in the
            'nav' configuration, which is not found in the documentation files
WARNING  -  A relative path to 'Iris/iris_widget_prog_guide/Content/Segment_Properties.html#selectio2' is included in
            the 'nav' configuration, which is not found in the documentation files
WARNING  -  A relative path to 'Iris/iris_widget_prog_guide/Content/Segment_Properties.html#separato' is included in the
            'nav' configuration, which is not found in the documentation files
WARNING  -  A relative path to 'Iris/iris_widget_prog_guide/Content/Segment_Properties.html#separato3' is included in
            the 'nav' configuration, which is not found in the documentation files
WARNING  -  A relative path to 'Iris/iris_widget_prog_guide/Content/Segment_Properties.html#separato2' is included in
            the 'nav' configuration, which is not found in the documentation files
WARNING  -  A relative path to 'Iris/iris_widget_prog_guide/Content/Segment_Properties.html#showProg' is included in the
            'nav' configuration, which is not found in the documentation files
WARNING  -  A relative path to 'Iris/iris_widget_prog_guide/Content/Segment_Properties.html#showScro' is included in the
            'nav' configuration, which is not found in the documentation files
WARNING  -  A relative path to 'Iris/iris_widget_prog_guide/Content/Segment_Properties.html#stopRerenderOnSetDataAt' is
            included in the 'nav' configuration, which is not found in the documentation files
WARNING  -  A relative path to 'Iris/iris_widget_prog_guide/Content/Segment_Properties.html#supportSectionHeaderIndex'
            is included in the 'nav' configuration, which is not found in the documentation files
WARNING  -  A relative path to 'Iris/iris_widget_prog_guide/Content/Segment_Properties.html#top' is included in the
            'nav' configuration, which is not found in the documentation files
WARNING  -  A relative path to 'Iris/iris_widget_prog_guide/Content/Segment_Properties.html#transfor' is included in the
            'nav' configuration, which is not found in the documentation files
WARNING  -  A relative path to 'Iris/iris_widget_prog_guide/Content/Segment_Properties.html#viewConf' is included in the
            'nav' configuration, which is not found in the documentation files
WARNING  -  A relative path to 'Iris/iris_widget_prog_guide/Content/Segment_Properties.html#viewType' is included in the
            'nav' configuration, which is not found in the documentation files
WARNING  -  A relative path to 'Iris/iris_widget_prog_guide/Content/Segment_Properties.html#widgetDa' is included in the
            'nav' configuration, which is not found in the documentation files
WARNING  -  A relative path to 'Iris/iris_widget_prog_guide/Content/Segment_Properties.html#widgetSwipeMove' is included
            in the 'nav' configuration, which is not found in the documentation files
WARNING  -  A relative path to 'Iris/iris_widget_prog_guide/Content/Segment_Properties.html#widgetSk' is included in the
            'nav' configuration, which is not found in the documentation files
WARNING  -  A relative path to 'Iris/iris_widget_prog_guide/Content/Segment_Properties.html#width' is included in the
            'nav' configuration, which is not found in the documentation files
WARNING  -  A relative path to 'Iris/iris_widget_prog_guide/Content/Segment_Properties.html#zIndex' is included in the
            'nav' configuration, which is not found in the documentation files
WARNING  -  A relative path to 'Iris/iris_widget_prog_guide/Content/SegmentedUIObjects.html#animatio' is included in the
            'nav' configuration, which is not found in the documentation files
WARNING  -  A relative path to 'Iris/iris_widget_prog_guide/Content/SegmentedUIObjects.html#animConf' is included in the
            'nav' configuration, which is not found in the documentation files
WARNING  -  A relative path to 'Iris/iris_widget_prog_guide/Content/SegmentedUIObjects.html#animCtxt' is included in the
            'nav' configuration, which is not found in the documentation files
WARNING  -  A relative path to 'Iris/iris_widget_prog_guide/Content/SegmentedUIObjects.html#transfrm' is included in the
            'nav' configuration, which is not found in the documentation files
WARNING  -  A relative path to 'Iris/iris_widget_prog_guide/Content/Signature.html#signaturecapture-widget-basics' is
            included in the 'nav' configuration, which is not found in the documentation files
WARNING  -  A relative path to 'Iris/iris_widget_prog_guide/Content/SignatureCapture_Events.html#doLayout' is included
            in the 'nav' configuration, which is not found in the documentation files
WARNING  -  A relative path to 'Iris/iris_widget_prog_guide/Content/SignatureCapture_Events.html#onCaptur' is included
            in the 'nav' configuration, which is not found in the documentation files
WARNING  -  A relative path to 'Iris/iris_widget_prog_guide/Content/SignatureCapture_Events.html#onTouchEnd' is included
            in the 'nav' configuration, which is not found in the documentation files
WARNING  -  A relative path to 'Iris/iris_widget_prog_guide/Content/SignatureCapture_Events.html#onTouchMove' is
            included in the 'nav' configuration, which is not found in the documentation files
WARNING  -  A relative path to 'Iris/iris_widget_prog_guide/Content/SignatureCapture_Events.html#onTouchStart' is
            included in the 'nav' configuration, which is not found in the documentation files
WARNING  -  A relative path to 'Iris/iris_widget_prog_guide/Content/SignatureCapture_Methods.html#addGestureRecognizer'
            is included in the 'nav' configuration, which is not found in the documentation files
WARNING  -  A relative path to 'Iris/iris_widget_prog_guide/Content/SignatureCapture_Methods.html#animate' is included
            in the 'nav' configuration, which is not found in the documentation files
WARNING  -  A relative path to 'Iris/iris_widget_prog_guide/Content/SignatureCapture_Methods.html#clear' is included in
            the 'nav' configuration, which is not found in the documentation files
WARNING  -  A relative path to 'Iris/iris_widget_prog_guide/Content/SignatureCapture_Methods.html#clone' is included in
            the 'nav' configuration, which is not found in the documentation files
WARNING  -  A relative path to
            'Iris/iris_widget_prog_guide/Content/SignatureCapture_Methods.html#convertPointFromWidget' is included in
            the 'nav' configuration, which is not found in the documentation files
WARNING  -  A relative path to 'Iris/iris_widget_prog_guide/Content/SignatureCapture_Methods.html#convertPointToWidget'
            is included in the 'nav' configuration, which is not found in the documentation files
WARNING  -  A relative path to 'Iris/iris_widget_prog_guide/Content/SignatureCapture_Methods.html#getBadge' is included
            in the 'nav' configuration, which is not found in the documentation files
WARNING  -  A relative path to 'Iris/iris_widget_prog_guide/Content/SignatureCapture_Methods.html#register' is included
            in the 'nav' configuration, which is not found in the documentation files
WARNING  -  A relative path to 'Iris/iris_widget_prog_guide/Content/SignatureCapture_Methods.html#removeFromParent' is
            included in the 'nav' configuration, which is not found in the documentation files
WARNING  -  A relative path to
            'Iris/iris_widget_prog_guide/Content/SignatureCapture_Methods.html#removeGestureRecognizer' is included in
            the 'nav' configuration, which is not found in the documentation files
WARNING  -  A relative path to 'Iris/iris_widget_prog_guide/Content/SignatureCapture_Methods.html#save' is included in
            the 'nav' configuration, which is not found in the documentation files
WARNING  -  A relative path to 'Iris/iris_widget_prog_guide/Content/SignatureCapture_Methods.html#setBadge' is included
            in the 'nav' configuration, which is not found in the documentation files
WARNING  -  A relative path to 'Iris/iris_widget_prog_guide/Content/SignatureCapture_Methods.html#setEnabled' is
            included in the 'nav' configuration, which is not found in the documentation files
WARNING  -  A relative path to 'Iris/iris_widget_prog_guide/Content/SignatureCapture_Methods.html#setFocus' is included
            in the 'nav' configuration, which is not found in the documentation files
WARNING  -  A relative path to 'Iris/iris_widget_prog_guide/Content/SignatureCapture_Methods.html#setGestureRecognizer'
            is included in the 'nav' configuration, which is not found in the documentation files
WARNING  -  A relative path to 'Iris/iris_widget_prog_guide/Content/SignatureCapture_Methods.html#setOnPek' is included
            in the 'nav' configuration, which is not found in the documentation files
WARNING  -  A relative path to 'Iris/iris_widget_prog_guide/Content/SignatureCapture_Methods.html#setOnPop' is included
            in the 'nav' configuration, which is not found in the documentation files
WARNING  -  A relative path to 'Iris/iris_widget_prog_guide/Content/SignatureCapture_Methods.html#setVisibility' is
            included in the 'nav' configuration, which is not found in the documentation files
WARNING  -  A relative path to 'Iris/iris_widget_prog_guide/Content/SignatureCapture_Methods.html#unregist' is included
            in the 'nav' configuration, which is not found in the documentation files
WARNING  -  A relative path to 'Iris/iris_widget_prog_guide/Content/SignatureCapture_Properties.html#accessMo' is
            included in the 'nav' configuration, which is not found in the documentation files
WARNING  -  A relative path to 'Iris/iris_widget_prog_guide/Content/SignatureCapture_Properties.html#anchorPo' is
            included in the 'nav' configuration, which is not found in the documentation files
WARNING  -  A relative path to 'Iris/iris_widget_prog_guide/Content/SignatureCapture_Properties.html#bottom' is included
            in the 'nav' configuration, which is not found in the documentation files
WARNING  -  A relative path to 'Iris/iris_widget_prog_guide/Content/SignatureCapture_Properties.html#centerX' is
            included in the 'nav' configuration, which is not found in the documentation files
WARNING  -  A relative path to 'Iris/iris_widget_prog_guide/Content/SignatureCapture_Properties.html#centerY' is
            included in the 'nav' configuration, which is not found in the documentation files
WARNING  -  A relative path to 'Iris/iris_widget_prog_guide/Content/SignatureCapture_Properties.html#enable' is included
            in the 'nav' configuration, which is not found in the documentation files
WARNING  -  A relative path to 'Iris/iris_widget_prog_guide/Content/SignatureCapture_Properties.html#enableCa' is
            included in the 'nav' configuration, which is not found in the documentation files
WARNING  -  A relative path to 'Iris/iris_widget_prog_guide/Content/SignatureCapture_Properties.html#height' is included
            in the 'nav' configuration, which is not found in the documentation files
WARNING  -  A relative path to 'Iris/iris_widget_prog_guide/Content/SignatureCapture_Properties.html#id' is included in
            the 'nav' configuration, which is not found in the documentation files
WARNING  -  A relative path to 'Iris/iris_widget_prog_guide/Content/SignatureCapture_Properties.html#info' is included
            in the 'nav' configuration, which is not found in the documentation files
WARNING  -  A relative path to 'Iris/iris_widget_prog_guide/Content/SignatureCapture_Properties.html#isVisibl' is
            included in the 'nav' configuration, which is not found in the documentation files
WARNING  -  A relative path to 'Iris/iris_widget_prog_guide/Content/SignatureCapture_Properties.html#left' is included
            in the 'nav' configuration, which is not found in the documentation files
WARNING  -  A relative path to 'Iris/iris_widget_prog_guide/Content/SignatureCapture_Properties.html#maxHeigh' is
            included in the 'nav' configuration, which is not found in the documentation files
WARNING  -  A relative path to 'Iris/iris_widget_prog_guide/Content/SignatureCapture_Properties.html#maxWidth' is
            included in the 'nav' configuration, which is not found in the documentation files
WARNING  -  A relative path to 'Iris/iris_widget_prog_guide/Content/SignatureCapture_Properties.html#minHeigh' is
            included in the 'nav' configuration, which is not found in the documentation files
WARNING  -  A relative path to 'Iris/iris_widget_prog_guide/Content/SignatureCapture_Properties.html#minWidth' is
            included in the 'nav' configuration, which is not found in the documentation files
WARNING  -  A relative path to 'Iris/iris_widget_prog_guide/Content/SignatureCapture_Properties.html#opacity' is
            included in the 'nav' configuration, which is not found in the documentation files
WARNING  -  A relative path to 'Iris/iris_widget_prog_guide/Content/SignatureCapture_Properties.html#parent' is included
            in the 'nav' configuration, which is not found in the documentation files
WARNING  -  A relative path to 'Iris/iris_widget_prog_guide/Content/SignatureCapture_Properties.html#penWidth' is
            included in the 'nav' configuration, which is not found in the documentation files
WARNING  -  A relative path to 'Iris/iris_widget_prog_guide/Content/SignatureCapture_Properties.html#rawBytes' is
            included in the 'nav' configuration, which is not found in the documentation files
WARNING  -  A relative path to
            'Iris/iris_widget_prog_guide/Content/SignatureCapture_Properties.html#retainContentAlignment' is included in
            the 'nav' configuration, which is not found in the documentation files
WARNING  -  A relative path to
            'Iris/iris_widget_prog_guide/Content/SignatureCapture_Properties.html#retainFlexPositionProperties' is
            included in the 'nav' configuration, which is not found in the documentation files
WARNING  -  A relative path to
            'Iris/iris_widget_prog_guide/Content/SignatureCapture_Properties.html#retainFlowHorizontalAlignment' is
            included in the 'nav' configuration, which is not found in the documentation files
WARNING  -  A relative path to 'Iris/iris_widget_prog_guide/Content/SignatureCapture_Properties.html#right' is included
            in the 'nav' configuration, which is not found in the documentation files
WARNING  -  A relative path to 'Iris/iris_widget_prog_guide/Content/SignatureCapture_Properties.html#skin' is included
            in the 'nav' configuration, which is not found in the documentation files
WARNING  -  A relative path to 'Iris/iris_widget_prog_guide/Content/SignatureCapture_Properties.html#top' is included in
            the 'nav' configuration, which is not found in the documentation files
WARNING  -  A relative path to 'Iris/iris_widget_prog_guide/Content/SignatureCapture_Properties.html#transfor' is
            included in the 'nav' configuration, which is not found in the documentation files
WARNING  -  A relative path to 'Iris/iris_widget_prog_guide/Content/SignatureCapture_Properties.html#width' is included
            in the 'nav' configuration, which is not found in the documentation files
WARNING  -  A relative path to 'Iris/iris_widget_prog_guide/Content/SignatureCapture_Properties.html#zIndex' is included
            in the 'nav' configuration, which is not found in the documentation files
WARNING  -  A relative path to 'Iris/iris_widget_prog_guide/Content/SigninWithApple.html#signinwithapple-widget-basics'
            is included in the 'nav' configuration, which is not found in the documentation files
WARNING  -  A relative path to 'Iris/iris_widget_prog_guide/Content/SigninWithApple_Events.html#onSuccessCallback' is
            included in the 'nav' configuration, which is not found in the documentation files
WARNING  -  A relative path to 'Iris/iris_widget_prog_guide/Content/SigninWithApple_Events.html#onFailureCallback_Event'
            is included in the 'nav' configuration, which is not found in the documentation files
WARNING  -  A relative path to
            'Iris/iris_widget_prog_guide/Content/SigninWithApple_Properties.html#authorizationButtonType_Property' is
            included in the 'nav' configuration, which is not found in the documentation files
WARNING  -  A relative path to
            'Iris/iris_widget_prog_guide/Content/SigninWithApple_Properties.html#authorizationButtonStyle_Property' is
            included in the 'nav' configuration, which is not found in the documentation files
WARNING  -  A relative path to
            'Iris/iris_widget_prog_guide/Content/SigninWithApple_Properties.html#authorizationButtonCornerRadius_Property'
            is included in the 'nav' configuration, which is not found in the documentation files
WARNING  -  A relative path to 'Iris/iris_widget_prog_guide/Content/SigninWithApple_Properties.html#bottom' is included
            in the 'nav' configuration, which is not found in the documentation files
WARNING  -  A relative path to 'Iris/iris_widget_prog_guide/Content/SigninWithApple_Properties.html#centerX_Property' is
            included in the 'nav' configuration, which is not found in the documentation files
WARNING  -  A relative path to 'Iris/iris_widget_prog_guide/Content/SigninWithApple_Properties.html#centerY' is included
            in the 'nav' configuration, which is not found in the documentation files
WARNING  -  A relative path to 'Iris/iris_widget_prog_guide/Content/SigninWithApple_Properties.html#height' is included
            in the 'nav' configuration, which is not found in the documentation files
WARNING  -  A relative path to 'Iris/iris_widget_prog_guide/Content/SigninWithApple_Properties.html#left' is included in
            the 'nav' configuration, which is not found in the documentation files
WARNING  -  A relative path to 'Iris/iris_widget_prog_guide/Content/SigninWithApple_Properties.html#maxHeigh' is
            included in the 'nav' configuration, which is not found in the documentation files
WARNING  -  A relative path to 'Iris/iris_widget_prog_guide/Content/SigninWithApple_Properties.html#maxWidth' is
            included in the 'nav' configuration, which is not found in the documentation files
WARNING  -  A relative path to 'Iris/iris_widget_prog_guide/Content/SigninWithApple_Properties.html#minHeigh' is
            included in the 'nav' configuration, which is not found in the documentation files
WARNING  -  A relative path to 'Iris/iris_widget_prog_guide/Content/SigninWithApple_Properties.html#minWidth' is
            included in the 'nav' configuration, which is not found in the documentation files
WARNING  -  A relative path to 'Iris/iris_widget_prog_guide/Content/SigninWithApple_Properties.html#top' is included in
            the 'nav' configuration, which is not found in the documentation files
WARNING  -  A relative path to 'Iris/iris_widget_prog_guide/Content/SigninWithApple_Properties.html#width' is included
            in the 'nav' configuration, which is not found in the documentation files
WARNING  -  A relative path to 'Iris/iris_widget_prog_guide/Content/Slider.html#slider-widget-basics' is included in the
            'nav' configuration, which is not found in the documentation files
WARNING  -  A relative path to 'Iris/iris_widget_prog_guide/Content/Slider_Events.html#doLayout' is included in the
            'nav' configuration, which is not found in the documentation files
WARNING  -  A relative path to 'Iris/iris_widget_prog_guide/Content/Slider_Events.html#onScrollWidgetPosition' is
            included in the 'nav' configuration, which is not found in the documentation files
WARNING  -  A relative path to 'Iris/iris_widget_prog_guide/Content/Slider_Events.html#onSelect' is included in the
            'nav' configuration, which is not found in the documentation files
WARNING  -  A relative path to 'Iris/iris_widget_prog_guide/Content/Slider_Events.html#onSlide' is included in the 'nav'
            configuration, which is not found in the documentation files
WARNING  -  A relative path to 'Iris/iris_widget_prog_guide/Content/Slider_Events.html#onTouchEnd' is included in the
            'nav' configuration, which is not found in the documentation files
WARNING  -  A relative path to 'Iris/iris_widget_prog_guide/Content/Slider_Events.html#onTouchMove' is included in the
            'nav' configuration, which is not found in the documentation files
WARNING  -  A relative path to 'Iris/iris_widget_prog_guide/Content/Slider_Events.html#onTouchStart' is included in the
            'nav' configuration, which is not found in the documentation files
WARNING  -  A relative path to 'Iris/iris_widget_prog_guide/Content/Slider_Method.html#addGestureRecognizer' is included
            in the 'nav' configuration, which is not found in the documentation files
WARNING  -  A relative path to 'Iris/iris_widget_prog_guide/Content/Slider_Method.html#animate' is included in the 'nav'
            configuration, which is not found in the documentation files
WARNING  -  A relative path to 'Iris/iris_widget_prog_guide/Content/Slider_Method.html#clone' is included in the 'nav'
            configuration, which is not found in the documentation files
WARNING  -  A relative path to 'Iris/iris_widget_prog_guide/Content/Slider_Method.html#convertPointFromWidget' is
            included in the 'nav' configuration, which is not found in the documentation files
WARNING  -  A relative path to 'Iris/iris_widget_prog_guide/Content/Slider_Method.html#convertPointToWidget' is included
            in the 'nav' configuration, which is not found in the documentation files
WARNING  -  A relative path to 'Iris/iris_widget_prog_guide/Content/Slider_Method.html#getBadge' is included in the
            'nav' configuration, which is not found in the documentation files
WARNING  -  A relative path to 'Iris/iris_widget_prog_guide/Content/Slider_Method.html#register' is included in the
            'nav' configuration, which is not found in the documentation files
WARNING  -  A relative path to 'Iris/iris_widget_prog_guide/Content/Slider_Method.html#removeFromParent' is included in
            the 'nav' configuration, which is not found in the documentation files
WARNING  -  A relative path to 'Iris/iris_widget_prog_guide/Content/Slider_Method.html#removeGestureRecognizer' is
            included in the 'nav' configuration, which is not found in the documentation files
WARNING  -  A relative path to 'Iris/iris_widget_prog_guide/Content/Slider_Method.html#setBadge' is included in the
            'nav' configuration, which is not found in the documentation files
WARNING  -  A relative path to 'Iris/iris_widget_prog_guide/Content/Slider_Method.html#setEnabled' is included in the
            'nav' configuration, which is not found in the documentation files
WARNING  -  A relative path to 'Iris/iris_widget_prog_guide/Content/Slider_Method.html#setFocus' is included in the
            'nav' configuration, which is not found in the documentation files
WARNING  -  A relative path to 'Iris/iris_widget_prog_guide/Content/Slider_Method.html#setGestureRecognizer' is included
            in the 'nav' configuration, which is not found in the documentation files
WARNING  -  A relative path to 'Iris/iris_widget_prog_guide/Content/Slider_Method.html#setOnPek' is included in the
            'nav' configuration, which is not found in the documentation files
WARNING  -  A relative path to 'Iris/iris_widget_prog_guide/Content/Slider_Method.html#setOnPop' is included in the
            'nav' configuration, which is not found in the documentation files
WARNING  -  A relative path to 'Iris/iris_widget_prog_guide/Content/Slider_Method.html#setVisibility' is included in the
            'nav' configuration, which is not found in the documentation files
WARNING  -  A relative path to 'Iris/iris_widget_prog_guide/Content/Slider_Method.html#unregist' is included in the
            'nav' configuration, which is not found in the documentation files
WARNING  -  A relative path to 'Iris/iris_widget_prog_guide/Content/Slider_Properties.html#accessibilityConfig' is
            included in the 'nav' configuration, which is not found in the documentation files
WARNING  -  A relative path to 'Iris/iris_widget_prog_guide/Content/Slider_Properties.html#anchorPo' is included in the
            'nav' configuration, which is not found in the documentation files
WARNING  -  A relative path to 'Iris/iris_widget_prog_guide/Content/Slider_Properties.html#bottom' is included in the
            'nav' configuration, which is not found in the documentation files
WARNING  -  A relative path to 'Iris/iris_widget_prog_guide/Content/Slider_Properties.html#centerX' is included in the
            'nav' configuration, which is not found in the documentation files
WARNING  -  A relative path to 'Iris/iris_widget_prog_guide/Content/Slider_Properties.html#centerY' is included in the
            'nav' configuration, which is not found in the documentation files
WARNING  -  A relative path to 'Iris/iris_widget_prog_guide/Content/Slider_Properties.html#cursorType' is included in
            the 'nav' configuration, which is not found in the documentation files
WARNING  -  A relative path to 'Iris/iris_widget_prog_guide/Content/Slider_Properties.html#enable' is included in the
            'nav' configuration, which is not found in the documentation files
WARNING  -  A relative path to 'Iris/iris_widget_prog_guide/Content/Slider_Properties.html#enableCa' is included in the
            'nav' configuration, which is not found in the documentation files
WARNING  -  A relative path to 'Iris/iris_widget_prog_guide/Content/Slider_Properties.html#enableTh' is included in the
            'nav' configuration, which is not found in the documentation files
WARNING  -  A relative path to 'Iris/iris_widget_prog_guide/Content/Slider_Properties.html#focusThumbImage' is included
            in the 'nav' configuration, which is not found in the documentation files
WARNING  -  A relative path to 'Iris/iris_widget_prog_guide/Content/Slider_Properties.html#height' is included in the
            'nav' configuration, which is not found in the documentation files
WARNING  -  A relative path to 'Iris/iris_widget_prog_guide/Content/Slider_Properties.html#id' is included in the 'nav'
            configuration, which is not found in the documentation files
WARNING  -  A relative path to 'Iris/iris_widget_prog_guide/Content/Slider_Properties.html#info' is included in the
            'nav' configuration, which is not found in the documentation files
WARNING  -  A relative path to 'Iris/iris_widget_prog_guide/Content/Slider_Properties.html#isVisibl' is included in the
            'nav' configuration, which is not found in the documentation files
WARNING  -  A relative path to 'Iris/iris_widget_prog_guide/Content/Slider_Properties.html#left' is included in the
            'nav' configuration, which is not found in the documentation files
WARNING  -  A relative path to 'Iris/iris_widget_prog_guide/Content/Slider_Properties.html#leftSkin' is included in the
            'nav' configuration, which is not found in the documentation files
WARNING  -  A relative path to 'Iris/iris_widget_prog_guide/Content/Slider_Properties.html#max' is included in the 'nav'
            configuration, which is not found in the documentation files
WARNING  -  A relative path to 'Iris/iris_widget_prog_guide/Content/Slider_Properties.html#maxHeigh' is included in the
            'nav' configuration, which is not found in the documentation files
WARNING  -  A relative path to 'Iris/iris_widget_prog_guide/Content/Slider_Properties.html#maxLabel' is included in the
            'nav' configuration, which is not found in the documentation files
WARNING  -  A relative path to 'Iris/iris_widget_prog_guide/Content/Slider_Properties.html#Max2' is included in the
            'nav' configuration, which is not found in the documentation files
WARNING  -  A relative path to 'Iris/iris_widget_prog_guide/Content/Slider_Properties.html#Max3' is included in the
            'nav' configuration, which is not found in the documentation files
WARNING  -  A relative path to 'Iris/iris_widget_prog_guide/Content/Slider_Properties.html#maxWidth' is included in the
            'nav' configuration, which is not found in the documentation files
WARNING  -  A relative path to 'Iris/iris_widget_prog_guide/Content/Slider_Properties.html#min' is included in the 'nav'
            configuration, which is not found in the documentation files
WARNING  -  A relative path to 'Iris/iris_widget_prog_guide/Content/Slider_Properties.html#minHeigh' is included in the
            'nav' configuration, which is not found in the documentation files
WARNING  -  A relative path to 'Iris/iris_widget_prog_guide/Content/Slider_Properties.html#minLabel' is included in the
            'nav' configuration, which is not found in the documentation files
WARNING  -  A relative path to 'Iris/iris_widget_prog_guide/Content/Slider_Properties.html#Min2' is included in the
            'nav' configuration, which is not found in the documentation files
WARNING  -  A relative path to 'Iris/iris_widget_prog_guide/Content/Slider_Properties.html#Min3' is included in the
            'nav' configuration, which is not found in the documentation files
WARNING  -  A relative path to 'Iris/iris_widget_prog_guide/Content/Slider_Properties.html#minWidth' is included in the
            'nav' configuration, which is not found in the documentation files
WARNING  -  A relative path to 'Iris/iris_widget_prog_guide/Content/Slider_Properties.html#opacity' is included in the
            'nav' configuration, which is not found in the documentation files
WARNING  -  A relative path to 'Iris/iris_widget_prog_guide/Content/Slider_Properties.html#orientat' is included in the
            'nav' configuration, which is not found in the documentation files
WARNING  -  A relative path to 'Iris/iris_widget_prog_guide/Content/Slider_Properties.html#padding' is included in the
            'nav' configuration, which is not found in the documentation files
WARNING  -  A relative path to 'Iris/iris_widget_prog_guide/Content/Slider_Properties.html#paddingInPixel' is included
            in the 'nav' configuration, which is not found in the documentation files
WARNING  -  A relative path to 'Iris/iris_widget_prog_guide/Content/Slider_Properties.html#parent' is included in the
            'nav' configuration, which is not found in the documentation files
WARNING  -  A relative path to 'Iris/iris_widget_prog_guide/Content/Slider_Properties.html#retainContentAlignment' is
            included in the 'nav' configuration, which is not found in the documentation files
WARNING  -  A relative path to 'Iris/iris_widget_prog_guide/Content/Slider_Properties.html#retainFlexPositionProperties'
            is included in the 'nav' configuration, which is not found in the documentation files
WARNING  -  A relative path to
            'Iris/iris_widget_prog_guide/Content/Slider_Properties.html#retainFlowHorizontalAlignment' is included in
            the 'nav' configuration, which is not found in the documentation files
WARNING  -  A relative path to 'Iris/iris_widget_prog_guide/Content/Slider_Properties.html#right' is included in the
            'nav' configuration, which is not found in the documentation files
WARNING  -  A relative path to 'Iris/iris_widget_prog_guide/Content/Slider_Properties.html#rightSkin' is included in the
            'nav' configuration, which is not found in the documentation files
WARNING  -  A relative path to 'Iris/iris_widget_prog_guide/Content/Slider_Properties.html#selectedValue' is included in
            the 'nav' configuration, which is not found in the documentation files
WARNING  -  A relative path to 'Iris/iris_widget_prog_guide/Content/Slider_Properties.html#step' is included in the
            'nav' configuration, which is not found in the documentation files
WARNING  -  A relative path to 'Iris/iris_widget_prog_guide/Content/Slider_Properties.html#thickne' is included in the
            'nav' configuration, which is not found in the documentation files
WARNING  -  A relative path to 'Iris/iris_widget_prog_guide/Content/Slider_Properties.html#thumbHeight' is included in
            the 'nav' configuration, which is not found in the documentation files
WARNING  -  A relative path to 'Iris/iris_widget_prog_guide/Content/Slider_Properties.html#thumbImage' is included in
            the 'nav' configuration, which is not found in the documentation files
WARNING  -  A relative path to 'Iris/iris_widget_prog_guide/Content/Slider_Properties.html#thumbOffset' is included in
            the 'nav' configuration, which is not found in the documentation files
WARNING  -  A relative path to 'Iris/iris_widget_prog_guide/Content/Slider_Properties.html#thumbTin' is included in the
            'nav' configuration, which is not found in the documentation files
WARNING  -  A relative path to 'Iris/iris_widget_prog_guide/Content/Slider_Properties.html#thumbWidth' is included in
            the 'nav' configuration, which is not found in the documentation files
WARNING  -  A relative path to 'Iris/iris_widget_prog_guide/Content/Slider_Properties.html#top' is included in the 'nav'
            configuration, which is not found in the documentation files
WARNING  -  A relative path to 'Iris/iris_widget_prog_guide/Content/Slider_Properties.html#transfor' is included in the
            'nav' configuration, which is not found in the documentation files
WARNING  -  A relative path to 'Iris/iris_widget_prog_guide/Content/Slider_Properties.html#viewType' is included in the
            'nav' configuration, which is not found in the documentation files
WARNING  -  A relative path to 'Iris/iris_widget_prog_guide/Content/Slider_Properties.html#widgetSwipeMove' is included
            in the 'nav' configuration, which is not found in the documentation files
WARNING  -  A relative path to 'Iris/iris_widget_prog_guide/Content/Slider_Properties.html#width' is included in the
            'nav' configuration, which is not found in the documentation files
WARNING  -  A relative path to 'Iris/iris_widget_prog_guide/Content/Slider_Properties.html#zIndex' is included in the
            'nav' configuration, which is not found in the documentation files
WARNING  -  A relative path to
            'Iris/iris_widget_prog_guide/Content/SlidingContainer.html#slidingcontainer-widget-basics' is included in
            the 'nav' configuration, which is not found in the documentation files
WARNING  -  A relative path to 'Iris/iris_widget_prog_guide/Content/SlidingContainer_Events.html#command1' is included
            in the 'nav' configuration, which is not found in the documentation files
WARNING  -  A relative path to 'Iris/iris_widget_prog_guide/Content/SlidingContainer_Events.html#command2' is included
            in the 'nav' configuration, which is not found in the documentation files
WARNING  -  A relative path to 'Iris/iris_widget_prog_guide/Content/SlidingContainer_Properties.html#bottom' is included
            in the 'nav' configuration, which is not found in the documentation files
WARNING  -  A relative path to 'Iris/iris_widget_prog_guide/Content/SlidingContainer_Properties.html#cacheMod' is
            included in the 'nav' configuration, which is not found in the documentation files
WARNING  -  A relative path to 'Iris/iris_widget_prog_guide/Content/SlidingContainer_Properties.html#centerX' is
            included in the 'nav' configuration, which is not found in the documentation files
WARNING  -  A relative path to 'Iris/iris_widget_prog_guide/Content/SlidingContainer_Properties.html#centerY' is
            included in the 'nav' configuration, which is not found in the documentation files
WARNING  -  A relative path to 'Iris/iris_widget_prog_guide/Content/SlidingContainer_Properties.html#command1' is
            included in the 'nav' configuration, which is not found in the documentation files
WARNING  -  A relative path to 'Iris/iris_widget_prog_guide/Content/SlidingContainer_Properties.html#command2' is
            included in the 'nav' configuration, which is not found in the documentation files
WARNING  -  A relative path to 'Iris/iris_widget_prog_guide/Content/SlidingContainer_Properties.html#command3' is
            included in the 'nav' configuration, which is not found in the documentation files
WARNING  -  A relative path to 'Iris/iris_widget_prog_guide/Content/SlidingContainer_Properties.html#command4' is
            included in the 'nav' configuration, which is not found in the documentation files
WARNING  -  A relative path to 'Iris/iris_widget_prog_guide/Content/SlidingContainer_Properties.html#command5' is
            included in the 'nav' configuration, which is not found in the documentation files
WARNING  -  A relative path to 'Iris/iris_widget_prog_guide/Content/SlidingContainer_Properties.html#contentP' is
            included in the 'nav' configuration, which is not found in the documentation files
WARNING  -  A relative path to 'Iris/iris_widget_prog_guide/Content/SlidingContainer_Properties.html#height' is included
            in the 'nav' configuration, which is not found in the documentation files
WARNING  -  A relative path to 'Iris/iris_widget_prog_guide/Content/SlidingContainer_Properties.html#left' is included
            in the 'nav' configuration, which is not found in the documentation files
WARNING  -  A relative path to 'Iris/iris_widget_prog_guide/Content/SlidingContainer_Properties.html#margin' is included
            in the 'nav' configuration, which is not found in the documentation files
WARNING  -  A relative path to 'Iris/iris_widget_prog_guide/Content/SlidingContainer_Properties.html#marginIn' is
            included in the 'nav' configuration, which is not found in the documentation files
WARNING  -  A relative path to 'Iris/iris_widget_prog_guide/Content/SlidingContainer_Properties.html#maxHeigh' is
            included in the 'nav' configuration, which is not found in the documentation files
WARNING  -  A relative path to 'Iris/iris_widget_prog_guide/Content/SlidingContainer_Properties.html#maxWidth' is
            included in the 'nav' configuration, which is not found in the documentation files
WARNING  -  A relative path to 'Iris/iris_widget_prog_guide/Content/SlidingContainer_Properties.html#menuDisp' is
            included in the 'nav' configuration, which is not found in the documentation files
WARNING  -  A relative path to 'Iris/iris_widget_prog_guide/Content/SlidingContainer_Properties.html#menuIcon' is
            included in the 'nav' configuration, which is not found in the documentation files
WARNING  -  A relative path to 'Iris/iris_widget_prog_guide/Content/SlidingContainer_Properties.html#menuSkin' is
            included in the 'nav' configuration, which is not found in the documentation files
WARNING  -  A relative path to 'Iris/iris_widget_prog_guide/Content/SlidingContainer_Properties.html#menuText' is
            included in the 'nav' configuration, which is not found in the documentation files
WARNING  -  A relative path to 'Iris/iris_widget_prog_guide/Content/SlidingContainer_Properties.html#minHeigh' is
            included in the 'nav' configuration, which is not found in the documentation files
WARNING  -  A relative path to 'Iris/iris_widget_prog_guide/Content/SlidingContainer_Properties.html#minWidth' is
            included in the 'nav' configuration, which is not found in the documentation files
WARNING  -  A relative path to 'Iris/iris_widget_prog_guide/Content/SlidingContainer_Properties.html#openComm' is
            included in the 'nav' configuration, which is not found in the documentation files
WARNING  -  A relative path to
            'Iris/iris_widget_prog_guide/Content/SlidingContainer_Properties.html#retainContentAlignment' is included in
            the 'nav' configuration, which is not found in the documentation files
WARNING  -  A relative path to
            'Iris/iris_widget_prog_guide/Content/SlidingContainer_Properties.html#retainFlexPositionProperties' is
            included in the 'nav' configuration, which is not found in the documentation files
WARNING  -  A relative path to
            'Iris/iris_widget_prog_guide/Content/SlidingContainer_Properties.html#retainFlowHorizontalAlignment' is
            included in the 'nav' configuration, which is not found in the documentation files
WARNING  -  A relative path to 'Iris/iris_widget_prog_guide/Content/SlidingContainer_Properties.html#right' is included
            in the 'nav' configuration, which is not found in the documentation files
WARNING  -  A relative path to 'Iris/iris_widget_prog_guide/Content/SlidingContainer_Properties.html#showMenu' is
            included in the 'nav' configuration, which is not found in the documentation files
WARNING  -  A relative path to 'Iris/iris_widget_prog_guide/Content/SlidingContainer_Properties.html#Title' is included
            in the 'nav' configuration, which is not found in the documentation files
WARNING  -  A relative path to 'Iris/iris_widget_prog_guide/Content/SlidingContainer_Properties.html#top' is included in
            the 'nav' configuration, which is not found in the documentation files
WARNING  -  A relative path to 'Iris/iris_widget_prog_guide/Content/SlidingContainer_Properties.html#widgetAl' is
            included in the 'nav' configuration, which is not found in the documentation files
WARNING  -  A relative path to 'Iris/iris_widget_prog_guide/Content/SlidingContainer_Properties.html#width' is included
            in the 'nav' configuration, which is not found in the documentation files
WARNING  -  A relative path to 'Iris/iris_widget_prog_guide/Content/SlidingContainer_Properties.html#zIndex' is included
            in the 'nav' configuration, which is not found in the documentation files
WARNING  -  A relative path to 'Iris/iris_widget_prog_guide/Content/Switch.html#switch-widget-basics' is included in the
            'nav' configuration, which is not found in the documentation files
WARNING  -  A relative path to 'Iris/iris_widget_prog_guide/Content/Switch_Events.html#doLayout' is included in the
            'nav' configuration, which is not found in the documentation files
WARNING  -  A relative path to 'Iris/iris_widget_prog_guide/Content/Switch_Events.html#onScrollWidgetPosition' is
            included in the 'nav' configuration, which is not found in the documentation files
WARNING  -  A relative path to 'Iris/iris_widget_prog_guide/Content/Switch_Events.html#onSlide' is included in the 'nav'
            configuration, which is not found in the documentation files
WARNING  -  A relative path to 'Iris/iris_widget_prog_guide/Content/Switch_Events.html#onTouchEnd' is included in the
            'nav' configuration, which is not found in the documentation files
WARNING  -  A relative path to 'Iris/iris_widget_prog_guide/Content/Switch_Events.html#onTouchMove' is included in the
            'nav' configuration, which is not found in the documentation files
WARNING  -  A relative path to 'Iris/iris_widget_prog_guide/Content/Switch_Events.html#onTouchStart' is included in the
            'nav' configuration, which is not found in the documentation files
WARNING  -  A relative path to 'Iris/iris_widget_prog_guide/Content/Switch_Method.html#addGestureRecognizer' is included
            in the 'nav' configuration, which is not found in the documentation files
WARNING  -  A relative path to 'Iris/iris_widget_prog_guide/Content/Switch_Method.html#animate_Method' is included in
            the 'nav' configuration, which is not found in the documentation files
WARNING  -  A relative path to 'Iris/iris_widget_prog_guide/Content/Switch_Method.html#clone' is included in the 'nav'
            configuration, which is not found in the documentation files
WARNING  -  A relative path to 'Iris/iris_widget_prog_guide/Content/Switch_Properties.html#accessibilityConfig' is
            included in the 'nav' configuration, which is not found in the documentation files
WARNING  -  A relative path to 'Iris/iris_widget_prog_guide/Content/Switch_Properties.html#blur' is included in the
            'nav' configuration, which is not found in the documentation files
WARNING  -  A relative path to 'Iris/iris_widget_prog_guide/Content/Switch_Properties.html#bottom' is included in the
            'nav' configuration, which is not found in the documentation files
WARNING  -  A relative path to 'Iris/iris_widget_prog_guide/Content/Switch_Properties.html#centerX' is included in the
            'nav' configuration, which is not found in the documentation files
WARNING  -  A relative path to 'Iris/iris_widget_prog_guide/Content/Switch_Properties.html#centerY' is included in the
            'nav' configuration, which is not found in the documentation files
WARNING  -  A relative path to 'Iris/iris_widget_prog_guide/Content/Switch_Properties.html#cursorType' is included in
            the 'nav' configuration, which is not found in the documentation files
WARNING  -  A relative path to 'Iris/iris_widget_prog_guide/Content/Switch_Properties.html#enable' is included in the
            'nav' configuration, which is not found in the documentation files
WARNING  -  A relative path to 'Iris/iris_widget_prog_guide/Content/Switch_Properties.html#enableCa' is included in the
            'nav' configuration, which is not found in the documentation files
WARNING  -  A relative path to 'Iris/iris_widget_prog_guide/Content/Switch_Properties.html#enableHapticFeedback' is
            included in the 'nav' configuration, which is not found in the documentation files
WARNING  -  A relative path to 'Iris/iris_widget_prog_guide/Content/Switch_Properties.html#Header' is included in the
            'nav' configuration, which is not found in the documentation files
WARNING  -  A relative path to 'Iris/iris_widget_prog_guide/Content/Switch_Properties.html#HeaderSkin' is included in
            the 'nav' configuration, which is not found in the documentation files
WARNING  -  A relative path to 'Iris/iris_widget_prog_guide/Content/Switch_Properties.html#height' is included in the
            'nav' configuration, which is not found in the documentation files
WARNING  -  A relative path to 'Iris/iris_widget_prog_guide/Content/Switch_Properties.html#id' is included in the 'nav'
            configuration, which is not found in the documentation files
WARNING  -  A relative path to 'Iris/iris_widget_prog_guide/Content/Switch_Properties.html#info' is included in the
            'nav' configuration, which is not found in the documentation files
WARNING  -  A relative path to 'Iris/iris_widget_prog_guide/Content/Switch_Properties.html#isVisibl' is included in the
            'nav' configuration, which is not found in the documentation files
WARNING  -  A relative path to 'Iris/iris_widget_prog_guide/Content/Switch_Properties.html#left' is included in the
            'nav' configuration, which is not found in the documentation files
WARNING  -  A relative path to 'Iris/iris_widget_prog_guide/Content/Switch_Properties.html#leftSideText' is included in
            the 'nav' configuration, which is not found in the documentation files
WARNING  -  A relative path to 'Iris/iris_widget_prog_guide/Content/Switch_Properties.html#Left_Text_i18n_Key' is
            included in the 'nav' configuration, which is not found in the documentation files
WARNING  -  A relative path to 'Iris/iris_widget_prog_guide/Content/Switch_Properties.html#maxHeigh' is included in the
            'nav' configuration, which is not found in the documentation files
WARNING  -  A relative path to 'Iris/iris_widget_prog_guide/Content/Switch_Properties.html#maxWidth' is included in the
            'nav' configuration, which is not found in the documentation files
WARNING  -  A relative path to 'Iris/iris_widget_prog_guide/Content/Switch_Properties.html#minHeigh' is included in the
            'nav' configuration, which is not found in the documentation files
WARNING  -  A relative path to 'Iris/iris_widget_prog_guide/Content/Switch_Properties.html#minWidth' is included in the
            'nav' configuration, which is not found in the documentation files
WARNING  -  A relative path to 'Iris/iris_widget_prog_guide/Content/Switch_Properties.html#nativeThumbLook' is included
            in the 'nav' configuration, which is not found in the documentation files
WARNING  -  A relative path to 'Iris/iris_widget_prog_guide/Content/Switch_Properties.html#opacity' is included in the
            'nav' configuration, which is not found in the documentation files
WARNING  -  A relative path to 'Iris/iris_widget_prog_guide/Content/Switch_Properties.html#padding' is included in the
            'nav' configuration, which is not found in the documentation files
WARNING  -  A relative path to 'Iris/iris_widget_prog_guide/Content/Switch_Properties.html#paddingInPixel' is included
            in the 'nav' configuration, which is not found in the documentation files
WARNING  -  A relative path to 'Iris/iris_widget_prog_guide/Content/Switch_Properties.html#parent' is included in the
            'nav' configuration, which is not found in the documentation files
WARNING  -  A relative path to 'Iris/iris_widget_prog_guide/Content/Switch_Properties.html#retainContentAlignment' is
            included in the 'nav' configuration, which is not found in the documentation files
WARNING  -  A relative path to 'Iris/iris_widget_prog_guide/Content/Switch_Properties.html#retainFlexPositionProperties'
            is included in the 'nav' configuration, which is not found in the documentation files
WARNING  -  A relative path to
            'Iris/iris_widget_prog_guide/Content/Switch_Properties.html#retainFlowHorizontalAlignment' is included in
            the 'nav' configuration, which is not found in the documentation files
WARNING  -  A relative path to 'Iris/iris_widget_prog_guide/Content/Switch_Properties.html#right' is included in the
            'nav' configuration, which is not found in the documentation files
WARNING  -  A relative path to 'Iris/iris_widget_prog_guide/Content/Switch_Properties.html#rightSideText' is included in
            the 'nav' configuration, which is not found in the documentation files
WARNING  -  A relative path to 'Iris/iris_widget_prog_guide/Content/Switch_Properties.html#Right_Text_i18n_Key' is
            included in the 'nav' configuration, which is not found in the documentation files
WARNING  -  A relative path to 'Iris/iris_widget_prog_guide/Content/Switch_Properties.html#selectedIndex' is included in
            the 'nav' configuration, which is not found in the documentation files
WARNING  -  A relative path to 'Iris/iris_widget_prog_guide/Content/Switch_Properties.html#skin' is included in the
            'nav' configuration, which is not found in the documentation files
WARNING  -  A relative path to 'Iris/iris_widget_prog_guide/Content/Switch_Properties.html#Switch' is included in the
            'nav' configuration, which is not found in the documentation files
WARNING  -  A relative path to 'Iris/iris_widget_prog_guide/Content/Switch_Properties.html#top' is included in the 'nav'
            configuration, which is not found in the documentation files
WARNING  -  A relative path to 'Iris/iris_widget_prog_guide/Content/Switch_Properties.html#widgetSwipeMove' is included
            in the 'nav' configuration, which is not found in the documentation files
WARNING  -  A relative path to 'Iris/iris_widget_prog_guide/Content/Switch_Properties.html#width' is included in the
            'nav' configuration, which is not found in the documentation files
WARNING  -  A relative path to 'Iris/iris_widget_prog_guide/Content/Switch_Properties.html#zIndex' is included in the
            'nav' configuration, which is not found in the documentation files
WARNING  -  A relative path to 'Iris/iris_widget_prog_guide/Content/TabPane.html#tabpane-widget-basics' is included in
            the 'nav' configuration, which is not found in the documentation files
WARNING  -  A relative path to 'Iris/iris_widget_prog_guide/Content/TabPane_Events.html#onTabClick' is included in the
            'nav' configuration, which is not found in the documentation files
WARNING  -  A relative path to 'Iris/iris_widget_prog_guide/Content/TabPane_Events.html#postOncl' is included in the
            'nav' configuration, which is not found in the documentation files
WARNING  -  A relative path to 'Iris/iris_widget_prog_guide/Content/TabPane_Events.html#preOncli' is included in the
            'nav' configuration, which is not found in the documentation files
WARNING  -  A relative path to 'Iris/iris_widget_prog_guide/Content/TabPane_Methods.html#addGestureRecognizer' is
            included in the 'nav' configuration, which is not found in the documentation files
WARNING  -  A relative path to 'Iris/iris_widget_prog_guide/Content/TabPane_Methods.html#addTab' is included in the
            'nav' configuration, which is not found in the documentation files
WARNING  -  A relative path to 'Iris/iris_widget_prog_guide/Content/TabPane_Methods.html#addTabAt' is included in the
            'nav' configuration, which is not found in the documentation files
WARNING  -  A relative path to 'Iris/iris_widget_prog_guide/Content/TabPane_Methods.html#animate_Method' is included in
            the 'nav' configuration, which is not found in the documentation files
WARNING  -  A relative path to 'Iris/iris_widget_prog_guide/Content/TabPane_Methods.html#clone' is included in the 'nav'
            configuration, which is not found in the documentation files
WARNING  -  A relative path to 'Iris/iris_widget_prog_guide/Content/TabPane_Methods.html#convertPointFromWidget' is
            included in the 'nav' configuration, which is not found in the documentation files
WARNING  -  A relative path to 'Iris/iris_widget_prog_guide/Content/TabPane_Methods.html#convertPointToWidget' is
            included in the 'nav' configuration, which is not found in the documentation files
WARNING  -  A relative path to 'Iris/iris_widget_prog_guide/Content/TabPane_Methods.html#getBadge' is included in the
            'nav' configuration, which is not found in the documentation files
WARNING  -  A relative path to 'Iris/iris_widget_prog_guide/Content/TabPane_Methods.html#register' is included in the
            'nav' configuration, which is not found in the documentation files
WARNING  -  A relative path to 'Iris/iris_widget_prog_guide/Content/TabPane_Methods.html#removeFromParent' is included
            in the 'nav' configuration, which is not found in the documentation files
WARNING  -  A relative path to 'Iris/iris_widget_prog_guide/Content/TabPane_Methods.html#removeGestureRecognizer' is
            included in the 'nav' configuration, which is not found in the documentation files
WARNING  -  A relative path to 'Iris/iris_widget_prog_guide/Content/TabPane_Methods.html#removeTabAt' is included in the
            'nav' configuration, which is not found in the documentation files
WARNING  -  A relative path to 'Iris/iris_widget_prog_guide/Content/TabPane_Methods.html#removeTabByld' is included in
            the 'nav' configuration, which is not found in the documentation files
WARNING  -  A relative path to 'Iris/iris_widget_prog_guide/Content/TabPane_Methods.html#setBadge' is included in the
            'nav' configuration, which is not found in the documentation files
WARNING  -  A relative path to 'Iris/iris_widget_prog_guide/Content/TabPane_Methods.html#setEnabled' is included in the
            'nav' configuration, which is not found in the documentation files
WARNING  -  A relative path to 'Iris/iris_widget_prog_guide/Content/TabPane_Methods.html#setFocus' is included in the
            'nav' configuration, which is not found in the documentation files
WARNING  -  A relative path to 'Iris/iris_widget_prog_guide/Content/TabPane_Methods.html#setGestureRecognizer' is
            included in the 'nav' configuration, which is not found in the documentation files
WARNING  -  A relative path to 'Iris/iris_widget_prog_guide/Content/TabPane_Methods.html#setOnPek' is included in the
            'nav' configuration, which is not found in the documentation files
WARNING  -  A relative path to 'Iris/iris_widget_prog_guide/Content/TabPane_Methods.html#setOnPop' is included in the
            'nav' configuration, which is not found in the documentation files
WARNING  -  A relative path to 'Iris/iris_widget_prog_guide/Content/TabPane_Methods.html#setVisibility' is included in
            the 'nav' configuration, which is not found in the documentation files
WARNING  -  A relative path to 'Iris/iris_widget_prog_guide/Content/TabPane_Methods.html#unregist' is included in the
            'nav' configuration, which is not found in the documentation files
WARNING  -  A relative path to 'Iris/iris_widget_prog_guide/Content/TabPane_Properties.html#activeFocusSkin' is included
            in the 'nav' configuration, which is not found in the documentation files
WARNING  -  A relative path to 'Iris/iris_widget_prog_guide/Content/TabPane_Properties.html#activeSkin' is included in
            the 'nav' configuration, which is not found in the documentation files
WARNING  -  A relative path to 'Iris/iris_widget_prog_guide/Content/TabPane_Properties.html#activeTabs' is included in
            the 'nav' configuration, which is not found in the documentation files
WARNING  -  A relative path to 'Iris/iris_widget_prog_guide/Content/TabPane_Properties.html#autogrow' is included in the
            'nav' configuration, which is not found in the documentation files
WARNING  -  A relative path to 'Iris/iris_widget_prog_guide/Content/TabPane_Properties.html#bottom' is included in the
            'nav' configuration, which is not found in the documentation files
WARNING  -  A relative path to 'Iris/iris_widget_prog_guide/Content/TabPane_Properties.html#centerX' is included in the
            'nav' configuration, which is not found in the documentation files
WARNING  -  A relative path to 'Iris/iris_widget_prog_guide/Content/TabPane_Properties.html#centerY' is included in the
            'nav' configuration, which is not found in the documentation files
WARNING  -  A relative path to 'Iris/iris_widget_prog_guide/Content/TabPane_Properties.html#cursorType' is included in
            the 'nav' configuration, which is not found in the documentation files
WARNING  -  A relative path to 'Iris/iris_widget_prog_guide/Content/TabPane_Properties.html#enable' is included in the
            'nav' configuration, which is not found in the documentation files
WARNING  -  A relative path to 'Iris/iris_widget_prog_guide/Content/TabPane_Properties.html#enableCa' is included in the
            'nav' configuration, which is not found in the documentation files
WARNING  -  A relative path to 'Iris/iris_widget_prog_guide/Content/TabPane_Properties.html#height' is included in the
            'nav' configuration, which is not found in the documentation files
WARNING  -  A relative path to 'Iris/iris_widget_prog_guide/Content/TabPane_Properties.html#id' is included in the 'nav'
            configuration, which is not found in the documentation files
WARNING  -  A relative path to 'Iris/iris_widget_prog_guide/Content/TabPane_Properties.html#inactiveSkin' is included in
            the 'nav' configuration, which is not found in the documentation files
WARNING  -  A relative path to 'Iris/iris_widget_prog_guide/Content/TabPane_Properties.html#info' is included in the
            'nav' configuration, which is not found in the documentation files
WARNING  -  A relative path to 'Iris/iris_widget_prog_guide/Content/TabPane_Properties.html#isMaster' is included in the
            'nav' configuration, which is not found in the documentation files
WARNING  -  A relative path to 'Iris/iris_widget_prog_guide/Content/TabPane_Properties.html#isVisible' is included in
            the 'nav' configuration, which is not found in the documentation files
WARNING  -  A relative path to 'Iris/iris_widget_prog_guide/Content/TabPane_Properties.html#left' is included in the
            'nav' configuration, which is not found in the documentation files
WARNING  -  A relative path to 'Iris/iris_widget_prog_guide/Content/TabPane_Properties.html#maxHeigh' is included in the
            'nav' configuration, which is not found in the documentation files
WARNING  -  A relative path to 'Iris/iris_widget_prog_guide/Content/TabPane_Properties.html#maxWidth' is included in the
            'nav' configuration, which is not found in the documentation files
WARNING  -  A relative path to 'Iris/iris_widget_prog_guide/Content/TabPane_Properties.html#minHeigh' is included in the
            'nav' configuration, which is not found in the documentation files
WARNING  -  A relative path to 'Iris/iris_widget_prog_guide/Content/TabPane_Properties.html#minWidth' is included in the
            'nav' configuration, which is not found in the documentation files
WARNING  -  A relative path to 'Iris/iris_widget_prog_guide/Content/TabPane_Properties.html#pageSkin' is included in the
            'nav' configuration, which is not found in the documentation files
WARNING  -  A relative path to 'Iris/iris_widget_prog_guide/Content/TabPane_Properties.html#progress' is included in the
            'nav' configuration, which is not found in the documentation files
WARNING  -  A relative path to 'Iris/iris_widget_prog_guide/Content/TabPane_Properties.html#retainContentAlignment' is
            included in the 'nav' configuration, which is not found in the documentation files
WARNING  -  A relative path to
            'Iris/iris_widget_prog_guide/Content/TabPane_Properties.html#retainFlexPositionProperties' is included in
            the 'nav' configuration, which is not found in the documentation files
WARNING  -  A relative path to
            'Iris/iris_widget_prog_guide/Content/TabPane_Properties.html#retainFlowHorizontalAlignment' is included in
            the 'nav' configuration, which is not found in the documentation files
WARNING  -  A relative path to 'Iris/iris_widget_prog_guide/Content/TabPane_Properties.html#retainPositionInTab' is
            included in the 'nav' configuration, which is not found in the documentation files
WARNING  -  A relative path to 'Iris/iris_widget_prog_guide/Content/TabPane_Properties.html#right' is included in the
            'nav' configuration, which is not found in the documentation files
WARNING  -  A relative path to 'Iris/iris_widget_prog_guide/Content/TabPane_Properties.html#screenLe' is included in the
            'nav' configuration, which is not found in the documentation files
WARNING  -  A relative path to 'Iris/iris_widget_prog_guide/Content/TabPane_Properties.html#scrollsT' is included in the
            'nav' configuration, which is not found in the documentation files
WARNING  -  A relative path to 'Iris/iris_widget_prog_guide/Content/TabPane_Properties.html#showProg' is included in the
            'nav' configuration, which is not found in the documentation files
WARNING  -  A relative path to 'Iris/iris_widget_prog_guide/Content/TabPane_Properties.html#tabHeade2' is included in
            the 'nav' configuration, which is not found in the documentation files
WARNING  -  A relative path to 'Iris/iris_widget_prog_guide/Content/TabPane_Properties.html#tabHeade' is included in the
            'nav' configuration, which is not found in the documentation files
WARNING  -  A relative path to 'Iris/iris_widget_prog_guide/Content/TabPane_Properties.html#top' is included in the
            'nav' configuration, which is not found in the documentation files
WARNING  -  A relative path to 'Iris/iris_widget_prog_guide/Content/TabPane_Properties.html#viewConf' is included in the
            'nav' configuration, which is not found in the documentation files
WARNING  -  A relative path to 'Iris/iris_widget_prog_guide/Content/TabPane_Properties.html#viewType' is included in the
            'nav' configuration, which is not found in the documentation files
WARNING  -  A relative path to 'Iris/iris_widget_prog_guide/Content/TabPane_Properties.html#width' is included in the
            'nav' configuration, which is not found in the documentation files
WARNING  -  A relative path to 'Iris/iris_widget_prog_guide/Content/TabPane_Properties.html#zIndex' is included in the
            'nav' configuration, which is not found in the documentation files
WARNING  -  A relative path to 'Iris/iris_widget_prog_guide/Content/TextArea.html#textarea2-widget-basics' is included
            in the 'nav' configuration, which is not found in the documentation files
WARNING  -  A relative path to 'Iris/iris_widget_prog_guide/Content/TextArea_Events.html#doLayout' is included in the
            'nav' configuration, which is not found in the documentation files
WARNING  -  A relative path to 'Iris/iris_widget_prog_guide/Content/TextArea_Events.html#onBackKeyPress' is included in
            the 'nav' configuration, which is not found in the documentation files
WARNING  -  A relative path to 'Iris/iris_widget_prog_guide/Content/TextArea_Events.html#onBeginE' is included in the
            'nav' configuration, which is not found in the documentation files
WARNING  -  A relative path to 'Iris/iris_widget_prog_guide/Content/TextArea_Events.html#onDone' is included in the
            'nav' configuration, which is not found in the documentation files
WARNING  -  A relative path to 'Iris/iris_widget_prog_guide/Content/TextArea_Events.html#onEndEdi' is included in the
            'nav' configuration, which is not found in the documentation files
WARNING  -  A relative path to 'Iris/iris_widget_prog_guide/Content/TextArea_Events.html#onKeyboardDidHide' is included
            in the 'nav' configuration, which is not found in the documentation files
WARNING  -  A relative path to 'Iris/iris_widget_prog_guide/Content/TextArea_Events.html#onKeyboardDidShow' is included
            in the 'nav' configuration, which is not found in the documentation files
WARNING  -  A relative path to 'Iris/iris_widget_prog_guide/Content/TextArea_Events.html#onKeyboardWillHide' is included
            in the 'nav' configuration, which is not found in the documentation files
WARNING  -  A relative path to 'Iris/iris_widget_prog_guide/Content/TextArea_Events.html#onKeyboardWillShow' is included
            in the 'nav' configuration, which is not found in the documentation files
WARNING  -  A relative path to 'Iris/iris_widget_prog_guide/Content/TextArea_Events.html#onKeyDow' is included in the
            'nav' configuration, which is not found in the documentation files
WARNING  -  A relative path to 'Iris/iris_widget_prog_guide/Content/TextArea_Events.html#onKeyUp' is included in the
            'nav' configuration, which is not found in the documentation files
WARNING  -  A relative path to 'Iris/iris_widget_prog_guide/Content/TextArea_Events.html#onScrollWidgetPosition' is
            included in the 'nav' configuration, which is not found in the documentation files
WARNING  -  A relative path to 'Iris/iris_widget_prog_guide/Content/TextArea_Events.html#onTextCh' is included in the
            'nav' configuration, which is not found in the documentation files
WARNING  -  A relative path to 'Iris/iris_widget_prog_guide/Content/TextArea_Method.html#addGestureRecognizer' is
            included in the 'nav' configuration, which is not found in the documentation files
WARNING  -  A relative path to 'Iris/iris_widget_prog_guide/Content/TextArea_Method.html#animate' is included in the
            'nav' configuration, which is not found in the documentation files
WARNING  -  A relative path to 'Iris/iris_widget_prog_guide/Content/TextArea_Method.html#clone' is included in the 'nav'
            configuration, which is not found in the documentation files
WARNING  -  A relative path to 'Iris/iris_widget_prog_guide/Content/TextArea_Method.html#convertPointFromWidget' is
            included in the 'nav' configuration, which is not found in the documentation files
WARNING  -  A relative path to 'Iris/iris_widget_prog_guide/Content/TextArea_Method.html#convertPointToWidget' is
            included in the 'nav' configuration, which is not found in the documentation files
WARNING  -  A relative path to 'Iris/iris_widget_prog_guide/Content/TextArea_Method.html#getBadge' is included in the
            'nav' configuration, which is not found in the documentation files
WARNING  -  A relative path to 'Iris/iris_widget_prog_guide/Content/TextArea_Method.html#register' is included in the
            'nav' configuration, which is not found in the documentation files
WARNING  -  A relative path to 'Iris/iris_widget_prog_guide/Content/TextArea_Method.html#removeFromParent' is included
            in the 'nav' configuration, which is not found in the documentation files
WARNING  -  A relative path to 'Iris/iris_widget_prog_guide/Content/TextArea_Method.html#removeGestureRecognizer' is
            included in the 'nav' configuration, which is not found in the documentation files
WARNING  -  A relative path to 'Iris/iris_widget_prog_guide/Content/TextArea_Method.html#setBadge' is included in the
            'nav' configuration, which is not found in the documentation files
WARNING  -  A relative path to 'Iris/iris_widget_prog_guide/Content/TextArea_Method.html#setEnabled' is included in the
            'nav' configuration, which is not found in the documentation files
WARNING  -  A relative path to 'Iris/iris_widget_prog_guide/Content/TextArea_Method.html#setFocus' is included in the
            'nav' configuration, which is not found in the documentation files
WARNING  -  A relative path to 'Iris/iris_widget_prog_guide/Content/TextArea_Method.html#setGestureRecognizer' is
            included in the 'nav' configuration, which is not found in the documentation files
WARNING  -  A relative path to 'Iris/iris_widget_prog_guide/Content/TextArea_Method.html#setOnPek' is included in the
            'nav' configuration, which is not found in the documentation files
WARNING  -  A relative path to 'Iris/iris_widget_prog_guide/Content/TextArea_Method.html#setOnPop' is included in the
            'nav' configuration, which is not found in the documentation files
WARNING  -  A relative path to 'Iris/iris_widget_prog_guide/Content/TextArea_Method.html#setVisibility' is included in
            the 'nav' configuration, which is not found in the documentation files
WARNING  -  A relative path to 'Iris/iris_widget_prog_guide/Content/TextArea_Method.html#unregist' is included in the
            'nav' configuration, which is not found in the documentation files
WARNING  -  A relative path to 'Iris/iris_widget_prog_guide/Content/TextArea_Properties.html#accessibilityConfig' is
            included in the 'nav' configuration, which is not found in the documentation files
WARNING  -  A relative path to 'Iris/iris_widget_prog_guide/Content/TextArea_Properties.html#anchorPo' is included in
            the 'nav' configuration, which is not found in the documentation files
WARNING  -  A relative path to 'Iris/iris_widget_prog_guide/Content/TextArea_Properties.html#autoCapitalize' is included
            in the 'nav' configuration, which is not found in the documentation files
WARNING  -  A relative path to 'Iris/iris_widget_prog_guide/Content/TextArea_Properties.html#autoCorrect' is included in
            the 'nav' configuration, which is not found in the documentation files
WARNING  -  A relative path to 'Iris/iris_widget_prog_guide/Content/TextArea_Properties.html#autoSuggestions' is
            included in the 'nav' configuration, which is not found in the documentation files
WARNING  -  A relative path to 'Iris/iris_widget_prog_guide/Content/TextArea_Properties.html#backgrou' is included in
            the 'nav' configuration, which is not found in the documentation files
WARNING  -  A relative path to
            'Iris/iris_widget_prog_guide/Content/TextArea_Properties.html#backgroundColorMultiStepGradient' is included
            in the 'nav' configuration, which is not found in the documentation files
WARNING  -  A relative path to
            'Iris/iris_widget_prog_guide/Content/TextArea_Properties.html#backgroundColorTwoStepGradient' is included in
            the 'nav' configuration, which is not found in the documentation files
WARNING  -  A relative path to 'Iris/iris_widget_prog_guide/Content/TextArea_Properties.html#backgroundImage' is
            included in the 'nav' configuration, which is not found in the documentation files
WARNING  -  A relative path to 'Iris/iris_widget_prog_guide/Content/TextArea_Properties.html#borderColor' is included in
            the 'nav' configuration, which is not found in the documentation files
WARNING  -  A relative path to 'Iris/iris_widget_prog_guide/Content/TextArea_Properties.html#borderColorGradient' is
            included in the 'nav' configuration, which is not found in the documentation files
WARNING  -  A relative path to 'Iris/iris_widget_prog_guide/Content/TextArea_Properties.html#borderStyle' is included in
            the 'nav' configuration, which is not found in the documentation files
WARNING  -  A relative path to 'Iris/iris_widget_prog_guide/Content/TextArea_Properties.html#borderWidth' is included in
            the 'nav' configuration, which is not found in the documentation files
WARNING  -  A relative path to 'Iris/iris_widget_prog_guide/Content/TextArea_Properties.html#bottom' is included in the
            'nav' configuration, which is not found in the documentation files
WARNING  -  A relative path to 'Iris/iris_widget_prog_guide/Content/TextArea_Properties.html#centerX' is included in the
            'nav' configuration, which is not found in the documentation files
WARNING  -  A relative path to 'Iris/iris_widget_prog_guide/Content/TextArea_Properties.html#centerY' is included in the
            'nav' configuration, which is not found in the documentation files
WARNING  -  A relative path to 'Iris/iris_widget_prog_guide/Content/TextArea_Properties.html#closeButtonText' is
            included in the 'nav' configuration, which is not found in the documentation files
WARNING  -  A relative path to 'Iris/iris_widget_prog_guide/Content/TextArea_Properties.html#contentAlignment' is
            included in the 'nav' configuration, which is not found in the documentation files
WARNING  -  A relative path to 'Iris/iris_widget_prog_guide/Content/TextArea_Properties.html#cornerRadius' is included
            in the 'nav' configuration, which is not found in the documentation files
WARNING  -  A relative path to 'Iris/iris_widget_prog_guide/Content/TextArea_Properties.html#cursorType' is included in
            the 'nav' configuration, which is not found in the documentation files
WARNING  -  A relative path to
            'Iris/iris_widget_prog_guide/Content/TextArea_Properties.html#disabledStateSkinProperties' is included in
            the 'nav' configuration, which is not found in the documentation files
WARNING  -  A relative path to 'Iris/iris_widget_prog_guide/Content/TextArea_Properties.html#enable' is included in the
            'nav' configuration, which is not found in the documentation files
WARNING  -  A relative path to 'Iris/iris_widget_prog_guide/Content/TextArea_Properties.html#enableCa' is included in
            the 'nav' configuration, which is not found in the documentation files
WARNING  -  A relative path to 'Iris/iris_widget_prog_guide/Content/TextArea_Properties.html#enableHapticFeedback' is
            included in the 'nav' configuration, which is not found in the documentation files
WARNING  -  A relative path to 'Iris/iris_widget_prog_guide/Content/TextArea_Properties.html#focusSkin' is included in
            the 'nav' configuration, which is not found in the documentation files
WARNING  -  A relative path to 'Iris/iris_widget_prog_guide/Content/TextArea_Properties.html#focusStateSkinProperties'
            is included in the 'nav' configuration, which is not found in the documentation files
WARNING  -  A relative path to 'Iris/iris_widget_prog_guide/Content/TextArea_Properties.html#fontColor' is included in
            the 'nav' configuration, which is not found in the documentation files
WARNING  -  A relative path to 'Iris/iris_widget_prog_guide/Content/TextArea_Properties.html#fontFamily' is included in
            the 'nav' configuration, which is not found in the documentation files
WARNING  -  A relative path to 'Iris/iris_widget_prog_guide/Content/TextArea_Properties.html#fontSize' is included in
            the 'nav' configuration, which is not found in the documentation files
WARNING  -  A relative path to 'Iris/iris_widget_prog_guide/Content/TextArea_Properties.html#fontStyle' is included in
            the 'nav' configuration, which is not found in the documentation files
WARNING  -  A relative path to 'Iris/iris_widget_prog_guide/Content/TextArea_Properties.html#fontWeight' is included in
            the 'nav' configuration, which is not found in the documentation files
WARNING  -  A relative path to 'Iris/iris_widget_prog_guide/Content/TextArea_Properties.html#height' is included in the
            'nav' configuration, which is not found in the documentation files
WARNING  -  A relative path to 'Iris/iris_widget_prog_guide/Content/TextArea_Properties.html#hoverSkin' is included in
            the 'nav' configuration, which is not found in the documentation files
WARNING  -  A relative path to 'Iris/iris_widget_prog_guide/Content/TextArea_Properties.html#hoverStateSkinProperties'
            is included in the 'nav' configuration, which is not found in the documentation files
WARNING  -  A relative path to 'Iris/iris_widget_prog_guide/Content/TextArea_Properties.html#id' is included in the
            'nav' configuration, which is not found in the documentation files
WARNING  -  A relative path to 'Iris/iris_widget_prog_guide/Content/TextArea_Properties.html#info' is included in the
            'nav' configuration, which is not found in the documentation files
WARNING  -  A relative path to 'Iris/iris_widget_prog_guide/Content/TextArea_Properties.html#inputAccessoryViewType' is
            included in the 'nav' configuration, which is not found in the documentation files
WARNING  -  A relative path to 'Iris/iris_widget_prog_guide/Content/TextArea_Properties.html#isSelectable' is included
            in the 'nav' configuration, which is not found in the documentation files
WARNING  -  A relative path to 'Iris/iris_widget_prog_guide/Content/TextArea_Properties.html#isSensitiveText' is
            included in the 'nav' configuration, which is not found in the documentation files
WARNING  -  A relative path to 'Iris/iris_widget_prog_guide/Content/TextArea_Properties.html#isVisible' is included in
            the 'nav' configuration, which is not found in the documentation files
WARNING  -  A relative path to 'Iris/iris_widget_prog_guide/Content/TextArea_Properties.html#keyboardActionLabel' is
            included in the 'nav' configuration, which is not found in the documentation files
WARNING  -  A relative path to 'Iris/iris_widget_prog_guide/Content/TextArea_Properties.html#keyboardAppearance' is
            included in the 'nav' configuration, which is not found in the documentation files
WARNING  -  A relative path to 'Iris/iris_widget_prog_guide/Content/TextArea_Properties.html#keyBoardStyle' is included
            in the 'nav' configuration, which is not found in the documentation files
WARNING  -  A relative path to 'Iris/iris_widget_prog_guide/Content/TextArea_Properties.html#left' is included in the
            'nav' configuration, which is not found in the documentation files
WARNING  -  A relative path to 'Iris/iris_widget_prog_guide/Content/TextArea_Properties.html#maxHeigh' is included in
            the 'nav' configuration, which is not found in the documentation files
WARNING  -  A relative path to 'Iris/iris_widget_prog_guide/Content/TextArea_Properties.html#maxTextLength' is included
            in the 'nav' configuration, which is not found in the documentation files
WARNING  -  A relative path to 'Iris/iris_widget_prog_guide/Content/TextArea_Properties.html#maxWidth' is included in
            the 'nav' configuration, which is not found in the documentation files
WARNING  -  A relative path to 'Iris/iris_widget_prog_guide/Content/TextArea_Properties.html#minHeigh' is included in
            the 'nav' configuration, which is not found in the documentation files
WARNING  -  A relative path to 'Iris/iris_widget_prog_guide/Content/TextArea_Properties.html#minWidth' is included in
            the 'nav' configuration, which is not found in the documentation files
WARNING  -  A relative path to 'Iris/iris_widget_prog_guide/Content/TextArea_Properties.html#numberOfVisibleLines' is
            included in the 'nav' configuration, which is not found in the documentation files
WARNING  -  A relative path to 'Iris/iris_widget_prog_guide/Content/TextArea_Properties.html#opacity' is included in the
            'nav' configuration, which is not found in the documentation files
WARNING  -  A relative path to 'Iris/iris_widget_prog_guide/Content/TextArea_Properties.html#padding' is included in the
            'nav' configuration, which is not found in the documentation files
WARNING  -  A relative path to 'Iris/iris_widget_prog_guide/Content/TextArea_Properties.html#paddingInPixel' is included
            in the 'nav' configuration, which is not found in the documentation files
WARNING  -  A relative path to 'Iris/iris_widget_prog_guide/Content/TextArea_Properties.html#parent' is included in the
            'nav' configuration, which is not found in the documentation files
WARNING  -  A relative path to 'Iris/iris_widget_prog_guide/Content/TextArea_Properties.html#pasteboardType' is included
            in the 'nav' configuration, which is not found in the documentation files
WARNING  -  A relative path to 'Iris/iris_widget_prog_guide/Content/TextArea_Properties.html#placeholder' is included in
            the 'nav' configuration, which is not found in the documentation files
WARNING  -  A relative path to 'Iris/iris_widget_prog_guide/Content/TextArea_Properties.html#placeholderSkin' is
            included in the 'nav' configuration, which is not found in the documentation files
WARNING  -  A relative path to 'Iris/iris_widget_prog_guide/Content/TextArea_Properties.html#pressedStateSkinProperties'
            is included in the 'nav' configuration, which is not found in the documentation files
WARNING  -  A relative path to 'Iris/iris_widget_prog_guide/Content/TextArea_Properties.html#retainContentAlignment' is
            included in the 'nav' configuration, which is not found in the documentation files
WARNING  -  A relative path to
            'Iris/iris_widget_prog_guide/Content/TextArea_Properties.html#retainFlexPositionProperties' is included in
            the 'nav' configuration, which is not found in the documentation files
WARNING  -  A relative path to
            'Iris/iris_widget_prog_guide/Content/TextArea_Properties.html#retainFlowHorizontalAlignment' is included in
            the 'nav' configuration, which is not found in the documentation files
WARNING  -  A relative path to 'Iris/iris_widget_prog_guide/Content/TextArea_Properties.html#restrictCharactersSet' is
            included in the 'nav' configuration, which is not found in the documentation files
WARNING  -  A relative path to 'Iris/iris_widget_prog_guide/Content/TextArea_Properties.html#right' is included in the
            'nav' configuration, which is not found in the documentation files
WARNING  -  A relative path to 'Iris/iris_widget_prog_guide/Content/TextArea_Properties.html#secureText' is included in
            the 'nav' configuration, which is not found in the documentation files
WARNING  -  A relative path to 'Iris/iris_widget_prog_guide/Content/TextArea_Properties.html#shadowColor' is included in
            the 'nav' configuration, which is not found in the documentation files
WARNING  -  A relative path to 'Iris/iris_widget_prog_guide/Content/TextArea_Properties.html#shadowDepth' is included in
            the 'nav' configuration, which is not found in the documentation files
WARNING  -  A relative path to 'Iris/iris_widget_prog_guide/Content/TextArea_Properties.html#shadowOffset' is included
            in the 'nav' configuration, which is not found in the documentation files
WARNING  -  A relative path to 'Iris/iris_widget_prog_guide/Content/TextArea_Properties.html#shadowRadius' is included
            in the 'nav' configuration, which is not found in the documentation files
WARNING  -  A relative path to 'Iris/iris_widget_prog_guide/Content/TextArea_Properties.html#shadowType' is included in
            the 'nav' configuration, which is not found in the documentation files
WARNING  -  A relative path to 'Iris/iris_widget_prog_guide/Content/TextArea_Properties.html#showCloseButton' is
            included in the 'nav' configuration, which is not found in the documentation files
WARNING  -  A relative path to 'Iris/iris_widget_prog_guide/Content/TextArea_Properties.html#showProgressIndicator' is
            included in the 'nav' configuration, which is not found in the documentation files
WARNING  -  A relative path to 'Iris/iris_widget_prog_guide/Content/TextArea_Properties.html#skin' is included in the
            'nav' configuration, which is not found in the documentation files
WARNING  -  A relative path to 'Iris/iris_widget_prog_guide/Content/TextArea_Properties.html#smartDashes' is included in
            the 'nav' configuration, which is not found in the documentation files
WARNING  -  A relative path to 'Iris/iris_widget_prog_guide/Content/TextArea_Properties.html#smartInsertDelete' is
            included in the 'nav' configuration, which is not found in the documentation files
WARNING  -  A relative path to 'Iris/iris_widget_prog_guide/Content/TextArea_Properties.html#smartQuotes' is included in
            the 'nav' configuration, which is not found in the documentation files
WARNING  -  A relative path to 'Iris/iris_widget_prog_guide/Content/TextArea_Properties.html#text' is included in the
            'nav' configuration, which is not found in the documentation files
WARNING  -  A relative path to 'Iris/iris_widget_prog_guide/Content/TextArea_Properties.html#textCopyable' is included
            in the 'nav' configuration, which is not found in the documentation files
WARNING  -  A relative path to 'Iris/iris_widget_prog_guide/Content/TextArea_Properties.html#textInputmode' is included
            in the 'nav' configuration, which is not found in the documentation files
WARNING  -  A relative path to 'Iris/iris_widget_prog_guide/Content/TextArea_Properties.html#textShadowColor' is
            included in the 'nav' configuration, which is not found in the documentation files
WARNING  -  A relative path to 'Iris/iris_widget_prog_guide/Content/TextArea_Properties.html#textShadowOffset' is
            included in the 'nav' configuration, which is not found in the documentation files
WARNING  -  A relative path to 'Iris/iris_widget_prog_guide/Content/TextArea_Properties.html#textShadowRadius' is
            included in the 'nav' configuration, which is not found in the documentation files
WARNING  -  A relative path to 'Iris/iris_widget_prog_guide/Content/TextArea_Properties.html#toolTip' is included in the
            'nav' configuration, which is not found in the documentation files
WARNING  -  A relative path to 'Iris/iris_widget_prog_guide/Content/TextArea_Properties.html#top' is included in the
            'nav' configuration, which is not found in the documentation files
WARNING  -  A relative path to 'Iris/iris_widget_prog_guide/Content/TextArea_Properties.html#transfor' is included in
            the 'nav' configuration, which is not found in the documentation files
WARNING  -  A relative path to 'Iris/iris_widget_prog_guide/Content/TextArea_Properties.html#widgetSwipeMove' is
            included in the 'nav' configuration, which is not found in the documentation files
WARNING  -  A relative path to 'Iris/iris_widget_prog_guide/Content/TextArea_Properties.html#width' is included in the
            'nav' configuration, which is not found in the documentation files
WARNING  -  A relative path to 'Iris/iris_widget_prog_guide/Content/TextArea_Properties.html#zIndex' is included in the
            'nav' configuration, which is not found in the documentation files
WARNING  -  A relative path to 'Iris/iris_widget_prog_guide/Content/TextBox.html#textbox2-widget-basics' is included in
            the 'nav' configuration, which is not found in the documentation files
WARNING  -  A relative path to 'Iris/iris_widget_prog_guide/Content/TextBox_Events.html#doLayout' is included in the
            'nav' configuration, which is not found in the documentation files
WARNING  -  A relative path to 'Iris/iris_widget_prog_guide/Content/TextBox_Events.html#onBackKeyPress' is included in
            the 'nav' configuration, which is not found in the documentation files
WARNING  -  A relative path to 'Iris/iris_widget_prog_guide/Content/TextBox_Events.html#onbeginediting' is included in
            the 'nav' configuration, which is not found in the documentation files
WARNING  -  A relative path to 'Iris/iris_widget_prog_guide/Content/TextBox_Events.html#onCancel' is included in the
            'nav' configuration, which is not found in the documentation files
WARNING  -  A relative path to 'Iris/iris_widget_prog_guide/Content/TextBox_Events.html#onDone' is included in the 'nav'
            configuration, which is not found in the documentation files
WARNING  -  A relative path to 'Iris/iris_widget_prog_guide/Content/TextBox_Events.html#onendedi' is included in the
            'nav' configuration, which is not found in the documentation files
WARNING  -  A relative path to 'Iris/iris_widget_prog_guide/Content/TextBox_Events.html#onKeyboardDidHide' is included
            in the 'nav' configuration, which is not found in the documentation files
WARNING  -  A relative path to 'Iris/iris_widget_prog_guide/Content/TextBox_Events.html#onKeyboardDidShow' is included
            in the 'nav' configuration, which is not found in the documentation files
WARNING  -  A relative path to 'Iris/iris_widget_prog_guide/Content/TextBox_Events.html#onKeyboardWillHide' is included
            in the 'nav' configuration, which is not found in the documentation files
WARNING  -  A relative path to 'Iris/iris_widget_prog_guide/Content/TextBox_Events.html#onKeyboardWillShow' is included
            in the 'nav' configuration, which is not found in the documentation files
WARNING  -  A relative path to 'Iris/iris_widget_prog_guide/Content/TextBox_Events.html#onKeyDow' is included in the
            'nav' configuration, which is not found in the documentation files
WARNING  -  A relative path to 'Iris/iris_widget_prog_guide/Content/TextBox_Events.html#onKeyUp' is included in the
            'nav' configuration, which is not found in the documentation files
WARNING  -  A relative path to 'Iris/iris_widget_prog_guide/Content/TextBox_Events.html#ontextchange' is included in the
            'nav' configuration, which is not found in the documentation files
WARNING  -  A relative path to 'Iris/iris_widget_prog_guide/Content/TextBox_Events.html#onTouchEnd' is included in the
            'nav' configuration, which is not found in the documentation files
WARNING  -  A relative path to 'Iris/iris_widget_prog_guide/Content/TextBox_Events.html#onTouchMove' is included in the
            'nav' configuration, which is not found in the documentation files
WARNING  -  A relative path to 'Iris/iris_widget_prog_guide/Content/TextBox_Events.html#onTouchStart' is included in the
            'nav' configuration, which is not found in the documentation files
WARNING  -  A relative path to 'Iris/iris_widget_prog_guide/Content/TextBox_Events.html#onScrollWidgetPosition' is
            included in the 'nav' configuration, which is not found in the documentation files
WARNING  -  A relative path to 'Iris/iris_widget_prog_guide/Content/TextBox_Events.html#postonclickjs' is included in
            the 'nav' configuration, which is not found in the documentation files
WARNING  -  A relative path to 'Iris/iris_widget_prog_guide/Content/TextBox_Events.html#preonclickjs' is included in the
            'nav' configuration, which is not found in the documentation files
WARNING  -  A relative path to 'Iris/iris_widget_prog_guide/Content/TextBox_Methods.html#addGestureRecognizer' is
            included in the 'nav' configuration, which is not found in the documentation files
WARNING  -  A relative path to 'Iris/iris_widget_prog_guide/Content/TextBox_Methods.html#animate' is included in the
            'nav' configuration, which is not found in the documentation files
WARNING  -  A relative path to 'Iris/iris_widget_prog_guide/Content/TextBox_Methods.html#clone' is included in the 'nav'
            configuration, which is not found in the documentation files
WARNING  -  A relative path to 'Iris/iris_widget_prog_guide/Content/TextBox_Methods.html#convertPointFromWidget' is
            included in the 'nav' configuration, which is not found in the documentation files
WARNING  -  A relative path to 'Iris/iris_widget_prog_guide/Content/TextBox_Methods.html#convertPointToWidget' is
            included in the 'nav' configuration, which is not found in the documentation files
WARNING  -  A relative path to 'Iris/iris_widget_prog_guide/Content/TextBox_Methods.html#getBadge' is included in the
            'nav' configuration, which is not found in the documentation files
WARNING  -  A relative path to 'Iris/iris_widget_prog_guide/Content/TextBox_Methods.html#getSelec' is included in the
            'nav' configuration, which is not found in the documentation files
WARNING  -  A relative path to 'Iris/iris_widget_prog_guide/Content/TextBox_Methods.html#register' is included in the
            'nav' configuration, which is not found in the documentation files
WARNING  -  A relative path to 'Iris/iris_widget_prog_guide/Content/TextBox_Methods.html#removeFromParent' is included
            in the 'nav' configuration, which is not found in the documentation files
WARNING  -  A relative path to 'Iris/iris_widget_prog_guide/Content/TextBox_Methods.html#removeGestureRecognizer' is
            included in the 'nav' configuration, which is not found in the documentation files
WARNING  -  A relative path to 'Iris/iris_widget_prog_guide/Content/TextBox_Methods.html#setBadge' is included in the
            'nav' configuration, which is not found in the documentation files
WARNING  -  A relative path to 'Iris/iris_widget_prog_guide/Content/TextBox_Methods.html#setFocus' is included in the
            'nav' configuration, which is not found in the documentation files
WARNING  -  A relative path to 'Iris/iris_widget_prog_guide/Content/TextBox_Methods.html#setGestureRecognizer' is
            included in the 'nav' configuration, which is not found in the documentation files
WARNING  -  A relative path to 'Iris/iris_widget_prog_guide/Content/TextBox_Methods.html#setEnabled' is included in the
            'nav' configuration, which is not found in the documentation files
WARNING  -  A relative path to 'Iris/iris_widget_prog_guide/Content/TextBox_Methods.html#setOnPek' is included in the
            'nav' configuration, which is not found in the documentation files
WARNING  -  A relative path to 'Iris/iris_widget_prog_guide/Content/TextBox_Methods.html#setOnPop' is included in the
            'nav' configuration, which is not found in the documentation files
WARNING  -  A relative path to 'Iris/iris_widget_prog_guide/Content/TextBox_Methods.html#setSelec' is included in the
            'nav' configuration, which is not found in the documentation files
WARNING  -  A relative path to 'Iris/iris_widget_prog_guide/Content/TextBox_Methods.html#setVisibility' is included in
            the 'nav' configuration, which is not found in the documentation files
WARNING  -  A relative path to 'Iris/iris_widget_prog_guide/Content/TextBox_Methods.html#unregist' is included in the
            'nav' configuration, which is not found in the documentation files
WARNING  -  A relative path to 'Iris/iris_widget_prog_guide/Content/TextBox_Properties.html#accessibilityConfig' is
            included in the 'nav' configuration, which is not found in the documentation files
WARNING  -  A relative path to 'Iris/iris_widget_prog_guide/Content/TextBox_Properties.html#anchorPo' is included in the
            'nav' configuration, which is not found in the documentation files
WARNING  -  A relative path to 'Iris/iris_widget_prog_guide/Content/TextBox_Properties.html#autoCapi' is included in the
            'nav' configuration, which is not found in the documentation files
WARNING  -  A relative path to 'Iris/iris_widget_prog_guide/Content/TextBox_Properties.html#autoComp' is included in the
            'nav' configuration, which is not found in the documentation files
WARNING  -  A relative path to 'Iris/iris_widget_prog_guide/Content/TextBox_Properties.html#autoCorr' is included in the
            'nav' configuration, which is not found in the documentation files
WARNING  -  A relative path to 'Iris/iris_widget_prog_guide/Content/TextBox_Properties.html#autoFilt' is included in the
            'nav' configuration, which is not found in the documentation files
WARNING  -  A relative path to 'Iris/iris_widget_prog_guide/Content/TextBox_Properties.html#autoSuggestions' is included
            in the 'nav' configuration, which is not found in the documentation files
WARNING  -  A relative path to 'Iris/iris_widget_prog_guide/Content/TextBox_Properties.html#backgrou' is included in the
            'nav' configuration, which is not found in the documentation files
WARNING  -  A relative path to
            'Iris/iris_widget_prog_guide/Content/TextBox_Properties.html#backgroundColorMultiStepGradient' is included
            in the 'nav' configuration, which is not found in the documentation files
WARNING  -  A relative path to
            'Iris/iris_widget_prog_guide/Content/TextBox_Properties.html#backgroundColorTwoStepGradient' is included in
            the 'nav' configuration, which is not found in the documentation files
WARNING  -  A relative path to 'Iris/iris_widget_prog_guide/Content/TextBox_Properties.html#backgroundImage' is included
            in the 'nav' configuration, which is not found in the documentation files
WARNING  -  A relative path to 'Iris/iris_widget_prog_guide/Content/TextBox_Properties.html#blur' is included in the
            'nav' configuration, which is not found in the documentation files
WARNING  -  A relative path to 'Iris/iris_widget_prog_guide/Content/TextBox_Properties.html#borderColor' is included in
            the 'nav' configuration, which is not found in the documentation files
WARNING  -  A relative path to 'Iris/iris_widget_prog_guide/Content/TextBox_Properties.html#borderColorGradient' is
            included in the 'nav' configuration, which is not found in the documentation files
WARNING  -  A relative path to 'Iris/iris_widget_prog_guide/Content/TextBox_Properties.html#borderStyle' is included in
            the 'nav' configuration, which is not found in the documentation files
WARNING  -  A relative path to 'Iris/iris_widget_prog_guide/Content/TextBox_Properties.html#borderWidth' is included in
            the 'nav' configuration, which is not found in the documentation files
WARNING  -  A relative path to 'Iris/iris_widget_prog_guide/Content/TextBox_Properties.html#bottom' is included in the
            'nav' configuration, which is not found in the documentation files
WARNING  -  A relative path to 'Iris/iris_widget_prog_guide/Content/TextBox_Properties.html#centerX' is included in the
            'nav' configuration, which is not found in the documentation files
WARNING  -  A relative path to 'Iris/iris_widget_prog_guide/Content/TextBox_Properties.html#centerY' is included in the
            'nav' configuration, which is not found in the documentation files
WARNING  -  A relative path to 'Iris/iris_widget_prog_guide/Content/TextBox_Properties.html#closeBut' is included in the
            'nav' configuration, which is not found in the documentation files
WARNING  -  A relative path to 'Iris/iris_widget_prog_guide/Content/TextBox_Properties.html#contentAlignment' is
            included in the 'nav' configuration, which is not found in the documentation files
WARNING  -  A relative path to 'Iris/iris_widget_prog_guide/Content/TextBox_Properties.html#cornerRadius' is included in
            the 'nav' configuration, which is not found in the documentation files
WARNING  -  A relative path to 'Iris/iris_widget_prog_guide/Content/TextBox_Properties.html#cursorType' is included in
            the 'nav' configuration, which is not found in the documentation files
WARNING  -  A relative path to 'Iris/iris_widget_prog_guide/Content/TextBox_Properties.html#disabledStateSkinProperties'
            is included in the 'nav' configuration, which is not found in the documentation files
WARNING  -  A relative path to 'Iris/iris_widget_prog_guide/Content/TextBox_Properties.html#enable' is included in the
            'nav' configuration, which is not found in the documentation files
WARNING  -  A relative path to 'Iris/iris_widget_prog_guide/Content/TextBox_Properties.html#enableCa' is included in the
            'nav' configuration, which is not found in the documentation files
WARNING  -  A relative path to 'Iris/iris_widget_prog_guide/Content/TextBox_Properties.html#enableHapticFeedback' is
            included in the 'nav' configuration, which is not found in the documentation files
WARNING  -  A relative path to 'Iris/iris_widget_prog_guide/Content/TextBox_Properties.html#filterLi' is included in the
            'nav' configuration, which is not found in the documentation files
WARNING  -  A relative path to 'Iris/iris_widget_prog_guide/Content/TextBox_Properties.html#focusSki' is included in the
            'nav' configuration, which is not found in the documentation files
WARNING  -  A relative path to 'Iris/iris_widget_prog_guide/Content/TextBox_Properties.html#focusStateSkinProperties' is
            included in the 'nav' configuration, which is not found in the documentation files
WARNING  -  A relative path to 'Iris/iris_widget_prog_guide/Content/TextBox_Properties.html#fontColor' is included in
            the 'nav' configuration, which is not found in the documentation files
WARNING  -  A relative path to 'Iris/iris_widget_prog_guide/Content/TextBox_Properties.html#fontFamily' is included in
            the 'nav' configuration, which is not found in the documentation files
WARNING  -  A relative path to 'Iris/iris_widget_prog_guide/Content/TextBox_Properties.html#fontSize' is included in the
            'nav' configuration, which is not found in the documentation files
WARNING  -  A relative path to 'Iris/iris_widget_prog_guide/Content/TextBox_Properties.html#fontStyle' is included in
            the 'nav' configuration, which is not found in the documentation files
WARNING  -  A relative path to 'Iris/iris_widget_prog_guide/Content/TextBox_Properties.html#fontWeight' is included in
            the 'nav' configuration, which is not found in the documentation files
WARNING  -  A relative path to 'Iris/iris_widget_prog_guide/Content/TextBox_Properties.html#height' is included in the
            'nav' configuration, which is not found in the documentation files
WARNING  -  A relative path to 'Iris/iris_widget_prog_guide/Content/TextBox_Properties.html#hoverSkin' is included in
            the 'nav' configuration, which is not found in the documentation files
WARNING  -  A relative path to 'Iris/iris_widget_prog_guide/Content/TextBox_Properties.html#hoverStateSkinProperties' is
            included in the 'nav' configuration, which is not found in the documentation files
WARNING  -  A relative path to 'Iris/iris_widget_prog_guide/Content/TextBox_Properties.html#id' is included in the 'nav'
            configuration, which is not found in the documentation files
WARNING  -  A relative path to 'Iris/iris_widget_prog_guide/Content/TextBox_Properties.html#imageForSearchBarBackground'
            is included in the 'nav' configuration, which is not found in the documentation files
WARNING  -  A relative path to 'Iris/iris_widget_prog_guide/Content/TextBox_Properties.html#info' is included in the
            'nav' configuration, which is not found in the documentation files
WARNING  -  A relative path to 'Iris/iris_widget_prog_guide/Content/TextBox_Properties.html#inputAccessoryViewType' is
            included in the 'nav' configuration, which is not found in the documentation files
WARNING  -  A relative path to 'Iris/iris_widget_prog_guide/Content/TextBox_Properties.html#isSelectable' is included in
            the 'nav' configuration, which is not found in the documentation files
WARNING  -  A relative path to 'Iris/iris_widget_prog_guide/Content/TextBox_Properties.html#isSensitiveText' is included
            in the 'nav' configuration, which is not found in the documentation files
WARNING  -  A relative path to 'Iris/iris_widget_prog_guide/Content/TextBox_Properties.html#isVisibl' is included in the
            'nav' configuration, which is not found in the documentation files
WARNING  -  A relative path to 'Iris/iris_widget_prog_guide/Content/TextBox_Properties.html#keyboardActionLabel' is
            included in the 'nav' configuration, which is not found in the documentation files
WARNING  -  A relative path to 'Iris/iris_widget_prog_guide/Content/TextBox_Properties.html#keyboardAppearance' is
            included in the 'nav' configuration, which is not found in the documentation files
WARNING  -  A relative path to 'Iris/iris_widget_prog_guide/Content/TextBox_Properties.html#keyBoard' is included in the
            'nav' configuration, which is not found in the documentation files
WARNING  -  A relative path to 'Iris/iris_widget_prog_guide/Content/TextBox_Properties.html#left' is included in the
            'nav' configuration, which is not found in the documentation files
WARNING  -  A relative path to 'Iris/iris_widget_prog_guide/Content/TextBox_Properties.html#leftView' is included in the
            'nav' configuration, which is not found in the documentation files
WARNING  -  A relative path to 'Iris/iris_widget_prog_guide/Content/TextBox_Properties.html#maxHeigh' is included in the
            'nav' configuration, which is not found in the documentation files
WARNING  -  A relative path to 'Iris/iris_widget_prog_guide/Content/TextBox_Properties.html#maxTextL' is included in the
            'nav' configuration, which is not found in the documentation files
WARNING  -  A relative path to 'Iris/iris_widget_prog_guide/Content/TextBox_Properties.html#maxWidth' is included in the
            'nav' configuration, which is not found in the documentation files
WARNING  -  A relative path to 'Iris/iris_widget_prog_guide/Content/TextBox_Properties.html#minHeigh' is included in the
            'nav' configuration, which is not found in the documentation files
WARNING  -  A relative path to 'Iris/iris_widget_prog_guide/Content/TextBox_Properties.html#minWidth' is included in the
            'nav' configuration, which is not found in the documentation files
WARNING  -  A relative path to 'Iris/iris_widget_prog_guide/Content/TextBox_Properties.html#opacity' is included in the
            'nav' configuration, which is not found in the documentation files
WARNING  -  A relative path to 'Iris/iris_widget_prog_guide/Content/TextBox_Properties.html#padding' is included in the
            'nav' configuration, which is not found in the documentation files
WARNING  -  A relative path to 'Iris/iris_widget_prog_guide/Content/TextBox_Properties.html#paddingInPixel' is included
            in the 'nav' configuration, which is not found in the documentation files
WARNING  -  A relative path to 'Iris/iris_widget_prog_guide/Content/TextBox_Properties.html#parent' is included in the
            'nav' configuration, which is not found in the documentation files
WARNING  -  A relative path to 'Iris/iris_widget_prog_guide/Content/TextBox_Properties.html#pasteboa' is included in the
            'nav' configuration, which is not found in the documentation files
WARNING  -  A relative path to 'Iris/iris_widget_prog_guide/Content/TextBox_Properties.html#placehol' is included in the
            'nav' configuration, which is not found in the documentation files
WARNING  -  A relative path to 'Iris/iris_widget_prog_guide/Content/TextBox_Properties.html#placehol' is included in the
            'nav' configuration, which is not found in the documentation files
WARNING  -  A relative path to 'Iris/iris_widget_prog_guide/Content/TextBox_Properties.html#pressedStateSkinProperties'
            is included in the 'nav' configuration, which is not found in the documentation files
WARNING  -  A relative path to 'Iris/iris_widget_prog_guide/Content/TextBox_Properties.html#retainContentAlignment' is
            included in the 'nav' configuration, which is not found in the documentation files
WARNING  -  A relative path to
            'Iris/iris_widget_prog_guide/Content/TextBox_Properties.html#retainFlexPositionProperties' is included in
            the 'nav' configuration, which is not found in the documentation files
WARNING  -  A relative path to
            'Iris/iris_widget_prog_guide/Content/TextBox_Properties.html#retainFlowHorizontalAlignment' is included in
            the 'nav' configuration, which is not found in the documentation files
WARNING  -  A relative path to 'Iris/iris_widget_prog_guide/Content/TextBox_Properties.html#restrictCharactersSet' is
            included in the 'nav' configuration, which is not found in the documentation files
WARNING  -  A relative path to 'Iris/iris_widget_prog_guide/Content/TextBox_Properties.html#right' is included in the
            'nav' configuration, which is not found in the documentation files
WARNING  -  A relative path to 'Iris/iris_widget_prog_guide/Content/TextBox_Properties.html#secureText' is included in
            the 'nav' configuration, which is not found in the documentation files
WARNING  -  A relative path to 'Iris/iris_widget_prog_guide/Content/TextBox_Properties.html#shadowColor' is included in
            the 'nav' configuration, which is not found in the documentation files
WARNING  -  A relative path to 'Iris/iris_widget_prog_guide/Content/TextBox_Properties.html#shadowDepth' is included in
            the 'nav' configuration, which is not found in the documentation files
WARNING  -  A relative path to 'Iris/iris_widget_prog_guide/Content/TextBox_Properties.html#shadowOffset' is included in
            the 'nav' configuration, which is not found in the documentation files
WARNING  -  A relative path to 'Iris/iris_widget_prog_guide/Content/TextBox_Properties.html#shadowRadius' is included in
            the 'nav' configuration, which is not found in the documentation files
WARNING  -  A relative path to 'Iris/iris_widget_prog_guide/Content/TextBox_Properties.html#shadowType' is included in
            the 'nav' configuration, which is not found in the documentation files
WARNING  -  A relative path to 'Iris/iris_widget_prog_guide/Content/TextBox_Properties.html#showClea' is included in the
            'nav' configuration, which is not found in the documentation files
WARNING  -  A relative path to 'Iris/iris_widget_prog_guide/Content/TextBox_Properties.html#showClos' is included in the
            'nav' configuration, which is not found in the documentation files
WARNING  -  A relative path to 'Iris/iris_widget_prog_guide/Content/TextBox_Properties.html#showProg' is included in the
            'nav' configuration, which is not found in the documentation files
WARNING  -  A relative path to 'Iris/iris_widget_prog_guide/Content/TextBox_Properties.html#setImportantForAutofill' is
            included in the 'nav' configuration, which is not found in the documentation files
WARNING  -  A relative path to 'Iris/iris_widget_prog_guide/Content/TextBox_Properties.html#skin' is included in the
            'nav' configuration, which is not found in the documentation files
WARNING  -  A relative path to 'Iris/iris_widget_prog_guide/Content/TextBox_Properties.html#smartDashes' is included in
            the 'nav' configuration, which is not found in the documentation files
WARNING  -  A relative path to 'Iris/iris_widget_prog_guide/Content/TextBox_Properties.html#smartInsertDelete' is
            included in the 'nav' configuration, which is not found in the documentation files
WARNING  -  A relative path to 'Iris/iris_widget_prog_guide/Content/TextBox_Properties.html#smartQuotes' is included in
            the 'nav' configuration, which is not found in the documentation files
WARNING  -  A relative path to 'Iris/iris_widget_prog_guide/Content/TextBox_Properties.html#textCopyable1' is included
            in the 'nav' configuration, which is not found in the documentation files
WARNING  -  A relative path to 'Iris/iris_widget_prog_guide/Content/TextBox_Properties.html#text' is included in the
            'nav' configuration, which is not found in the documentation files
WARNING  -  A relative path to 'Iris/iris_widget_prog_guide/Content/TextBox_Properties.html#textInpu' is included in the
            'nav' configuration, which is not found in the documentation files
WARNING  -  A relative path to 'Iris/iris_widget_prog_guide/Content/TextBox_Properties.html#textShadowColor' is included
            in the 'nav' configuration, which is not found in the documentation files
WARNING  -  A relative path to 'Iris/iris_widget_prog_guide/Content/TextBox_Properties.html#textShadowOffset' is
            included in the 'nav' configuration, which is not found in the documentation files
WARNING  -  A relative path to 'Iris/iris_widget_prog_guide/Content/TextBox_Properties.html#textShadowRadius' is
            included in the 'nav' configuration, which is not found in the documentation files
WARNING  -  A relative path to 'Iris/iris_widget_prog_guide/Content/TextBox_Properties.html#toolTip' is included in the
            'nav' configuration, which is not found in the documentation files
WARNING  -  A relative path to 'Iris/iris_widget_prog_guide/Content/TextBox_Properties.html#top' is included in the
            'nav' configuration, which is not found in the documentation files
WARNING  -  A relative path to 'Iris/iris_widget_prog_guide/Content/TextBox_Properties.html#transfor' is included in the
            'nav' configuration, which is not found in the documentation files
WARNING  -  A relative path to 'Iris/iris_widget_prog_guide/Content/TextBox_Properties.html#viewType' is included in the
            'nav' configuration, which is not found in the documentation files
WARNING  -  A relative path to 'Iris/iris_widget_prog_guide/Content/TextBox_Properties.html#widgetSwipeMove' is included
            in the 'nav' configuration, which is not found in the documentation files
WARNING  -  A relative path to 'Iris/iris_widget_prog_guide/Content/TextBox_Properties.html#width' is included in the
            'nav' configuration, which is not found in the documentation files
WARNING  -  A relative path to 'Iris/iris_widget_prog_guide/Content/TextBox_Properties.html#zIndex' is included in the
            'nav' configuration, which is not found in the documentation files
WARNING  -  A relative path to 'Iris/iris_widget_prog_guide/Content/Toolbar.html#toolbar-widget-basics' is included in
            the 'nav' configuration, which is not found in the documentation files
WARNING  -  A relative path to 'Iris/iris_widget_prog_guide/Content/Toolbar_Methods.html#setBarButtonItems' is included
            in the 'nav' configuration, which is not found in the documentation files
WARNING  -  A relative path to 'Iris/iris_widget_prog_guide/Content/Toolbar_Methods.html#setBackgroundImage' is included
            in the 'nav' configuration, which is not found in the documentation files
WARNING  -  A relative path to 'Iris/iris_widget_prog_guide/Content/Toolbar_Methods.html#setShadowImage' is included in
            the 'nav' configuration, which is not found in the documentation files
WARNING  -  A relative path to 'Iris/iris_widget_prog_guide/Content/Toolbar_Properties.html#barButtonItems' is included
            in the 'nav' configuration, which is not found in the documentation files
WARNING  -  A relative path to 'Iris/iris_widget_prog_guide/Content/Toolbar_Properties.html#barStyle' is included in the
            'nav' configuration, which is not found in the documentation files
WARNING  -  A relative path to 'Iris/iris_widget_prog_guide/Content/Toolbar_Properties.html#barTintColor' is included in
            the 'nav' configuration, which is not found in the documentation files
WARNING  -  A relative path to 'Iris/iris_widget_prog_guide/Content/Toolbar_Properties.html#isToolBarBottomAttached' is
            included in the 'nav' configuration, which is not found in the documentation files
WARNING  -  A relative path to 'Iris/iris_widget_prog_guide/Content/Toolbar_Properties.html#retainContentAlignment' is
            included in the 'nav' configuration, which is not found in the documentation files
WARNING  -  A relative path to
            'Iris/iris_widget_prog_guide/Content/Toolbar_Properties.html#retainFlexPositionProperties' is included in
            the 'nav' configuration, which is not found in the documentation files
WARNING  -  A relative path to
            'Iris/iris_widget_prog_guide/Content/Toolbar_Properties.html#retainFlowHorizontalAlignment' is included in
            the 'nav' configuration, which is not found in the documentation files
WARNING  -  A relative path to 'Iris/iris_widget_prog_guide/Content/Toolbar_Properties.html#tintColor' is included in
            the 'nav' configuration, which is not found in the documentation files
WARNING  -  A relative path to 'Iris/iris_widget_prog_guide/Content/Toolbar_Properties.html#translucent' is included in
            the 'nav' configuration, which is not found in the documentation files
WARNING  -  A relative path to 'Iris/iris_widget_prog_guide/Content/Video.html#video-widget-basics' is included in the
            'nav' configuration, which is not found in the documentation files
WARNING  -  A relative path to 'Iris/iris_widget_prog_guide/Content/Video_Events.html#onCompletion' is included in the
            'nav' configuration, which is not found in the documentation files
WARNING  -  A relative path to 'Iris/iris_widget_prog_guide/Content/Video_Events.html#onError' is included in the 'nav'
            configuration, which is not found in the documentation files
WARNING  -  A relative path to 'Iris/iris_widget_prog_guide/Content/Video_Events.html#onPrepared' is included in the
            'nav' configuration, which is not found in the documentation files
WARNING  -  A relative path to 'Iris/iris_widget_prog_guide/Content/Video_Events.html#onScrollWidgetPosition' is
            included in the 'nav' configuration, which is not found in the documentation files
WARNING  -  A relative path to 'Iris/iris_widget_prog_guide/Content/Video_Method.html#addGestureRecognizer' is included
            in the 'nav' configuration, which is not found in the documentation files
WARNING  -  A relative path to 'Iris/iris_widget_prog_guide/Content/Video_Method.html#animate' is included in the 'nav'
            configuration, which is not found in the documentation files
WARNING  -  A relative path to 'Iris/iris_widget_prog_guide/Content/Video_Method.html#convertPointFromWidget' is
            included in the 'nav' configuration, which is not found in the documentation files
WARNING  -  A relative path to 'Iris/iris_widget_prog_guide/Content/Video_Method.html#convertPointToWidget' is included
            in the 'nav' configuration, which is not found in the documentation files
WARNING  -  A relative path to 'Iris/iris_widget_prog_guide/Content/Video_Method.html#getBadge' is included in the 'nav'
            configuration, which is not found in the documentation files
WARNING  -  A relative path to 'Iris/iris_widget_prog_guide/Content/Video_Method.html#getBuff' is included in the 'nav'
            configuration, which is not found in the documentation files
WARNING  -  A relative path to 'Iris/iris_widget_prog_guide/Content/Video_Method.html#getPos' is included in the 'nav'
            configuration, which is not found in the documentation files
WARNING  -  A relative path to 'Iris/iris_widget_prog_guide/Content/Video_Method.html#getDur' is included in the 'nav'
            configuration, which is not found in the documentation files
WARNING  -  A relative path to 'Iris/iris_widget_prog_guide/Content/Video_Method.html#isPlay' is included in the 'nav'
            configuration, which is not found in the documentation files
WARNING  -  A relative path to 'Iris/iris_widget_prog_guide/Content/Video_Method.html#pause' is included in the 'nav'
            configuration, which is not found in the documentation files
WARNING  -  A relative path to 'Iris/iris_widget_prog_guide/Content/Video_Method.html#play' is included in the 'nav'
            configuration, which is not found in the documentation files
WARNING  -  A relative path to 'Iris/iris_widget_prog_guide/Content/Video_Method.html#register' is included in the 'nav'
            configuration, which is not found in the documentation files
WARNING  -  A relative path to 'Iris/iris_widget_prog_guide/Content/Video_Method.html#removeFromParent' is included in
            the 'nav' configuration, which is not found in the documentation files
WARNING  -  A relative path to 'Iris/iris_widget_prog_guide/Content/Video_Method.html#removeGestureRecognizer' is
            included in the 'nav' configuration, which is not found in the documentation files
WARNING  -  A relative path to 'Iris/iris_widget_prog_guide/Content/Video_Method.html#resume' is included in the 'nav'
            configuration, which is not found in the documentation files
WARNING  -  A relative path to 'Iris/iris_widget_prog_guide/Content/Video_Method.html#seekTo' is included in the 'nav'
            configuration, which is not found in the documentation files
WARNING  -  A relative path to 'Iris/iris_widget_prog_guide/Content/Video_Method.html#setBadge' is included in the 'nav'
            configuration, which is not found in the documentation files
WARNING  -  A relative path to 'Iris/iris_widget_prog_guide/Content/Video_Method.html#setEnabled' is included in the
            'nav' configuration, which is not found in the documentation files
WARNING  -  A relative path to 'Iris/iris_widget_prog_guide/Content/Video_Method.html#setFocus' is included in the 'nav'
            configuration, which is not found in the documentation files
WARNING  -  A relative path to 'Iris/iris_widget_prog_guide/Content/Video_Method.html#setGestureRecognizer' is included
            in the 'nav' configuration, which is not found in the documentation files
WARNING  -  A relative path to 'Iris/iris_widget_prog_guide/Content/Video_Method.html#setOnPek' is included in the 'nav'
            configuration, which is not found in the documentation files
WARNING  -  A relative path to 'Iris/iris_widget_prog_guide/Content/Video_Method.html#setOnPop' is included in the 'nav'
            configuration, which is not found in the documentation files
WARNING  -  A relative path to 'Iris/iris_widget_prog_guide/Content/Video_Method.html#setSrc' is included in the 'nav'
            configuration, which is not found in the documentation files
WARNING  -  A relative path to 'Iris/iris_widget_prog_guide/Content/Video_Method.html#setVisibility' is included in the
            'nav' configuration, which is not found in the documentation files
WARNING  -  A relative path to 'Iris/iris_widget_prog_guide/Content/Video_Method.html#setTracks' is included in the
            'nav' configuration, which is not found in the documentation files
WARNING  -  A relative path to 'Iris/iris_widget_prog_guide/Content/Video_Method.html#stop' is included in the 'nav'
            configuration, which is not found in the documentation files
WARNING  -  A relative path to 'Iris/iris_widget_prog_guide/Content/Video_Method.html#unregist' is included in the 'nav'
            configuration, which is not found in the documentation files
WARNING  -  A relative path to 'Iris/iris_widget_prog_guide/Content/Video_Basic_Properties.html#accessibilityConfig' is
            included in the 'nav' configuration, which is not found in the documentation files
WARNING  -  A relative path to 'Iris/iris_widget_prog_guide/Content/Video_Basic_Properties.html#anchorPo' is included in
            the 'nav' configuration, which is not found in the documentation files
WARNING  -  A relative path to 'Iris/iris_widget_prog_guide/Content/Video_Basic_Properties.html#bottom' is included in
            the 'nav' configuration, which is not found in the documentation files
WARNING  -  A relative path to 'Iris/iris_widget_prog_guide/Content/Video_Basic_Properties.html#centerX' is included in
            the 'nav' configuration, which is not found in the documentation files
WARNING  -  A relative path to 'Iris/iris_widget_prog_guide/Content/Video_Basic_Properties.html#centerY' is included in
            the 'nav' configuration, which is not found in the documentation files
WARNING  -  A relative path to 'Iris/iris_widget_prog_guide/Content/Video_Basic_Properties.html#controls' is included in
            the 'nav' configuration, which is not found in the documentation files
WARNING  -  A relative path to 'Iris/iris_widget_prog_guide/Content/Video_Basic_Properties.html#cursorType' is included
            in the 'nav' configuration, which is not found in the documentation files
WARNING  -  A relative path to 'Iris/iris_widget_prog_guide/Content/Video_Basic_Properties.html#enableCaptions' is
            included in the 'nav' configuration, which is not found in the documentation files
WARNING  -  A relative path to 'Iris/iris_widget_prog_guide/Content/Video_Basic_Properties.html#enable' is included in
            the 'nav' configuration, which is not found in the documentation files
WARNING  -  A relative path to 'Iris/iris_widget_prog_guide/Content/Video_Basic_Properties.html#height' is included in
            the 'nav' configuration, which is not found in the documentation files
WARNING  -  A relative path to 'Iris/iris_widget_prog_guide/Content/Video_Basic_Properties.html#id' is included in the
            'nav' configuration, which is not found in the documentation files
WARNING  -  A relative path to 'Iris/iris_widget_prog_guide/Content/Video_Basic_Properties.html#isVisible' is included
            in the 'nav' configuration, which is not found in the documentation files
WARNING  -  A relative path to 'Iris/iris_widget_prog_guide/Content/Video_Basic_Properties.html#left' is included in the
            'nav' configuration, which is not found in the documentation files
WARNING  -  A relative path to 'Iris/iris_widget_prog_guide/Content/Video_Basic_Properties.html#margin' is included in
            the 'nav' configuration, which is not found in the documentation files
WARNING  -  A relative path to 'Iris/iris_widget_prog_guide/Content/Video_Basic_Properties.html#maxHeigh' is included in
            the 'nav' configuration, which is not found in the documentation files
WARNING  -  A relative path to 'Iris/iris_widget_prog_guide/Content/Video_Basic_Properties.html#maxWidth' is included in
            the 'nav' configuration, which is not found in the documentation files
WARNING  -  A relative path to 'Iris/iris_widget_prog_guide/Content/Video_Basic_Properties.html#minHeigh' is included in
            the 'nav' configuration, which is not found in the documentation files
WARNING  -  A relative path to 'Iris/iris_widget_prog_guide/Content/Video_Basic_Properties.html#minWidth' is included in
            the 'nav' configuration, which is not found in the documentation files
WARNING  -  A relative path to 'Iris/iris_widget_prog_guide/Content/Video_Basic_Properties.html#opacity' is included in
            the 'nav' configuration, which is not found in the documentation files
WARNING  -  A relative path to 'Iris/iris_widget_prog_guide/Content/Video_Basic_Properties.html#padding' is included in
            the 'nav' configuration, which is not found in the documentation files
WARNING  -  A relative path to 'Iris/iris_widget_prog_guide/Content/Video_Basic_Properties.html#parent' is included in
            the 'nav' configuration, which is not found in the documentation files
WARNING  -  A relative path to 'Iris/iris_widget_prog_guide/Content/Video_Basic_Properties.html#poster' is included in
            the 'nav' configuration, which is not found in the documentation files
WARNING  -  A relative path to 'Iris/iris_widget_prog_guide/Content/Video_Basic_Properties.html#retainContentAlignment'
            is included in the 'nav' configuration, which is not found in the documentation files
WARNING  -  A relative path to
            'Iris/iris_widget_prog_guide/Content/Video_Basic_Properties.html#retainFlexPositionProperties' is included
            in the 'nav' configuration, which is not found in the documentation files
WARNING  -  A relative path to
            'Iris/iris_widget_prog_guide/Content/Video_Basic_Properties.html#retainFlowHorizontalAlignment' is included
            in the 'nav' configuration, which is not found in the documentation files
WARNING  -  A relative path to 'Iris/iris_widget_prog_guide/Content/Video_Basic_Properties.html#right' is included in
            the 'nav' configuration, which is not found in the documentation files
WARNING  -  A relative path to 'Iris/iris_widget_prog_guide/Content/Video_Basic_Properties.html#skin' is included in the
            'nav' configuration, which is not found in the documentation files
WARNING  -  A relative path to 'Iris/iris_widget_prog_guide/Content/Video_Basic_Properties.html#source' is included in
            the 'nav' configuration, which is not found in the documentation files
WARNING  -  A relative path to 'Iris/iris_widget_prog_guide/Content/Video_Basic_Properties.html#text' is included in the
            'nav' configuration, which is not found in the documentation files
WARNING  -  A relative path to 'Iris/iris_widget_prog_guide/Content/Video_Basic_Properties.html#top' is included in the
            'nav' configuration, which is not found in the documentation files
WARNING  -  A relative path to 'Iris/iris_widget_prog_guide/Content/Video_Basic_Properties.html#tracks' is included in
            the 'nav' configuration, which is not found in the documentation files
WARNING  -  A relative path to 'Iris/iris_widget_prog_guide/Content/Video_Basic_Properties.html#anchorPo' is included in
            the 'nav' configuration, which is not found in the documentation files
WARNING  -  A relative path to 'Iris/iris_widget_prog_guide/Content/Video_Basic_Properties.html#videoGravityProperty' is
            included in the 'nav' configuration, which is not found in the documentation files
WARNING  -  A relative path to 'Iris/iris_widget_prog_guide/Content/Video_Basic_Properties.html#volume' is included in
            the 'nav' configuration, which is not found in the documentation files
WARNING  -  A relative path to 'Iris/iris_widget_prog_guide/Content/Video_Basic_Properties.html#widgetAl' is included in
            the 'nav' configuration, which is not found in the documentation files
WARNING  -  A relative path to 'Iris/iris_widget_prog_guide/Content/Video_Basic_Properties.html#widgetSwipeMove' is
            included in the 'nav' configuration, which is not found in the documentation files
WARNING  -  A relative path to 'Iris/iris_widget_prog_guide/Content/Video_Basic_Properties.html#width' is included in
            the 'nav' configuration, which is not found in the documentation files
WARNING  -  A relative path to 'Iris/iris_widget_prog_guide/Content/Video_Basic_Properties.html#zIndex' is included in
            the 'nav' configuration, which is not found in the documentation files
WARNING  -  A relative path to 'Iris/iris_wearables_dev_guide/content/wearable_supported.html#prerequisites' is included
            in the 'nav' configuration, which is not found in the documentation files
WARNING  -  A relative path to 'Iris/iris_wearables_dev_guide/content/wearable_ios.html#apple-watch' is included in the
            'nav' configuration, which is not found in the documentation files
WARNING  -  A relative path to 'Iris/iris_wearables_dev_guide/content/ios_app_architecture.html#watch-apps-and' is
            included in the 'nav' configuration, which is not found in the documentation files
WARNING  -  A relative path to 'Iris/iris_wearables_dev_guide/content/ios_app_architecture.html#watchkit-app-life-cycle'
            is included in the 'nav' configuration, which is not found in the documentation files
WARNING  -  A relative path to
            'Iris/iris_wearables_dev_guide/content/ios_app_architecture.html#guidelines-for-creating-wearables-app' is
            included in the 'nav' configuration, which is not found in the documentation files
WARNING  -  A relative path to
            'Iris/iris_wearables_dev_guide/content/ios_app_architecture.html#guidelines-for-creating-a-wearables-app-39-s-ui'
            is included in the 'nav' configuration, which is not found in the documentation files
WARNING  -  A relative path to
            'Iris/iris_wearables_dev_guide/content/ios_app_architecture.html#user-interactions-with-a-watch-app-and-the-associated-workflow'
            is included in the 'nav' configuration, which is not found in the documentation files
WARNING  -  A relative path to
            'Iris/iris_wearables_dev_guide/content/ios_app_architecture.html#guidelines-for-executing-business-logic-in-the-phone-background'
            is included in the 'nav' configuration, which is not found in the documentation files
WARNING  -  A relative path to 'Iris/iris_wearables_dev_guide/content/ios_app_architecture.html#glance' is included in
            the 'nav' configuration, which is not found in the documentation files
WARNING  -  A relative path to 'Iris/iris_wearables_dev_guide/content/ios_app_architecture.html#notifications' is
            included in the 'nav' configuration, which is not found in the documentation files
WARNING  -  A relative path to
            'Iris/iris_wearables_dev_guide/content/applewatchiris.html#adding-a-watch-app-to-your-project' is included
            in the 'nav' configuration, which is not found in the documentation files
WARNING  -  A relative path to
            'Iris/iris_wearables_dev_guide/content/applewatchiris.html#watch-applications-forms-and-widgets' is included
            in the 'nav' configuration, which is not found in the documentation files
WARNING  -  A relative path to
            'Iris/iris_wearables_dev_guide/content/applewatchiris.html#watch-applications-and-templates' is included in
            the 'nav' configuration, which is not found in the documentation files
WARNING  -  A relative path to
            'Iris/iris_wearables_dev_guide/content/applewatchiris.html#watch-applications-actions-and-modules' is
            included in the 'nav' configuration, which is not found in the documentation files
WARNING  -  A relative path to
            'Iris/iris_wearables_dev_guide/content/applewatchiris.html#communication-between-the-iphone-app-and-the-watchkit-extension'
            is included in the 'nav' configuration, which is not found in the documentation files
WARNING  -  A relative path to 'Iris/iris_wearables_dev_guide/content/applewatchiris.html#handling-notifications' is
            included in the 'nav' configuration, which is not found in the documentation files
WARNING  -  A relative path to
            'Iris/iris_wearables_dev_guide/content/applewatchiris.html#how-to-create-a-sample-watch-app-on-ios' is
            included in the 'nav' configuration, which is not found in the documentation files
WARNING  -  A relative path to
            'Iris/iris_wearables_dev_guide/content/applewatchiris.html#internationalizing-watch-applications' is
            included in the 'nav' configuration, which is not found in the documentation files
WARNING  -  A relative path to
            'Iris/iris_wearables_dev_guide/content/apple-specific_limitations.html#old-glance-forms-reappearing-in-an-app'
            is included in the 'nav' configuration, which is not found in the documentation files
WARNING  -  A relative path to
            'Iris/iris_wearables_dev_guide/content/apple-specific_limitations.html#localized-text-appears-in-english' is
            included in the 'nav' configuration, which is not found in the documentation files
WARNING  -  A relative path to 'Iris/iris_wearables_dev_guide/content/deprecated.md' is included in the 'nav'
            configuration, which is not found in the documentation files
WARNING  -  A relative path to
            'Iris/iris_wearables_dev_guide/content/wearable_configuring_xcode.html#adding-watchkit-app-to-your-project'
            is included in the 'nav' configuration, which is not found in the documentation files
WARNING  -  A relative path to
            'Iris/iris_wearables_dev_guide/content/wearable_configuring_xcode.html#designing-and-writing-your-app' is
            included in the 'nav' configuration, which is not found in the documentation files
WARNING  -  A relative path to
            'Iris/iris_wearables_dev_guide/content/wearable_configuring_xcode.html#to-build-run-and-debug' is included
            in the 'nav' configuration, which is not found in the documentation files
WARNING  -  A relative path to
            'Iris/iris_wearables_dev_guide/content/voltmxwatchkitrequestutil.html#instance-creation-apis' is included in
            the 'nav' configuration, which is not found in the documentation files
WARNING  -  A relative path to
            'Iris/iris_wearables_dev_guide/content/voltmxwatchkitrequestutil.html#instancetype-sharedinstance' is
            included in the 'nav' configuration, which is not found in the documentation files
WARNING  -  A relative path to 'Iris/iris_wearables_dev_guide/content/voltmxwatchkitrequestutil.html#id-init' is
            included in the 'nav' configuration, which is not found in the documentation files
WARNING  -  A relative path to 'Iris/iris_wearables_dev_guide/content/voltmxwatchkitrequestutil.html#data-fetch-apis' is
            included in the 'nav' configuration, which is not found in the documentation files
WARNING  -  A relative path to
            'Iris/iris_wearables_dev_guide/content/voltmxwatchkitrequestutil.html#fetchdatawithrequestid-oncompletion-cachepolicy'
            is included in the 'nav' configuration, which is not found in the documentation files
WARNING  -  A relative path to
            'Iris/iris_wearables_dev_guide/content/voltmxwatchkitrequestutil.html#fetchdatawithrequestid-userinfo-oncompletion-cachepolicy'
            is included in the 'nav' configuration, which is not found in the documentation files
WARNING  -  A relative path to
            'Iris/iris_wearables_dev_guide/content/voltmxwatchkitrequestutil.html#fetch-data-and-update-controller-apis'
            is included in the 'nav' configuration, which is not found in the documentation files
WARNING  -  A relative path to
            'Iris/iris_wearables_dev_guide/content/voltmxwatchkitrequestutil.html#fetchandupdatecontrollerwithrequestid-controller-oncompletion-cachepolicy'
            is included in the 'nav' configuration, which is not found in the documentation files
WARNING  -  A relative path to
            'Iris/iris_wearables_dev_guide/content/voltmxwatchkitrequestutil.html#fetchandupdatecontrollerwithrequestid-controller-userinfo-oncompletion-cachepolicy'
            is included in the 'nav' configuration, which is not found in the documentation files
WARNING  -  A relative path to 'Iris/iris_wearables_dev_guide/content/voltmxdatamapper.html#button' is included in the
            'nav' configuration, which is not found in the documentation files
WARNING  -  A relative path to 'Iris/iris_wearables_dev_guide/content/voltmxdatamapper.html#date' is included in the
            'nav' configuration, which is not found in the documentation files
WARNING  -  A relative path to 'Iris/iris_wearables_dev_guide/content/voltmxdatamapper.html#group' is included in the
            'nav' configuration, which is not found in the documentation files
WARNING  -  A relative path to 'Iris/iris_wearables_dev_guide/content/voltmxdatamapper.html#image' is included in the
            'nav' configuration, which is not found in the documentation files
WARNING  -  A relative path to 'Iris/iris_wearables_dev_guide/content/voltmxdatamapper.html#label' is included in the
            'nav' configuration, which is not found in the documentation files
WARNING  -  A relative path to 'Iris/iris_wearables_dev_guide/content/voltmxdatamapper.html#map' is included in the
            'nav' configuration, which is not found in the documentation files
WARNING  -  A relative path to 'Iris/iris_wearables_dev_guide/content/voltmxdatamapper.html#map' is included in the
            'nav' configuration, which is not found in the documentation files
WARNING  -  A relative path to 'Iris/iris_wearables_dev_guide/content/voltmxdatamapper.html#separator' is included in
            the 'nav' configuration, which is not found in the documentation files
WARNING  -  A relative path to 'Iris/iris_wearables_dev_guide/content/voltmxdatamapper.html#slider' is included in the
            'nav' configuration, which is not found in the documentation files
WARNING  -  A relative path to 'Iris/iris_wearables_dev_guide/content/voltmxdatamapper.html#timer' is included in the
            'nav' configuration, which is not found in the documentation files
WARNING  -  A relative path to 'Iris/iris_wearables_dev_guide/content/voltmxdatamapper.html#table' is included in the
            'nav' configuration, which is not found in the documentation files
WARNING  -  A relative path to 'Iris/iris_wearables_dev_guide/content/voltmxdatacache.html#Following_' is included in
            the 'nav' configuration, which is not found in the documentation files
WARNING  -  A relative path to 'Iris/iris_wearables_dev_guide/content/voltmxdatacache.html#cachetimeoutinterval' is
            included in the 'nav' configuration, which is not found in the documentation files
WARNING  -  A relative path to
            'Iris/iris_wearables_dev_guide/content/voltmxdatacache.html#initwithname-nsstring-cachename' is included in
            the 'nav' configuration, which is not found in the documentation files
WARNING  -  A relative path to 'Iris/iris_wearables_dev_guide/content/voltmxdatacache.html#instancetype-sharedinstance'
            is included in the 'nav' configuration, which is not found in the documentation files
WARNING  -  A relative path to
            'Iris/iris_wearables_dev_guide/content/voltmxdatacache.html#void-setobject-id-value-forkey-id-key' is
            included in the 'nav' configuration, which is not found in the documentation files
WARNING  -  A relative path to 'Iris/iris_wearables_dev_guide/content/voltmxdatacache.html#id-getobjectforkey-id-key' is
            included in the 'nav' configuration, which is not found in the documentation files
WARNING  -  A relative path to
            'Iris/iris_wearables_dev_guide/content/voltmxdatacache.html#void-setcachewithdictionary-nsdictionary-dict'
            is included in the 'nav' configuration, which is not found in the documentation files
WARNING  -  A relative path to
            'Iris/iris_wearables_dev_guide/content/voltmxdatacache.html#nsdictionary-getdictionaryfromcache' is included
            in the 'nav' configuration, which is not found in the documentation files
WARNING  -  A relative path to
            'Iris/iris_wearables_dev_guide/content/voltmxdatacache.html#void-setstring-nsstring-string-forkey-nsstring-key'
            is included in the 'nav' configuration, which is not found in the documentation files
WARNING  -  A relative path to
            'Iris/iris_wearables_dev_guide/content/voltmxdatacache.html#nsstring-getstringforkey-nsstring-key' is
            included in the 'nav' configuration, which is not found in the documentation files
WARNING  -  A relative path to
            'Iris/iris_wearables_dev_guide/content/voltmxdatacache.html#void-setimage-uiimage-image-forkey-nsstring-key'
            is included in the 'nav' configuration, which is not found in the documentation files
WARNING  -  A relative path to
            'Iris/iris_wearables_dev_guide/content/voltmxdatacache.html#uiimage-getimageforkey-nsstring-key' is included
            in the 'nav' configuration, which is not found in the documentation files
WARNING  -  A relative path to 'Iris/iris_wearables_dev_guide/content/voltmxdatacache.html#nsarray-getallkeys' is
            included in the 'nav' configuration, which is not found in the documentation files
WARNING  -  A relative path to 'Iris/iris_wearables_dev_guide/content/voltmxdatacache.html#void-clearcache' is included
            in the 'nav' configuration, which is not found in the documentation files
WARNING  -  A relative path to
            'Iris/iris_wearables_dev_guide/content/voltmxdatacache.html#void-removecacheforkey-nsstring-key' is included
            in the 'nav' configuration, which is not found in the documentation files
WARNING  -  A relative path to 'Iris/iris_wearables_dev_guide/content/wearable_android.html#android-wear' is included in
            the 'nav' configuration, which is not found in the documentation files
WARNING  -  A relative path to
            'Iris/iris_wearables_dev_guide/content/androidwearoverviews.html#designing-an-android-wear-app' is included
            in the 'nav' configuration, which is not found in the documentation files
WARNING  -  A relative path to
            'Iris/iris_wearables_dev_guide/content/androidwearoverviews.html#pairing-a-watch-and-a-phone' is included in
            the 'nav' configuration, which is not found in the documentation files
WARNING  -  A relative path to
            'Iris/iris_wearables_dev_guide/content/androidwearoverviews.html#pairing-a-watch-and-a-phone' is included in
            the 'nav' configuration, which is not found in the documentation files
WARNING  -  A relative path to
            'Iris/iris_wearables_dev_guide/content/androidwearoverviews.html#transmitting-data-between-paired-apps' is
            included in the 'nav' configuration, which is not found in the documentation files
WARNING  -  A relative path to 'Iris/iris_wearables_dev_guide/content/androidwearoverviews.html#using-capabilities' is
            included in the 'nav' configuration, which is not found in the documentation files
WARNING  -  A relative path to
            'Iris/iris_wearables_dev_guide/content/androidwearoverviews.html#building-an-application-for-android-wear'
            is included in the 'nav' configuration, which is not found in the documentation files
WARNING  -  A relative path to
            'Iris/iris_wearables_dev_guide/content/voltmx.wearable_namespace_constants.html#CallBackResult' is included
            in the 'nav' configuration, which is not found in the documentation files
WARNING  -  A relative path to
            'Iris/iris_wearables_dev_guide/content/voltmx.wearable_namespace_functions.html#addCapabilityChangeListener'
            is included in the 'nav' configuration, which is not found in the documentation files
WARNING  -  A relative path to
            'Iris/iris_wearables_dev_guide/content/voltmx.wearable_namespace_functions.html#putDataItem' is included in
            the 'nav' configuration, which is not found in the documentation files
WARNING  -  A relative path to
            'Iris/iris_wearables_dev_guide/content/voltmx.wearable_namespace_functions.html#addForegroundMessageListener'
            is included in the 'nav' configuration, which is not found in the documentation files
WARNING  -  A relative path to
            'Iris/iris_wearables_dev_guide/content/voltmx.wearable_namespace_functions.html#getCapabilityAsync' is
            included in the 'nav' configuration, which is not found in the documentation files
WARNING  -  A relative path to
            'Iris/iris_wearables_dev_guide/content/voltmx.wearable_namespace_functions.html#getConnectedNodes' is
            included in the 'nav' configuration, which is not found in the documentation files
WARNING  -  A relative path to
            'Iris/iris_wearables_dev_guide/content/voltmx.wearable_namespace_functions.html#openListingOfAppInPlayStoreOnRemoteDevice'
            is included in the 'nav' configuration, which is not found in the documentation files
WARNING  -  A relative path to
            'Iris/iris_wearables_dev_guide/content/voltmx.wearable_namespace_functions.html#putDataItem' is included in
            the 'nav' configuration, which is not found in the documentation files
WARNING  -  A relative path to
            'Iris/iris_wearables_dev_guide/content/voltmx.wearable_namespace_functions.html#removeCapabilityChangeListener'
            is included in the 'nav' configuration, which is not found in the documentation files
WARNING  -  A relative path to
            'Iris/iris_wearables_dev_guide/content/voltmx.wearable_namespace_functions.html#removeForegroundDataItemListener'
            is included in the 'nav' configuration, which is not found in the documentation files
WARNING  -  A relative path to
            'Iris/iris_wearables_dev_guide/content/voltmx.wearable_namespace_functions.html#removeForegroundMessageListener'
            is included in the 'nav' configuration, which is not found in the documentation files
WARNING  -  A relative path to
            'Iris/iris_wearables_dev_guide/content/voltmx.wearable_namespace_functions.html#sendMessage' is included in
            the 'nav' configuration, which is not found in the documentation files
WARNING  -  A relative path to
            'Iris/iris_wearables_dev_guide/content/voltmx.wearable_namespace_functions.html#setDataItemListener' is
            included in the 'nav' configuration, which is not found in the documentation files
WARNING  -  A relative path to
            'Iris/iris_wearables_dev_guide/content/voltmx.wearable_namespace_functions.html#setMessageListener' is
            included in the 'nav' configuration, which is not found in the documentation files
WARNING  -  A relative path to
            'Iris/voltmx_ref_arch_api/Content/A_Deeper_Look_at_VoltMX_Reference_Architecture.html#views' is included in
            the 'nav' configuration, which is not found in the documentation files
WARNING  -  A relative path to
            'Iris/voltmx_ref_arch_api/Content/A_Deeper_Look_at_VoltMX_Reference_Architecture.html#controllers' is
            included in the 'nav' configuration, which is not found in the documentation files
WARNING  -  A relative path to
            'Iris/voltmx_ref_arch_api/Content/A_Deeper_Look_at_VoltMX_Reference_Architecture.html#models' is included in
            the 'nav' configuration, which is not found in the documentation files
WARNING  -  A relative path to
            'Iris/voltmx_ref_arch_api/Content/A_Deeper_Look_at_VoltMX_Reference_Architecture.html#views-and-controllers'
            is included in the 'nav' configuration, which is not found in the documentation files
WARNING  -  A relative path to
            'Iris/voltmx_ref_arch_api/Content/A_Deeper_Look_at_VoltMX_Reference_Architecture.html#models-and-controllers'
            is included in the 'nav' configuration, which is not found in the documentation files
WARNING  -  A relative path to
            'Iris/voltmx_ref_arch_api/Content/VoltMX_Reference_Architecture_Features.html#models-views-and-controllers-in-action'
            is included in the 'nav' configuration, which is not found in the documentation files
WARNING  -  A relative path to
            'Iris/voltmx_ref_arch_api/Content/VoltMX_Reference_Architecture_Features.html#components-and-reference-architecture'
            is included in the 'nav' configuration, which is not found in the documentation files
WARNING  -  A relative path to
            'Iris/voltmx_ref_arch_api/Content/VoltMX_Reference_Architecture_Features.html#form-navigation' is included
            in the 'nav' configuration, which is not found in the documentation files
WARNING  -  A relative path to
            'Iris/voltmx_ref_arch_api/Content/VoltMX_Reference_Architecture_Features.html#dynamic-module-loading' is
            included in the 'nav' configuration, which is not found in the documentation files
WARNING  -  A relative path to
            'Iris/voltmx_ref_arch_api/Content/VoltMX_Reference_Architecture_Features.html#define-namespaces-in-apps' is
            included in the 'nav' configuration, which is not found in the documentation files
WARNING  -  A relative path to
            'Iris/voltmx_ref_arch_api/Content/VoltMX_Reference_Architecture_Features.html#access-services-through-reference-architecture'
            is included in the 'nav' configuration, which is not found in the documentation files
WARNING  -  A relative path to
            'Iris/voltmx_ref_arch_api/Content/VoltMX_Reference_Architecture_Features.html#use-reference-architecture-for-wearables-apps'
            is included in the 'nav' configuration, which is not found in the documentation files
WARNING  -  A relative path to 'Iris/voltmx_ref_arch_api___l' is included in the 'nav' configuration, which is not found
            in the documentation files
WARNING  -  A relative path to
            'Iris/voltmx_ref_arch_api/Content/Create_an_App_with_VoltMX_Reference_Architecture.html#build-your-front-end-client-app'
            is included in the 'nav' configuration, which is not found in the documentation files
WARNING  -  A relative path to
            'Iris/voltmx_ref_arch_api/Content/Create_an_App_with_VoltMX_Reference_Architecture.html#application-group-in-reference-architecture-extensions'
            is included in the 'nav' configuration, which is not found in the documentation files
WARNING  -  A relative path to
            'Iris/voltmx_ref_arch_api/Content/Create_an_App_with_VoltMX_Reference_Architecture.html#locking-feature-in-reference-architecture-extensions'
            is included in the 'nav' configuration, which is not found in the documentation files
WARNING  -  A relative path to
            'Iris/voltmx_ref_arch_api/Content/Create_an_App_with_VoltMX_Reference_Architecture.html#build-your-app-39-s-data-model'
            is included in the 'nav' configuration, which is not found in the documentation files
WARNING  -  A relative path to
            'Iris/voltmx_ref_arch_api/Content/Create_an_App_with_VoltMX_Reference_Architecture.html#generate-controllers-and-extensions'
            is included in the 'nav' configuration, which is not found in the documentation files
WARNING  -  A relative path to
            'Iris/voltmx_ref_arch_api/Content/Create_an_App_with_VoltMX_Reference_Architecture.html#a-sample-formcontroller'
            is included in the 'nav' configuration, which is not found in the documentation files
WARNING  -  A relative path to 'Iris/voltmx_ref_arch_api/Content/FormController_Events.html#getModel' is included in the
            'nav' configuration, which is not found in the documentation files
WARNING  -  A relative path to 'Iris/voltmx_ref_arch_api/Content/FormController_Events.html#onCreateView' is included in
            the 'nav' configuration, which is not found in the documentation files
WARNING  -  A relative path to 'Iris/voltmx_ref_arch_api/Content/FormController_Events.html#onDestroy' is included in
            the 'nav' configuration, which is not found in the documentation files
WARNING  -  A relative path to 'Iris/voltmx_ref_arch_api/Content/FormController_Events.html#onNavigate' is included in
            the 'nav' configuration, which is not found in the documentation files
WARNING  -  A relative path to 'Iris/voltmx_ref_arch_api/Content/FormController_Events.html#setModel' is included in the
            'nav' configuration, which is not found in the documentation files
WARNING  -  A relative path to 'Iris/voltmx_ref_arch_api/Content/FormController_Methods.html#getCurrentForm' is included
            in the 'nav' configuration, which is not found in the documentation files
WARNING  -  A relative path to 'Iris/voltmx_ref_arch_api/Content/FormController_Methods.html#getCurrentFormFriendlyName'
            is included in the 'nav' configuration, which is not found in the documentation files
WARNING  -  A relative path to 'Iris/voltmx_ref_arch_api/Content/FormController_Methods.html#getPreviousForm' is
            included in the 'nav' configuration, which is not found in the documentation files
WARNING  -  A relative path to
            'Iris/voltmx_ref_arch_api/Content/FormController_Methods.html#getPreviousFormFriendlyName' is included in
            the 'nav' configuration, which is not found in the documentation files
WARNING  -  A relative path to 'Iris/voltmx_ref_arch_api/Content/FormController_Methods.html#pauseNavigation' is
            included in the 'nav' configuration, which is not found in the documentation files
WARNING  -  A relative path to 'Iris/voltmx_ref_arch_api/Content/FormController_Methods.html#resumeNavigation' is
            included in the 'nav' configuration, which is not found in the documentation files
WARNING  -  A relative path to 'Iris/voltmx_ref_arch_api/Content/FormController_Properties.html#view' is included in the
            'nav' configuration, which is not found in the documentation files
WARNING  -  A relative path to 'Iris/voltmx_ref_arch_api/Content/voltmx.model_Constants.html#ExceptionCode' is included
            in the 'nav' configuration, which is not found in the documentation files
WARNING  -  A relative path to 'Iris/voltmx_ref_arch_api/Content/voltmx.model_Constants.html#ValidationType' is included
            in the 'nav' configuration, which is not found in the documentation files
WARNING  -  A relative path to 'Iris/voltmx_ref_arch_api/Content/voltmx.model.Exception_Properties.html#code' is
            included in the 'nav' configuration, which is not found in the documentation files
WARNING  -  A relative path to 'Iris/voltmx_ref_arch_api/Content/voltmx.model.Exception_Properties.html#message' is
            included in the 'nav' configuration, which is not found in the documentation files
WARNING  -  A relative path to 'Iris/voltmx_ref_arch_api/Content/voltmx.model.Exception_Properties.html#name' is
            included in the 'nav' configuration, which is not found in the documentation files
WARNING  -  A relative path to
            'Iris/voltmx_ref_arch_api/Content/voltmx.model.VoltMXApplicationContext_Methods.html#createModel' is
            included in the 'nav' configuration, which is not found in the documentation files
WARNING  -  A relative path to
            'Iris/voltmx_ref_arch_api/Content/voltmx.model.VoltMXApplicationContext_Methods.html#login' is included in
            the 'nav' configuration, which is not found in the documentation files
WARNING  -  A relative path to
            'Iris/voltmx_ref_arch_api/Content/voltmx.model.VoltMXApplicationContext_Methods.html#logout' is included in
            the 'nav' configuration, which is not found in the documentation files
WARNING  -  A relative path to 'Iris/voltmx_ref_arch_api/Content/voltmx.mvc_Functions.html#Navigation' is included in
            the 'nav' configuration, which is not found in the documentation files
WARNING  -  A relative path to 'Iris/voltmx_ref_arch_api/Content/voltmx.mvc.registry_Functions.html#add' is included in
            the 'nav' configuration, which is not found in the documentation files
WARNING  -  A relative path to 'Iris/voltmx_ref_arch_api/Content/voltmx.mvc.registry_Functions.html#getViewName' is
            included in the 'nav' configuration, which is not found in the documentation files
WARNING  -  A relative path to 'Iris/voltmx_ref_arch_api/Content/voltmx.mvc.registry_Functions.html#getControllerName'
            is included in the 'nav' configuration, which is not found in the documentation files
WARNING  -  A relative path to 'Iris/voltmx_ref_arch_api/Content/voltmx.mvc.registry_Functions.html#remove' is included
            in the 'nav' configuration, which is not found in the documentation files
WARNING  -  A relative path to 'Iris/voltmx_ref_arch_api/Content/Navigation_Object_Methods.html#getModel' is included in
            the 'nav' configuration, which is not found in the documentation files
WARNING  -  A relative path to 'Iris/voltmx_ref_arch_api/Content/Navigation_Object_Methods.html#navigate' is included in
            the 'nav' configuration, which is not found in the documentation files
WARNING  -  A relative path to 'Iris/voltmx_ref_arch_api/Content/Navigation_Object_Methods.html#setModel' is included in
            the 'nav' configuration, which is not found in the documentation files
WARNING  -  A relative path to 'Iris/voltmx_ref_arch_api/Content/TemplateController_Events.html#onCreateView' is
            included in the 'nav' configuration, which is not found in the documentation files
WARNING  -  A relative path to 'Iris/voltmx_ref_arch_api/Content/TemplateController_Events.html#onCreateView' is
            included in the 'nav' configuration, which is not found in the documentation files
WARNING  -  A relative path to 'Iris/voltmx_ref_arch_api/Content/TemplateController_Events.html#onViewCreated' is
            included in the 'nav' configuration, which is not found in the documentation files
WARNING  -  A relative path to 'Iris/voltmx_ref_arch_api/Content/TemplateController_Methods.html#executeOnParent' is
            included in the 'nav' configuration, which is not found in the documentation files
WARNING  -  A relative path to 'Iris/voltmx_ref_arch_api/Content/TemplateController_Methods.html#getCurrentView' is
            included in the 'nav' configuration, which is not found in the documentation files
WARNING  -  A relative path to 'Iris/voltmx_ref_arch_api/Content/TemplateController_Properties.html#view' is included in
            the 'nav' configuration, which is not found in the documentation files
WARNING  -  A relative path to 'Iris/voltmx_ref_arch_api/Content/voltmx.sdk.mvvm_Constants.html#OpType' is included in
            the 'nav' configuration, which is not found in the documentation files
WARNING  -  A relative path to
            'Iris/voltmx_ref_arch_api/Content/voltmx.sdk.mvvm.VoltMXApplicationContext_Methods.html#AppSrvLg' is
            included in the 'nav' configuration, which is not found in the documentation files
WARNING  -  A relative path to
            'Iris/voltmx_ref_arch_api/Content/voltmx.sdk.mvvm.VoltMXApplicationContext_Methods.html#DisLoad' is included
            in the 'nav' configuration, which is not found in the documentation files
WARNING  -  A relative path to
            'Iris/voltmx_ref_arch_api/Content/voltmx.sdk.mvvm.VoltMXApplicationContext_Methods.html#GetAllFrms' is
            included in the 'nav' configuration, which is not found in the documentation files
WARNING  -  A relative path to
            'Iris/voltmx_ref_arch_api/Content/voltmx.sdk.mvvm.VoltMXApplicationContext_Methods.html#GetAppIn' is
            included in the 'nav' configuration, which is not found in the documentation files
WARNING  -  A relative path to
            'Iris/voltmx_ref_arch_api/Content/voltmx.sdk.mvvm.VoltMXApplicationContext_Methods.html#GetFac' is included
            in the 'nav' configuration, which is not found in the documentation files
WARNING  -  A relative path to
            'Iris/voltmx_ref_arch_api/Content/voltmx.sdk.mvvm.VoltMXApplicationContext_Methods.html#GetFrmCrt' is
            included in the 'nav' configuration, which is not found in the documentation files
WARNING  -  A relative path to
            'Iris/voltmx_ref_arch_api/Content/voltmx.sdk.mvvm.VoltMXApplicationContext_Methods.html#GetMeta' is included
            in the 'nav' configuration, which is not found in the documentation files
WARNING  -  A relative path to
            'Iris/voltmx_ref_arch_api/Content/voltmx.sdk.mvvm.VoltMXApplicationContext_Methods.html#GetModel' is
            included in the 'nav' configuration, which is not found in the documentation files
WARNING  -  A relative path to
            'Iris/voltmx_ref_arch_api/Content/voltmx.sdk.mvvm.VoltMXApplicationContext_Methods.html#GetOS' is included
            in the 'nav' configuration, which is not found in the documentation files
WARNING  -  A relative path to
            'Iris/voltmx_ref_arch_api/Content/voltmx.sdk.mvvm.VoltMXApplicationContext_Methods.html#init' is included in
            the 'nav' configuration, which is not found in the documentation files
WARNING  -  A relative path to
            'Iris/voltmx_ref_arch_api/Content/voltmx.sdk.mvvm.VoltMXApplicationContext_Methods.html#init' is included in
            the 'nav' configuration, which is not found in the documentation files
WARNING  -  A relative path to
            'Iris/voltmx_ref_arch_api/Content/voltmx.sdk.mvvm.VoltMXApplicationContext_Methods.html#ShowLoad' is
            included in the 'nav' configuration, which is not found in the documentation files
WARNING  -  A relative path to
            'Foundry/voltmx_foundry_linux_install_guide/Content/Prerequisites.html#software-requirements' is included in
            the 'nav' configuration, which is not found in the documentation files
WARNING  -  A relative path to
            'Foundry/voltmx_foundry_linux_install_guide/Content/Prerequisites.html#hardware-requirements' is included in
            the 'nav' configuration, which is not found in the documentation files
WARNING  -  A relative path to 'Foundry/voltmx_foundry_linux_install_guide/Content/Prerequisites.html#network-settings'
            is included in the 'nav' configuration, which is not found in the documentation files
WARNING  -  A relative path to 'Foundry/voltmx_foundry_linux_install_guide/Content/Prerequisites.html#network-settings'
            is included in the 'nav' configuration, which is not found in the documentation files
WARNING  -  A relative path to
            'Foundry/voltmx_foundry_linux_install_guide/Content/Prerequisites.html#proxy-settings-for-integration-service'
            is included in the 'nav' configuration, which is not found in the documentation files
WARNING  -  A relative path to
            'Foundry/voltmx_foundry_linux_install_guide/Content/Prerequisites.html#network-settings-licensing' is
            included in the 'nav' configuration, which is not found in the documentation files
WARNING  -  A relative path to
            'Foundry/voltmx_foundry_linux_install_guide/Content/Prerequisites.html#creating-the-installation-user-for-linux'
            is included in the 'nav' configuration, which is not found in the documentation files
WARNING  -  A relative path to
            'Foundry/voltmx_foundry_linux_install_guide/Content/DB_PRe-reqs.html#prerequisites-for-volt-mx-foundry-with-oracle'
            is included in the 'nav' configuration, which is not found in the documentation files
WARNING  -  A relative path to
            'Foundry/voltmx_foundry_linux_install_guide/Content/DB_PRe-reqs.html#prerequisites-for-volt-mx-foundry-with-sql-server'
            is included in the 'nav' configuration, which is not found in the documentation files
WARNING  -  A relative path to
            'Foundry/voltmx_foundry_linux_install_guide/Content/DB_PRe-reqs.html#prerequisites-for-volt-mx-foundry-with-mssql-applicable-for-engagement-services'
            is included in the 'nav' configuration, which is not found in the documentation files
WARNING  -  A relative path to
            'Foundry/voltmx_foundry_linux_install_guide/Content/DB_PRe-reqs.html#prerequisites-for-volt-mx-foundry-with-mysql'
            is included in the 'nav' configuration, which is not found in the documentation files
WARNING  -  A relative path to
            'Foundry/voltmx_foundry_linux_install_guide/Content/DB_PRe-reqs.html#applicable-for-engagement-services' is
            included in the 'nav' configuration, which is not found in the documentation files
WARNING  -  A relative path to
            'Foundry/voltmx_foundry_linux_install_guide/Content/DB_PRe-reqs.html#applicable-for-identity-services' is
            included in the 'nav' configuration, which is not found in the documentation files
WARNING  -  A relative path to
            'Foundry/voltmx_foundry_linux_install_guide/Content/DB_PRe-reqs.html#steps-before-installing-or-upgrading-volt-mx-foundry-with-the-existing-database'
            is included in the 'nav' configuration, which is not found in the documentation files
WARNING  -  A relative path to 'Foundry/voltmx_foundry_linux_install_guide/Content/DB_PRe-reqs.html#create-tmp-folder'
            is included in the 'nav' configuration, which is not found in the documentation files
WARNING  -  A relative path to
            'Foundry/voltmx_foundry_linux_install_guide/Content/AppServ_Prerequisites.html#tomcat-prerequisites' is
            included in the 'nav' configuration, which is not found in the documentation files
WARNING  -  A relative path to
            'Foundry/voltmx_foundry_linux_install_guide/Content/AppServ_Prerequisites.html#tomcat-prerequisites' is
            included in the 'nav' configuration, which is not found in the documentation files
WARNING  -  A relative path to
            'Foundry/voltmx_foundry_linux_install_guide/Content/AppServ_Prerequisites.html#jboss-prerequisites' is
            included in the 'nav' configuration, which is not found in the documentation files
WARNING  -  A relative path to
            'Foundry/voltmx_foundry_linux_install_guide/Content/AppServ_Prerequisites.html#configure-the-standalone-existing-jboss'
            is included in the 'nav' configuration, which is not found in the documentation files
WARNING  -  A relative path to
            'Foundry/voltmx_foundry_linux_install_guide/Content/AppServ_Prerequisites.html#configure-the-standalone-existing-jboss-with-self-signed-certificate-jboss-7-1'
            is included in the 'nav' configuration, which is not found in the documentation files
WARNING  -  A relative path to
            'Foundry/voltmx_foundry_linux_install_guide/Content/AppServ_Prerequisites.html#configure-port-settings-for-multinode-loadbalancer-setups'
            is included in the 'nav' configuration, which is not found in the documentation files
WARNING  -  A relative path to
            'Foundry/voltmx_foundry_linux_install_guide/Content/AppServ_Prerequisites.html#how-to-disable-weak-ciphers-in-jboss'
            is included in the 'nav' configuration, which is not found in the documentation files
WARNING  -  A relative path to
            'Foundry/voltmx_foundry_linux_install_guide/Content/AppServ_Prerequisites.html#weblogic-prerequisites' is
            included in the 'nav' configuration, which is not found in the documentation files
WARNING  -  A relative path to
            'Foundry/voltmx_foundry_linux_install_guide/Content/AppServ_Prerequisites.html#heap-and-permgen-settings' is
            included in the 'nav' configuration, which is not found in the documentation files
WARNING  -  A relative path to
            'Foundry/voltmx_foundry_linux_install_guide/Content/AppServ_Prerequisites.html#security-configurations' is
            included in the 'nav' configuration, which is not found in the documentation files
WARNING  -  A relative path to
            'Foundry/voltmx_foundry_linux_install_guide/Content/AppServ_Prerequisites.html#configure-the-log-locations-weblogic'
            is included in the 'nav' configuration, which is not found in the documentation files
WARNING  -  A relative path to
            'Foundry/voltmx_foundry_linux_install_guide/Content/Foundry_Architecture_and_Components_Old.html#developer-environment'
            is included in the 'nav' configuration, which is not found in the documentation files
WARNING  -  A relative path to
            'Foundry/voltmx_foundry_linux_install_guide/Content/Foundry_Architecture_and_Components_Old.html#production-environment'
            is included in the 'nav' configuration, which is not found in the documentation files
WARNING  -  A relative path to
            'Foundry/voltmx_foundry_linux_install_guide/Content/Pre-installation_Tasks.html#download-volt-mx-foundry-installer'
            is included in the 'nav' configuration, which is not found in the documentation files
WARNING  -  A relative path to
            'Foundry/voltmx_foundry_linux_install_guide/Content/Pre-installation_Tasks.html#steps-before-installing-or-upgrading-volt-mx-foundry-with-the-existing-database'
            is included in the 'nav' configuration, which is not found in the documentation files
WARNING  -  A relative path to
            'Foundry/voltmx_foundry_linux_install_guide/Content/Pre-installation_Tasks.html#create-tmp-folder' is
            included in the 'nav' configuration, which is not found in the documentation files
WARNING  -  A relative path to
            'Foundry/voltmx_foundry_linux_install_guide/Content/Pre-installation_Tasks.html#install-memcached-server' is
            included in the 'nav' configuration, which is not found in the documentation files
WARNING  -  A relative path to
            'Foundry/voltmx_foundry_linux_install_guide/Content/Pre-installation_Tasks.html#libevent-memcached-dependency'
            is included in the 'nav' configuration, which is not found in the documentation files
WARNING  -  A relative path to
            'Foundry/voltmx_foundry_linux_install_guide/Content/Pre-installation_Tasks.html#memcached-server' is
            included in the 'nav' configuration, which is not found in the documentation files
WARNING  -  A relative path to
            'Foundry/voltmx_foundry_linux_install_guide/Content/Pre-installation_Tasks.html#configure-load-balancers-for-sending-host-information-in-multinode'
            is included in the 'nav' configuration, which is not found in the documentation files
WARNING  -  A relative path to 'Foundry/voltmx_foundry_linux_install_guide/Content/DB_Pre-installation_Tasks.html#mysql'
            is included in the 'nav' configuration, which is not found in the documentation files
WARNING  -  A relative path to 'Foundry/voltmx_foundry_linux_install_guide/Content/DB_Pre-installation_Tasks.html#mysql'
            is included in the 'nav' configuration, which is not found in the documentation files
WARNING  -  A relative path to
            'Foundry/voltmx_foundry_linux_install_guide/Content/DB_Pre-installation_Tasks.html#oracle' is included in
            the 'nav' configuration, which is not found in the documentation files
WARNING  -  A relative path to
            'Foundry/voltmx_foundry_linux_install_guide/Content/DB_Pre-installation_Tasks.html#maria-db' is included in
            the 'nav' configuration, which is not found in the documentation files
WARNING  -  A relative path to
            'Foundry/voltmx_foundry_linux_install_guide/Content/Appser_Pre-installation_Tasks.html#jboss' is included in
            the 'nav' configuration, which is not found in the documentation files
WARNING  -  A relative path to
            'Foundry/voltmx_foundry_linux_install_guide/Content/Appser_Pre-installation_Tasks.html#configure-load-balancer-as-proxy-in-jboss-multinode-setup-optional-if-ssl-offloading-at-load-balancer'
            is included in the 'nav' configuration, which is not found in the documentation files
WARNING  -  A relative path to
            'Foundry/voltmx_foundry_linux_install_guide/Content/Appser_Pre-installation_Tasks.html#update-listen-interfaces-in-host-xml-for-jboss-cluster'
            is included in the 'nav' configuration, which is not found in the documentation files
WARNING  -  A relative path to
            'Foundry/voltmx_foundry_linux_install_guide/Content/Appser_Pre-installation_Tasks.html#comment-the-javax-persistence-module-for-volt-mx-engagement-services-on-jboss-cluster'
            is included in the 'nav' configuration, which is not found in the documentation files
WARNING  -  A relative path to
            'Foundry/voltmx_foundry_linux_install_guide/Content/Appser_Pre-installation_Tasks.html#how-to-configure-connector-jboss'
            is included in the 'nav' configuration, which is not found in the documentation files
WARNING  -  A relative path to
            'Foundry/voltmx_foundry_linux_install_guide/Content/Appser_Pre-installation_Tasks.html#how-to-increase-timeout-and-maximum-heap-size-settings-jboss'
            is included in the 'nav' configuration, which is not found in the documentation files
WARNING  -  A relative path to
            'Foundry/voltmx_foundry_linux_install_guide/Content/Appser_Pre-installation_Tasks.html#how-to-configure-engagement-services-jboss'
            is included in the 'nav' configuration, which is not found in the documentation files
WARNING  -  A relative path to
            'Foundry/voltmx_foundry_linux_install_guide/Content/Appser_Pre-installation_Tasks.html#weblogic' is included
            in the 'nav' configuration, which is not found in the documentation files
WARNING  -  A relative path to
            'Foundry/voltmx_foundry_linux_install_guide/Content/Appser_Pre-installation_Tasks.html#increase-jvm-memory-for-weblogic-server'
            is included in the 'nav' configuration, which is not found in the documentation files
WARNING  -  A relative path to
            'Foundry/voltmx_foundry_linux_install_guide/Content/Appser_Pre-installation_Tasks.html#place-ms-sql-server-connector-jar-in-the-weblogic-server'
            is included in the 'nav' configuration, which is not found in the documentation files
WARNING  -  A relative path to
            'Foundry/voltmx_foundry_linux_install_guide/Content/Appser_Pre-installation_Tasks.html#place-oracle-server-connector-jar-in-the-weblogic-server'
            is included in the 'nav' configuration, which is not found in the documentation files
WARNING  -  A relative path to
            'Foundry/voltmx_foundry_linux_install_guide/Content/Appser_Pre-installation_Tasks.html#place-mysql-server-connector-jar-in-the-weblogic-server'
            is included in the 'nav' configuration, which is not found in the documentation files
WARNING  -  A relative path to
            'Foundry/voltmx_foundry_linux_install_guide/Content/Appser_Pre-installation_Tasks.html#configure-hibernate-dialect-in-weblogic-only-for-weblogic'
            is included in the 'nav' configuration, which is not found in the documentation files
WARNING  -  A relative path to
            'Foundry/voltmx_foundry_linux_install_guide/Content/Appser_Pre-installation_Tasks.html#how-to-configure-engagement-services-weblogic'
            is included in the 'nav' configuration, which is not found in the documentation files
WARNING  -  A relative path to
            'Foundry/voltmx_foundry_linux_install_guide/Content/Post-Installation_Tasks.html#Service_Provider's_Certificate_Issues'
            is included in the 'nav' configuration, which is not found in the documentation files
WARNING  -  A relative path to
            'Foundry/voltmx_foundry_linux_install_guide/Content/Post-Installation_Tasks.html#how-to-add-an-installer-generated-self-signed-ssl-certificate-to-cacerts'
            is included in the 'nav' configuration, which is not found in the documentation files
WARNING  -  A relative path to
            'Foundry/voltmx_foundry_linux_install_guide/Content/Post-Installation_Tasks.html#how-to-add-an-existing-ssl-certificate-to-cacerts'
            is included in the 'nav' configuration, which is not found in the documentation files
WARNING  -  A relative path to
            'Foundry/voltmx_foundry_linux_install_guide/Content/Post-Installation_Tasks.html#jdk-version-compatibility'
            is included in the 'nav' configuration, which is not found in the documentation files
WARNING  -  A relative path to
            'Foundry/voltmx_foundry_linux_install_guide/Content/Post-Installation_Tasks.html#how-to-configure-memcached-for-integration-services'
            is included in the 'nav' configuration, which is not found in the documentation files
WARNING  -  A relative path to
            'Foundry/voltmx_foundry_linux_install_guide/Content/Post-Installation_Tasks.html#configure-deployment-of-mbaasportal-war-file-for-multi-node'
            is included in the 'nav' configuration, which is not found in the documentation files
WARNING  -  A relative path to
            'Foundry/voltmx_foundry_linux_install_guide/Content/Post-Installation_Tasks.html#remote-installation-pre-requisites'
            is included in the 'nav' configuration, which is not found in the documentation files
WARNING  -  A relative path to
            'Foundry/voltmx_foundry_linux_install_guide/Content/Post-Installation_Tasks.html#installing-volt-mx-foundry-remotely'
            is included in the 'nav' configuration, which is not found in the documentation files
WARNING  -  A relative path to
            'Foundry/voltmx_foundry_linux_install_guide/Content/Post-Installation_Tasks.html#how-to-turn-off-the-send-usage-data-anonymously-feature'
            is included in the 'nav' configuration, which is not found in the documentation files
WARNING  -  A relative path to
            'Foundry/voltmx_foundry_linux_install_guide/Content/Post-Installation_Tasks.html#configuring-datasource-for-performance-improvements-for-jboss-pre-existing-and-domain-mode'
            is included in the 'nav' configuration, which is not found in the documentation files
WARNING  -  A relative path to
            'Foundry/voltmx_foundry_linux_install_guide/Content/Post-Installation_Tasks.html#health-check-url' is
            included in the 'nav' configuration, which is not found in the documentation files
WARNING  -  A relative path to
            'Foundry/voltmx_foundry_linux_install_guide/Content/Post-Installation_Tasks.html#steps-to-enable-sapjco' is
            included in the 'nav' configuration, which is not found in the documentation files
WARNING  -  A relative path to
            'Foundry/voltmx_foundry_linux_install_guide/Content/Troubleshooting.html#hostname-port-changes-for-tomcat-application-server'
            is included in the 'nav' configuration, which is not found in the documentation files
WARNING  -  A relative path to
            'Foundry/voltmx_foundry_linux_install_guide/Content/Troubleshooting.html#how-to-configure-jboss-cluster' is
            included in the 'nav' configuration, which is not found in the documentation files
WARNING  -  A relative path to
            'Foundry/voltmx_foundry_linux_install_guide/Content/Troubleshooting.html#how-to-configure-heap-and-permgen-size'
            is included in the 'nav' configuration, which is not found in the documentation files
WARNING  -  A relative path to
            'Foundry/voltmx_foundry_linux_install_guide/Content/Troubleshooting.html#how-to-configure-volt-mx-foundry-behind-a-reverse-proxy'
            is included in the 'nav' configuration, which is not found in the documentation files
WARNING  -  A relative path to
            'Foundry/voltmx_foundry_linux_install_guide/Content/Troubleshooting.html#how-to-configure-frontend-https-to-tomcat-http-redirection'
            is included in the 'nav' configuration, which is not found in the documentation files
WARNING  -  A relative path to
            'Foundry/voltmx_foundry_manual_install_guide/Content/Prerequisites.html#software-requirements' is included
            in the 'nav' configuration, which is not found in the documentation files
WARNING  -  A relative path to
            'Foundry/voltmx_foundry_manual_install_guide/Content/Prerequisites.html#hardware-requirements' is included
            in the 'nav' configuration, which is not found in the documentation files
WARNING  -  A relative path to
            'Foundry/voltmx_foundry_manual_install_guide/Content/Prerequisites.html#hardware-requirements' is included
            in the 'nav' configuration, which is not found in the documentation files
WARNING  -  A relative path to
            'Foundry/voltmx_foundry_manual_install_guide/Content/Prerequisites.html#hardware-requirements-engagement-services'
            is included in the 'nav' configuration, which is not found in the documentation files
WARNING  -  A relative path to
            'Foundry/voltmx_foundry_manual_install_guide/Content/Prerequisites.html#database-system-requirements-per-physical-instance-engagement-services'
            is included in the 'nav' configuration, which is not found in the documentation files
WARNING  -  A relative path to
            'Foundry/voltmx_foundry_manual_install_guide/Content/Prerequisites.html#corporate-firewall-settings-engagement-services'
            is included in the 'nav' configuration, which is not found in the documentation files
WARNING  -  A relative path to
            'Foundry/voltmx_foundry_manual_install_guide/Content/Prerequisites.html#proxy-settings-for-integration-service'
            is included in the 'nav' configuration, which is not found in the documentation files
WARNING  -  A relative path to
            'Foundry/voltmx_foundry_manual_install_guide/Content/Database_Prerequsites.html#prerequisites-for-volt-mx-foundry-with-oracle'
            is included in the 'nav' configuration, which is not found in the documentation files
WARNING  -  A relative path to
            'Foundry/voltmx_foundry_manual_install_guide/Content/Database_Prerequsites.html#prerequisites-for-volt-mx-foundry-with-mssql-applicable-for-engagement-services'
            is included in the 'nav' configuration, which is not found in the documentation files
WARNING  -  A relative path to
            'Foundry/voltmx_foundry_manual_install_guide/Content/Database_Prerequsites.html#prerequisites-for-volt-mx-foundry-with-mysql'
            is included in the 'nav' configuration, which is not found in the documentation files
WARNING  -  A relative path to
            'Foundry/voltmx_foundry_manual_install_guide/Content/Database_Prerequsites.html#applicable-for-engagement-services'
            is included in the 'nav' configuration, which is not found in the documentation files
WARNING  -  A relative path to
            'Foundry/voltmx_foundry_manual_install_guide/Content/Database_Prerequsites.html#applicable-for-identity-services'
            is included in the 'nav' configuration, which is not found in the documentation files
WARNING  -  A relative path to
            'Foundry/voltmx_foundry_manual_install_guide/Content/Database_Prerequsites.html#increase-innodb-log-file-size-in-my-ini-file-for-engagement-services'
            is included in the 'nav' configuration, which is not found in the documentation files
WARNING  -  A relative path to
            'Foundry/voltmx_foundry_manual_install_guide/Content/Database_Prerequsites.html#prerequisites-for-volt-mx-foundry-with-mariadb'
            is included in the 'nav' configuration, which is not found in the documentation files
WARNING  -  A relative path to
            'Foundry/voltmx_foundry_manual_install_guide/Content/Database_Prerequsites.html#increase-the-table-definition-cache-and-table-open-cache-values'
            is included in the 'nav' configuration, which is not found in the documentation files
WARNING  -  A relative path to
            'Foundry/voltmx_foundry_manual_install_guide/Content/Reqiuired_Setup_Files.html#required-setup-files-volt-mx-foundry-console-accounts-and-workspace'
            is included in the 'nav' configuration, which is not found in the documentation files
WARNING  -  A relative path to
            'Foundry/voltmx_foundry_manual_install_guide/Content/Reqiuired_Setup_Files.html#required-setup-files-identity-services'
            is included in the 'nav' configuration, which is not found in the documentation files
WARNING  -  A relative path to
            'Foundry/voltmx_foundry_manual_install_guide/Content/Reqiuired_Setup_Files.html#required-setup-files-integration-services'
            is included in the 'nav' configuration, which is not found in the documentation files
WARNING  -  A relative path to
            'Foundry/voltmx_foundry_manual_install_guide/Content/Reqiuired_Setup_Files.html#required-setup-files-engagement-services'
            is included in the 'nav' configuration, which is not found in the documentation files
WARNING  -  A relative path to
            'Foundry/voltmx_foundry_manual_install_guide/Content/Reqiuired_Setup_Files.html#database-jars' is included
            in the 'nav' configuration, which is not found in the documentation files
WARNING  -  A relative path to
            'Foundry/voltmx_foundry_manual_install_guide/Content/PreInstallation_Steps_App_Servers.html#add-a-user-in-local-group-policy-log-on-as-a-service'
            is included in the 'nav' configuration, which is not found in the documentation files
WARNING  -  A relative path to
            'Foundry/voltmx_foundry_manual_install_guide/Content/PreInstallation_Steps_App_Servers.html#download-and-install-the-unrestricted-jce-policy-files'
            is included in the 'nav' configuration, which is not found in the documentation files
WARNING  -  A relative path to
            'Foundry/voltmx_foundry_manual_install_guide/Content/PreInstallation_Steps_App_Servers.html#setting-jvm-arguments-for-salesforce-services'
            is included in the 'nav' configuration, which is not found in the documentation files
WARNING  -  A relative path to
            'Foundry/voltmx_foundry_manual_install_guide/Content/Configuring_Installation_Mode_Tomcat.html#configure-manager-user-for-tomcat'
            is included in the 'nav' configuration, which is not found in the documentation files
WARNING  -  A relative path to
            'Foundry/voltmx_foundry_manual_install_guide/Content/Configuring_Connectors_and_Batch_Files_-_Tomcat.html#heap-and-permgen-settings-tomcat'
            is included in the 'nav' configuration, which is not found in the documentation files
WARNING  -  A relative path to
            'Foundry/voltmx_foundry_manual_install_guide/Content/Configuring_Connectors_and_Batch_Files_-_Tomcat.html#how-to-disable-weak-ciphers-in-tomcat'
            is included in the 'nav' configuration, which is not found in the documentation files
WARNING  -  A relative path to
            'Foundry/voltmx_foundry_manual_install_guide/Content/Pre-installation_Tasks_JBoss.html#update-listen-interfaces-in-host-xml-for-jboss-cluster'
            is included in the 'nav' configuration, which is not found in the documentation files
WARNING  -  A relative path to
            'Foundry/voltmx_foundry_manual_install_guide/Content/Pre-installation_Tasks_JBoss.html#comment-the-javax-persistence-module-for-volt-mx-engagement-services-on-jboss-cluster'
            is included in the 'nav' configuration, which is not found in the documentation files
WARNING  -  A relative path to
            'Foundry/voltmx_foundry_manual_install_guide/Content/Pre-installation_Tasks_JBoss.html#create-locator-component-for-oracle-database'
            is included in the 'nav' configuration, which is not found in the documentation files
WARNING  -  A relative path to
            'Foundry/voltmx_foundry_manual_install_guide/Content/Pre-installation_Tasks_JBoss.html#configure-load-balancer-as-proxy-in-jboss-multinode-setup-optional-if-ssl-offloading-at-load-balancer'
            is included in the 'nav' configuration, which is not found in the documentation files
WARNING  -  A relative path to
            'Foundry/voltmx_foundry_manual_install_guide/Content/Pre-installation_Tasks_JBoss.html#configure-load-balancers-for-sending-host-information-in-multi-node'
            is included in the 'nav' configuration, which is not found in the documentation files
WARNING  -  A relative path to
            'Foundry/voltmx_foundry_manual_install_guide/Content/Pre-installation_Tasks_JBoss.html#how-to-configure-heap-and-permgen-size-jboss'
            is included in the 'nav' configuration, which is not found in the documentation files
WARNING  -  A relative path to
            'Foundry/voltmx_foundry_manual_install_guide/Content/Pre-installation_Tasks_JBoss.html#how-to-disable-weak-ciphers-in-jboss'
            is included in the 'nav' configuration, which is not found in the documentation files
WARNING  -  A relative path to
            'Foundry/voltmx_foundry_manual_install_guide/Content/Pre-installation_Tasks_JBoss.html#how-to-increase-timeout-and-maximum-heap-size-settings-jboss'
            is included in the 'nav' configuration, which is not found in the documentation files
WARNING  -  A relative path to
            'Foundry/voltmx_foundry_manual_install_guide/Content/Pre-installation_Tasks_JBoss.html#configure-the-standalone-existing-jboss'
            is included in the 'nav' configuration, which is not found in the documentation files
WARNING  -  A relative path to
            'Foundry/voltmx_foundry_manual_install_guide/Content/Pre-installation_Tasks_JBoss.html#configure-the-standalone-existing-jboss-with-self-signed-certificate-jboss-7'
            is included in the 'nav' configuration, which is not found in the documentation files
WARNING  -  A relative path to
            'Foundry/voltmx_foundry_manual_install_guide/Content/Install_Memcached_Server.html#install-memcached-server-windows'
            is included in the 'nav' configuration, which is not found in the documentation files
WARNING  -  A relative path to
            'Foundry/voltmx_foundry_manual_install_guide/Content/Install_Memcached_Server.html#install-memcached-server-linux'
            is included in the 'nav' configuration, which is not found in the documentation files
WARNING  -  A relative path to
            'Foundry/voltmx_foundry_manual_install_guidehttp://docs.voltmx.com/8_x_PDFs/MFSchema_Diagrams/accounts.pngl'
            is included in the 'nav' configuration, which is not found in the documentation files
WARNING  -  A relative path to
            'Foundry/voltmx_foundry_manual_install_guidehttp://docs.voltmx.com/8_x_PDFs/MFSchema_Diagrams/workspace.pngl'
            is included in the 'nav' configuration, which is not found in the documentation files
WARNING  -  A relative path to
            'Foundry/voltmx_foundry_manual_install_guidehttp://docs.voltmx.com/8_x_PDFs/MFSchema_Diagrams/identity.pngl'
            is included in the 'nav' configuration, which is not found in the documentation files
WARNING  -  A relative path to
            'Foundry/voltmx_foundry_manual_install_guide/Content/Configuring_Transactions_Identity_Tomcat.html#configure-java-transactions-api-jta-for-identity-services-tomcat'
            is included in the 'nav' configuration, which is not found in the documentation files
WARNING  -  A relative path to
            'Foundry/voltmx_foundry_manual_install_guidehttp://docs.voltmx.com/8_x_PDFs/MFSchema_Diagrams/admin_server.pngl'
            is included in the 'nav' configuration, which is not found in the documentation files
WARNING  -  A relative path to
            'Foundry/voltmx_foundry_manual_install_guidehttp://docs.voltmx.com/8_x_PDFs/MFSchema_Diagrams/metrics.pngl'
            is included in the 'nav' configuration, which is not found in the documentation files
WARNING  -  A relative path to
            'Foundry/voltmx_foundry_manual_install_guide/Content/Configuring_Properties_in_WAR_DeveloperPortal_Tomcat.html#deploy-file-to-tomcat-developer-portal'
            is included in the 'nav' configuration, which is not found in the documentation files
WARNING  -  A relative path to
            'Foundry/voltmx_foundry_manual_install_guidehttp://docs.voltmx.com/8_x_PDFs/MFSchema_Diagrams/engagement.pngl'
            is included in the 'nav' configuration, which is not found in the documentation files
WARNING  -  A relative path to
            'Foundry/voltmx_foundry_manual_install_guide/Content/VPNS/Configure_Tomcat_Server_VPNS.html#database' is
            included in the 'nav' configuration, which is not found in the documentation files
WARNING  -  A relative path to
            'Foundry/voltmx_foundry_manual_install_guide/Content/VPNS/Configure_Tomcat_Server_VPNS.html#deploy-engagement-services'
            is included in the 'nav' configuration, which is not found in the documentation files
WARNING  -  A relative path to
            'Foundry/voltmx_foundry_manual_install_guide/Content/VPNS/Configure_Tomcat_Server_VPNS.html#post-upgrade' is
            included in the 'nav' configuration, which is not found in the documentation files
WARNING  -  A relative path to
            'Foundry/voltmx_foundry_manual_install_guidehttp://docs.voltmx.com/8_x_PDFs/MFSchema_Diagrams/accounts.pngl'
            is included in the 'nav' configuration, which is not found in the documentation files
WARNING  -  A relative path to
            'Foundry/voltmx_foundry_manual_install_guidehttp://docs.voltmx.com/8_x_PDFs/MFSchema_Diagrams/workspace.pngl'
            is included in the 'nav' configuration, which is not found in the documentation files
WARNING  -  A relative path to
            'Foundry/voltmx_foundry_manual_install_guidehttp://docs.voltmx.com/8_x_PDFs/MFSchema_Diagrams/identity.pngl'
            is included in the 'nav' configuration, which is not found in the documentation files
WARNING  -  A relative path to
            'Foundry/voltmx_foundry_manual_install_guidehttp://docs.voltmx.com/8_x_PDFs/MFSchema_Diagrams/admin_server.pngl'
            is included in the 'nav' configuration, which is not found in the documentation files
WARNING  -  A relative path to
            'Foundry/voltmx_foundry_manual_install_guidehttp://docs.voltmx.com/8_x_PDFs/MFSchema_Diagrams/metrics.pngl'
            is included in the 'nav' configuration, which is not found in the documentation files
WARNING  -  A relative path to
            'Foundry/voltmx_foundry_manual_install_guide/Content/Configuring_Properties_in_WAR_DeveloperPortal__JBoss.html#deploy-war-files-to-jboss-developer-portal'
            is included in the 'nav' configuration, which is not found in the documentation files
WARNING  -  A relative path to
            'Foundry/voltmx_foundry_manual_install_guidehttp://docs.voltmx.com/8_x_PDFs/MFSchema_Diagrams/engagement.pngl'
            is included in the 'nav' configuration, which is not found in the documentation files
WARNING  -  A relative path to
            'Foundry/voltmx_foundry_manual_install_guide/Content/VPNS/Configure_JBoss_VPNS.html#configure-datasource' is
            included in the 'nav' configuration, which is not found in the documentation files
WARNING  -  A relative path to
            'Foundry/voltmx_foundry_manual_install_guide/Content/VPNS/Configure_JBoss_VPNS.html#deploy-volt-mx-foundry-engagement-services'
            is included in the 'nav' configuration, which is not found in the documentation files
WARNING  -  A relative path to
            'Foundry/voltmx_foundry_manual_install_guide/Content/Foundry_in_WebSphere_Liberty.html#installation-of-foundry-on-websphere-liberty-profile'
            is included in the 'nav' configuration, which is not found in the documentation files
WARNING  -  A relative path to
            'Foundry/voltmx_foundry_manual_install_guide/Content/Foundry_in_WebSphere_Liberty.html#websphere-clustered-setup'
            is included in the 'nav' configuration, which is not found in the documentation files
WARNING  -  A relative path to
            'Foundry/voltmx_foundry_manual_install_guide/Content/Foundry_in_WebSphere_Liberty.html#migration-from-websphere-basic-profile-to-websphere-liberty-profile'
            is included in the 'nav' configuration, which is not found in the documentation files
WARNING  -  A relative path to
            'Foundry/voltmx_foundry_manual_install_guide/Content/Post-Installation_Tasks.html#Service_Provider's_Certificate_Issues'
            is included in the 'nav' configuration, which is not found in the documentation files
WARNING  -  A relative path to
            'Foundry/voltmx_foundry_manual_install_guide/Content/Post-Installation_Tasks.html#how-to-add-an-installer-generated-self-signed-ssl-certificate-to-cacerts'
            is included in the 'nav' configuration, which is not found in the documentation files
WARNING  -  A relative path to
            'Foundry/voltmx_foundry_manual_install_guide/Content/Post-Installation_Tasks.html#how-to-add-an-existing-ssl-certificate-to-cacerts'
            is included in the 'nav' configuration, which is not found in the documentation files
WARNING  -  A relative path to
            'Foundry/voltmx_foundry_manual_install_guide/Content/Post-Installation_Tasks.html#jdk-version-compatibility'
            is included in the 'nav' configuration, which is not found in the documentation files
WARNING  -  A relative path to
            'Foundry/voltmx_foundry_manual_install_guide/Content/Post-Installation_Tasks.html#how-to-switch-between-jdk-versions'
            is included in the 'nav' configuration, which is not found in the documentation files
WARNING  -  A relative path to
            'Foundry/voltmx_foundry_manual_install_guide/Content/Post-Installation_Tasks.html#configure-deployment-of-mbaasportal-war-file-for-multi-node'
            is included in the 'nav' configuration, which is not found in the documentation files
WARNING  -  A relative path to
            'Foundry/voltmx_foundry_manual_install_guide/Content/Post-Installation_Tasks.html#log-locations-for-volt-mx-foundry'
            is included in the 'nav' configuration, which is not found in the documentation files
WARNING  -  A relative path to
            'Foundry/voltmx_foundry_manual_install_guide/Content/Post-Installation_Tasks.html#how-to-configure-memcache-for-integration-services'
            is included in the 'nav' configuration, which is not found in the documentation files
WARNING  -  A relative path to
            'Foundry/voltmx_foundry_manual_install_guide/Content/Post-Installation_Tasks.html#steps-to-enable-sapjco' is
            included in the 'nav' configuration, which is not found in the documentation files
WARNING  -  A relative path to
            'Foundry/voltmx_foundry_windows_install_guide/Content/Prerequisites.html#software-requirements' is included
            in the 'nav' configuration, which is not found in the documentation files
WARNING  -  A relative path to
            'Foundry/voltmx_foundry_windows_install_guide/Content/Prerequisites.html#hardware-requirements' is included
            in the 'nav' configuration, which is not found in the documentation files
WARNING  -  A relative path to
            'Foundry/voltmx_foundry_windows_install_guide/Content/Prerequisites.html#network-settings' is included in
            the 'nav' configuration, which is not found in the documentation files
WARNING  -  A relative path to
            'Foundry/voltmx_foundry_windows_install_guide/Content/Prerequisites.html#network-settings' is included in
            the 'nav' configuration, which is not found in the documentation files
WARNING  -  A relative path to
            'Foundry/voltmx_foundry_windows_install_guide/Content/Prerequisites.html#proxy-settings-for-integration-service'
            is included in the 'nav' configuration, which is not found in the documentation files
WARNING  -  A relative path to
            'Foundry/voltmx_foundry_windows_install_guide/Content/Prerequisites.html#network-settings-licensing' is
            included in the 'nav' configuration, which is not found in the documentation files
WARNING  -  A relative path to
            'Foundry/voltmx_foundry_windows_install_guide/Content/DB_PRe-reqs.html#prerequisites-for-volt-mx-foundry-with-oracle'
            is included in the 'nav' configuration, which is not found in the documentation files
WARNING  -  A relative path to
            'Foundry/voltmx_foundry_windows_install_guide/Content/DB_PRe-reqs.html#prerequisites-for-volt-mx-foundry-with-sql-server'
            is included in the 'nav' configuration, which is not found in the documentation files
WARNING  -  A relative path to
            'Foundry/voltmx_foundry_windows_install_guide/Content/DB_PRe-reqs.html#prerequisites-for-volt-mx-foundry-with-mssql-applicable-for-engagement-services'
            is included in the 'nav' configuration, which is not found in the documentation files
WARNING  -  A relative path to
            'Foundry/voltmx_foundry_windows_install_guide/Content/DB_PRe-reqs.html#prerequisites-for-volt-mx-foundry-with-mysql'
            is included in the 'nav' configuration, which is not found in the documentation files
WARNING  -  A relative path to
            'Foundry/voltmx_foundry_windows_install_guide/Content/AppServ_Prerequisites.html#tomcat-prerequisites' is
            included in the 'nav' configuration, which is not found in the documentation files
WARNING  -  A relative path to
            'Foundry/voltmx_foundry_windows_install_guide/Content/AppServ_Prerequisites.html#tomcat-prerequisites' is
            included in the 'nav' configuration, which is not found in the documentation files
WARNING  -  A relative path to
            'Foundry/voltmx_foundry_windows_install_guide/Content/AppServ_Prerequisites.html#jboss-prerequisites' is
            included in the 'nav' configuration, which is not found in the documentation files
WARNING  -  A relative path to
            'Foundry/voltmx_foundry_windows_install_guide/Content/AppServ_Prerequisites.html#configure-the-standalone-existing-jboss'
            is included in the 'nav' configuration, which is not found in the documentation files
WARNING  -  A relative path to
            'Foundry/voltmx_foundry_windows_install_guide/Content/AppServ_Prerequisites.html#configure-the-standalone-existing-jboss-with-self-signed-certificate-jboss-7-1'
            is included in the 'nav' configuration, which is not found in the documentation files
WARNING  -  A relative path to
            'Foundry/voltmx_foundry_windows_install_guide/Content/AppServ_Prerequisites.html#configure-port-settings-for-multinode-loadbalancer-setups'
            is included in the 'nav' configuration, which is not found in the documentation files
WARNING  -  A relative path to
            'Foundry/voltmx_foundry_windows_install_guide/Content/AppServ_Prerequisites.html#how-to-disable-weak-ciphers-in-jboss'
            is included in the 'nav' configuration, which is not found in the documentation files
WARNING  -  A relative path to
            'Foundry/voltmx_foundry_windows_install_guide/Content/AppServ_Prerequisites.html#weblogic-prerequisites' is
            included in the 'nav' configuration, which is not found in the documentation files
WARNING  -  A relative path to
            'Foundry/voltmx_foundry_windows_install_guide/Content/AppServ_Prerequisites.html#heap-and-permgen-settings'
            is included in the 'nav' configuration, which is not found in the documentation files
WARNING  -  A relative path to
            'Foundry/voltmx_foundry_windows_install_guide/Content/AppServ_Prerequisites.html#security-configurations' is
            included in the 'nav' configuration, which is not found in the documentation files
WARNING  -  A relative path to
            'Foundry/voltmx_foundry_windows_install_guide/Content/AppServ_Prerequisites.html#configure-the-log-locations-weblogic'
            is included in the 'nav' configuration, which is not found in the documentation files
WARNING  -  A relative path to
            'Foundry/voltmx_foundry_windows_install_guide/Content/Foundry_Architecture_and_Components.html#developer-environment'
            is included in the 'nav' configuration, which is not found in the documentation files
WARNING  -  A relative path to
            'Foundry/voltmx_foundry_windows_install_guide/Content/Foundry_Architecture_and_Components.html#production-environment'
            is included in the 'nav' configuration, which is not found in the documentation files
WARNING  -  A relative path to
            'Foundry/voltmx_foundry_windows_install_guide/Content/Pre-installation_Tasks.html#download-volt-mx-foundry-installer'
            is included in the 'nav' configuration, which is not found in the documentation files
WARNING  -  A relative path to
            'Foundry/voltmx_foundry_windows_install_guide/Content/Pre-installation_Tasks.html#steps-before-installing-or-upgrading-volt-mx-foundry-with-the-existing-database'
            is included in the 'nav' configuration, which is not found in the documentation files
WARNING  -  A relative path to
            'Foundry/voltmx_foundry_windows_install_guide/Content/Pre-installation_Tasks.html#add-a-user-in-local-group-policy-log-on-as-a-service'
            is included in the 'nav' configuration, which is not found in the documentation files
WARNING  -  A relative path to
            'Foundry/voltmx_foundry_windows_install_guide/Content/Pre-installation_Tasks.html#install-memcached-server'
            is included in the 'nav' configuration, which is not found in the documentation files
WARNING  -  A relative path to
            'Foundry/voltmx_foundry_windows_install_guide/Content/Pre-installation_Tasks.html#configure-load-balancers-for-sending-host-information-in-multinode'
            is included in the 'nav' configuration, which is not found in the documentation files
WARNING  -  A relative path to
            'Foundry/voltmx_foundry_windows_install_guide/Content/Pre-installation_Tasks.html#download-and-install-the-unrestricted-jce-policy-files'
            is included in the 'nav' configuration, which is not found in the documentation files
WARNING  -  A relative path to
            'Foundry/voltmx_foundry_windows_install_guide/Content/DB_Pre-installation_Tasks.html#mysql' is included in
            the 'nav' configuration, which is not found in the documentation files
WARNING  -  A relative path to
            'Foundry/voltmx_foundry_windows_install_guide/Content/DB_Pre-installation_Tasks.html#sql-server' is included
            in the 'nav' configuration, which is not found in the documentation files
WARNING  -  A relative path to
            'Foundry/voltmx_foundry_windows_install_guide/Content/DB_Pre-installation_Tasks.html#oracle' is included in
            the 'nav' configuration, which is not found in the documentation files
WARNING  -  A relative path to
            'Foundry/voltmx_foundry_windows_install_guide/Content/DB_Pre-installation_Tasks.html#maria-db' is included
            in the 'nav' configuration, which is not found in the documentation files
WARNING  -  A relative path to
            'Foundry/voltmx_foundry_windows_install_guide/Content/Appser_Pre-installation_Tasks.html#configure-load-balancer-as-proxy-in-jboss-multinode-setup-optional-if-ssl-offloading-at-load-balancer'
            is included in the 'nav' configuration, which is not found in the documentation files
WARNING  -  A relative path to
            'Foundry/voltmx_foundry_windows_install_guide/Content/Appser_Pre-installation_Tasks.html#configure-load-balancer-as-proxy-in-jboss-multinode-setup-optional-if-ssl-offloading-at-load-balancer'
            is included in the 'nav' configuration, which is not found in the documentation files
WARNING  -  A relative path to
            'Foundry/voltmx_foundry_windows_install_guide/Content/Appser_Pre-installation_Tasks.html#update-listen-interfaces-in-host-xml-for-jboss-cluster'
            is included in the 'nav' configuration, which is not found in the documentation files
WARNING  -  A relative path to
            'Foundry/voltmx_foundry_windows_install_guide/Content/Appser_Pre-installation_Tasks.html#comment-the-javax-persistence-module-for-volt-mx-engagement-services-on-jboss-cluster'
            is included in the 'nav' configuration, which is not found in the documentation files
WARNING  -  A relative path to
            'Foundry/voltmx_foundry_windows_install_guide/Content/Appser_Pre-installation_Tasks.html#how-to-configure-connector-jboss'
            is included in the 'nav' configuration, which is not found in the documentation files
WARNING  -  A relative path to
            'Foundry/voltmx_foundry_windows_install_guide/Content/Appser_Pre-installation_Tasks.html#how-to-increase-timeout-and-maximum-heap-size-settings-jboss'
            is included in the 'nav' configuration, which is not found in the documentation files
WARNING  -  A relative path to
            'Foundry/voltmx_foundry_windows_install_guide/Content/Appser_Pre-installation_Tasks.html#how-to-configure-engagement-services-jboss'
            is included in the 'nav' configuration, which is not found in the documentation files
WARNING  -  A relative path to
            'Foundry/voltmx_foundry_windows_install_guide/Content/Appser_Pre-installation_Tasks.html#weblogic' is
            included in the 'nav' configuration, which is not found in the documentation files
WARNING  -  A relative path to
            'Foundry/voltmx_foundry_windows_install_guide/Content/Appser_Pre-installation_Tasks.html#customizing-the-weblogic-jvm-heap-size'
            is included in the 'nav' configuration, which is not found in the documentation files
WARNING  -  A relative path to
            'Foundry/voltmx_foundry_windows_install_guide/Content/Appser_Pre-installation_Tasks.html#place-ms-sql-server-connector-jar-in-the-weblogic-server'
            is included in the 'nav' configuration, which is not found in the documentation files
WARNING  -  A relative path to
            'Foundry/voltmx_foundry_windows_install_guide/Content/Appser_Pre-installation_Tasks.html#place-oracle-server-connector-jar-in-the-weblogic-server'
            is included in the 'nav' configuration, which is not found in the documentation files
WARNING  -  A relative path to
            'Foundry/voltmx_foundry_windows_install_guide/Content/Appser_Pre-installation_Tasks.html#place-mysql-server-connector-jar-in-the-weblogic-server'
            is included in the 'nav' configuration, which is not found in the documentation files
WARNING  -  A relative path to
            'Foundry/voltmx_foundry_windows_install_guide/Content/Appser_Pre-installation_Tasks.html#how-to-configure-engagement-services-weblogic'
            is included in the 'nav' configuration, which is not found in the documentation files
WARNING  -  A relative path to
            'Foundry/voltmx_foundry_windows_install_guide/Content/Post-Installation_Tasks.html#Service_Provider's_Certificate_Issues'
            is included in the 'nav' configuration, which is not found in the documentation files
WARNING  -  A relative path to
            'Foundry/voltmx_foundry_windows_install_guide/Content/Post-Installation_Tasks.html#how-to-add-an-installer-generated-self-signed-ssl-certificate-to-cacerts'
            is included in the 'nav' configuration, which is not found in the documentation files
WARNING  -  A relative path to
            'Foundry/voltmx_foundry_windows_install_guide/Content/Post-Installation_Tasks.html#how-to-add-an-existing-ssl-certificate-to-cacerts'
            is included in the 'nav' configuration, which is not found in the documentation files
WARNING  -  A relative path to
            'Foundry/voltmx_foundry_windows_install_guide/Content/Post-Installation_Tasks.html#jdk-version-compatibility'
            is included in the 'nav' configuration, which is not found in the documentation files
WARNING  -  A relative path to
            'Foundry/voltmx_foundry_windows_install_guide/Content/Post-Installation_Tasks.html#how-to-update-security-configuration-in-config-xml-required-in-case-of-weblogic-installation'
            is included in the 'nav' configuration, which is not found in the documentation files
WARNING  -  A relative path to
            'Foundry/voltmx_foundry_windows_install_guide/Content/Post-Installation_Tasks.html#how-to-turn-off-the-send-usage-data-anonymously-feature'
            is included in the 'nav' configuration, which is not found in the documentation files
WARNING  -  A relative path to
            'Foundry/voltmx_foundry_windows_install_guide/Content/Post-Installation_Tasks.html#configure-deployment-of-mbaasportal-war-file-for-multi-node'
            is included in the 'nav' configuration, which is not found in the documentation files
WARNING  -  A relative path to
            'Foundry/voltmx_foundry_windows_install_guide/Content/Post-Installation_Tasks.html#remote-installation-pre-requisites'
            is included in the 'nav' configuration, which is not found in the documentation files
WARNING  -  A relative path to
            'Foundry/voltmx_foundry_windows_install_guide/Content/Post-Installation_Tasks.html#installing-volt-mx-foundry-remotely'
            is included in the 'nav' configuration, which is not found in the documentation files
WARNING  -  A relative path to
            'Foundry/voltmx_foundry_windows_install_guide/Content/Post-Installation_Tasks.html#how-to-turn-off-the-send-usage-data-anonymously-feature'
            is included in the 'nav' configuration, which is not found in the documentation files
WARNING  -  A relative path to
            'Foundry/voltmx_foundry_windows_install_guide/Content/Post-Installation_Tasks.html#health-check-url' is
            included in the 'nav' configuration, which is not found in the documentation files
WARNING  -  A relative path to
            'Foundry/voltmx_foundry_windows_install_guide/Content/Post-Installation_Tasks.html#steps-to-enable-sapjco'
            is included in the 'nav' configuration, which is not found in the documentation files
WARNING  -  A relative path to
            'Foundry/voltmx_foundry_windows_install_guide/Content/Logs_for_SingleNode_Installation.html#for-tomcat' is
            included in the 'nav' configuration, which is not found in the documentation files
WARNING  -  A relative path to
            'Foundry/voltmx_foundry_windows_install_guide/Content/Logs_for_SingleNode_Installation.html#for-jboss' is
            included in the 'nav' configuration, which is not found in the documentation files
WARNING  -  A relative path to
            'Foundry/voltmx_foundry_windows_install_guide/Content/Logs_for_SingleNode_Installation.html#for-weblogic' is
            included in the 'nav' configuration, which is not found in the documentation files
WARNING  -  A relative path to
            'Foundry/voltmx_foundry_windows_install_guide/Content/Logs_for_Multi-Node_Installation.html#for-tomcat' is
            included in the 'nav' configuration, which is not found in the documentation files
WARNING  -  A relative path to
            'Foundry/voltmx_foundry_windows_install_guide/Content/Logs_for_Multi-Node_Installation.html#for-jboss' is
            included in the 'nav' configuration, which is not found in the documentation files
WARNING  -  A relative path to
            'Foundry/voltmx_foundry_windows_install_guide/Content/Logs_for_Multi-Node_Installation.html#for-weblogic' is
            included in the 'nav' configuration, which is not found in the documentation files
WARNING  -  A relative path to
            'Foundry/voltmx_foundry_windows_install_guide/Content/Troubleshooting.html#upgrade-issue-foundryadminadaptertest-fails-with-jwt-error'
            is included in the 'nav' configuration, which is not found in the documentation files
WARNING  -  A relative path to
            'Foundry/voltmx_foundry_windows_install_guide/Content/Troubleshooting.html#hostname-port-changes-for-tomcat-application-server'
            is included in the 'nav' configuration, which is not found in the documentation files
WARNING  -  A relative path to
            'Foundry/voltmx_foundry_windows_install_guide/Content/Troubleshooting.html#hostname-port-changes-for-jboss-application-server'
            is included in the 'nav' configuration, which is not found in the documentation files
WARNING  -  A relative path to
            'Foundry/voltmx_foundry_windows_install_guide/Content/Troubleshooting.html#how-to-configure-jboss-cluster'
            is included in the 'nav' configuration, which is not found in the documentation files
WARNING  -  A relative path to
            'Foundry/voltmx_foundry_windows_install_guide/Content/Troubleshooting.html#how-to-configure-heap-and-permgen-size'
            is included in the 'nav' configuration, which is not found in the documentation files
WARNING  -  A relative path to
            'Foundry/voltmx_foundry_windows_install_guide/Content/Troubleshooting.html#how-to-configure-volt-mx-foundry-behind-a-reverse-proxy'
            is included in the 'nav' configuration, which is not found in the documentation files
WARNING  -  A relative path to
            'Foundry/voltmx_foundry_windows_install_guide/Content/Troubleshooting.html#preserving-proxy-if-load-balancer-or-proxy-server-is-configured'
            is included in the 'nav' configuration, which is not found in the documentation files
WARNING  -  A relative path to
            'Foundry/voltmx_foundry_windows_install_guide/Content/Troubleshooting.html#how-to-configure-frontend-https-to-tomcat-http-redirection'
            is included in the 'nav' configuration, which is not found in the documentation files
WARNING  -  A relative path to
            'Foundry/voltmxfoundry_containers_solution_on-prem/Content/VoltMX_Foundry_Containers_Solution_On-Prem.html#overview'
            is included in the 'nav' configuration, which is not found in the documentation files
WARNING  -  A relative path to
            'Foundry/voltmxfoundry_containers_solution_on-prem/Content/VoltMX_Foundry_Containers_Solution_On-Prem.html#salient-features'
            is included in the 'nav' configuration, which is not found in the documentation files
WARNING  -  A relative path to
            'Foundry/voltmxfoundry_containers_solution_on-prem/Content/VoltMX_Foundry_Containers_Solution_On-Prem.html#prerequisites'
            is included in the 'nav' configuration, which is not found in the documentation files
WARNING  -  A relative path to
            'Foundry/voltmxfoundry_containers_solution_on-prem/Content/VoltMX_Foundry_Containers_Solution_On-Prem.html#software-requirements'
            is included in the 'nav' configuration, which is not found in the documentation files
WARNING  -  A relative path to
            'Foundry/voltmxfoundry_containers_solution_on-prem/Content/VoltMX_Foundry_Containers_Solution_On-Prem.html#H/w_Req'
            is included in the 'nav' configuration, which is not found in the documentation files
WARNING  -  A relative path to
            'Foundry/voltmxfoundry_containers_solution_on-prem/Content/VoltMX_Foundry_Containers_Solution_On-Prem.html#firewall-settings'
            is included in the 'nav' configuration, which is not found in the documentation files
WARNING  -  A relative path to
            'Foundry/voltmxfoundry_containers_solution_on-prem/Content/VoltMX_Foundry_Containers_Solution_On-Prem.html#preinstallation-tasks'
            is included in the 'nav' configuration, which is not found in the documentation files
WARNING  -  A relative path to
            'Foundry/voltmxfoundry_containers_solution_on-prem/Content/VoltMX_Foundry_Containers_Solution_On-Prem.html#architecture'
            is included in the 'nav' configuration, which is not found in the documentation files
WARNING  -  A relative path to
            'Foundry/voltmxfoundry_containers_solution_on-prem/Content/VoltMX_Foundry_Containers_Solution_On-Prem.html#installation-types'
            is included in the 'nav' configuration, which is not found in the documentation files
WARNING  -  A relative path to
            'Foundry/voltmxfoundry_containers_solution_on-prem/Content/VoltMX_Foundry_Containers_Solution_On-Prem.html#configuration'
            is included in the 'nav' configuration, which is not found in the documentation files
WARNING  -  A relative path to
            'Foundry/voltmxfoundry_containers_solution_on-prem/Content/VoltMX_Foundry_Containers_Solution_On-Prem.html#installation'
            is included in the 'nav' configuration, which is not found in the documentation files
WARNING  -  A relative path to
            'Foundry/voltmxfoundry_containers_solution_on-prem/Content/VoltMX_Foundry_Containers_Solution_On-Prem.html#known-issues-and-limitations'
            is included in the 'nav' configuration, which is not found in the documentation files
WARNING  -  A relative path to
            'Foundry/voltmxfoundry_containers_solution_on-prem/Content/Containers_Solution_PostInstallation.html#configuring-kibana-dashboard'
            is included in the 'nav' configuration, which is not found in the documentation files
WARNING  -  A relative path to
            'Foundry/voltmxfoundry_containers_solution_on-prem/Content/Containers_Solution_PostInstallation.html#configuring-grafana-monitoring-tool'
            is included in the 'nav' configuration, which is not found in the documentation files
WARNING  -  A relative path to
            'Foundry/voltmxfoundry_containers_solution_on-prem/Content/Containers_Solution_PostInstallation.html#configuring-alert-manager'
            is included in the 'nav' configuration, which is not found in the documentation files
WARNING  -  A relative path to
            'Foundry/voltmxfoundry_containers_solution_on-prem/Content/Containers_Solution_PostInstallation.html#how-to-access-the-kubernetes-dashboard'
            is included in the 'nav' configuration, which is not found in the documentation files
WARNING  -  A relative path to
            'Foundry/voltmxfoundry_containers_solution_on-prem/Content/Containers_Solution_PostInstallation.html#how-to-upgrade-individual-foundry-components'
            is included in the 'nav' configuration, which is not found in the documentation files
WARNING  -  A relative path to
            'Foundry/voltmxfoundry_containers_solution_on-prem/Content/Containers_Solution_Appendices.html#enabling-metrics-server'
            is included in the 'nav' configuration, which is not found in the documentation files
WARNING  -  A relative path to
            'Foundry/voltmxfoundry_containers_solution_on-prem/Content/Containers_Solution_Appendices.html#enabling-kuberhealthy'
            is included in the 'nav' configuration, which is not found in the documentation files
WARNING  -  A relative path to
            'Foundry/voltmxfoundry_containers_solution_on-prem/Content/Containers_Solution_Appendices.html#enabling-stern'
            is included in the 'nav' configuration, which is not found in the documentation files
WARNING  -  A relative path to
            'Foundry/voltmxfoundry_single_container/Content/VoltMX_Foundry_Single_Container_Solution_On-Prem_.html#overview-volt-mx-foundry-single-container-solution'
            is included in the 'nav' configuration, which is not found in the documentation files
WARNING  -  A relative path to
            'Foundry/voltmxfoundry_single_container/Content/VoltMX_Foundry_Single_Container_Solution_On-Prem_.html#salient-features'
            is included in the 'nav' configuration, which is not found in the documentation files
WARNING  -  A relative path to
            'Foundry/voltmxfoundry_single_container/Content/VoltMX_Foundry_Single_Container_Solution_On-Prem_.html#prerequisites'
            is included in the 'nav' configuration, which is not found in the documentation files
WARNING  -  A relative path to
            'Foundry/voltmxfoundry_single_container/Content/VoltMX_Foundry_Single_Container_Solution_On-Prem_.html#software-requirements'
            is included in the 'nav' configuration, which is not found in the documentation files
WARNING  -  A relative path to
            'Foundry/voltmxfoundry_single_container/Content/VoltMX_Foundry_Single_Container_Solution_On-Prem_.html#supported-application-servers'
            is included in the 'nav' configuration, which is not found in the documentation files
WARNING  -  A relative path to
            'Foundry/voltmxfoundry_single_container/Content/VoltMX_Foundry_Single_Container_Solution_On-Prem_.html#supported-databases'
            is included in the 'nav' configuration, which is not found in the documentation files
WARNING  -  A relative path to
            'Foundry/voltmxfoundry_single_container/Content/VoltMX_Foundry_Single_Container_Solution_On-Prem_.html#H/w_Req'
            is included in the 'nav' configuration, which is not found in the documentation files
WARNING  -  A relative path to
            'Foundry/voltmxfoundry_single_container/Content/VoltMX_Foundry_Single_Container_Solution_On-Prem_.html#architecture'
            is included in the 'nav' configuration, which is not found in the documentation files
WARNING  -  A relative path to
            'Foundry/voltmxfoundry_single_container/Content/VoltMX_Foundry_Single_Container_Solution_On-Prem_.html#installation-types'
            is included in the 'nav' configuration, which is not found in the documentation files
WARNING  -  A relative path to
            'Foundry/voltmxfoundry_single_container/Content/VoltMX_Foundry_Single_Container_Solution_On-Prem_.html#configuration'
            is included in the 'nav' configuration, which is not found in the documentation files
WARNING  -  A relative path to
            'Foundry/voltmxfoundry_single_container/Content/VoltMX_Foundry_Single_Container_Solution_On-Prem_.html#installation'
            is included in the 'nav' configuration, which is not found in the documentation files
WARNING  -  A relative path to
            'Foundry/voltmxfoundry_single_container/Content/VoltMX_Foundry_Single_Container_Solution_On-Prem_.html#limitations'
            is included in the 'nav' configuration, which is not found in the documentation files
WARNING  -  A relative path to
            'Foundry/voltmxfoundry_single_container/Content/VoltMX_Foundry_Single_Container_Solution_On-Prem_.html#faqs-and-troubleshooting'
            is included in the 'nav' configuration, which is not found in the documentation files
WARNING  -  A relative path to
            'Foundry/voltmxfoundry_single_container/Content/VoltMX_Foundry_Single_Container_Solution_On-Prem_.html#extracting-logs-from-your-application'
            is included in the 'nav' configuration, which is not found in the documentation files
WARNING  -  A relative path to
            'Foundry/voltmxfoundry_single_container/Content/VoltMX_Foundry_Single_Container_Solution_On-Prem_.html#configuring-iris-to-connect-to-volt-mx-foundry'
            is included in the 'nav' configuration, which is not found in the documentation files
WARNING  -  A relative path to
            'Foundry/voltmx_foundry_user_guide/Content/Accessing_VoltMX_MBaaS_Portal.html#create-a-foundry-account' is
            included in the 'nav' configuration, which is not found in the documentation files
WARNING  -  A relative path to
            'Foundry/voltmx_foundry_user_guide/Content/Accessing_VoltMX_MBaaS_Portal.html#access-foundry-portal' is
            included in the 'nav' configuration, which is not found in the documentation files
WARNING  -  A relative path to
            'Foundry/voltmx_foundry_user_guide/Content/Accessing_VoltMX_MBaaS_Portal.html#accessing-foundry-standard' is
            included in the 'nav' configuration, which is not found in the documentation files
WARNING  -  A relative path to
            'Foundry/voltmx_foundry_user_guide/Content/Environments-Cloud.html#managing-cloud-environments' is included
            in the 'nav' configuration, which is not found in the documentation files
WARNING  -  A relative path to
            'Foundry/voltmx_foundry_user_guide/Content/Environments-Cloud.html#limiting-the-size-of-storage-services-environments-in-cloud-for-starter-edition'
            is included in the 'nav' configuration, which is not found in the documentation files
WARNING  -  A relative path to 'Foundry/voltmx_foundry_user_guide/Content/Environments-Cloud.html#appfactory-cloud' is
            included in the 'nav' configuration, which is not found in the documentation files
WARNING  -  A relative path to
            'Foundry/voltmx_foundry_user_guide/Content/How_to_access_VoltMX_Foundry_Portal_on-Prem.html#how-to-get-started-with-foundry-console'
            is included in the 'nav' configuration, which is not found in the documentation files
WARNING  -  A relative path to
            'Foundry/voltmx_foundry_user_guide/Content/How_to_access_VoltMX_Foundry_Portal_on-Prem.html#how-to-log-in-to-foundry-console'
            is included in the 'nav' configuration, which is not found in the documentation files
WARNING  -  A relative path to
            'Foundry/voltmx_foundry_user_guide/Content/How_to_access_VoltMX_Foundry_Portal_on-Prem.html#how-to-view-your-login-history'
            is included in the 'nav' configuration, which is not found in the documentation files
WARNING  -  A relative path to 'Foundry/voltmx_foundry_user_guide/Content/Environments.html#how-to-add-an-environment'
            is included in the 'nav' configuration, which is not found in the documentation files
WARNING  -  A relative path to
            'Foundry/voltmx_foundry_user_guide/Content/Environments.html#how-to-modify-an-environment' is included in
            the 'nav' configuration, which is not found in the documentation files
WARNING  -  A relative path to
            'Foundry/voltmx_foundry_user_guide/Content/Environments.html#how-to-delete-an-environment' is included in
            the 'nav' configuration, which is not found in the documentation files
WARNING  -  A relative path to 'Foundry/voltmx_foundry_user_guide/Content/API_Management.html#identity-service' is
            included in the 'nav' configuration, which is not found in the documentation files
WARNING  -  A relative path to 'Foundry/voltmx_foundry_user_guide/Content/API_Management.html#integration-service' is
            included in the 'nav' configuration, which is not found in the documentation files
WARNING  -  A relative path to 'Foundry/voltmx_foundry_user_guide/Content/API_Management.html#orchestration-service' is
            included in the 'nav' configuration, which is not found in the documentation files
WARNING  -  A relative path to 'Foundry/voltmx_foundry_user_guide/Content/API_Management.html#object-service' is
            included in the 'nav' configuration, which is not found in the documentation files
WARNING  -  A relative path to 'Foundry/voltmx_foundry_user_guide/Content/App_User_Session.html#service-configuration'
            is included in the 'nav' configuration, which is not found in the documentation files
WARNING  -  A relative path to
            'Foundry/voltmx_foundry_user_guide/Content/App_User_Session.html#identity-service-security-settings' is
            included in the 'nav' configuration, which is not found in the documentation files
WARNING  -  A relative path to 'Foundry/voltmx_foundry_user_guide/Content/App_User_Session.html#AppSessionAPIMgmt' is
            included in the 'nav' configuration, which is not found in the documentation files
WARNING  -  A relative path to
            'Foundry/voltmx_foundry_user_guide/Content/API_Management.html#how-to-view-associated-apps-in-apis' is
            included in the 'nav' configuration, which is not found in the documentation files
WARNING  -  A relative path to 'Foundry/voltmx_foundry_user_guide/Content/API_Management.html#context-based-options' is
            included in the 'nav' configuration, which is not found in the documentation files
WARNING  -  A relative path to
            'Foundry/voltmx_foundry_user_guide/Content/CustomDataConfig.html#when-to-use-custom-data-adapters' is
            included in the 'nav' configuration, which is not found in the documentation files
WARNING  -  A relative path to
            'Foundry/voltmx_foundry_user_guide/Content/CustomDataConfig.html#why-use-custom-data-adapters' is included
            in the 'nav' configuration, which is not found in the documentation files
WARNING  -  A relative path to 'Foundry/voltmx_foundry_user_guide/Content/CustomDataConfig.html#getting-started' is
            included in the 'nav' configuration, which is not found in the documentation files
WARNING  -  A relative path to
            'Foundry/voltmx_foundry_user_guide/Content/CustomDataConfig.html#creating-custom-data-adapters' is included
            in the 'nav' configuration, which is not found in the documentation files
WARNING  -  A relative path to
            'Foundry/voltmx_foundry_user_guide/Content/CustomDataConfig.html#api-based-custom-data-adapter-example' is
            included in the 'nav' configuration, which is not found in the documentation files
WARNING  -  A relative path to
            'Foundry/voltmx_foundry_user_guide/Content/CustomDataConfig.html#importing-a-custom-data-adapter' is
            included in the 'nav' configuration, which is not found in the documentation files
WARNING  -  A relative path to
            'Foundry/voltmx_foundry_user_guide/Content/CustomDataConfig.html#custom-data-adapter-structure' is included
            in the 'nav' configuration, which is not found in the documentation files
WARNING  -  A relative path to
            'Foundry/voltmx_foundry_user_guide/Content/CustomDataConfig.html#raml-or-swagger-based-structure' is
            included in the 'nav' configuration, which is not found in the documentation files
WARNING  -  A relative path to
            'Foundry/voltmx_foundry_user_guide/Content/CustomDataConfig.html#foundry-app-based-structure' is included in
            the 'nav' configuration, which is not found in the documentation files
WARNING  -  A relative path to
            'Foundry/voltmx_foundry_user_guide/Content/CustomDataConfig.html#managing-custom-data-adapters' is included
            in the 'nav' configuration, which is not found in the documentation files
WARNING  -  A relative path to
            'Foundry/voltmx_foundry_user_guide/Content/CLI_Analytics.html#benefits-of-using-mfcli-for-analytics' is
            included in the 'nav' configuration, which is not found in the documentation files
WARNING  -  A relative path to 'Foundry/voltmx_foundry_user_guide/Content/CLI_Analytics.html#usage' is included in the
            'nav' configuration, which is not found in the documentation files
WARNING  -  A relative path to
            'Foundry/voltmx_foundry_user_guide/Content/CLI_Analytics.html#prerequisites-for-analytics-enabled-app-binary'
            is included in the 'nav' configuration, which is not found in the documentation files
WARNING  -  A relative path to 'Foundry/voltmx_foundry_user_guide/Content/CLI_Analytics.html#download-links' is included
            in the 'nav' configuration, which is not found in the documentation files
WARNING  -  A relative path to
            'Foundry/voltmx_foundry_user_guide/Content/CLI_Analytics.html#mfcli-commands-for-analytics-of-third-party-apps-app-binaries'
            is included in the 'nav' configuration, which is not found in the documentation files
WARNING  -  A relative path to 'Foundry/voltmx_foundry_user_guide/Content/CLI_Analytics.html#wrap-command' is included
            in the 'nav' configuration, which is not found in the documentation files
WARNING  -  A relative path to 'Foundry/voltmx_foundry_user_guide/Content/CLI_Analytics.html#wrap-fetch-command' is
            included in the 'nav' configuration, which is not found in the documentation files
WARNING  -  A relative path to
            'Foundry/voltmx_foundry_user_guide/Content/CLI_Analytics.html#attributes-for-wrap-wrap-fetch-and-wrap-delete-commands-in-mfcli'
            is included in the 'nav' configuration, which is not found in the documentation files
WARNING  -  A relative path to
            'Foundry/voltmx_foundry_user_guide/Content/CLI_Analytics.html#use-cases-of-analytics-through-mfcli' is
            included in the 'nav' configuration, which is not found in the documentation files
WARNING  -  A relative path to
            'Foundry/voltmx_foundry_user_guide/Content/CLI_Analytics.html#limitations-of-mfcli-for-analytics' is
            included in the 'nav' configuration, which is not found in the documentation files
WARNING  -  A relative path to 'Foundry/voltmx_foundry_user_guide/Content/Export-Import_Apps.html#introduction' is
            included in the 'nav' configuration, which is not found in the documentation files
WARNING  -  A relative path to 'Foundry/voltmx_foundry_user_guide/Content/Export-Import_Apps.html#use-cases' is included
            in the 'nav' configuration, which is not found in the documentation files
WARNING  -  A relative path to 'Foundry/voltmx_foundry_user_guide/Content/Export-Import_Apps.html#how-to-export-an-app'
            is included in the 'nav' configuration, which is not found in the documentation files
WARNING  -  A relative path to
            'Foundry/voltmx_foundry_user_guide/Content/Export-Import_Apps.html#how-to-import-an-app-as-a-new-app' is
            included in the 'nav' configuration, which is not found in the documentation files
WARNING  -  A relative path to
            'Foundry/voltmx_foundry_user_guide/Content/Export-Import_Apps.html#how-to-import-an-app-to-an-existing-app'
            is included in the 'nav' configuration, which is not found in the documentation files
WARNING  -  A relative path to
            'Foundry/voltmx_foundry_user_guide/Content/Export-Import_Apps.html#folder-structure-of-an-exported-app' is
            included in the 'nav' configuration, which is not found in the documentation files
WARNING  -  A relative path to 'Foundry/voltmx_foundry_user_guide/Content/Identity.html#benefits-of-using-identity' is
            included in the 'nav' configuration, which is not found in the documentation files
WARNING  -  A relative path to 'Foundry/voltmx_foundry_user_guide/Content/Identity.html#workflow-of-identity-services'
            is included in the 'nav' configuration, which is not found in the documentation files
WARNING  -  A relative path to 'Foundry/voltmx_foundry_user_guide/Content/Identity.html#supported-identity-providers' is
            included in the 'nav' configuration, which is not found in the documentation files
WARNING  -  A relative path to
            'Foundry/voltmx_foundry_user_guide/Content/Identity2_MS_AD.html#microsoft-active-directory-identity-service'
            is included in the 'nav' configuration, which is not found in the documentation files
WARNING  -  A relative path to 'Foundry/voltmx_foundry_user_guide/Content/Identity2_MS_AD.html#saml' is included in the
            'nav' configuration, which is not found in the documentation files
WARNING  -  A relative path to 'Foundry/voltmx_foundry_user_guide/Content/Identity2_MS_AD.html#ldap-ldaps' is included
            in the 'nav' configuration, which is not found in the documentation files
WARNING  -  A relative path to
            'Foundry/voltmx_foundry_user_guide/Content/Identity2_MS_AD.html#identity-service-integration-with-azure-active-directory'
            is included in the 'nav' configuration, which is not found in the documentation files
WARNING  -  A relative path to
            'Foundry/voltmx_foundry_user_guide/Content/Identity2_MS_AD.html#how-service-integration-with-azure-active-directory-works'
            is included in the 'nav' configuration, which is not found in the documentation files
WARNING  -  A relative path to 'Foundry/voltmx_foundry_user_guide/Content/Identity2_MS_AD.html#process-overview' is
            included in the 'nav' configuration, which is not found in the documentation files
WARNING  -  A relative path to
            'Foundry/voltmx_foundry_user_guide/Content/Identity2_MS_AD.html#configure-the-identity-provider-on-the-azure-portal'
            is included in the 'nav' configuration, which is not found in the documentation files
WARNING  -  A relative path to
            'Foundry/voltmx_foundry_user_guide/Content/Identity2_MS_AD.html#configure-the-service-provider-on-the-foundry-portal'
            is included in the 'nav' configuration, which is not found in the documentation files
WARNING  -  A relative path to
            'Foundry/voltmx_foundry_user_guide/Content/Identity3_Salesforce.html#salesforce-identity-service' is
            included in the 'nav' configuration, which is not found in the documentation files
WARNING  -  A relative path to
            'Foundry/voltmx_foundry_user_guide/Content/Identity4_LDAP.html#open-ldap-identity-service' is included in
            the 'nav' configuration, which is not found in the documentation files
WARNING  -  A relative path to 'Foundry/voltmx_foundry_user_guide/Content/Identity5_SAML.html#saml-2-0-identity-service'
            is included in the 'nav' configuration, which is not found in the documentation files
WARNING  -  A relative path to
            'Foundry/voltmx_foundry_user_guide/Content/Identity6_SiteMinder.html#siteminder-identity-service' is
            included in the 'nav' configuration, which is not found in the documentation files
WARNING  -  A relative path to
            'Foundry/voltmx_foundry_user_guide/Content/Identity7_VoltMX_SAP.html#sap-gateway-identity-service' is
            included in the 'nav' configuration, which is not found in the documentation files
WARNING  -  A relative path to
            'Foundry/voltmx_foundry_user_guide/Content/Identity12_VoltMXUR.html#user-repository-identity-service' is
            included in the 'nav' configuration, which is not found in the documentation files
WARNING  -  A relative path to
            'Foundry/voltmx_foundry_user_guide/Content/UserRepositoryIdentityService.html#use-case-1-creating-multiple-instances-of-user-repository-identity-service'
            is included in the 'nav' configuration, which is not found in the documentation files
WARNING  -  A relative path to
            'Foundry/voltmx_foundry_user_guide/Content/UserRepositoryIdentityService.html#creating-a-user-repository-identity-service'
            is included in the 'nav' configuration, which is not found in the documentation files
WARNING  -  A relative path to
            'Foundry/voltmx_foundry_user_guide/Content/UserRepositoryIdentityService.html#adding-a-user-with-a-group-to-a-user-repository'
            is included in the 'nav' configuration, which is not found in the documentation files
WARNING  -  A relative path to
            'Foundry/voltmx_foundry_user_guide/Content/UserRepositoryIdentityService.html#importing-users-to-a-user-repository'
            is included in the 'nav' configuration, which is not found in the documentation files
WARNING  -  A relative path to
            'Foundry/voltmx_foundry_user_guide/Content/UserRepositoryIdentityService.html#exporting-users-from-a-user-repository'
            is included in the 'nav' configuration, which is not found in the documentation files
WARNING  -  A relative path to
            'Foundry/voltmx_foundry_user_guide/Content/UserRepositoryIdentityService.html#editing-or-deleting-a-user-from-a-user-repository-identity-service'
            is included in the 'nav' configuration, which is not found in the documentation files
WARNING  -  A relative path to
            'Foundry/voltmx_foundry_user_guide/Content/UserRepositoryIdentityService.html#cloning-a-user-repository-identity-service'
            is included in the 'nav' configuration, which is not found in the documentation files
WARNING  -  A relative path to
            'Foundry/voltmx_foundry_user_guide/Content/Identity9_Facebook.html#facebook-identity-service' is included in
            the 'nav' configuration, which is not found in the documentation files
WARNING  -  A relative path to
            'Foundry/voltmx_foundry_user_guide/Content/Identity8_VoltMX_Custom.html#custom-identity-agreement' is
            included in the 'nav' configuration, which is not found in the documentation files
WARNING  -  A relative path to
            'Foundry/voltmx_foundry_user_guide/Content/Identity8_VoltMX_Custom.html#how-to-configure-custom-identity-provider'
            is included in the 'nav' configuration, which is not found in the documentation files
WARNING  -  A relative path to
            'Foundry/voltmx_foundry_user_guide/Content/Identity14_Manage_Existing.html#how-to-use-an-existing-identity-service'
            is included in the 'nav' configuration, which is not found in the documentation files
WARNING  -  A relative path to
            'Foundry/voltmx_foundry_user_guide/Content/Identity14_Manage_Existing.html#how-to-use-an-existing-identity-service'
            is included in the 'nav' configuration, which is not found in the documentation files
WARNING  -  A relative path to
            'Foundry/voltmx_foundry_user_guide/Content/Identity14_Manage_Existing.html#how-to-unlink-or-delete-multiple-existing-identity-services'
            is included in the 'nav' configuration, which is not found in the documentation files
WARNING  -  A relative path to
            'Foundry/voltmx_foundry_user_guide/Content/Identity14_Manage_Existing.html#context-based-options' is
            included in the 'nav' configuration, which is not found in the documentation files
WARNING  -  A relative path to
            'Foundry/voltmx_foundry_user_guide/Content/ServiceConfig-Identiy-Apps.html#how-to-configure-app-session-settings'
            is included in the 'nav' configuration, which is not found in the documentation files
WARNING  -  A relative path to
            'Foundry/voltmx_foundry_user_guide/Content/ServiceConfig-Identiy-Apps.html#how-to-enable-http-message-body-integrity'
            is included in the 'nav' configuration, which is not found in the documentation files
WARNING  -  A relative path to 'Foundry/voltmx_foundry_user_guide/Content/single_Sign-On.HTMl' is included in the 'nav'
            configuration, which is not found in the documentation files
WARNING  -  A relative path to 'Foundry/voltmx_foundry_user_guide/Content/single_Sign-On.HTMl#UseCase' is included in
            the 'nav' configuration, which is not found in the documentation files
WARNING  -  A relative path to 'Foundry/voltmx_foundry_user_guide/Content/single_Sign-On.HTMl#ConfigureSSO' is included
            in the 'nav' configuration, which is not found in the documentation files
WARNING  -  A relative path to 'Foundry/voltmx_foundry_user_guide/Content/single_Sign-On.HTMl#SSO_VoltMXFoundry' is
            included in the 'nav' configuration, which is not found in the documentation files
WARNING  -  A relative path to 'Foundry/voltmx_foundry_user_guide/Content/single_Sign-On.HTMl#SSO_ClientApp' is included
            in the 'nav' configuration, which is not found in the documentation files
WARNING  -  A relative path to 'Foundry/voltmx_foundry_user_guide/Content/single_Sign-On.HTMl#SSO_Platforms' is included
            in the 'nav' configuration, which is not found in the documentation files
WARNING  -  A relative path to 'Foundry/voltmx_foundry_user_guide/Content/single_Sign-On.HTMl#SSO_Android' is included
            in the 'nav' configuration, which is not found in the documentation files
WARNING  -  A relative path to 'Foundry/voltmx_foundry_user_guide/Content/single_Sign-On.HTMl#SSO_iOS' is included in
            the 'nav' configuration, which is not found in the documentation files
WARNING  -  A relative path to 'Foundry/voltmx_foundry_user_guide/Content/ConcurrentUserLogins.html#Usecase1' is
            included in the 'nav' configuration, which is not found in the documentation files
WARNING  -  A relative path to 'Foundry/voltmx_foundry_user_guide/Content/ConcurrentUserLogins.html#Usecase2' is
            included in the 'nav' configuration, which is not found in the documentation files
WARNING  -  A relative path to
            'Foundry/voltmx_foundry_user_guide/Content/ConcurrentUserLogins.html#how-to-configure-concurrent-user-active-sessions-for-apps'
            is included in the 'nav' configuration, which is not found in the documentation files
WARNING  -  A relative path to 'Foundry/voltmx_foundry_user_guide/Content/Legacy_Serivces.html#limitations' is included
            in the 'nav' configuration, which is not found in the documentation files
WARNING  -  A relative path to
            'Foundry/voltmx_foundry_user_guide/Content/Legacy_Serivces.html#limitations-scraper-connector' is included
            in the 'nav' configuration, which is not found in the documentation files
WARNING  -  A relative path to
            'Foundry/voltmx_foundry_user_guide/Content/Legacy_Serivces.html#scraper-services-with-a-custom-classname' is
            included in the 'nav' configuration, which is not found in the documentation files
WARNING  -  A relative path to
            'Foundry/voltmx_foundry_user_guide/Content/Legacy_Serivces.html#how-to-enable-sap-jco-configurations-on-standalone-jboss-server'
            is included in the 'nav' configuration, which is not found in the documentation files
WARNING  -  A relative path to 'Foundry/voltmx_foundry_user_guide{{ site.baseurl
            }}Iris/iris_user_guide/Content/Introduction.md?TocPath=Designing_an_Application|Create#_Migrate#_or_Import_a_Project|_____2l#MigrateProjectFromVoltMXStudioOrPrevVerIris.md'
            is included in the 'nav' configuration, which is not found in the documentation files
WARNING  -  A relative path to
            'Foundry/voltmx_foundry_user_guide/Content/CSD-LegacySerivce.html#csd-app-files-and-folders' is included in
            the 'nav' configuration, which is not found in the documentation files
WARNING  -  A relative path to
            'Foundry/voltmx_foundry_user_guide/Content/CSD-LegacySerivce.html#csd-app-folder-structure' is included in
            the 'nav' configuration, which is not found in the documentation files
WARNING  -  A relative path to
            'Foundry/voltmx_foundry_user_guide/Content/CSD-LegacySerivce.html#migrating-and-importing-a-csd-app' is
            included in the 'nav' configuration, which is not found in the documentation files
WARNING  -  A relative path to 'Foundry/voltmx_foundry_user_guide/Content/Services.html#overview' is included in the
            'nav' configuration, which is not found in the documentation files
WARNING  -  A relative path to 'Foundry/voltmx_foundry_user_guide/Content/Services.html#use-cases' is included in the
            'nav' configuration, which is not found in the documentation files
WARNING  -  A relative path to
            'Foundry/voltmx_foundry_user_guide/Content/Services.html#workflow-of-integration-services' is included in
            the 'nav' configuration, which is not found in the documentation files
WARNING  -  A relative path to 'Foundry/voltmx_foundry_user_guide/Content/Services.html#supported-endpoint-adapters' is
            included in the 'nav' configuration, which is not found in the documentation files
WARNING  -  A relative path to
            'Foundry/voltmx_foundry_user_guide/Content/MockData_Adapter.html#how-to-test-a-mock-data-response-from-admin-console'
            is included in the 'nav' configuration, which is not found in the documentation files
WARNING  -  A relative path to
            'Foundry/voltmx_foundry_user_guide/Content/MockData_Adapter.html#advanced-parameters-in-mock-data' is
            included in the 'nav' configuration, which is not found in the documentation files
WARNING  -  A relative path to
            'Foundry/voltmx_foundry_user_guide/Content/MockData_Adapter.html#how-to-configure-a-request-input-and-request-header-parameters-in-mock-data'
            is included in the 'nav' configuration, which is not found in the documentation files
WARNING  -  A relative path to
            'Foundry/voltmx_foundry_user_guide/Content/MockData_Adapter.html#how-to-test-a-mock-data-response-from-admin-console'
            is included in the 'nav' configuration, which is not found in the documentation files
WARNING  -  A relative path to
            'Foundry/voltmx_foundry_user_guide/Content/Java_Preprocessor_Postprocessor_.html#exception-handling-in-preprocessor-support-to-access-config-map-as-part-of-onexception-handler'
            is included in the 'nav' configuration, which is not found in the documentation files
WARNING  -  A relative path to 'Foundry/voltmx_foundry_user_guide/Content/Rules_as_Pre_Post_Processors.html#WhyRules' is
            included in the 'nav' configuration, which is not found in the documentation files
WARNING  -  A relative path to
            'Foundry/voltmx_foundry_user_guide/Content/Rules_as_Pre_Post_Processors.html#RuleStructure' is included in
            the 'nav' configuration, which is not found in the documentation files
WARNING  -  A relative path to
            'Foundry/voltmx_foundry_user_guide/Content/Rules_as_Pre_Post_Processors.html#HowtoWriteRules' is included in
            the 'nav' configuration, which is not found in the documentation files
WARNING  -  A relative path to
            'Foundry/voltmx_foundry_user_guide/Content/Rules_as_Pre_Post_Processors.html#built-in-objects' is included
            in the 'nav' configuration, which is not found in the documentation files
WARNING  -  A relative path to
            'Foundry/voltmx_foundry_user_guide/Content/Rules_as_Pre_Post_Processors.html#built-in-functions' is included
            in the 'nav' configuration, which is not found in the documentation files
WARNING  -  A relative path to
            'Foundry/voltmx_foundry_user_guide/Content/Rules_as_Pre_Post_Processors.html#sample-rules' is included in
            the 'nav' configuration, which is not found in the documentation files
WARNING  -  A relative path to
            'Foundry/voltmx_foundry_user_guide/Content/Custom_Code_for_Invoking_Integration_from_pre-post-java.html#exception-handling-for-java-preprocessor-and-postprocessor'
            is included in the 'nav' configuration, which is not found in the documentation files
WARNING  -  A relative path to
            'Foundry/voltmx_foundry_user_guide/Content/Java_Pre-Post_Samples.html#java-sample-code-for-preprocessor-and-postprocessor'
            is included in the 'nav' configuration, which is not found in the documentation files
WARNING  -  A relative path to 'Foundry/voltmx_foundry_user_guide/Content/Stub.html#stub-template' is included in the
            'nav' configuration, which is not found in the documentation files
WARNING  -  A relative path to
            'Foundry/voltmx_foundry_user_guide/Content/Stub.html#pre-built-functions-supported-in-stub-template' is
            included in the 'nav' configuration, which is not found in the documentation files
WARNING  -  A relative path to 'Foundry/voltmx_foundry_user_guide/Content/Stub.html#Escapebracesinstub' is included in
            the 'nav' configuration, which is not found in the documentation files
WARNING  -  A relative path to 'Foundry/voltmx_foundry_user_guide/Content/Stub.html#XMLStub' is included in the 'nav'
            configuration, which is not found in the documentation files
WARNING  -  A relative path to 'Foundry/voltmx_foundry_user_guide/Content/Stub.html#Nestingfunctions' is included in the
            'nav' configuration, which is not found in the documentation files
WARNING  -  A relative path to
            'Foundry/voltmx_foundry_user_guide/Content/Stub.html#how-to-enable-stub-back-end-response' is included in
            the 'nav' configuration, which is not found in the documentation files
WARNING  -  A relative path to
            'Foundry/voltmx_foundry_user_guide/Content/Stub.html#how-to-test-a-stub-response-from-admin-console' is
            included in the 'nav' configuration, which is not found in the documentation files
WARNING  -  A relative path to
            'Foundry/voltmx_foundry_user_guide/Content/Stub.html#advanced-parameters-in-stub-response' is included in
            the 'nav' configuration, which is not found in the documentation files
WARNING  -  A relative path to
            'Foundry/voltmx_foundry_user_guide/Content/Stub.html#how-to-configure-a-request-input-and-request-header-parameters-in-stub-template'
            is included in the 'nav' configuration, which is not found in the documentation files
WARNING  -  A relative path to
            'Foundry/voltmx_foundry_user_guide/Content/Stub.html#how-to-configure-x-volt-mx-stub-request-header' is
            included in the 'nav' configuration, which is not found in the documentation files
WARNING  -  A relative path to
            'Foundry/voltmx_foundry_user_guide/Content/Stub.html#how-to-configure-a-global-request-parameter-to-enable-stubbing-from-an-application'
            is included in the 'nav' configuration, which is not found in the documentation files
WARNING  -  A relative path to
            'Foundry/voltmx_foundry_user_guide/Content/Stub.html#how-to-disable-stubbing-in-an-environment' is included
            in the 'nav' configuration, which is not found in the documentation files
WARNING  -  A relative path to
            'Foundry/voltmx_foundry_user_guide/Content/Identity_Filters_Integration.html#enhanced-identity-filters-integration-services'
            is included in the 'nav' configuration, which is not found in the documentation files
WARNING  -  A relative path to 'Foundry/voltmx_foundry_user_guide/Content/Collection.html#collection-support' is
            included in the 'nav' configuration, which is not found in the documentation files
WARNING  -  A relative path to
            'Foundry/voltmx_foundry_user_guide/Content/Collection.html#collection-support-in-request-input-for-soap' is
            included in the 'nav' configuration, which is not found in the documentation files
WARNING  -  A relative path to
            'Foundry/voltmx_foundry_user_guide/Content/Collection.html#collection-support-in-request-input-for-json' is
            included in the 'nav' configuration, which is not found in the documentation files
WARNING  -  A relative path to
            'Foundry/voltmx_foundry_user_guide/Content/Collection.html#collection-support-in-request-input-for-xml' is
            included in the 'nav' configuration, which is not found in the documentation files
WARNING  -  A relative path to 'Foundry/voltmx_foundry_user_guide/Content/FrontEndAPI.html#resource-url-front-end-url'
            is included in the 'nav' configuration, which is not found in the documentation files
WARNING  -  A relative path to
            'Foundry/voltmx_foundry_user_guide/Content/FrontEndAPI.html#resource-method-front-end-http-method' is
            included in the 'nav' configuration, which is not found in the documentation files
WARNING  -  A relative path to
            'Foundry/voltmx_foundry_user_guide/Content/XPath.html#xpath-supported-operators-in-foundry' is included in
            the 'nav' configuration, which is not found in the documentation files
WARNING  -  A relative path to 'Foundry/voltmx_foundry_user_guide/Content/XPath.html#how-to-use-xpath-in-foundry' is
            included in the 'nav' configuration, which is not found in the documentation files
WARNING  -  A relative path to 'Foundry/voltmx_foundry_user_guide/Content/XPath.html#xpath-example-reference' is
            included in the 'nav' configuration, which is not found in the documentation files
WARNING  -  A relative path to 'Foundry/voltmx_foundry_user_guide/Content/XPath.html#BackendResponse' is included in the
            'nav' configuration, which is not found in the documentation files
WARNING  -  A relative path to 'Foundry/voltmx_foundry_user_guide/Content/XPath.html#XpathAND' is included in the 'nav'
            configuration, which is not found in the documentation files
WARNING  -  A relative path to 'Foundry/voltmx_foundry_user_guide/Content/XPath.html#XPathOR' is included in the 'nav'
            configuration, which is not found in the documentation files
WARNING  -  A relative path to 'Foundry/voltmx_foundry_user_guide/Content/XPath.html#XPath_Arithmetic' is included in
            the 'nav' configuration, which is not found in the documentation files
WARNING  -  A relative path to
            'Foundry/voltmx_foundry_user_guide/Content/Manage_Existing_Integration_Services_1.html#test-the-login-for-an-oauth-2-0-identity-service'
            is included in the 'nav' configuration, which is not found in the documentation files
WARNING  -  A relative path to
            'Foundry/voltmx_foundry_user_guide/Content/Manage_Existing_Integration_Services_1.html#how-to-save-or-use-a-version-of-a-service'
            is included in the 'nav' configuration, which is not found in the documentation files
WARNING  -  A relative path to
            'Foundry/voltmx_foundry_user_guide/Content/Manage_Existing_Integration_Services_1.html#how-to-use-an-existing-integration-service'
            is included in the 'nav' configuration, which is not found in the documentation files
WARNING  -  A relative path to
            'Foundry/voltmx_foundry_user_guide/Content/Manage_Existing_Integration_Services_1.html#how-to-clone-unlink-or-delete-multiple-existing-integration-services'
            is included in the 'nav' configuration, which is not found in the documentation files
WARNING  -  A relative path to
            'Foundry/voltmx_foundry_user_guide/Content/Manage_Existing_Integration_Services_1.html#context-based-options'
            is included in the 'nav' configuration, which is not found in the documentation files
WARNING  -  A relative path to 'Foundry/voltmx_foundry_user_guide/Content/Workflow.html#overview' is included in the
            'nav' configuration, which is not found in the documentation files
WARNING  -  A relative path to 'Foundry/voltmx_foundry_user_guide/Content/Workflow.html#supported-workflow-types' is
            included in the 'nav' configuration, which is not found in the documentation files
WARNING  -  A relative path to 'Foundry/voltmx_foundry_user_guide/Content/Workflow.html#working-with-workflows' is
            included in the 'nav' configuration, which is not found in the documentation files
WARNING  -  A relative path to 'Foundry/voltmx_foundry_user_guide/Content/Workflow.html#create-a-new-workflow' is
            included in the 'nav' configuration, which is not found in the documentation files
WARNING  -  A relative path to 'Foundry/voltmx_foundry_user_guide/Content/Workflow.html#event-triggered-workflow' is
            included in the 'nav' configuration, which is not found in the documentation files
WARNING  -  A relative path to 'Foundry/voltmx_foundry_user_guide/Content/Workflow.html#object-triggered-workflow' is
            included in the 'nav' configuration, which is not found in the documentation files
WARNING  -  A relative path to 'Foundry/voltmx_foundry_user_guide/Content/Workflow.html#workflow-instances-details-page'
            is included in the 'nav' configuration, which is not found in the documentation files
WARNING  -  A relative path to 'Foundry/voltmx_foundry_user_guide/Content/Workflow.html#NodesObjWorkflow' is included in
            the 'nav' configuration, which is not found in the documentation files
WARNING  -  A relative path to 'Foundry/voltmx_foundry_user_guide/Content/Workflow.html#start-event' is included in the
            'nav' configuration, which is not found in the documentation files
WARNING  -  A relative path to 'Foundry/voltmx_foundry_user_guide/Content/Workflow.html#user-task' is included in the
            'nav' configuration, which is not found in the documentation files
WARNING  -  A relative path to 'Foundry/voltmx_foundry_user_guide/Content/Workflow.html#NodesEvntWorkflow' is included
            in the 'nav' configuration, which is not found in the documentation files
WARNING  -  A relative path to 'Foundry/voltmx_foundry_user_guide/Content/Workflow.html#signal-start' is included in the
            'nav' configuration, which is not found in the documentation files
WARNING  -  A relative path to 'Foundry/voltmx_foundry_user_guide/Content/Workflow.html#catch-signal-event' is included
            in the 'nav' configuration, which is not found in the documentation files
WARNING  -  A relative path to 'Foundry/voltmx_foundry_user_guide/Content/Workflow.html#throw-signal-event' is included
            in the 'nav' configuration, which is not found in the documentation files
WARNING  -  A relative path to 'Foundry/voltmx_foundry_user_guide/Content/Workflow.html#CommonNodes' is included in the
            'nav' configuration, which is not found in the documentation files
WARNING  -  A relative path to 'Foundry/voltmx_foundry_user_guide/Content/Workflow.html#service-task' is included in the
            'nav' configuration, which is not found in the documentation files
WARNING  -  A relative path to 'Foundry/voltmx_foundry_user_guide/Content/Workflow.html#namespace' is included in the
            'nav' configuration, which is not found in the documentation files
WARNING  -  A relative path to 'Foundry/voltmx_foundry_user_guide/Content/Workflow.html#timer' is included in the 'nav'
            configuration, which is not found in the documentation files
WARNING  -  A relative path to 'Foundry/voltmx_foundry_user_guide/Content/Workflow.html#message-task' is included in the
            'nav' configuration, which is not found in the documentation files
WARNING  -  A relative path to 'Foundry/voltmx_foundry_user_guide/Content/Workflow.html#script-task' is included in the
            'nav' configuration, which is not found in the documentation files
WARNING  -  A relative path to 'Foundry/voltmx_foundry_user_guide/Content/Workflow.html#business-rule-task' is included
            in the 'nav' configuration, which is not found in the documentation files
WARNING  -  A relative path to 'Foundry/voltmx_foundry_user_guide/Content/Workflow.html#exclusive-gateways' is included
            in the 'nav' configuration, which is not found in the documentation files
WARNING  -  A relative path to 'Foundry/voltmx_foundry_user_guide/Content/Workflow.html#sequence-flows' is included in
            the 'nav' configuration, which is not found in the documentation files
WARNING  -  A relative path to
            'Foundry/voltmx_foundry_user_guide/Content/Workflow.html#advanced-configurations-workflow' is included in
            the 'nav' configuration, which is not found in the documentation files
WARNING  -  A relative path to 'Foundry/voltmx_foundry_user_guide/Content/Workflow.html#use-existing-workflow-service'
            is included in the 'nav' configuration, which is not found in the documentation files
WARNING  -  A relative path to 'Foundry/voltmx_foundry_user_guide/Content/Workflow.html#manage-workflows' is included in
            the 'nav' configuration, which is not found in the documentation files
WARNING  -  A relative path to 'Foundry/voltmx_foundry_user_guide/Content/EventsWorkflowImplementation.html#usecase' is
            included in the 'nav' configuration, which is not found in the documentation files
WARNING  -  A relative path to
            'Foundry/voltmx_foundry_user_guide/Content/EventsWorkflowImplementation.html#loan-application-event-triggered-workflow'
            is included in the 'nav' configuration, which is not found in the documentation files
WARNING  -  A relative path to
            'Foundry/voltmx_foundry_user_guide/Content/EventsWorkflowImplementation.html#how-to-set-the-corresponding-triggering-events-and-listening-events'
            is included in the 'nav' configuration, which is not found in the documentation files
WARNING  -  A relative path to
            'Foundry/voltmx_foundry_user_guide/Content/EventsWorkflowImplementation.html#test-the-workflow' is included
            in the 'nav' configuration, which is not found in the documentation files
WARNING  -  A relative path to 'Foundry/voltmx_foundry_user_guide/Content/Objectservices.html#introduction' is included
            in the 'nav' configuration, which is not found in the documentation files
WARNING  -  A relative path to 'Foundry/voltmx_foundry_user_guide/Content/Objectservices.html#how-do-objects-work' is
            included in the 'nav' configuration, which is not found in the documentation files
WARNING  -  A relative path to
            'Foundry/voltmx_foundry_user_guide/Content/Objectservices.html#why-should-i-use-object-services' is included
            in the 'nav' configuration, which is not found in the documentation files
WARNING  -  A relative path to 'Foundry/voltmx_foundry_user_guide/Content/Objectservices.html#object-services-view' is
            included in the 'nav' configuration, which is not found in the documentation files
WARNING  -  A relative path to
            'Foundry/voltmx_foundry_user_guide/Content/Objectservices.html#workflow-of-object-services' is included in
            the 'nav' configuration, which is not found in the documentation files
WARNING  -  A relative path to
            'Foundry/voltmx_foundry_user_guide/Content/ObjectsServices/Stage_2.html#generating-objects-39-definition-from-meta-data-of-back-end-provider'
            is included in the 'nav' configuration, which is not found in the documentation files
WARNING  -  A relative path to
            'Foundry/voltmx_foundry_user_guide/Content/ObjectsServices/Stage_2.html#creating-objects-39-definition-and-map-to-back-end-objects-manually'
            is included in the 'nav' configuration, which is not found in the documentation files
WARNING  -  A relative path to
            'Foundry/voltmx_foundry_user_guide/Content/ObjectsServices/Stage_2.html#configuring-relationships-between-objects'
            is included in the 'nav' configuration, which is not found in the documentation files
WARNING  -  A relative path to
            'Foundry/voltmx_foundry_user_guide/Content/ObjectsServices/Objectservices_Stage3.html#mapping-verbs-and-methods-to-the-fields-on-the-back-end'
            is included in the 'nav' configuration, which is not found in the documentation files
WARNING  -  A relative path to
            'Foundry/voltmx_foundry_user_guide/Content/ObjectsServices/Objectservices_Stage3.html#configuring-common-mapping-to-the-fields-on-the-back-end'
            is included in the 'nav' configuration, which is not found in the documentation files
WARNING  -  A relative path to
            'Foundry/voltmx_foundry_user_guide/Content/ObjectsServices/Objectservices_Stage3.html#configuring-methods-mapping-to-fields-on-the-back-end'
            is included in the 'nav' configuration, which is not found in the documentation files
WARNING  -  A relative path to
            'Foundry/voltmx_foundry_user_guide/Content/ObjectsServices/Objectservices_Stage3.html#Pre_Post_Processor_Objects'
            is included in the 'nav' configuration, which is not found in the documentation files
WARNING  -  A relative path to
            'Foundry/voltmx_foundry_user_guide/Content/ObjectsServices/Objectservices_Stage3.html#how-to-use-actions-in-existing-objects-methods'
            is included in the 'nav' configuration, which is not found in the documentation files
WARNING  -  A relative path to
            'Foundry/voltmx_foundry_user_guide/Content/ObjectsServices/Objectservices_Stage3.html#adding-custom-verbs-for-sap-object-service'
            is included in the 'nav' configuration, which is not found in the documentation files
WARNING  -  A relative path to
            'Foundry/voltmx_foundry_user_guide/Content/ObjectsServices/Objectservices_Stage3.html#mapping-verbs-for-objects-for-service-driven-objects'
            is included in the 'nav' configuration, which is not found in the documentation files
WARNING  -  A relative path to
            'Foundry/voltmx_foundry_user_guide/Content/ObjectsServices/Objectservices_Stage3.html#testing-an-object-service-in-foundry'
            is included in the 'nav' configuration, which is not found in the documentation files
WARNING  -  A relative path to
            'Foundry/voltmx_foundry_user_guide/Content/ObjectsServices/ObjectservicesMapper.html#mapper-elements' is
            included in the 'nav' configuration, which is not found in the documentation files
WARNING  -  A relative path to
            'Foundry/voltmx_foundry_user_guide/Content/ObjectsServices/ObjectservicesMapper.html#identity-support-in-mapper'
            is included in the 'nav' configuration, which is not found in the documentation files
WARNING  -  A relative path to 'Foundry/voltmx_foundry_user_guide/Content/DataEncryptionObjects.html#use-cases' is
            included in the 'nav' configuration, which is not found in the documentation files
WARNING  -  A relative path to 'Foundry/voltmx_foundry_user_guide/Content/DataEncryptionObjects.html#pre-requisites' is
            included in the 'nav' configuration, which is not found in the documentation files
WARNING  -  A relative path to
            'Foundry/voltmx_foundry_user_guide/Content/DataEncryptionObjects.html#steps-to-enable-client-side-logic' is
            included in the 'nav' configuration, which is not found in the documentation files
WARNING  -  A relative path to
            'Foundry/voltmx_foundry_user_guide/Content/DataEncryptionObjects.html#workflow-of-data-pre-and-post-processors-on-client-for-object-services'
            is included in the 'nav' configuration, which is not found in the documentation files
WARNING  -  A relative path to
            'Foundry/voltmx_foundry_user_guide/Content/DataEncryptionObjects.html#api-signatures-for-data-pre-and-post-processors-for-client-objects'
            is included in the 'nav' configuration, which is not found in the documentation files
WARNING  -  A relative path to
            'Foundry/voltmx_foundry_user_guide/Content/DataEncryptionObjects.html#creating-an-object-service-with-meta-data-and-enabling-data-pre-and-post-processors-on-a-client-app'
            is included in the 'nav' configuration, which is not found in the documentation files
WARNING  -  A relative path to
            'Foundry/voltmx_foundry_user_guide/Content/DataEncryptionObjects.html#sample-code-to-encrypt-decrypt-meta-data-of-the-password-field-for-client-app'
            is included in the 'nav' configuration, which is not found in the documentation files
WARNING  -  A relative path to
            'Foundry/voltmx_foundry_user_guide/Content/DataEncryptionObjects.html#advanced-features-in-data-pre-and-post-processors-for-client-app'
            is included in the 'nav' configuration, which is not found in the documentation files
WARNING  -  A relative path to
            'Foundry/voltmx_foundry_user_guide/Content/ObjectsServices/Storage_ObjectServices.html#workflow-for-generating-sample-data-template'
            is included in the 'nav' configuration, which is not found in the documentation files
WARNING  -  A relative path to
            'Foundry/voltmx_foundry_user_guide/Content/ObjectsServices/Storage_ObjectServices.html#generating-sample-data-template'
            is included in the 'nav' configuration, which is not found in the documentation files
WARNING  -  A relative path to
            'Foundry/voltmx_foundry_user_guide/Content/ObjectsServices/Storage_ObjectServices.html#how-to-manage-sample-data-to-storage-object-service-using-foundry'
            is included in the 'nav' configuration, which is not found in the documentation files
WARNING  -  A relative path to
            'Foundry/voltmx_foundry_user_guide/Content/ObjectsServices/Storage_ObjectServices.html#how-to-delete-unused-data-for-storage-object-services-using-the-app-services-console'
            is included in the 'nav' configuration, which is not found in the documentation files
WARNING  -  A relative path to
            'Foundry/voltmx_foundry_user_guide/Content/Custom_Code_for_Invoking_ObjectService_from_pre-post-java.html#invoking-servicesmanager-object-services'
            is included in the 'nav' configuration, which is not found in the documentation files
WARNING  -  A relative path to
            'Foundry/voltmx_foundry_user_guide/Content/Custom_Code_for_Invoking_ObjectService_from_pre-post-java.html#invoking-an-object-service-from-servicesmanager'
            is included in the 'nav' configuration, which is not found in the documentation files
WARNING  -  A relative path to 'Foundry/voltmx_foundry_user_guide/Content/Legacy_Sync.html#sync-configuration-file' is
            included in the 'nav' configuration, which is not found in the documentation files
WARNING  -  A relative path to
            'Foundry/voltmx_foundry_user_guide/Content/Legacy_Sync.html#adding-a-new-synchronization-scope' is included
            in the 'nav' configuration, which is not found in the documentation files
WARNING  -  A relative path to 'Foundry/voltmx_foundry_user_guide/Content/Legacy_Sync.html#defining-sync-objects' is
            included in the 'nav' configuration, which is not found in the documentation files
WARNING  -  A relative path to 'Foundry/voltmx_foundry_user_guide/Content/Legacy_Sync.html#validate-sync-configuration'
            is included in the 'nav' configuration, which is not found in the documentation files
WARNING  -  A relative path to 'Foundry/voltmx_foundry_user_guide/Content/Legacy_Sync.html#use-parent-child-upload' is
            included in the 'nav' configuration, which is not found in the documentation files
WARNING  -  A relative path to
            'Foundry/voltmx_foundry_user_guide/Content/Legacy_Sync.html#download-the-sync-configuration' is included in
            the 'nav' configuration, which is not found in the documentation files
WARNING  -  A relative path to 'Foundry/voltmx_foundry_user_guide/Content/LogicServicesinApps.md' is included in the
            'nav' configuration, which is not found in the documentation files
WARNING  -  A relative path to 'Foundry/voltmx_foundry_user_guide/Content/Rules_as_a_Service.html#HowRulesServiceWorks'
            is included in the 'nav' configuration, which is not found in the documentation files
WARNING  -  A relative path to 'Foundry/voltmx_foundry_user_guide/Content/Rules_as_a_Service.html#WhyWhenRulesService'
            is included in the 'nav' configuration, which is not found in the documentation files
WARNING  -  A relative path to 'Foundry/voltmx_foundry_user_guide/Content/Rules_as_a_Service.html#UseCaseRulesService'
            is included in the 'nav' configuration, which is not found in the documentation files
WARNING  -  A relative path to 'Foundry/voltmx_foundry_user_guide/Content/Rules_as_a_Service.html#RuleServiceStructure'
            is included in the 'nav' configuration, which is not found in the documentation files
WARNING  -  A relative path to
            'Foundry/voltmx_foundry_user_guide/Content/Rules_as_a_Service.html#how-to-create-a-rules-service' is
            included in the 'nav' configuration, which is not found in the documentation files
WARNING  -  A relative path to
            'Foundry/voltmx_foundry_user_guide/Content/Rules_as_a_Service.html#configure-request-for-a-rule' is included
            in the 'nav' configuration, which is not found in the documentation files
WARNING  -  A relative path to
            'Foundry/voltmx_foundry_user_guide/Content/Rules_as_a_Service.html#create-response-for-a-rule' is included
            in the 'nav' configuration, which is not found in the documentation files
WARNING  -  A relative path to 'Foundry/voltmx_foundry_user_guide/Content/Rules_as_a_Service.html#built-in-objects' is
            included in the 'nav' configuration, which is not found in the documentation files
WARNING  -  A relative path to 'Foundry/voltmx_foundry_user_guide/Content/Rules_as_a_Service.html#built-in-functions' is
            included in the 'nav' configuration, which is not found in the documentation files
WARNING  -  A relative path to 'Foundry/voltmx_foundry_user_guide/Content/Rules_as_a_Service.html#sample-rules' is
            included in the 'nav' configuration, which is not found in the documentation files
WARNING  -  A relative path to
            'Foundry/voltmx_foundry_user_guide/Content/Manage_Client_App_Assets.html#MenuManageClientAssets' is included
            in the 'nav' configuration, which is not found in the documentation files
WARNING  -  A relative path to 'Foundry/voltmx_foundry_user_guide/Content/EnterpriseAppStore.html#overview' is included
            in the 'nav' configuration, which is not found in the documentation files
WARNING  -  A relative path to
            'Foundry/voltmx_foundry_user_guide/Content/EnterpriseAppStore.html#workflow-of-apps-for-app-server' is
            included in the 'nav' configuration, which is not found in the documentation files
WARNING  -  A relative path to
            'Foundry/voltmx_foundry_user_guide/Content/EnterpriseAppStore.html#prerequisites-for-cloud' is included in
            the 'nav' configuration, which is not found in the documentation files
WARNING  -  A relative path to
            'Foundry/voltmx_foundry_user_guide/Content/EnterpriseAppStore.html#prerequisites-for-on-premises' is
            included in the 'nav' configuration, which is not found in the documentation files
WARNING  -  A relative path to
            'Foundry/voltmx_foundry_user_guide/Content/EnterpriseAppStore.html#supported-channels-and-platforms-for-app-server'
            is included in the 'nav' configuration, which is not found in the documentation files
WARNING  -  A relative path to
            'Foundry/voltmx_foundry_user_guide/Content/EnterpriseAppStore.html#publishing-apps-to-eas-app-server' is
            included in the 'nav' configuration, which is not found in the documentation files
WARNING  -  A relative path to
            'Foundry/voltmx_foundry_user_guide/Content/EnterpriseAppStore.html#publishing-client-binaries-to-app-server-from-iris-for-cloud-only'
            is included in the 'nav' configuration, which is not found in the documentation files
WARNING  -  A relative path to
            'Foundry/voltmx_foundry_user_guide/Content/EnterpriseAppStore.html#publishing-client-binaries-to-app-server-from-foundry'
            is included in the 'nav' configuration, which is not found in the documentation files
WARNING  -  A relative path to
            'Foundry/voltmx_foundry_user_guide/Content/EnterpriseAppStore.html#accessing-eas-app-link' is included in
            the 'nav' configuration, which is not found in the documentation files
WARNING  -  A relative path to
            'Foundry/voltmx_foundry_user_guide/Content/EnterpriseAppStore.html#to-access-eas-link-after-the-app-is-published-foundry'
            is included in the 'nav' configuration, which is not found in the documentation files
WARNING  -  A relative path to
            'Foundry/voltmx_foundry_user_guide/Content/EnterpriseAppStore.html#to-access-eas-link-from-the-published-environment-foundry'
            is included in the 'nav' configuration, which is not found in the documentation files
WARNING  -  A relative path to
            'Foundry/voltmx_foundry_user_guide/Content/EnterpriseAppStore.html#to-access-eas-link-from-the-app-service-document-and-app-key-foundry'
            is included in the 'nav' configuration, which is not found in the documentation files
WARNING  -  A relative path to
            'Foundry/voltmx_foundry_user_guide/Content/EnterpriseAppStore.html#handling-eas-unavailability' is included
            in the 'nav' configuration, which is not found in the documentation files
WARNING  -  A relative path to
            'Foundry/voltmx_foundry_user_guide/Content/EnterpriseAppStore.html#downloading-apps-from-eas' is included in
            the 'nav' configuration, which is not found in the documentation files
WARNING  -  A relative path to
            'Foundry/voltmx_foundry_user_guide/Content/EnterpriseAppStore.html#trust-ios-certificates' is included in
            the 'nav' configuration, which is not found in the documentation files
WARNING  -  A relative path to
            'Foundry/voltmx_foundry_user_guide/Content/EnterpriseAppStore.html#securing-apps-in-app-server-for-eas' is
            included in the 'nav' configuration, which is not found in the documentation files
WARNING  -  A relative path to
            'Foundry/voltmx_foundry_user_guide/Content/EnterpriseAppStore.html#securing-apps-by-using-foundry' is
            included in the 'nav' configuration, which is not found in the documentation files
WARNING  -  A relative path to
            'Foundry/voltmx_foundry_user_guide/Content/EnterpriseAppStore.html#securing-apps-by-using-iris-starter-for-cloud-only'
            is included in the 'nav' configuration, which is not found in the documentation files
WARNING  -  A relative path to
            'Foundry/voltmx_foundry_user_guide/Content/EnterpriseAppStore.html#securing-apps-by-using-app-services-console'
            is included in the 'nav' configuration, which is not found in the documentation files
WARNING  -  A relative path to
            'Foundry/voltmx_foundry_user_guide/Content/EnterpriseAppStore.html#forgot-password-for-client-apps-for-eas-for-cloud-only'
            is included in the 'nav' configuration, which is not found in the documentation files
WARNING  -  A relative path to
            'Foundry/voltmx_foundry_user_guide/Content/EnterpriseAppStore.html#switching-between-identity-services-in-app-store-app-for-eas'
            is included in the 'nav' configuration, which is not found in the documentation files
WARNING  -  A relative path to
            'Foundry/voltmx_foundry_user_guide/Content/EnterpriseAppStore.html#configuring-properties-for-client-binaries'
            is included in the 'nav' configuration, which is not found in the documentation files
WARNING  -  A relative path to
            'Foundry/voltmx_foundry_user_guide/Content/EnterpriseAppStore.html#download-app-store-app-to-foundry-account-for-cloud-only'
            is included in the 'nav' configuration, which is not found in the documentation files
WARNING  -  A relative path to
            'Foundry/voltmx_foundry_user_guide/Content/EnterpriseAppStore.html#unpublish-an-app-from-the-eas-using-foundry'
            is included in the 'nav' configuration, which is not found in the documentation files
WARNING  -  A relative path to 'Foundry/voltmx_foundry_user_guide/Content/EnterpriseAppStore.html#limitations-for-eas'
            is included in the 'nav' configuration, which is not found in the documentation files
WARNING  -  A relative path to
            'Foundry/voltmx_foundry_user_guide/Content/EnterpriseAppStore.html#android-limitations-for-eas' is included
            in the 'nav' configuration, which is not found in the documentation files
WARNING  -  A relative path to 'Foundry/voltmx_foundry_user_guide/Content/EnterpriseAppStore.html#limitations-for-eas'
            is included in the 'nav' configuration, which is not found in the documentation files
WARNING  -  A relative path to
            'Foundry/voltmx_foundry_user_guide/Content/EAS_NativeApp_Walk-through.html#eas-app-implementation' is
            included in the 'nav' configuration, which is not found in the documentation files
WARNING  -  A relative path to
            'Foundry/voltmx_foundry_user_guide/Content/EAS_NativeApp_Walk-through.html#app-architecture-under-reference-architecture'
            is included in the 'nav' configuration, which is not found in the documentation files
WARNING  -  A relative path to
            'Foundry/voltmx_foundry_user_guide/Content/EAS_NativeApp_Walk-through.html#prerequisites-to-configure-eas-source-app-in-iris'
            is included in the 'nav' configuration, which is not found in the documentation files
WARNING  -  A relative path to
            'Foundry/voltmx_foundry_user_guide/Content/EAS_NativeApp_Walk-through.html#downloading-eas-app-assets' is
            included in the 'nav' configuration, which is not found in the documentation files
WARNING  -  A relative path to
            'Foundry/voltmx_foundry_user_guide/Content/EAS_NativeApp_Walk-through.html#downloading-front-end-project-for-eas-app-for-iris'
            is included in the 'nav' configuration, which is not found in the documentation files
WARNING  -  A relative path to
            'Foundry/voltmx_foundry_user_guide/Content/EAS_NativeApp_Walk-through.html#downloading-server-app-volt-mx-app-store-for-foundry'
            is included in the 'nav' configuration, which is not found in the documentation files
WARNING  -  A relative path to
            'Foundry/voltmx_foundry_user_guide/Content/EAS_NativeApp_Walk-through.html#configuring-eas-app-in-iris' is
            included in the 'nav' configuration, which is not found in the documentation files
WARNING  -  A relative path to
            'Foundry/voltmx_foundry_user_guide/Content/EAS_NativeApp_Walk-through.html#importing-eas-front-end-project-in-iris'
            is included in the 'nav' configuration, which is not found in the documentation files
WARNING  -  A relative path to
            'Foundry/voltmx_foundry_user_guide/Content/EAS_NativeApp_Walk-through.html#importing-server-app-to-foundry'
            is included in the 'nav' configuration, which is not found in the documentation files
WARNING  -  A relative path to
            'Foundry/voltmx_foundry_user_guide/Content/EAS_NativeApp_Walk-through.html#associating-front-end-project-with-server-app'
            is included in the 'nav' configuration, which is not found in the documentation files
WARNING  -  A relative path to
            'Foundry/voltmx_foundry_user_guide/Content/EAS_NativeApp_Walk-through.html#source-of-eas-app' is included in
            the 'nav' configuration, which is not found in the documentation files
WARNING  -  A relative path to
            'Foundry/voltmx_foundry_user_guide/Content/EAS_NativeApp_Walk-through.html#structure-of-the-eas-front-end-project-store-project'
            is included in the 'nav' configuration, which is not found in the documentation files
WARNING  -  A relative path to
            'Foundry/voltmx_foundry_user_guide/Content/EAS_NativeApp_Walk-through.html#the-layout-of-the-front-end-app'
            is included in the 'nav' configuration, which is not found in the documentation files
WARNING  -  A relative path to
            'Foundry/voltmx_foundry_user_guide/Content/EAS_NativeApp_Walk-through.html#supported-functionality-and-forms-eas-front-end-project'
            is included in the 'nav' configuration, which is not found in the documentation files
WARNING  -  A relative path to
            'Foundry/voltmx_foundry_user_guide/Content/EAS_NativeApp_Walk-through.html#reference-architecture-extensions'
            is included in the 'nav' configuration, which is not found in the documentation files
WARNING  -  A relative path to
            'Foundry/voltmx_foundry_user_guide/Content/EAS_NativeApp_Walk-through.html#source-details-of-eas-back-end-app-volt-mx-app-store-app'
            is included in the 'nav' configuration, which is not found in the documentation files
WARNING  -  A relative path to
            'Foundry/voltmx_foundry_user_guide/Content/EAS_NativeApp_Walk-through.html#branding-enterprise-app-store-to-your-requirements'
            is included in the 'nav' configuration, which is not found in the documentation files
WARNING  -  A relative path to
            'Foundry/voltmx_foundry_user_guide/Content/EAS_NativeApp_Walk-through.html#branding-eas-app-to-your-company-logo-and-splash-screen'
            is included in the 'nav' configuration, which is not found in the documentation files
WARNING  -  A relative path to
            'Foundry/voltmx_foundry_user_guide/Content/EAS_NativeApp_Walk-through.html#changing-an-app-icon' is included
            in the 'nav' configuration, which is not found in the documentation files
WARNING  -  A relative path to
            'Foundry/voltmx_foundry_user_guide/Content/EAS_NativeApp_Walk-through.html#replacing-image-for-the-existing-splash-screen'
            is included in the 'nav' configuration, which is not found in the documentation files
WARNING  -  A relative path to
            'Foundry/voltmx_foundry_user_guide/Content/EAS_NativeApp_Walk-through.html#adding-new-image-to-splash-screen'
            is included in the 'nav' configuration, which is not found in the documentation files
WARNING  -  A relative path to
            'Foundry/voltmx_foundry_user_guide/Content/EAS_NativeApp_Walk-through.html#changing-the-eas-package-name' is
            included in the 'nav' configuration, which is not found in the documentation files
WARNING  -  A relative path to
            'Foundry/voltmx_foundry_user_guide/Content/EAS_NativeApp_Walk-through.html#adding-contact-us-form-and-support-details'
            is included in the 'nav' configuration, which is not found in the documentation files
WARNING  -  A relative path to
            'Foundry/voltmx_foundry_user_guide/Content/EAS_NativeApp_Walk-through.html#modifying-server-eas-app-for-identity-services-and-metadata-of-binaries'
            is included in the 'nav' configuration, which is not found in the documentation files
WARNING  -  A relative path to
            'Foundry/voltmx_foundry_user_guide/Content/EAS_NativeApp_Walk-through.html#configuring-identity-services-for-eas-authentication'
            is included in the 'nav' configuration, which is not found in the documentation files
WARNING  -  A relative path to
            'Foundry/voltmx_foundry_user_guide/Content/EAS_NativeApp_Walk-through.html#configuring-properties-for-client-binaries'
            is included in the 'nav' configuration, which is not found in the documentation files
WARNING  -  A relative path to
            'Foundry/voltmx_foundry_user_guide/Content/EAS_NativeApp_Walk-through.html#publishing-eas-app' is included
            in the 'nav' configuration, which is not found in the documentation files
WARNING  -  A relative path to
            'Foundry/voltmx_foundry_user_guide/Content/Publish_LifeCycle.html#publish-failure-error-messages' is
            included in the 'nav' configuration, which is not found in the documentation files
WARNING  -  A relative path to
            'Foundry/voltmx_foundry_user_guide/Content/Publish_LifeCycle.html#code-results-of-a-published-app' is
            included in the 'nav' configuration, which is not found in the documentation files
WARNING  -  A relative path to 'Foundry/voltmx_foundry_user_guide/Content/ServiceReconfig.html#use-case' is included in
            the 'nav' configuration, which is not found in the documentation files
WARNING  -  A relative path to 'Foundry/voltmx_foundry_user_guide/Content/ServiceReconfig.html#reconfiguring-a-service'
            is included in the 'nav' configuration, which is not found in the documentation files
WARNING  -  A relative path to
            'Foundry/voltmx_foundry_user_guide/Content/ServiceReconfig.html#reconfigure-the-schema-name-in-relational-database-connectors'
            is included in the 'nav' configuration, which is not found in the documentation files
WARNING  -  A relative path to
            'Foundry/voltmx_foundry_user_guide/Content/ServiceReconfig.html#compare-reconfigured-services' is included
            in the 'nav' configuration, which is not found in the documentation files
WARNING  -  A relative path to
            'Foundry/voltmx_foundry_user_guide/Content/ServiceReconfig.html#reset-values-for-reconfigured-services' is
            included in the 'nav' configuration, which is not found in the documentation files
WARNING  -  A relative path to 'Foundry/voltmx_foundry_user_guide/Content/ServiceConfigProfile.html#use-case' is
            included in the 'nav' configuration, which is not found in the documentation files
WARNING  -  A relative path to
            'Foundry/voltmx_foundry_user_guide/Content/ServiceConfigProfile.html#export-import-service-profiles-using-foundry'
            is included in the 'nav' configuration, which is not found in the documentation files
WARNING  -  A relative path to
            'Foundry/voltmx_foundry_user_guide/Content/ServiceConfigProfile.html#export-import-service-profiles-using-mfcli'
            is included in the 'nav' configuration, which is not found in the documentation files
WARNING  -  A relative path to
            'Foundry/voltmx_foundry_user_guide/Content/AppPromotion.html#deployment-package-structure' is included in
            the 'nav' configuration, which is not found in the documentation files
WARNING  -  A relative path to 'Foundry/voltmx_foundry_user_guide/Content/AppPromotion.html#use-case' is included in the
            'nav' configuration, which is not found in the documentation files
WARNING  -  A relative path to 'Foundry/voltmx_foundry_user_guide/Content/AppPromotion.html#prerequisites' is included
            in the 'nav' configuration, which is not found in the documentation files
WARNING  -  A relative path to
            'Foundry/voltmx_foundry_user_guide/Content/AppPromotion.html#how-to-promote-a-deployment-package' is
            included in the 'nav' configuration, which is not found in the documentation files
WARNING  -  A relative path to 'Foundry/voltmx_foundry_user_guide/Content/AppPromotion.html#PromoteDPFoundry' is
            included in the 'nav' configuration, which is not found in the documentation files
WARNING  -  A relative path to 'Foundry/voltmx_foundry_user_guide/Content/AppPromotion.html#PromoteDPMFCLI' is included
            in the 'nav' configuration, which is not found in the documentation files
WARNING  -  A relative path to 'Foundry/CI_Foundry.md' is included in the 'nav' configuration, which is not found in the
            documentation files
WARNING  -  A relative path to
            'Foundry/voltmx_foundry_user_guide/Content/Export_Import_Configuration_Parameters_AppServices_MFCLI.html#export-configurable-parameters-from-foundry-cloud-environment'
            is included in the 'nav' configuration, which is not found in the documentation files
WARNING  -  A relative path to
            'Foundry/voltmx_foundry_user_guide/Content/Export_Import_Configuration_Parameters_AppServices_MFCLI.html#export-configurable-parameters-from-foundry-on-premise-environment'
            is included in the 'nav' configuration, which is not found in the documentation files
WARNING  -  A relative path to
            'Foundry/voltmx_foundry_user_guide/Content/Export_Import_Configuration_Parameters_AppServices_MFCLI.html#import-configurable-parameters-to-foundry-cloud-environment'
            is included in the 'nav' configuration, which is not found in the documentation files
WARNING  -  A relative path to
            'Foundry/voltmx_foundry_user_guide/Content/Export_Import_Configuration_Parameters_AppServices_MFCLI.html#import-configurable-parameters-to-foundry-on-premise-environment'
            is included in the 'nav' configuration, which is not found in the documentation files
WARNING  -  A relative path to
            'Foundry/voltmx_foundry_user_guide/Content/Export_Import_Configuration_Parameters_AppServices_MFCLI.html#delete-configurable-parameters-from-foundry-cloud-environment'
            is included in the 'nav' configuration, which is not found in the documentation files
WARNING  -  A relative path to
            'Foundry/voltmx_foundry_user_guide/Content/Export_Import_Configuration_Parameters_AppServices_MFCLI.html#delete-configurable-parameters-from-foundry-on-premise-environment'
            is included in the 'nav' configuration, which is not found in the documentation files
WARNING  -  A relative path to
            'Foundry/voltmx_foundry_user_guide/Content/Lock_Unlock_Fields_ObjectServices_MFCLI.html#use-case' is
            included in the 'nav' configuration, which is not found in the documentation files
WARNING  -  A relative path to
            'Foundry/voltmx_foundry_user_guide/Content/Lock_Unlock_Fields_ObjectServices_MFCLI.html#how-locking-fields-works'
            is included in the 'nav' configuration, which is not found in the documentation files
WARNING  -  A relative path to
            'Foundry/voltmx_foundry_user_guide/Content/Lock_Unlock_Fields_ObjectServices_MFCLI.html#prerequisites' is
            included in the 'nav' configuration, which is not found in the documentation files
WARNING  -  A relative path to
            'Foundry/voltmx_foundry_user_guide/Content/Lock_Unlock_Fields_ObjectServices_MFCLI.html#lock-fields-operation'
            is included in the 'nav' configuration, which is not found in the documentation files
WARNING  -  A relative path to
            'Foundry/voltmx_foundry_user_guide/Content/Lock_Unlock_Fields_ObjectServices_MFCLI.html#removing-all-locked-fields-of-object-services'
            is included in the 'nav' configuration, which is not found in the documentation files
WARNING  -  A relative path to 'Foundry/voltmx_foundry_user_guide/Content/Foundry_SDKs.html#workflow-of-sdks' is
            included in the 'nav' configuration, which is not found in the documentation files
WARNING  -  A relative path to 'Foundry/voltmx_foundry_user_guide/Content/Foundry_SDKs.html#supported-sdks' is included
            in the 'nav' configuration, which is not found in the documentation files
WARNING  -  A relative path to
            'Foundry/voltmx_foundry_user_guide/Content/VoltMXStudio/Installing_VoltMXJS_SDK.html#Prerequisites' is
            included in the 'nav' configuration, which is not found in the documentation files
WARNING  -  A relative path to
            'Foundry/voltmx_foundry_user_guide/Content/VoltMXStudio/Initializing_VoltMX_JS_Client_SDK_Iris.html#automatic-event-capture'
            is included in the 'nav' configuration, which is not found in the documentation files
WARNING  -  A relative path to
            'Foundry/voltmx_foundry_user_guide/Content/VoltMXStudio/Initializing_VoltMX_JS_Client_SDK_Iris.html#configuring-global-parameters'
            is included in the 'nav' configuration, which is not found in the documentation files
WARNING  -  A relative path to
            'Foundry/voltmx_foundry_user_guide/Content/VoltMXStudio/HTTP_Message_Body_Integrity_Iris.html#usage-of-custom-app-security-key'
            is included in the 'nav' configuration, which is not found in the documentation files
WARNING  -  A relative path to
            'Foundry/voltmx_foundry_user_guide/Content/VoltMXStudio/Invoking_Identity_Service_Iris.html#login-with-provider-type-as-basic'
            is included in the 'nav' configuration, which is not found in the documentation files
WARNING  -  A relative path to
            'Foundry/voltmx_foundry_user_guide/Content/VoltMXStudio/Invoking_Identity_Service_Iris.html#login-with-provider-type-as-oauth-saml'
            is included in the 'nav' configuration, which is not found in the documentation files
WARNING  -  A relative path to
            'Foundry/voltmx_foundry_user_guide/Content/VoltMXStudio/Invoking_Identity_Service_Iris.html#login-with-provider-type-as-oauth-2-0-with-deep-link-url'
            is included in the 'nav' configuration, which is not found in the documentation files
WARNING  -  A relative path to
            'Foundry/voltmx_foundry_user_guide/Content/VoltMXStudio/Invoking_Identity_Service_Iris.html#get-backend-token'
            is included in the 'nav' configuration, which is not found in the documentation files
WARNING  -  A relative path to
            'Foundry/voltmx_foundry_user_guide/Content/VoltMXStudio/Invoking_Identity_Service_Iris.html#user-profile' is
            included in the 'nav' configuration, which is not found in the documentation files
WARNING  -  A relative path to
            'Foundry/voltmx_foundry_user_guide/Content/VoltMXStudio/Invoking_Identity_Service_Iris.html#get-provider-name'
            is included in the 'nav' configuration, which is not found in the documentation files
WARNING  -  A relative path to
            'Foundry/voltmx_foundry_user_guide/Content/VoltMXStudio/Invoking_Identity_Service_Iris.html#get-provider-type'
            is included in the 'nav' configuration, which is not found in the documentation files
WARNING  -  A relative path to
            'Foundry/voltmx_foundry_user_guide/Content/VoltMXStudio/Invoking_Identity_Service_Iris.html#use-persisted-login'
            is included in the 'nav' configuration, which is not found in the documentation files
WARNING  -  A relative path to
            'Foundry/voltmx_foundry_user_guide/Content/VoltMXStudio/Invoking_Identity_Service_Iris.html#logout' is
            included in the 'nav' configuration, which is not found in the documentation files
WARNING  -  A relative path to
            'Foundry/voltmx_foundry_user_guide/Content/VoltMXStudio/Invoking_Identity_Service_Iris.html#refresh-login'
            is included in the 'nav' configuration, which is not found in the documentation files
WARNING  -  A relative path to 'Foundry/voltmx_foundry_user_guide/Content/VoltMXStudio/Invoking_Logic_Service_Iris.md'
            is included in the 'nav' configuration, which is not found in the documentation files
WARNING  -  A relative path to
            'Foundry/voltmx_foundry_user_guide/Content/VoltMXStudio/Invoking_Messaging_Service_Iris.html#register' is
            included in the 'nav' configuration, which is not found in the documentation files
WARNING  -  A relative path to
            'Foundry/voltmx_foundry_user_guide/Content/VoltMXStudio/Invoking_Messaging_Service_Iris.html#register-with-auth-token'
            is included in the 'nav' configuration, which is not found in the documentation files
WARNING  -  A relative path to
            'Foundry/voltmx_foundry_user_guide/Content/VoltMXStudio/Invoking_Messaging_Service_Iris.html#unregister' is
            included in the 'nav' configuration, which is not found in the documentation files
WARNING  -  A relative path to
            'Foundry/voltmx_foundry_user_guide/Content/VoltMXStudio/Invoking_Messaging_Service_Iris.html#unregister-with-auth-token'
            is included in the 'nav' configuration, which is not found in the documentation files
WARNING  -  A relative path to
            'Foundry/voltmx_foundry_user_guide/Content/VoltMXStudio/Invoking_Messaging_Service_Iris.html#update-geolocation'
            is included in the 'nav' configuration, which is not found in the documentation files
WARNING  -  A relative path to
            'Foundry/voltmx_foundry_user_guide/Content/VoltMXStudio/Invoking_Messaging_Service_Iris.html#update-geolocation-with-auth-token'
            is included in the 'nav' configuration, which is not found in the documentation files
WARNING  -  A relative path to
            'Foundry/voltmx_foundry_user_guide/Content/VoltMXStudio/Invoking_Messaging_Service_Iris.html#register-geoboundaries'
            is included in the 'nav' configuration, which is not found in the documentation files
WARNING  -  A relative path to
            'Foundry/voltmx_foundry_user_guide/Content/VoltMXStudio/Invoking_Messaging_Service_Iris.html#fetch-all-messages'
            is included in the 'nav' configuration, which is not found in the documentation files
WARNING  -  A relative path to
            'Foundry/voltmx_foundry_user_guide/Content/VoltMXStudio/Invoking_Messaging_Service_Iris.html#mark-message-as-read'
            is included in the 'nav' configuration, which is not found in the documentation files
WARNING  -  A relative path to
            'Foundry/voltmx_foundry_user_guide/Content/VoltMXStudio/Invoking_Messaging_Service_Iris.html#fetch-message-content-from-foundry-messaging'
            is included in the 'nav' configuration, which is not found in the documentation files
WARNING  -  A relative path to
            'Foundry/voltmx_foundry_user_guide/Content/VoltMXStudio/Invoking_Messaging_Service_Iris.html#subscribe-audience'
            is included in the 'nav' configuration, which is not found in the documentation files
WARNING  -  A relative path to
            'Foundry/voltmx_foundry_user_guide/Content/VoltMXStudio/Invoking_Messaging_Service_Iris.html#get-subscribed-audience-details'
            is included in the 'nav' configuration, which is not found in the documentation files
WARNING  -  A relative path to
            'Foundry/voltmx_foundry_user_guide/Content/VoltMXStudio/Invoking_Messaging_Service_Iris.html#unsubscribe-audience'
            is included in the 'nav' configuration, which is not found in the documentation files
WARNING  -  A relative path to
            'Foundry/voltmx_foundry_user_guide/Content/VoltMXStudio/Invoking_Messaging_Service_Iris.html#update-list-of-beacons-for-a-device'
            is included in the 'nav' configuration, which is not found in the documentation files
WARNING  -  A relative path to
            'Foundry/voltmx_foundry_user_guide/Content/VoltMXStudio/Invoking_Messaging_Service_Iris.html#get-rich-push-content'
            is included in the 'nav' configuration, which is not found in the documentation files
WARNING  -  A relative path to
            'Foundry/voltmx_foundry_user_guide/Content/VoltMXStudio/Installing_VoltMXJS_SDK.html#Invoking_Offline_Objects_APIs'
            is included in the 'nav' configuration, which is not found in the documentation files
WARNING  -  A relative path to
            'Foundry/voltmx_foundry_user_guide/Content/VoltMXStudio/Installing_VoltMXJS_SDK.html#VoltMXSyncAPI' is
            included in the 'nav' configuration, which is not found in the documentation files
WARNING  -  A relative path to
            'Foundry/voltmx_foundry_user_guide/Content/VoltMXStudio/Installing_VoltMXJS_SDK.html#VoltMXJSAPIRef' is
            included in the 'nav' configuration, which is not found in the documentation files
WARNING  -  A relative path to
            'Foundry/voltmx_foundry_user_guide/Content/JS/Invoking_Identity_Service_JS.html#login-with-provider-type-as-basic'
            is included in the 'nav' configuration, which is not found in the documentation files
WARNING  -  A relative path to
            'Foundry/voltmx_foundry_user_guide/Content/JS/Invoking_Identity_Service_JS.html#login-with-provider-type-as-oauth-saml'
            is included in the 'nav' configuration, which is not found in the documentation files
WARNING  -  A relative path to
            'Foundry/voltmx_foundry_user_guide/Content/JS/Invoking_Identity_Service_JS.html#login-with-provider-type-as-oauth-2-0-with-deep-link-url'
            is included in the 'nav' configuration, which is not found in the documentation files
WARNING  -  A relative path to
            'Foundry/voltmx_foundry_user_guide/Content/JS/Invoking_Identity_Service_JS.html#get-backend-token' is
            included in the 'nav' configuration, which is not found in the documentation files
WARNING  -  A relative path to
            'Foundry/voltmx_foundry_user_guide/Content/JS/Invoking_Identity_Service_JS.html#user-profile' is included in
            the 'nav' configuration, which is not found in the documentation files
WARNING  -  A relative path to
            'Foundry/voltmx_foundry_user_guide/Content/JS/Invoking_Identity_Service_JS.html#get-provider-name' is
            included in the 'nav' configuration, which is not found in the documentation files
WARNING  -  A relative path to
            'Foundry/voltmx_foundry_user_guide/Content/JS/Invoking_Identity_Service_JS.html#get-provider-type' is
            included in the 'nav' configuration, which is not found in the documentation files
WARNING  -  A relative path to 'Foundry/voltmx_foundry_user_guide/Content/JS/Invoking_Identity_Service_JS.html#logout'
            is included in the 'nav' configuration, which is not found in the documentation files
WARNING  -  A relative path to 'Foundry/voltmx_foundry_user_guide/Content/JS/Invoking_Logic_Service_JS.md' is included
            in the 'nav' configuration, which is not found in the documentation files
WARNING  -  A relative path to
            'Foundry/voltmx_foundry_user_guide/Content/JS/Invoking_Metrics_Object_JS.html#invoking-a-metrics-service-object'
            is included in the 'nav' configuration, which is not found in the documentation files
WARNING  -  A relative path to
            'Foundry/voltmx_foundry_user_guide/Content/JS/Invoking_Metrics_Object_JS.html#event-details' is included in
            the 'nav' configuration, which is not found in the documentation files
WARNING  -  A relative path to 'Foundry/voltmx_foundry_user_guide/Content/JS/Installing_JS_SDK.html#Manual' is included
            in the 'nav' configuration, which is not found in the documentation files
WARNING  -  A relative path to
            'Foundry/voltmx_foundry_user_guide/Content/PhoneGap/Installing_PhoneGap_SDK.html#PrerequisitesPG' is
            included in the 'nav' configuration, which is not found in the documentation files
WARNING  -  A relative path to
            'Foundry/voltmx_foundry_user_guide/Content/PhoneGap/Installing_PhoneGap_SDK.html#DownloadNODEJS' is included
            in the 'nav' configuration, which is not found in the documentation files
WARNING  -  A relative path to
            'Foundry/voltmx_foundry_user_guide/Content/PhoneGap/Installing_PhoneGap_SDK.html#DownloadaNDROID' is
            included in the 'nav' configuration, which is not found in the documentation files
WARNING  -  A relative path to
            'Foundry/voltmx_foundry_user_guide/Content/PhoneGap/Installing_PhoneGap_SDK.html#DownloadcORDOVA' is
            included in the 'nav' configuration, which is not found in the documentation files
WARNING  -  A relative path to
            'Foundry/voltmx_foundry_user_guide/Content/PhoneGap/Invoking_Identity_Service_PhoneGap.html#login-with-provider-type-as-basic'
            is included in the 'nav' configuration, which is not found in the documentation files
WARNING  -  A relative path to
            'Foundry/voltmx_foundry_user_guide/Content/PhoneGap/Invoking_Identity_Service_PhoneGap.html#login-with-provider-type-as-oauth-saml'
            is included in the 'nav' configuration, which is not found in the documentation files
WARNING  -  A relative path to
            'Foundry/voltmx_foundry_user_guide/Content/PhoneGap/Invoking_Identity_Service_PhoneGap.html#get-profile' is
            included in the 'nav' configuration, which is not found in the documentation files
WARNING  -  A relative path to
            'Foundry/voltmx_foundry_user_guide/Content/PhoneGap/Invoking_Identity_Service_PhoneGap.html#get-backend-token'
            is included in the 'nav' configuration, which is not found in the documentation files
WARNING  -  A relative path to
            'Foundry/voltmx_foundry_user_guide/Content/PhoneGap/Invoking_Identity_Service_PhoneGap.html#logout' is
            included in the 'nav' configuration, which is not found in the documentation files
WARNING  -  A relative path to
            'Foundry/voltmx_foundry_user_guide/Content/PhoneGap/Invoking_Messaging_Service_PhoneGap.html#register' is
            included in the 'nav' configuration, which is not found in the documentation files
WARNING  -  A relative path to
            'Foundry/voltmx_foundry_user_guide/Content/PhoneGap/Invoking_Messaging_Service_PhoneGap.html#unregister' is
            included in the 'nav' configuration, which is not found in the documentation files
WARNING  -  A relative path to
            'Foundry/voltmx_foundry_user_guide/Content/PhoneGap/Invoking_Messaging_Service_PhoneGap.html#update-geolocation'
            is included in the 'nav' configuration, which is not found in the documentation files
WARNING  -  A relative path to
            'Foundry/voltmx_foundry_user_guide/Content/PhoneGap/Invoking_Messaging_Service_PhoneGap.html#fetch-all-messages'
            is included in the 'nav' configuration, which is not found in the documentation files
WARNING  -  A relative path to
            'Foundry/voltmx_foundry_user_guide/Content/PhoneGap/Invoking_Messaging_Service_PhoneGap.html#mark-message-as-read'
            is included in the 'nav' configuration, which is not found in the documentation files
WARNING  -  A relative path to
            'Foundry/voltmx_foundry_user_guide/Content/PhoneGap/Invoking_Messaging_Service_PhoneGap.html#fetch-message-content-from-foundry-messaging'
            is included in the 'nav' configuration, which is not found in the documentation files
WARNING  -  A relative path to
            'Foundry/voltmx_foundry_user_guide/Content/PhoneGap/Invoking_Metrics_Service_Object_PhoneGap.html#metrics-service-object-apis'
            is included in the 'nav' configuration, which is not found in the documentation files
WARNING  -  A relative path to
            'Foundry/voltmx_foundry_user_guide/Content/PhoneGap/Invoking_Metrics_Service_Object_PhoneGap.html#event-details'
            is included in the 'nav' configuration, which is not found in the documentation files
WARNING  -  A relative path to
            'Foundry/voltmx_foundry_user_guide/Content/PhoneGap/Installing_PhoneGap_SDK.html#PhoneGapAPIRef' is included
            in the 'nav' configuration, which is not found in the documentation files
WARNING  -  A relative path to
            'Foundry/voltmx_foundry_user_guide/Content/iOS/Configure_Framework_iOS.html#configuring-voltmxsdk-framework-to-project'
            is included in the 'nav' configuration, which is not found in the documentation files
WARNING  -  A relative path to
            'Foundry/voltmx_foundry_user_guide/Content/iOS/Configure_Framework_iOS.html#adding-framework-dependencies'
            is included in the 'nav' configuration, which is not found in the documentation files
WARNING  -  A relative path to
            'Foundry/voltmx_foundry_user_guide/Content/iOS/Configure_Framework_iOS.html#installing-com-volt-mx-voltmxsdk-docset-in-xcode'
            is included in the 'nav' configuration, which is not found in the documentation files
WARNING  -  A relative path to
            'Foundry/voltmx_foundry_user_guide/Content/iOS/Invoking_Identity_Service_iOS.html#login-with-provider-type-as-basic'
            is included in the 'nav' configuration, which is not found in the documentation files
WARNING  -  A relative path to
            'Foundry/voltmx_foundry_user_guide/Content/iOS/Invoking_Identity_Service_iOS.html#login-with-provider-type-as-oauth-saml'
            is included in the 'nav' configuration, which is not found in the documentation files
WARNING  -  A relative path to
            'Foundry/voltmx_foundry_user_guide/Content/iOS/Invoking_Identity_Service_iOS.html#custom-oauth-login' is
            included in the 'nav' configuration, which is not found in the documentation files
WARNING  -  A relative path to
            'Foundry/voltmx_foundry_user_guide/Content/iOS/Invoking_Identity_Service_iOS.html#get-backend-token' is
            included in the 'nav' configuration, which is not found in the documentation files
WARNING  -  A relative path to 'Foundry/voltmx_foundry_user_guide/Content/iOS/Invoking_Identity_Service_iOS.html#logout'
            is included in the 'nav' configuration, which is not found in the documentation files
WARNING  -  A relative path to
            'Foundry/voltmx_foundry_user_guide/Content/iOS/Invoking_Identity_Service_iOS.html#login-status' is included
            in the 'nav' configuration, which is not found in the documentation files
WARNING  -  A relative path to
            'Foundry/voltmx_foundry_user_guide/Content/iOS/Invoking_Messaging_Service_iOS.html#registering-and-getting-messages-from-foundry-messaging'
            is included in the 'nav' configuration, which is not found in the documentation files
WARNING  -  A relative path to
            'Foundry/voltmx_foundry_user_guide/Content/iOS/Invoking_Messaging_Service_iOS.html#unregistering-from-messaging-service'
            is included in the 'nav' configuration, which is not found in the documentation files
WARNING  -  A relative path to
            'Foundry/voltmx_foundry_user_guide/Content/iOS/Invoking_Messaging_Service_iOS.html#updating-geolocation' is
            included in the 'nav' configuration, which is not found in the documentation files
WARNING  -  A relative path to
            'Foundry/voltmx_foundry_user_guide/Content/iOS/Invoking_Messaging_Service_iOS.html#fetching-all-messages-in-the-message-queue'
            is included in the 'nav' configuration, which is not found in the documentation files
WARNING  -  A relative path to
            'Foundry/voltmx_foundry_user_guide/Content/iOS/Invoking_Messaging_Service_iOS.html#fetching-a-complete-message-for-long-messages-using-message-id'
            is included in the 'nav' configuration, which is not found in the documentation files
WARNING  -  A relative path to
            'Foundry/voltmx_foundry_user_guide/Content/iOS/Invoking_Messaging_Service_iOS.html#mark-a-message-as-read'
            is included in the 'nav' configuration, which is not found in the documentation files
WARNING  -  A relative path to
            'Foundry/voltmx_foundry_user_guide/Content/iOS/Invoking_Metrics_Service_iOS.html#invoking-a-metrics-service'
            is included in the 'nav' configuration, which is not found in the documentation files
WARNING  -  A relative path to
            'Foundry/voltmx_foundry_user_guide/Content/iOS/Invoking_Metrics_Service_iOS.html#event-details' is included
            in the 'nav' configuration, which is not found in the documentation files
WARNING  -  A relative path to 'Foundry/voltmx_foundry_user_guide/Content/iOS/Installing.html#APIRef' is included in the
            'nav' configuration, which is not found in the documentation files
WARNING  -  A relative path to
            'Foundry/voltmx_foundry_user_guide/Content/Android/Configuring_VoltMX_SDK_Android.html#configuring-volt-mx-sdk-jar-to-project-eclipse'
            is included in the 'nav' configuration, which is not found in the documentation files
WARNING  -  A relative path to
            'Foundry/voltmx_foundry_user_guide/Content/Android/Configuring_VoltMX_SDK_Android.html#configuring-volt-mx-sdk-doc-to-project-eclipse'
            is included in the 'nav' configuration, which is not found in the documentation files
WARNING  -  A relative path to
            'Foundry/voltmx_foundry_user_guide/Content/Android/Invoking_Identity_Service_Android.html#login-with-provider-type-as-basic'
            is included in the 'nav' configuration, which is not found in the documentation files
WARNING  -  A relative path to
            'Foundry/voltmx_foundry_user_guide/Content/Android/Invoking_Identity_Service_Android.html#login-with-provider-type-as-oauth-saml'
            is included in the 'nav' configuration, which is not found in the documentation files
WARNING  -  A relative path to
            'Foundry/voltmx_foundry_user_guide/Content/Android/Invoking_Identity_Service_Android.html#custom-oauth-custom-login'
            is included in the 'nav' configuration, which is not found in the documentation files
WARNING  -  A relative path to
            'Foundry/voltmx_foundry_user_guide/Content/Android/Invoking_Identity_Service_Android.html#get-backend-token'
            is included in the 'nav' configuration, which is not found in the documentation files
WARNING  -  A relative path to
            'Foundry/voltmx_foundry_user_guide/Content/Android/Invoking_Identity_Service_Android.html#user-profile' is
            included in the 'nav' configuration, which is not found in the documentation files
WARNING  -  A relative path to
            'Foundry/voltmx_foundry_user_guide/Content/Android/Invoking_Identity_Service_Android.html#logout' is
            included in the 'nav' configuration, which is not found in the documentation files
WARNING  -  A relative path to
            'Foundry/voltmx_foundry_user_guide/Content/Android/Invoking_Messaging_Service_Android.html#register' is
            included in the 'nav' configuration, which is not found in the documentation files
WARNING  -  A relative path to
            'Foundry/voltmx_foundry_user_guide/Content/Android/Invoking_Messaging_Service_Android.html#unregister' is
            included in the 'nav' configuration, which is not found in the documentation files
WARNING  -  A relative path to
            'Foundry/voltmx_foundry_user_guide/Content/Android/Invoking_Messaging_Service_Android.html#update-geolocation'
            is included in the 'nav' configuration, which is not found in the documentation files
WARNING  -  A relative path to
            'Foundry/voltmx_foundry_user_guide/Content/Android/Invoking_Messaging_Service_Android.html#fetch-all-messages'
            is included in the 'nav' configuration, which is not found in the documentation files
WARNING  -  A relative path to
            'Foundry/voltmx_foundry_user_guide/Content/Android/Invoking_Messaging_Service_Android.html#mark-message-as-read'
            is included in the 'nav' configuration, which is not found in the documentation files
WARNING  -  A relative path to
            'Foundry/voltmx_foundry_user_guide/Content/Android/Invoking_Messaging_Service_Android.html#get-message-content'
            is included in the 'nav' configuration, which is not found in the documentation files
WARNING  -  A relative path to
            'Foundry/voltmx_foundry_user_guide/Content/Android/Invoking_Metrics_Service_Android.html#invoking-a-metrics-service'
            is included in the 'nav' configuration, which is not found in the documentation files
WARNING  -  A relative path to
            'Foundry/voltmx_foundry_user_guide/Content/Android/Invoking_Metrics_Service_Android.html#event-details' is
            included in the 'nav' configuration, which is not found in the documentation files
WARNING  -  A relative path to 'Foundry/voltmx_foundry_user_guide/Content/Android/Installing_Android_SDK.html#Accessin'
            is included in the 'nav' configuration, which is not found in the documentation files
WARNING  -  A relative path to
            'Foundry/voltmx_foundry_user_guide/Content/Windows/Initializing_SDK_Windows.html#initializing-the-net-sdk'
            is included in the 'nav' configuration, which is not found in the documentation files
WARNING  -  A relative path to
            'Foundry/voltmx_foundry_user_guide/Content/Windows/Invoking_Identity_Service_Windows.html#login-with-provider-type-as-basic'
            is included in the 'nav' configuration, which is not found in the documentation files
WARNING  -  A relative path to
            'Foundry/voltmx_foundry_user_guide/Content/Windows/Invoking_Identity_Service_Windows.html#get-backend-token'
            is included in the 'nav' configuration, which is not found in the documentation files
WARNING  -  A relative path to
            'Foundry/voltmx_foundry_user_guide/Content/Windows/Invoking_Identity_Service_Windows.html#get-user-profile'
            is included in the 'nav' configuration, which is not found in the documentation files
WARNING  -  A relative path to
            'Foundry/voltmx_foundry_user_guide/Content/Windows/Invoking_Identity_Service_Windows.html#get-provider-name'
            is included in the 'nav' configuration, which is not found in the documentation files
WARNING  -  A relative path to
            'Foundry/voltmx_foundry_user_guide/Content/Windows/Invoking_Identity_Service_Windows.html#get-provider-type'
            is included in the 'nav' configuration, which is not found in the documentation files
WARNING  -  A relative path to
            'Foundry/voltmx_foundry_user_guide/Content/Windows/Invoking_Identity_Service_Windows.html#logout' is
            included in the 'nav' configuration, which is not found in the documentation files
WARNING  -  A relative path to
            'Foundry/voltmx_foundry_user_guide/Content/Windows/Invoking_Integration_Service_Windows.html#getintegrationservice'
            is included in the 'nav' configuration, which is not found in the documentation files
WARNING  -  A relative path to
            'Foundry/voltmx_foundry_user_guide/Content/Windows/Invoking_Integration_Service_Windows.html#invokeoperation'
            is included in the 'nav' configuration, which is not found in the documentation files
WARNING  -  A relative path to
            'Foundry/voltmx_foundry_user_guide/Content/Windows/Invoking_Metrics_Service_Windows.html#invoking-a-metrics-service-object'
            is included in the 'nav' configuration, which is not found in the documentation files
WARNING  -  A relative path to
            'Foundry/voltmx_foundry_user_guide/Content/Windows/Invoking_Metrics_Service_Windows.html#event-details' is
            included in the 'nav' configuration, which is not found in the documentation files
WARNING  -  A relative path to
            'Foundry/voltmx_foundry_user_guide/Content/Windows/Installing_Windows_SDK.html#WindowsAPIRef' is included in
            the 'nav' configuration, which is not found in the documentation files
WARNING  -  A relative path to
            'Foundry/voltmx_foundry_user_guide/Content/Settings_Cloud.html#roles-permissions-to-access-foundry-console'
            is included in the 'nav' configuration, which is not found in the documentation files
WARNING  -  A relative path to
            'Foundry/voltmx_foundry_user_guide/Content/Settings_Cloud.html#environment-permissions-foundry-clouds' is
            included in the 'nav' configuration, which is not found in the documentation files
WARNING  -  A relative path to 'Foundry/voltmx_foundry_user_guide/Content/Settings_Cloud.html#users-cloud' is included
            in the 'nav' configuration, which is not found in the documentation files
WARNING  -  A relative path to 'Foundry/voltmx_foundry_user_guide/Content/Settings_Cloud.html#manage-users' is included
            in the 'nav' configuration, which is not found in the documentation files
WARNING  -  A relative path to
            'Foundry/voltmx_foundry_user_guide/Content/Settings_Cloud.html#default-services-amp-apps-permissions' is
            included in the 'nav' configuration, which is not found in the documentation files
WARNING  -  A relative path to 'Foundry/voltmx_foundry_user_guide/Content/Settings_Cloud.html#accounts' is included in
            the 'nav' configuration, which is not found in the documentation files
WARNING  -  A relative path to 'Foundry/voltmx_foundry_user_guide/Content/Settings_Cloud.html#audit-logs-cloud' is
            included in the 'nav' configuration, which is not found in the documentation files
WARNING  -  A relative path to 'Foundry/voltmx_foundry_user_guide/Content/Settings.html#users' is included in the 'nav'
            configuration, which is not found in the documentation files
WARNING  -  A relative path to 'Foundry/voltmx_foundry_user_guide/Content/Settings.html#manage-users' is included in the
            'nav' configuration, which is not found in the documentation files
WARNING  -  A relative path to
            'Foundry/voltmx_foundry_user_guide/Content/Settings.html#how-to-create-a-user-in-foundry-console' is
            included in the 'nav' configuration, which is not found in the documentation files
WARNING  -  A relative path to
            'Foundry/voltmx_foundry_user_guide/Content/Settings.html#how-to-import-users-from-active-directory' is
            included in the 'nav' configuration, which is not found in the documentation files
WARNING  -  A relative path to 'Foundry/voltmx_foundry_user_guide/Content/Settings.html#how-to-edit-a-user' is included
            in the 'nav' configuration, which is not found in the documentation files
WARNING  -  A relative path to
            'Foundry/voltmx_foundry_user_guide/Content/Settings.html#how-to-change-environment-access-to-a-user' is
            included in the 'nav' configuration, which is not found in the documentation files
WARNING  -  A relative path to 'Foundry/voltmx_foundry_user_guide/Content/Settings.html#how-to-delete-a-user' is
            included in the 'nav' configuration, which is not found in the documentation files
WARNING  -  A relative path to 'Foundry/voltmx_foundry_user_guide/Content/Settings.html#groups' is included in the 'nav'
            configuration, which is not found in the documentation files
WARNING  -  A relative path to
            'Foundry/voltmx_foundry_user_guide/Content/Settings.html#how-to-import-a-group-from-a-source' is included in
            the 'nav' configuration, which is not found in the documentation files
WARNING  -  A relative path to 'Foundry/voltmx_foundry_user_guide/Content/Settings.html#identity-providers' is included
            in the 'nav' configuration, which is not found in the documentation files
WARNING  -  A relative path to 'Foundry/voltmx_foundry_user_guide/Content/Settings.html#Microsoft_Active_Directory' is
            included in the 'nav' configuration, which is not found in the documentation files
WARNING  -  A relative path to
            'Foundry/voltmx_foundry_user_guide/Content/Settings.html#how-to-configure-active-directory' is included in
            the 'nav' configuration, which is not found in the documentation files
WARNING  -  A relative path to
            'Foundry/voltmx_foundry_user_guide/Content/Settings.html#how-to-update-active-directory-configuration' is
            included in the 'nav' configuration, which is not found in the documentation files
WARNING  -  A relative path to
            'Foundry/voltmx_foundry_user_guide/Content/Settings.html#how-to-view-users-of-active-directory' is included
            in the 'nav' configuration, which is not found in the documentation files
WARNING  -  A relative path to
            'Foundry/voltmx_foundry_user_guide/Content/Settings.html#how-to-view-groups-of-active-directory' is included
            in the 'nav' configuration, which is not found in the documentation files
WARNING  -  A relative path to
            'Foundry/voltmx_foundry_user_guide/Content/Settings.html#how-to-delete-active-directory-configuration' is
            included in the 'nav' configuration, which is not found in the documentation files
WARNING  -  A relative path to 'Foundry/voltmx_foundry_user_guide/Content/Settings.html#Siteminder' is included in the
            'nav' configuration, which is not found in the documentation files
WARNING  -  A relative path to
            'Foundry/voltmx_foundry_user_guide/Content/Settings.html#default-services-amp-apps-permissions' is included
            in the 'nav' configuration, which is not found in the documentation files
WARNING  -  A relative path to 'Foundry/voltmx_foundry_user_guide/Content/Settings.html#proxy' is included in the 'nav'
            configuration, which is not found in the documentation files
WARNING  -  A relative path to 'Foundry/voltmx_foundry_user_guide/Content/Settings.html#reports' is included in the
            'nav' configuration, which is not found in the documentation files
WARNING  -  A relative path to 'Foundry/KF_Services_OAuth_Sample/Content/OAuthSampleAppwithIris2.html#audience' is
            included in the 'nav' configuration, which is not found in the documentation files
WARNING  -  A relative path to
            'Foundry/KF_Services_OAuth_Sample/Content/OAuthSampleAppwithIris2.html#overview-of-the-oauth-application' is
            included in the 'nav' configuration, which is not found in the documentation files
WARNING  -  A relative path to 'Foundry/KF_Services_OAuth_Sample/Content/OAuthSampleAppwithIris2.html#prerequisites' is
            included in the 'nav' configuration, which is not found in the documentation files
WARNING  -  A relative path to
            'Foundry/KF_Services_OAuth_Sample/Content/OAuthSampleAppwithIris2.html#service-configuration-detail' is
            included in the 'nav' configuration, which is not found in the documentation files
WARNING  -  A relative path to
            'Foundry/KF_Services_OAuth_Sample/Content/OAuthSampleAppwithIris2.html#integration-services' is included in
            the 'nav' configuration, which is not found in the documentation files
WARNING  -  A relative path to
            'Foundry/KF_Services_OAuth_Sample/Content/OAuthSampleAppwithIris2.html#box-identity-service' is included in
            the 'nav' configuration, which is not found in the documentation files
WARNING  -  A relative path to
            'Foundry/KF_Services_OAuth_Sample/Content/OAuthSampleAppwithIris2.html#box-integration-service' is included
            in the 'nav' configuration, which is not found in the documentation files
WARNING  -  A relative path to
            'Foundry/KF_Services_OAuth_Sample/Content/OAuthSampleAppwithIris2.html#configuring-oauth-service' is
            included in the 'nav' configuration, which is not found in the documentation files
WARNING  -  A relative path to
            'Foundry/KF_Services_OAuth_Sample/Content/OAuthSampleAppwithIris2.html#configuring-microsoft-developer-account'
            is included in the 'nav' configuration, which is not found in the documentation files
WARNING  -  A relative path to
            'Foundry/KF_Services_OAuth_Sample/Content/OAuthSampleAppwithIris2.html#configuring-google-developer-account'
            is included in the 'nav' configuration, which is not found in the documentation files
WARNING  -  A relative path to
            'Foundry/KF_Services_OAuth_Sample/Content/OAuthSampleAppwithIris2.html#configuring-linkedin-developer-account'
            is included in the 'nav' configuration, which is not found in the documentation files
WARNING  -  A relative path to
            'Foundry/KF_Services_OAuth_Sample/Content/OAuthSampleAppwithIris2.html#configuring-box-developer-account' is
            included in the 'nav' configuration, which is not found in the documentation files
WARNING  -  A relative path to
            'Foundry/KF_Services_OAuth_Sample/Content/OAuthSampleAppwithIris2.html#configuring-facebook-developer-account'
            is included in the 'nav' configuration, which is not found in the documentation files
WARNING  -  A relative path to
            'Foundry/KF_Services_OAuth_Sample/Content/OAuthSampleAppwithIris2.html#configuring-oauth-account' is
            included in the 'nav' configuration, which is not found in the documentation files
WARNING  -  A relative path to 'Foundry/offline_objectsapi_reference_guide/Content/Appendix.html#error-handling' is
            included in the 'nav' configuration, which is not found in the documentation files
WARNING  -  A relative path to 'Foundry/offline_objectsapi_reference_guide/Content/Appendix.html#sync-errors' is
            included in the 'nav' configuration, which is not found in the documentation files
WARNING  -  A relative path to 'Foundry/offline_objectsapi_reference_guide/Content/Appendix.html#error-codes' is
            included in the 'nav' configuration, which is not found in the documentation files
WARNING  -  A relative path to
            'Foundry/offline_objects_gettingstarted/Content/Foundry_Server_Configuration.html#service-driven-objects' is
            included in the 'nav' configuration, which is not found in the documentation files
WARNING  -  A relative path to
            'Foundry/offline_objects_gettingstarted/Content/Foundry_Server_Configuration.html#line-of-business-adapters'
            is included in the 'nav' configuration, which is not found in the documentation files
WARNING  -  A relative path to
            'Foundry/offline_objects_support_in_windows10/Content/Offline_Objects_Support_in_Windows__Beta_.html#overview'
            is included in the 'nav' configuration, which is not found in the documentation files
WARNING  -  A relative path to
            'Foundry/offline_objects_support_in_windows10/Content/Offline_Objects_Support_in_Windows__Beta_.html#advantages-of-offline-objects'
            is included in the 'nav' configuration, which is not found in the documentation files
WARNING  -  A relative path to
            'Foundry/offline_objects_support_in_windows10/Content/Offline_Objects_Support_in_Windows__Beta_.html#supported-features-in-beta-release'
            is included in the 'nav' configuration, which is not found in the documentation files
WARNING  -  A relative path to
            'Foundry/offline_objects_support_in_windows10/Content/Offline_Objects_Support_in_Windows__Beta_.html#roadmap'
            is included in the 'nav' configuration, which is not found in the documentation files
WARNING  -  A relative path to
            'Foundry/offline_objects_support_in_windows10/Content/Offline_Objects_Support_in_Windows__Beta_.html#prerequisites'
            is included in the 'nav' configuration, which is not found in the documentation files
WARNING  -  A relative path to
            'Foundry/offline_objects_support_in_windows10/Content/Offline_Objects_Support_in_Windows__Beta_.html#enabling-offline-objects-in-volt-mx-iris'
            is included in the 'nav' configuration, which is not found in the documentation files
WARNING  -  A relative path to
            'Foundry/offline_objects_support_in_windows10/Content/application_level_apis.html#hclmobilefoundry-offlineobjects-setup'
            is included in the 'nav' configuration, which is not found in the documentation files
WARNING  -  A relative path to
            'Foundry/offline_objects_support_in_windows10/Content/application_level_apis.html#hclmobilefoundry-offlineobjects-drop'
            is included in the 'nav' configuration, which is not found in the documentation files
WARNING  -  A relative path to
            'Foundry/offline_objects_support_in_windows10/Content/application_level_apis.html#hclmobilefoundry-offlineobjects-reset'
            is included in the 'nav' configuration, which is not found in the documentation files
WARNING  -  A relative path to
            'Foundry/offline_objects_support_in_windows10/Content/application_level_apis.html#hclmobilefoundry-offlineobjects-rollback'
            is included in the 'nav' configuration, which is not found in the documentation files
WARNING  -  A relative path to
            'Foundry/offline_objects_support_in_windows10/Content/Object_Level_APIs.html#lt-hclobj-gt-startsync' is
            included in the 'nav' configuration, which is not found in the documentation files
WARNING  -  A relative path to
            'Foundry/offline_objects_support_in_windows10/Content/Object_Level_APIs.html#lt-hclobj-gt-get' is included
            in the 'nav' configuration, which is not found in the documentation files
WARNING  -  A relative path to
            'Foundry/offline_objects_support_in_windows10/Content/Object_Level_APIs.html#lt-hclobj-gt-create' is
            included in the 'nav' configuration, which is not found in the documentation files
WARNING  -  A relative path to
            'Foundry/offline_objects_support_in_windows10/Content/Object_Level_APIs.html#lt-hclobj-gt-updatebypk' is
            included in the 'nav' configuration, which is not found in the documentation files
WARNING  -  A relative path to
            'Foundry/offline_objects_support_in_windows10/Content/Object_Level_APIs.html#lt-hclobj-gt-deletebypk' is
            included in the 'nav' configuration, which is not found in the documentation files
WARNING  -  A relative path to
            'Foundry/offline_objects_user_guide/Content/Conflict_Resolution.html#conflict-resolution-policy' is included
            in the 'nav' configuration, which is not found in the documentation files
WARNING  -  A relative path to
            'Foundry/offline_objects_user_guide/Content/Batching.html#batching-for-line-of-business-systems' is included
            in the 'nav' configuration, which is not found in the documentation files
WARNING  -  A relative path to
            'Foundry/offline_objects_user_guide/Content/Batching.html#batching-for-service-driven-objects' is included
            in the 'nav' configuration, which is not found in the documentation files
WARNING  -  A relative path to 'Foundry/offline_objects_user_guide/Content/Batching.html#batching-for-rdms-adapter' is
            included in the 'nav' configuration, which is not found in the documentation files
WARNING  -  A relative path to 'Foundry/petstore_management_app/Content/PetStoreManagement.html#prerequisites' is
            included in the 'nav' configuration, which is not found in the documentation files
WARNING  -  A relative path to
            'Foundry/petstore_management_app/Content/PetStoreManagement.html#importing-the-petstore-management-sample'
            is included in the 'nav' configuration, which is not found in the documentation files
WARNING  -  A relative path to
            'Foundry/petstore_management_app/Content/PetStoreManagement.html#configuring-the-petstore-management-sample'
            is included in the 'nav' configuration, which is not found in the documentation files
WARNING  -  A relative path to 'Foundry/petstore_management_app/Content/PetStoreManagement.html#setting-the-environment'
            is included in the 'nav' configuration, which is not found in the documentation files
WARNING  -  A relative path to 'Foundry/petstore_management_app/Content/PetStoreManagement.html#console-access-control'
            is included in the 'nav' configuration, which is not found in the documentation files
WARNING  -  A relative path to
            'Foundry/petstore_management_app/Content/PetStoreManagement.html#configuring-integration-service' is
            included in the 'nav' configuration, which is not found in the documentation files
WARNING  -  A relative path to 'Foundry/petstore_management_app/Content/PetStoreManagement.html#publishing-the-app' is
            included in the 'nav' configuration, which is not found in the documentation files
WARNING  -  A relative path to 'Foundry/voltmx_foundry_intro_eng/Content/VoltMX Engagement Services Terminology and
            Console.html#terminology-volt-mx-engagement-services' is included in the 'nav' configuration, which is not
            found in the documentation files
WARNING  -  A relative path to 'Foundry/voltmx_foundry_intro_eng/Content/Navigating the Console.html#overview' is
            included in the 'nav' configuration, which is not found in the documentation files
WARNING  -  A relative path to 'Foundry/voltmx_foundry_intro_eng/Content/Navigating the Console.html#engagement' is
            included in the 'nav' configuration, which is not found in the documentation files
WARNING  -  A relative path to 'Foundry/voltmx_foundry_intro_eng/Content/Navigating the Console.html#settings' is
            included in the 'nav' configuration, which is not found in the documentation files
WARNING  -  A relative path to 'Foundry/voltmx_foundry_intro_eng/Content/Creation and Configuration of the Test
            App.html#creation-and-configuration-of-sample-application-in-volt-mx-engagement-server' is included in the
            'nav' configuration, which is not found in the documentation files
WARNING  -  A relative path to 'Foundry/voltmx_foundry_intro_eng/Content/Configuration of Email and SMS in Engagement
            Server.html#configuration-of-the-email-server' is included in the 'nav' configuration, which is not found in
            the documentation files
WARNING  -  A relative path to 'Foundry/voltmx_foundry_intro_eng/Content/Configuration of Email and SMS in Engagement
            Server.html#configuration-of-sms-providers' is included in the 'nav' configuration, which is not found in
            the documentation files
WARNING  -  A relative path to 'Foundry/voltmx_foundry_intro_eng/Content/Installation of the Engagement Demo
            App.html#installing-engagement-demo-application' is included in the 'nav' configuration, which is not found
            in the documentation files
WARNING  -  A relative path to 'Foundry/voltmx_foundry_intro_eng/Content/Installation of the Engagement Demo
            App.html#sending-push-email-and-sms-notifications' is included in the 'nav' configuration, which is not
            found in the documentation files
WARNING  -  A relative path to 'Foundry/voltmx_foundry_intro_eng/Content/Installation of the Engagement Demo
            App.html#sending-sms-notifications' is included in the 'nav' configuration, which is not found in the
            documentation files
WARNING  -  A relative path to 'Foundry/voltmx_foundry_intro_eng/Content/Installation of the Engagement Demo
            App.html#sending-email-notifications' is included in the 'nav' configuration, which is not found in the
            documentation files
WARNING  -  A relative path to 'Foundry/voltmx_foundry_intro_eng/Content/Next Steps.md' is included in the 'nav'
            configuration, which is not found in the documentation files
WARNING  -  A relative path to
            'Foundry/vmf_msg_quick_start_guide_campaign_management/Content/Ge_Adding.html#adding-a-geofence' is included
            in the 'nav' configuration, which is not found in the documentation files
WARNING  -  A relative path to
            'Foundry/vms_console_user_guide/Content/Introduction.html#how-volt-mx-foundry-engagement-services-works' is
            included in the 'nav' configuration, which is not found in the documentation files
WARNING  -  A relative path to 'Foundry/vms_console_user_guide/Content/Introduction.html#push-notifications-workflow' is
            included in the 'nav' configuration, which is not found in the documentation files
WARNING  -  A relative path to 'Foundry/vms_console_user_guide/Content/Introduction.html#what-are-push-notifications' is
            included in the 'nav' configuration, which is not found in the documentation files
WARNING  -  A relative path to 'Foundry/vms_console_user_guide/Content/Introduction.html#how-to-send-general-messages'
            is included in the 'nav' configuration, which is not found in the documentation files
WARNING  -  A relative path to 'Foundry/vms_console_user_guide/Content/Introduction.html#what-is-an-application' is
            included in the 'nav' configuration, which is not found in the documentation files
WARNING  -  A relative path to 'Foundry/vms_console_user_guide/Content/Introduction.html#who-are-users' is included in
            the 'nav' configuration, which is not found in the documentation files
WARNING  -  A relative path to 'Foundry/vms_console_user_guide/Content/Introduction.html#who-are-subscribers' is
            included in the 'nav' configuration, which is not found in the documentation files
WARNING  -  A relative path to 'Foundry/vms_console_user_guide/Content/Introduction.html#what-is-a-reconciliation-key'
            is included in the 'nav' configuration, which is not found in the documentation files
WARNING  -  A relative path to 'Foundry/vms_console_user_guide/Content/Introduction.html#what-is-a-segment' is included
            in the 'nav' configuration, which is not found in the documentation files
WARNING  -  A relative path to
            'Foundry/vms_console_user_guide/Content/Introduction.html#what-are-campaign-notifications' is included in
            the 'nav' configuration, which is not found in the documentation files
WARNING  -  A relative path to
            'Foundry/vms_console_user_guide/Content/Introduction.html#how-to-send-campaign-messages-and-passes' is
            included in the 'nav' configuration, which is not found in the documentation files
WARNING  -  A relative path to 'Foundry/vms_console_user_guide/Content/Introduction.html#what-are-event-notifications'
            is included in the 'nav' configuration, which is not found in the documentation files
WARNING  -  A relative path to 'Foundry/vms_console_user_guide/Content/Introduction.html#how-to-send-event-messages' is
            included in the 'nav' configuration, which is not found in the documentation files
WARNING  -  A relative path to
            'Foundry/vms_console_user_guide/Content/Logging_into_VMS.html#volt-mx-foundry-engagement-services-user-interface'
            is included in the 'nav' configuration, which is not found in the documentation files
WARNING  -  A relative path to
            'Foundry/vms_console_user_guide/Content/Logging_into_VMS.html#advantages-of-using-the-volt-mx-foundry-engagement-services'
            is included in the 'nav' configuration, which is not found in the documentation files
WARNING  -  A relative path to 'Foundry/vms_console_user_guide/Content/Scenarios/Campaigns_Scenarios_One.html#solution'
            is included in the 'nav' configuration, which is not found in the documentation files
WARNING  -  A relative path to
            'Foundry/vms_console_user_guide/Content/Scenarios/Campaigns_Scenarios_One.html#description' is included in
            the 'nav' configuration, which is not found in the documentation files
WARNING  -  A relative path to
            'Foundry/vms_console_user_guide/Content/Scenarios/Campaigns_Scenarios_One.html#prerequisites' is included in
            the 'nav' configuration, which is not found in the documentation files
WARNING  -  A relative path to
            'Foundry/vms_console_user_guide/Content/Scenarios/Campaigns_Scenarios_One.html#adding-applications-in-the-engagement-server'
            is included in the 'nav' configuration, which is not found in the documentation files
WARNING  -  A relative path to
            'Foundry/vms_console_user_guide/Content/Scenarios/Campaigns_Scenarios_One.html#defining-user-attributes' is
            included in the 'nav' configuration, which is not found in the documentation files
WARNING  -  A relative path to
            'Foundry/vms_console_user_guide/Content/Scenarios/Campaigns_Scenarios_One.html#adding-subscribers-devices-and-users-in-engagement-server'
            is included in the 'nav' configuration, which is not found in the documentation files
WARNING  -  A relative path to
            'Foundry/vms_console_user_guide/Content/Scenarios/Campaigns_Scenarios_One.html#adding-campaign-types' is
            included in the 'nav' configuration, which is not found in the documentation files
WARNING  -  A relative path to
            'Foundry/vms_console_user_guide/Content/Scenarios/Campaigns_Scenarios_One.html#adding-segments' is included
            in the 'nav' configuration, which is not found in the documentation files
WARNING  -  A relative path to
            'Foundry/vms_console_user_guide/Content/Scenarios/Campaigns_Scenarios_One.html#adding-templates-push-sms-email-and-pass'
            is included in the 'nav' configuration, which is not found in the documentation files
WARNING  -  A relative path to
            'Foundry/vms_console_user_guide/Content/Scenarios/Campaigns_Scenarios_One.html#push-message' is included in
            the 'nav' configuration, which is not found in the documentation files
WARNING  -  A relative path to
            'Foundry/vms_console_user_guide/Content/Scenarios/Campaigns_Scenarios_One.html#sms-message' is included in
            the 'nav' configuration, which is not found in the documentation files
WARNING  -  A relative path to
            'Foundry/vms_console_user_guide/Content/Scenarios/Campaigns_Scenarios_One.html#email-message' is included in
            the 'nav' configuration, which is not found in the documentation files
WARNING  -  A relative path to
            'Foundry/vms_console_user_guide/Content/Scenarios/Campaigns_Scenarios_One.html#pass-message-event' is
            included in the 'nav' configuration, which is not found in the documentation files
WARNING  -  A relative path to
            'Foundry/vms_console_user_guide/Content/Scenarios/Campaigns_Scenarios_One.html#adding-campaigns' is included
            in the 'nav' configuration, which is not found in the documentation files
WARNING  -  A relative path to 'Foundry/vms_console_user_guide/Content/Scenarios/Campaigns_Scenarios_Two.html#solution'
            is included in the 'nav' configuration, which is not found in the documentation files
WARNING  -  A relative path to
            'Foundry/vms_console_user_guide/Content/Scenarios/Campaigns_Scenarios_Two.html#description' is included in
            the 'nav' configuration, which is not found in the documentation files
WARNING  -  A relative path to
            'Foundry/vms_console_user_guide/Content/Scenarios/Campaigns_Scenarios_Two.html#prerequisites' is included in
            the 'nav' configuration, which is not found in the documentation files
WARNING  -  A relative path to
            'Foundry/vms_console_user_guide/Content/Scenarios/Campaigns_Scenarios_Two.html#adding-applications-in-engagement-server'
            is included in the 'nav' configuration, which is not found in the documentation files
WARNING  -  A relative path to
            'Foundry/vms_console_user_guide/Content/Scenarios/Campaigns_Scenarios_Two.html#adding-campaign-types' is
            included in the 'nav' configuration, which is not found in the documentation files
WARNING  -  A relative path to
            'Foundry/vms_console_user_guide/Content/Scenarios/Campaigns_Scenarios_Two.html#adding-segments' is included
            in the 'nav' configuration, which is not found in the documentation files
WARNING  -  A relative path to
            'Foundry/vms_console_user_guide/Content/Scenarios/Campaigns_Scenarios_Two.html#adding-templates-push-sms-email-and-pass'
            is included in the 'nav' configuration, which is not found in the documentation files
WARNING  -  A relative path to
            'Foundry/vms_console_user_guide/Content/Scenarios/Campaigns_Scenarios_Two.html#push-message' is included in
            the 'nav' configuration, which is not found in the documentation files
WARNING  -  A relative path to
            'Foundry/vms_console_user_guide/Content/Scenarios/Campaigns_Scenarios_Two.html#sms-message' is included in
            the 'nav' configuration, which is not found in the documentation files
WARNING  -  A relative path to
            'Foundry/vms_console_user_guide/Content/Scenarios/Campaigns_Scenarios_Two.html#email-message' is included in
            the 'nav' configuration, which is not found in the documentation files
WARNING  -  A relative path to
            'Foundry/vms_console_user_guide/Content/Scenarios/Campaigns_Scenarios_Two.html#pass-message-coupon' is
            included in the 'nav' configuration, which is not found in the documentation files
WARNING  -  A relative path to
            'Foundry/vms_console_user_guide/Content/Scenarios/Campaigns_Scenarios_Two.html#adding-campaigns' is included
            in the 'nav' configuration, which is not found in the documentation files
WARNING  -  A relative path to 'Foundry/vms_console_user_guide/Content/Scenarios/Event_Scenarios_One.html#solution' is
            included in the 'nav' configuration, which is not found in the documentation files
WARNING  -  A relative path to 'Foundry/vms_console_user_guide/Content/Scenarios/Event_Scenarios_One.html#description'
            is included in the 'nav' configuration, which is not found in the documentation files
WARNING  -  A relative path to 'Foundry/vms_console_user_guide/Content/Scenarios/Event_Scenarios_One.html#prerequisites'
            is included in the 'nav' configuration, which is not found in the documentation files
WARNING  -  A relative path to
            'Foundry/vms_console_user_guide/Content/Scenarios/Event_Scenarios_One.html#adding-applications-in-engagement-server'
            is included in the 'nav' configuration, which is not found in the documentation files
WARNING  -  A relative path to
            'Foundry/vms_console_user_guide/Content/Scenarios/Event_Scenarios_One.html#adding-event-types' is included
            in the 'nav' configuration, which is not found in the documentation files
WARNING  -  A relative path to
            'Foundry/vms_console_user_guide/Content/Scenarios/Event_Scenarios_One.html#adding-email-configuration' is
            included in the 'nav' configuration, which is not found in the documentation files
WARNING  -  A relative path to
            'Foundry/vms_console_user_guide/Content/Scenarios/Event_Scenarios_One.html#adding-sms-configuration' is
            included in the 'nav' configuration, which is not found in the documentation files
WARNING  -  A relative path to
            'Foundry/vms_console_user_guide/Content/Scenarios/Event_Scenarios_One.html#adding-pass-configuration' is
            included in the 'nav' configuration, which is not found in the documentation files
WARNING  -  A relative path to
            'Foundry/vms_console_user_guide/Content/Scenarios/Event_Scenarios_One.html#adding-templates-push-sms-email-and-pass'
            is included in the 'nav' configuration, which is not found in the documentation files
WARNING  -  A relative path to 'Foundry/vms_console_user_guide/Content/Scenarios/Event_Scenarios_One.html#push-message'
            is included in the 'nav' configuration, which is not found in the documentation files
WARNING  -  A relative path to 'Foundry/vms_console_user_guide/Content/Scenarios/Event_Scenarios_One.html#sms-message'
            is included in the 'nav' configuration, which is not found in the documentation files
WARNING  -  A relative path to 'Foundry/vms_console_user_guide/Content/Scenarios/Event_Scenarios_One.html#email-message'
            is included in the 'nav' configuration, which is not found in the documentation files
WARNING  -  A relative path to
            'Foundry/vms_console_user_guide/Content/Scenarios/Event_Scenarios_One.html#pass-message-store-card' is
            included in the 'nav' configuration, which is not found in the documentation files
WARNING  -  A relative path to
            'Foundry/vms_console_user_guide/Content/Scenarios/Event_Scenarios_One.html#creating-events' is included in
            the 'nav' configuration, which is not found in the documentation files
WARNING  -  A relative path to
            'Foundry/vms_console_user_guide/Content/Scenarios/Geolocations_Scenario_One.html#solution' is included in
            the 'nav' configuration, which is not found in the documentation files
WARNING  -  A relative path to
            'Foundry/vms_console_user_guide/Content/Scenarios/Geolocations_Scenario_One.html#solution' is included in
            the 'nav' configuration, which is not found in the documentation files
WARNING  -  A relative path to
            'Foundry/vms_console_user_guide/Content/Scenarios/Geolocations_Scenario_One.html#description' is included in
            the 'nav' configuration, which is not found in the documentation files
WARNING  -  A relative path to
            'Foundry/vms_console_user_guide/Content/Scenarios/Geolocations_Scenario_One.html#prerequisites' is included
            in the 'nav' configuration, which is not found in the documentation files
WARNING  -  A relative path to
            'Foundry/vms_console_user_guide/Content/Scenarios/Geolocations_Scenario_One.html#adding-applications-in-the-engagement-server'
            is included in the 'nav' configuration, which is not found in the documentation files
WARNING  -  A relative path to
            'Foundry/vms_console_user_guide/Content/Scenarios/Geolocations_Scenario_One.html#adding-subscribers-devices-and-users-in-the-engagement-server'
            is included in the 'nav' configuration, which is not found in the documentation files
WARNING  -  A relative path to
            'Foundry/vms_console_user_guide/Content/Scenarios/Geolocations_Scenario_One.html#adding-geolocations-in-the-engagement-server'
            is included in the 'nav' configuration, which is not found in the documentation files
WARNING  -  A relative path to
            'Foundry/vms_console_user_guide/Content/Scenarios/Geolocations_Scenario_One.html#fetching-nearest-mcdonalds-locations-and-getting-coupon-notifications'
            is included in the 'nav' configuration, which is not found in the documentation files
WARNING  -  A relative path to 'Foundry/vms_console_user_guide/Content/Scenarios/Beacons_scenario_one.html#solution' is
            included in the 'nav' configuration, which is not found in the documentation files
WARNING  -  A relative path to 'Foundry/vms_console_user_guide/Content/Scenarios/Beacons_scenario_one.html#description'
            is included in the 'nav' configuration, which is not found in the documentation files
WARNING  -  A relative path to
            'Foundry/vms_console_user_guide/Content/Scenarios/Beacons_scenario_one.html#prerequisites' is included in
            the 'nav' configuration, which is not found in the documentation files
WARNING  -  A relative path to
            'Foundry/vms_console_user_guide/Content/Scenarios/Beacons_scenario_one.html#adding-applications-in-the-engagement-server'
            is included in the 'nav' configuration, which is not found in the documentation files
WARNING  -  A relative path to
            'Foundry/vms_console_user_guide/Content/Scenarios/Beacons_scenario_one.html#adding-subscribers-devices-and-users-in-the-engagement-server'
            is included in the 'nav' configuration, which is not found in the documentation files
WARNING  -  A relative path to
            'Foundry/vms_console_user_guide/Content/Scenarios/Beacons_scenario_one.html#adding-campaign-types' is
            included in the 'nav' configuration, which is not found in the documentation files
WARNING  -  A relative path to
            'Foundry/vms_console_user_guide/Content/Scenarios/Beacons_scenario_one.html#adding-beacons' is included in
            the 'nav' configuration, which is not found in the documentation files
WARNING  -  A relative path to
            'Foundry/vms_console_user_guide/Content/Scenarios/Beacons_scenario_one.html#connecting-beacons-with-subscribers'
            is included in the 'nav' configuration, which is not found in the documentation files
WARNING  -  A relative path to
            'Foundry/vms_console_user_guide/Content/Scenarios/Beacons_scenario_one.html#adding-segments' is included in
            the 'nav' configuration, which is not found in the documentation files
WARNING  -  A relative path to
            'Foundry/vms_console_user_guide/Content/Scenarios/Beacons_scenario_one.html#adding-campaigns' is included in
            the 'nav' configuration, which is not found in the documentation files
WARNING  -  A relative path to
            'Foundry/vms_console_user_guide/Content/Dashboard/Dashboard.html#certificate-expiry-warning-message' is
            included in the 'nav' configuration, which is not found in the documentation files
WARNING  -  A relative path to 'Foundry/vms_console_user_guide/Content/Dashboard/Dashboard.html#labels' is included in
            the 'nav' configuration, which is not found in the documentation files
WARNING  -  A relative path to 'Foundry/vms_console_user_guide/Content/Dashboard/Dashboard.html#reports' is included in
            the 'nav' configuration, which is not found in the documentation files
WARNING  -  A relative path to
            'Foundry/vms_console_user_guide/Content/Campaigns/Defining_Notification_Types_for_a_Campaign_-_SMS.html#adding-an-sms-message'
            is included in the 'nav' configuration, which is not found in the documentation files
WARNING  -  A relative path to
            'Foundry/vms_console_user_guide/Content/Campaigns/Defining_Notification_Types_for_a_Campaign_-_SMS.html#modifying-an-sms-message'
            is included in the 'nav' configuration, which is not found in the documentation files
WARNING  -  A relative path to
            'Foundry/vms_console_user_guide/Content/Campaigns/Defining_Notification_Types_for_a_Campaign_-_SMS.html#deleting-an-sms-message'
            is included in the 'nav' configuration, which is not found in the documentation files
WARNING  -  A relative path to
            'Foundry/vms_console_user_guide/Content/Campaigns/Defining_Notification_Types_for_a_Campaign_-_Email.html#adding-an-email-message'
            is included in the 'nav' configuration, which is not found in the documentation files
WARNING  -  A relative path to
            'Foundry/vms_console_user_guide/Content/Campaigns/Defining_Notification_Types_for_a_Campaign_-_Email.html#modifying-an-email-message'
            is included in the 'nav' configuration, which is not found in the documentation files
WARNING  -  A relative path to
            'Foundry/vms_console_user_guide/Content/Campaigns/Defining_Notification_Types_for_a_Campaign_-_Email.html#deleting-an-email-message'
            is included in the 'nav' configuration, which is not found in the documentation files
WARNING  -  A relative path to
            'Foundry/vms_console_user_guide/Content/Campaigns/Defining_a_campaign_Type_Passbook.html#adding-a-passbook-message'
            is included in the 'nav' configuration, which is not found in the documentation files
WARNING  -  A relative path to
            'Foundry/vms_console_user_guide/Content/Campaigns/Defining_a_campaign_Type_Passbook.html#modifying-a-passbook-message'
            is included in the 'nav' configuration, which is not found in the documentation files
WARNING  -  A relative path to
            'Foundry/vms_console_user_guide/Content/Campaigns/Defining_a_campaign_Type_Passbook.html#deleting-a-passbook-message'
            is included in the 'nav' configuration, which is not found in the documentation files
WARNING  -  A relative path to
            'Foundry/vms_console_user_guide/Content/Events/Defining_Notification_Types_for_an_event_-_Email.html#adding-an-email-message'
            is included in the 'nav' configuration, which is not found in the documentation files
WARNING  -  A relative path to
            'Foundry/vms_console_user_guide/Content/Events/Defining_Notification_Types_for_an_event_-_Email.html#modifying-an-email-message'
            is included in the 'nav' configuration, which is not found in the documentation files
WARNING  -  A relative path to
            'Foundry/vms_console_user_guide/Content/Events/Defining_Notification_Types_for_an_event_-_Email.html#deleting-an-email-message'
            is included in the 'nav' configuration, which is not found in the documentation files
WARNING  -  A relative path to
            'Foundry/vms_console_user_guide/Content/Events/Defining_Notification_Types_for_an_event_-_SMS.html#adding-an-sms-message'
            is included in the 'nav' configuration, which is not found in the documentation files
WARNING  -  A relative path to
            'Foundry/vms_console_user_guide/Content/Events/Defining_Notification_Types_for_an_event_-_SMS.html#modifying-an-sms-message'
            is included in the 'nav' configuration, which is not found in the documentation files
WARNING  -  A relative path to
            'Foundry/vms_console_user_guide/Content/Events/Defining_Notification_Types_for_an_event_-_SMS.html#deleting-an-sms-message'
            is included in the 'nav' configuration, which is not found in the documentation files
WARNING  -  A relative path to
            'Foundry/vms_console_user_guide/Content/Events/Defining_a_campaign_Type_eventPassbook.html#adding-a-passbook-message'
            is included in the 'nav' configuration, which is not found in the documentation files
WARNING  -  A relative path to
            'Foundry/vms_console_user_guide/Content/Events/Defining_a_campaign_Type_eventPassbook.html#modifying-a-passbook-message'
            is included in the 'nav' configuration, which is not found in the documentation files
WARNING  -  A relative path to
            'Foundry/vms_console_user_guide/Content/Events/Defining_a_campaign_Type_eventPassbook.html#deleting-a-passbook-message'
            is included in the 'nav' configuration, which is not found in the documentation files
WARNING  -  A relative path to
            'Foundry/vms_console_user_guide/Content/Adhoc/General_Channel_Type_Push_Message.html#select-users' is
            included in the 'nav' configuration, which is not found in the documentation files
WARNING  -  A relative path to
            'Foundry/vms_console_user_guide/Content/Adhoc/General_Channel_Type_Email_Message.html#select-users' is
            included in the 'nav' configuration, which is not found in the documentation files
WARNING  -  A relative path to
            'Foundry/vms_console_user_guide/Content/Adhoc/General_Channel_Type_SMS_Message.html#select-users' is
            included in the 'nav' configuration, which is not found in the documentation files
WARNING  -  A relative path to
            'Foundry/vms_console_user_guide/Content/Adhoc/General_Channel_Type_PassBook_Message.html#select-user' is
            included in the 'nav' configuration, which is not found in the documentation files
WARNING  -  A relative path to 'Foundry/vms_console_user_guide/Content/Segments/date.html#use-case-scenario-one' is
            included in the 'nav' configuration, which is not found in the documentation files
WARNING  -  A relative path to 'Foundry/vms_console_user_guide/Content/Segments/date.html#use-case-scenario-two' is
            included in the 'nav' configuration, which is not found in the documentation files
WARNING  -  A relative path to 'Foundry/vms_console_user_guide/Content/Segments/date.html#last-active-date' is included
            in the 'nav' configuration, which is not found in the documentation files
WARNING  -  A relative path to
            'Foundry/vms_console_user_guide/Content/Geolocation/Ge_Importing.html#updating-imported-geofences' is
            included in the 'nav' configuration, which is not found in the documentation files
WARNING  -  A relative path to
            'Foundry/vms_console_user_guide/Content/Geolocation/Ge_Importing.html#preparing-a-csv-file-for-importing-or-updating-geofences'
            is included in the 'nav' configuration, which is not found in the documentation files
WARNING  -  A relative path to 'Foundry/vms_console_user_guide/Content/Administration/SMS_Configuration.html#outbound'
            is included in the 'nav' configuration, which is not found in the documentation files
WARNING  -  A relative path to
            'Foundry/vms_console_user_guide/Content/Administration/SMS_Configuration.html#sms-configuration' is included
            in the 'nav' configuration, which is not found in the documentation files
WARNING  -  A relative path to 'Foundry/vms_console_user_guide/Content/Administration/SMS_Configuration.html#twilio' is
            included in the 'nav' configuration, which is not found in the documentation files
WARNING  -  A relative path to 'Foundry/vms_console_user_guide/Content/Administration/SMS_Configuration.html#nexmo' is
            included in the 'nav' configuration, which is not found in the documentation files
WARNING  -  A relative path to 'Foundry/vms_console_user_guide/Content/Administration/SMS_Configuration.html#clickatell'
            is included in the 'nav' configuration, which is not found in the documentation files
WARNING  -  A relative path to 'Foundry/vms_console_user_guide/Content/Administration/SMS_Configuration.html#salesforce'
            is included in the 'nav' configuration, which is not found in the documentation files
WARNING  -  A relative path to 'Foundry/vms_console_user_guide/Content/Administration/SMS_Configuration.html#voice' is
            included in the 'nav' configuration, which is not found in the documentation files
WARNING  -  A relative path to 'Foundry/vms_console_user_guide/Content/Administration/SMS_Configuration.html#twilio' is
            included in the 'nav' configuration, which is not found in the documentation files
WARNING  -  A relative path to 'Foundry/vms_console_user_guide/Content/Administration/SMS_Configuration.html#nexmo' is
            included in the 'nav' configuration, which is not found in the documentation files
WARNING  -  A relative path to 'Foundry/vms_console_user_guide/Content/Administration/SMS_Configuration.html#inbound' is
            included in the 'nav' configuration, which is not found in the documentation files
WARNING  -  A relative path to
            'Foundry/vms_console_user_guide/Content/Administration/SMS_Configuration.html#adding-a-number' is included
            in the 'nav' configuration, which is not found in the documentation files
WARNING  -  A relative path to
            'Foundry/vms_console_user_guide/Content/Administration/SMS_Configuration.html#modifying-a-number' is
            included in the 'nav' configuration, which is not found in the documentation files
WARNING  -  A relative path to
            'Foundry/vms_console_user_guide/Content/Administration/SMS_Configuration.html#deleting-a-number' is included
            in the 'nav' configuration, which is not found in the documentation files
WARNING  -  A relative path to
            'Foundry/vms_console_user_guide/Content/Administration/SMS_Configuration.html#adding-a-command' is included
            in the 'nav' configuration, which is not found in the documentation files
WARNING  -  A relative path to
            'Foundry/vms_console_user_guide/Content/Administration/SMS_Configuration.html#modifying-a-command' is
            included in the 'nav' configuration, which is not found in the documentation files
WARNING  -  A relative path to
            'Foundry/vms_console_user_guide/Content/Administration/SMS_Configuration.html#deleting-a-command' is
            included in the 'nav' configuration, which is not found in the documentation files
WARNING  -  A relative path to
            'Foundry/vms_console_user_guide/Content/Access_Management/Assigning_or_Unassigning_Permissions_to_a_User.html#assigning-custom-attribute-creation-permissions'
            is included in the 'nav' configuration, which is not found in the documentation files
WARNING  -  A relative path to 'Foundry/voltmx_foundry_eng_camp_events/Content/Introduction to Events and Event
            Invocation.html#introduction-to-events-in-engagement' is included in the 'nav' configuration, which is not
            found in the documentation files
WARNING  -  A relative path to 'Foundry/voltmx_foundry_eng_camp_events/Content/Introduction to Events and Event
            Invocation.html#event-creation-in-the-engagement-server' is included in the 'nav' configuration, which is
            not found in the documentation files
WARNING  -  A relative path to 'Foundry/voltmx_foundry_eng_camp_events/Content/Introduction to Events and Event
            Invocation.html#event-invocation-using-the-demo-application' is included in the 'nav' configuration, which
            is not found in the documentation files
WARNING  -  A relative path to 'Foundry/voltmx_foundry_eng_camp_events/Content/Introduction to Location Based Segment
            Creation.html#introduction-to-segments-in-engagement' is included in the 'nav' configuration, which is not
            found in the documentation files
WARNING  -  A relative path to 'Foundry/voltmx_foundry_eng_camp_events/Content/Introduction to Location Based Segment
            Creation.html#segment-creation-in-the-engagement-server' is included in the 'nav' configuration, which is
            not found in the documentation files
WARNING  -  A relative path to 'Foundry/voltmx_foundry_eng_camp_events/Content/Introduction to Location Based Segment
            Creation.html#creation-of-segments-using-user-location' is included in the 'nav' configuration, which is not
            found in the documentation files
WARNING  -  A relative path to 'Foundry/voltmx_foundry_eng_camp_events/Content/Introduction to Campaign based Engagement
            Using Segments.html#introduction-to-campaigns-in-engagement' is included in the 'nav' configuration, which
            is not found in the documentation files
WARNING  -  A relative path to 'Foundry/voltmx_foundry_eng_camp_events/Content/Introduction to Campaign based Engagement
            Using Segments.html#campaign-creation-in-the-engagement-server' is included in the 'nav' configuration,
            which is not found in the documentation files
WARNING  -  A relative path to 'Foundry/voltmx_foundry_eng_geo_monitoring/Content/Geoboundary Creation and
            Monitoring.html#introduction-to-geoboundary-terminology' is included in the 'nav' configuration, which is
            not found in the documentation files
WARNING  -  A relative path to 'Foundry/voltmx_foundry_eng_geo_monitoring/Content/Geoboundary Creation and
            Monitoring.html#geoboundaries-in-the-engagement-server' is included in the 'nav' configuration, which is not
            found in the documentation files
WARNING  -  A relative path to 'Foundry/voltmx_foundry_eng_geo_monitoring/Content/Geoboundary Creation and
            Monitoring.html#geoboundary-monitoring-flow' is included in the 'nav' configuration, which is not found in
            the documentation files
WARNING  -  A relative path to 'Foundry/voltmx_foundry_eng_geo_monitoring/Content/Geoboundary Creation and
            Monitoring.html#engagement-api-support-for-geoboundary-monitoring' is included in the 'nav' configuration,
            which is not found in the documentation files
WARNING  -  A relative path to 'Foundry/voltmx_foundry_eng_geo_monitoring/Content/Demo App for Geoboundary
            Monitoring.html#installing-engagement-demo-application' is included in the 'nav' configuration, which is not
            found in the documentation files
WARNING  -  A relative path to 'Foundry/voltmx_foundry_eng_geo_monitoring/Content/Demo App for Geoboundary
            Monitoring.html#geoboundary-monitoring' is included in the 'nav' configuration, which is not found in the
            documentation files
WARNING  -  A relative path to
            'Foundry/engagement_api_guide/Content/JSON_Files.html#json-files-for-importing-and-exporting-events' is
            included in the 'nav' configuration, which is not found in the documentation files
WARNING  -  A relative path to
            'Foundry/engagement_api_guide/Content/JSON_Files.html#json-files-for-importing-and-exporting-templates' is
            included in the 'nav' configuration, which is not found in the documentation files
WARNING  -  A relative path to
            'Foundry/engagement_api_guide/Content/Invoking_REST_APIs_in_Java.html#getting-claims-token-for-user-authentication'
            is included in the 'nav' configuration, which is not found in the documentation files
WARNING  -  A relative path to
            'Foundry/engagement_api_guide/Content/Invoking_REST_APIs_in_Java.html#triggering-push-message' is included
            in the 'nav' configuration, which is not found in the documentation files
WARNING  -  A relative path to
            'Foundry/engagement_api_guide/Content/Invoking_REST_APIs_in_Java.html#triggering-sms-message' is included in
            the 'nav' configuration, which is not found in the documentation files
WARNING  -  A relative path to
            'Foundry/engagement_api_guide/Content/Invoking_REST_APIs_in_Java.html#triggering-email-message' is included
            in the 'nav' configuration, which is not found in the documentation files
WARNING  -  A relative path to 'Foundry/engagement_api_guide/Content/Invoking_REST_APIs_in_Java.html#triggering-event'
            is included in the 'nav' configuration, which is not found in the documentation files
WARNING  -  A relative path to
            'Foundry/engagement_api_guide/Content/Invoking_REST_APIs_in_Java.html#creating-a-new-user' is included in
            the 'nav' configuration, which is not found in the documentation files
WARNING  -  A relative path to 'Foundry/engagement_api_guide/Content/Invoking_REST_APIs_in_Java.html#sending-bulk-push'
            is included in the 'nav' configuration, which is not found in the documentation files
WARNING  -  A relative path to
            'Foundry/engagement_api_guide/Content/Client-side_Javascript_Code.html#creating-a-new-subscriber' is
            included in the 'nav' configuration, which is not found in the documentation files
WARNING  -  A relative path to
            'Foundry/engagement_api_guide/Content/Client-side_Javascript_Code.html#unsubscribing-a-device' is included
            in the 'nav' configuration, which is not found in the documentation files
WARNING  -  A relative path to
            'Foundry/engagement_api_guide/Content/Client-side_Javascript_Code.html#creating-a-user-with-ksid' is
            included in the 'nav' configuration, which is not found in the documentation files
WARNING  -  A relative path to
            'Foundry/engagement_api_guide/Content/Client-side_Javascript_Code.html#updating-geo-location-of-a-device' is
            included in the 'nav' configuration, which is not found in the documentation files
WARNING  -  A relative path to
            'Foundry/engagement_api_guide/Content/Client-side_Javascript_Code.html#updating-beacon-details-of-a-device'
            is included in the 'nav' configuration, which is not found in the documentation files
WARNING  -  A relative path to
            'Foundry/engagement_api_guide/Content/Client-side_Javascript_Code.html#fetching-the-list-of-push-messages'
            is included in the 'nav' configuration, which is not found in the documentation files
WARNING  -  A relative path to
            'Foundry/engagement_api_guide/Content/Client-side_Javascript_Code.html#fetching-full-content-of-a-push-message'
            is included in the 'nav' configuration, which is not found in the documentation files
WARNING  -  A relative path to
            'Foundry/engagement_api_guide/Content/VoltMX_Development_Cloud_Push_APIs.html#volt-mx-javascript-apis' is
            included in the 'nav' configuration, which is not found in the documentation files
WARNING  -  A relative path to 'Foundry/eng_event_mgmt_quickstart_guide/Content/Adding an Event.html#event-information'
            is included in the 'nav' configuration, which is not found in the documentation files
WARNING  -  A relative path to 'Foundry/eng_event_mgmt_quickstart_guide/Content/Adding an Event.html#define-message' is
            included in the 'nav' configuration, which is not found in the documentation files
WARNING  -  A relative path to 'Foundry/eng_event_mgmt_quickstart_guide/Content/Defining Notification Types for an event
            - Push Message.html#silent-push' is included in the 'nav' configuration, which is not found in the
            documentation files
WARNING  -  A relative path to 'Foundry/eng_event_mgmt_quickstart_guide/Content/Defining Notification Types for an event
            - Push Message.html#standard-push' is included in the 'nav' configuration, which is not found in the
            documentation files
WARNING  -  A relative path to 'Foundry/eng_event_mgmt_quickstart_guide/Content/Defining Notification Types for an event
            - Push Message.html#copy-from-template' is included in the 'nav' configuration, which is not found in the
            documentation files
WARNING  -  A relative path to 'Foundry/eng_event_mgmt_quickstart_guide/Content/Defining Notification Types for an event
            - Push Message.html#Associate_Rich_Push' is included in the 'nav' configuration, which is not found in the
            documentation files
WARNING  -  A relative path to 'Foundry/eng_event_mgmt_quickstart_guide/Content/Defining Notification Types for an event
            - Push Message.html#platform-specific-properties' is included in the 'nav' configuration, which is not found
            in the documentation files
WARNING  -  A relative path to
            'Foundry/voltmx_licensing_guide/Content/License_Activation_through_VoltMX_Server_7.2.html#activating-volt-mx-foundry-license'
            is included in the 'nav' configuration, which is not found in the documentation files
WARNING  -  A relative path to
            'Foundry/voltmx_foundry_roles_access_control_guide/Content/ConsoleAccessControl.html#console-access-control'
            is included in the 'nav' configuration, which is not found in the documentation files
WARNING  -  A relative path to
            'Foundry/voltmx_foundry_roles_access_control_guide/Content/ConsoleAccessControl.html#use-case' is included
            in the 'nav' configuration, which is not found in the documentation files
WARNING  -  A relative path to
            'Foundry/voltmx_foundry_roles_access_control_guide/Content/ConsoleAccessControl.html#how-to-use-access-control'
            is included in the 'nav' configuration, which is not found in the documentation files
WARNING  -  A relative path to
            'Foundry/voltmx_foundry_roles_access_control_guide/Content/ConsoleAccessControl.html#how-to-use-access-control-for-applications'
            is included in the 'nav' configuration, which is not found in the documentation files
WARNING  -  A relative path to
            'Foundry/voltmx_foundry_roles_access_control_guide/Content/ConsoleAccessControl.html#how-to-use-access-control-for-services'
            is included in the 'nav' configuration, which is not found in the documentation files
WARNING  -  A relative path to
            'Foundry/standard_metrics_reports_guide/Content/VoltMX_Analytics_-_Standard_Reports/Application_activity_Reports.html#application-session'
            is included in the 'nav' configuration, which is not found in the documentation files
WARNING  -  A relative path to
            'Foundry/standard_metrics_reports_guide/Content/VoltMX_Analytics_-_Standard_Reports/Application_activity_Reports.html#application-usage-detail'
            is included in the 'nav' configuration, which is not found in the documentation files
WARNING  -  A relative path to
            'Foundry/standard_metrics_reports_guide/Content/VoltMX_Analytics_-_Standard_Reports/Application_activity_Reports.html#sessions-per-device'
            is included in the 'nav' configuration, which is not found in the documentation files
WARNING  -  A relative path to
            'Foundry/standard_metrics_reports_guide/Content/VoltMX_Analytics_-_Standard_Reports/Application_activity_Reports.html#application-usage-summary'
            is included in the 'nav' configuration, which is not found in the documentation files
WARNING  -  A relative path to
            'Foundry/standard_metrics_reports_guide/Content/VoltMX_Analytics_-_Standard_Reports/Application_activity_Reports.html#frequency-of-app-usage'
            is included in the 'nav' configuration, which is not found in the documentation files
WARNING  -  A relative path to
            'Foundry/standard_metrics_reports_guide/Content/VoltMX_Analytics_-_Standard_Reports/User_Activity_Reports.html#new-users'
            is included in the 'nav' configuration, which is not found in the documentation files
WARNING  -  A relative path to
            'Foundry/standard_metrics_reports_guide/Content/VoltMX_Analytics_-_Standard_Reports/User_Activity_Reports.html#active-users'
            is included in the 'nav' configuration, which is not found in the documentation files
WARNING  -  A relative path to
            'Foundry/standard_metrics_reports_guide/Content/VoltMX_Analytics_-_Standard_Reports/User_Activity_Reports.html#repeat-users-sticky-factor'
            is included in the 'nav' configuration, which is not found in the documentation files
WARNING  -  A relative path to
            'Foundry/standard_metrics_reports_guide/Content/VoltMX_Analytics_-_Standard_Reports/Location_Reports.html#world-map-of-user-activity'
            is included in the 'nav' configuration, which is not found in the documentation files
WARNING  -  A relative path to
            'Foundry/standard_metrics_reports_guide/Content/VoltMX_Analytics_-_Standard_Reports/Location_Reports.html#us-map-of-user-activity'
            is included in the 'nav' configuration, which is not found in the documentation files
WARNING  -  A relative path to
            'Foundry/standard_metrics_reports_guide/Content/VoltMX_Analytics_-_Standard_Reports/Server_Requests_and_Performance_Reports.html#requests-per-form'
            is included in the 'nav' configuration, which is not found in the documentation files
WARNING  -  A relative path to
            'Foundry/standard_metrics_reports_guide/Content/VoltMX_Analytics_-_Standard_Reports/Server_Requests_and_Performance_Reports.html#requests-per-service'
            is included in the 'nav' configuration, which is not found in the documentation files
WARNING  -  A relative path to
            'Foundry/standard_metrics_reports_guide/Content/VoltMX_Analytics_-_Standard_Reports/Server_Requests_and_Performance_Reports.html#service-duration'
            is included in the 'nav' configuration, which is not found in the documentation files
WARNING  -  A relative path to
            'Foundry/standard_metrics_reports_guide/Content/VoltMX_Analytics_-_Standard_Reports/Server_Requests_and_Performance_Reports.html#service-duration-detail'
            is included in the 'nav' configuration, which is not found in the documentation files
WARNING  -  A relative path to
            'Foundry/standard_metrics_reports_guide/Content/VoltMX_Analytics_-_Standard_Reports/Sync_Server_Reports.html#requests-per-service'
            is included in the 'nav' configuration, which is not found in the documentation files
WARNING  -  A relative path to
            'Foundry/standard_metrics_reports_guide/Content/VoltMX_Analytics_-_Standard_Reports/Sync_Server_Reports.html#service-duration'
            is included in the 'nav' configuration, which is not found in the documentation files
WARNING  -  A relative path to
            'Foundry/standard_metrics_reports_guide/Content/VoltMX_Analytics_-_Standard_Reports/Sync_Server_Reports.html#service-duration-detail'
            is included in the 'nav' configuration, which is not found in the documentation files
WARNING  -  A relative path to
            'Foundry/standard_metrics_reports_guide/Content/VoltMX_Analytics_-_Standard_Reports/Events_and_User_journey_reports.html#events-api'
            is included in the 'nav' configuration, which is not found in the documentation files
WARNING  -  A relative path to
            'Foundry/standard_metrics_reports_guide/Content/VoltMX_Analytics_-_Standard_Reports/Events_and_User_journey_reports.html#app-session-length'
            is included in the 'nav' configuration, which is not found in the documentation files
WARNING  -  A relative path to
            'Foundry/standard_metrics_reports_guide/Content/VoltMX_Analytics_-_Standard_Reports/Events_and_User_journey_reports.html#time-spent-per-form'
            is included in the 'nav' configuration, which is not found in the documentation files
WARNING  -  A relative path to
            'Foundry/standard_metrics_reports_guide/Content/VoltMX_Analytics_-_Standard_Reports/Events_and_User_journey_reports.html#event-activity'
            is included in the 'nav' configuration, which is not found in the documentation files
WARNING  -  A relative path to
            'Foundry/standard_metrics_reports_guide/Content/VoltMX_Analytics_-_Standard_Reports/Events_and_User_journey_reports.html#event-summary'
            is included in the 'nav' configuration, which is not found in the documentation files
WARNING  -  A relative path to
            'Foundry/standard_metrics_reports_guide/Content/VoltMX_Analytics_-_Standard_Reports/Events_and_User_journey_reports.html#application-error-detail'
            is included in the 'nav' configuration, which is not found in the documentation files
WARNING  -  A relative path to
            'Foundry/standard_metrics_reports_guide/Content/VoltMX_Analytics_-_Standard_Reports/Events_and_User_journey_reports.html#application-error-summary'
            is included in the 'nav' configuration, which is not found in the documentation files
WARNING  -  A relative path to
            'Foundry/standard_metrics_reports_guide/Content/VoltMX_Analytics_-_Standard_Reports/Events_and_User_journey_reports.html#application-crash-breadcrumbs'
            is included in the 'nav' configuration, which is not found in the documentation files
WARNING  -  A relative path to
            'Foundry/standard_metrics_reports_guide/Content/VoltMX_Analytics_-_Standard_Reports/Events_and_User_journey_reports.html#reporting-data-in-app-crash-breadcrumbs'
            is included in the 'nav' configuration, which is not found in the documentation files
WARNING  -  A relative path to
            'Foundry/standard_metrics_reports_guide/Content/VoltMX_Analytics_-_Standard_Reports/API_Management_Reports.html#service-performance'
            is included in the 'nav' configuration, which is not found in the documentation files
WARNING  -  A relative path to
            'Foundry/standard_metrics_reports_guide/Content/VoltMX_Analytics_-_Standard_Reports/API_Management_Reports.html#service-usage-detail'
            is included in the 'nav' configuration, which is not found in the documentation files
WARNING  -  A relative path to
            'Foundry/standard_metrics_reports_guide/Content/VoltMX_Analytics_-_Standard_Reports/API_Management_Reports.html#service-usage-summary'
            is included in the 'nav' configuration, which is not found in the documentation files
WARNING  -  A relative path to
            'Foundry/standard_metrics_reports_guide/Content/Offline_Objects_Reports.html#object-service-performance-detail'
            is included in the 'nav' configuration, which is not found in the documentation files
WARNING  -  A relative path to
            'Foundry/standard_metrics_reports_guide/Content/Offline_Objects_Reports.html#object-service-performance' is
            included in the 'nav' configuration, which is not found in the documentation files
WARNING  -  A relative path to
            'Foundry/standard_metrics_reports_guide/Content/AnalyticsDashboard.html#analytics-dashboard-configuration'
            is included in the 'nav' configuration, which is not found in the documentation files
WARNING  -  A relative path to
            'Foundry/standard_metrics_reports_guide/Content/AnalyticsDashboard.html#daily-users-report' is included in
            the 'nav' configuration, which is not found in the documentation files
WARNING  -  A relative path to
            'Foundry/standard_metrics_reports_guide/Content/AnalyticsDashboard.html#activity-per-location-report' is
            included in the 'nav' configuration, which is not found in the documentation files
WARNING  -  A relative path to 'Foundry/standard_metrics_reports_guide/Content/AnalyticsDashboard.html#usage' is
            included in the 'nav' configuration, which is not found in the documentation files
WARNING  -  A relative path to
            'Foundry/standard_metrics_reports_guide/Content/AnalyticsDashboard.html#integration-service-activity-report'
            is included in the 'nav' configuration, which is not found in the documentation files
WARNING  -  A relative path to
            'Foundry/standard_metrics_reports_guide/Content/AnalyticsDashboard.html#integration-service-performance-report'
            is included in the 'nav' configuration, which is not found in the documentation files
WARNING  -  A relative path to
            'Foundry/standard_metrics_reports_guide/Content/AnalyticsDashboard.html#error-summary-report' is included in
            the 'nav' configuration, which is not found in the documentation files
WARNING  -  A relative path to
            'Foundry/standard_metrics_reports_guide/Content/AnalyticsDashboard.html#sync-integration-service-activity'
            is included in the 'nav' configuration, which is not found in the documentation files
WARNING  -  A relative path to
            'Foundry/standard_metrics_reports_guide/Content/AnalyticsDashboard.html#sync-integration-service-performance'
            is included in the 'nav' configuration, which is not found in the documentation files
WARNING  -  A relative path to 'Foundry/custom_metrics_and_reports/Content/CustomMetrics.html#custom-metrics' is
            included in the 'nav' configuration, which is not found in the documentation files
WARNING  -  A relative path to
            'Foundry/custom_metrics_and_reports/Content/Advanced_Actions_in_Custom_Reports.html#using-filters' is
            included in the 'nav' configuration, which is not found in the documentation files
WARNING  -  A relative path to
            'Foundry/custom_metrics_and_reports/Content/Advanced_Actions_in_Custom_Reports.html#changing-data-format' is
            included in the 'nav' configuration, which is not found in the documentation files
WARNING  -  A relative path to
            'Foundry/custom_metrics_and_reports/Content/Advanced_Actions_in_Custom_Reports.html#creating-custom-fields'
            is included in the 'nav' configuration, which is not found in the documentation files
WARNING  -  A relative path to
            'Foundry/custom_metrics_and_reports/Content/Custom_Dashboards.html#accessing-custom-dashboards' is included
            in the 'nav' configuration, which is not found in the documentation files
WARNING  -  A relative path to 'Foundry/custom_metrics_and_reports/Content/Custom_Dashboards.html#prerequisites' is
            included in the 'nav' configuration, which is not found in the documentation files
WARNING  -  A relative path to
            'Foundry/custom_metrics_and_reports/Content/Working_with_Custom_Dashboards.html#creating-a-custom-dashboard'
            is included in the 'nav' configuration, which is not found in the documentation files
WARNING  -  A relative path to
            'Foundry/custom_metrics_and_reports/Content/Working_with_Custom_Dashboards.html#updating-a-custom-dashboard'
            is included in the 'nav' configuration, which is not found in the documentation files
WARNING  -  A relative path to
            'Foundry/custom_metrics_and_reports/Content/Working_with_Custom_Dashboards.html#deleting-a-custom-dashboard'
            is included in the 'nav' configuration, which is not found in the documentation files
WARNING  -  A relative path to
            'Foundry/custom_metrics_and_reports/Content/Working_with_Custom_Dashboards.html#input-controls-parameter-mapping'
            is included in the 'nav' configuration, which is not found in the documentation files
WARNING  -  A relative path to 'Foundry/voltmx_analytics_reporting/Content/Prereqs.html#software-requirements' is
            included in the 'nav' configuration, which is not found in the documentation files
WARNING  -  A relative path to 'Foundry/voltmx_analytics_reporting/Content/Prereqs.html#hardware-requirements' is
            included in the 'nav' configuration, which is not found in the documentation files
WARNING  -  A relative path to 'Foundry/voltmx_analytics_reporting/Content/Prereqs.html#supported-foundry-versions' is
            included in the 'nav' configuration, which is not found in the documentation files
WARNING  -  A relative path to 'Foundry/voltmx_analytics_reporting/Content/Prereqs.html#reports-database' is included in
            the 'nav' configuration, which is not found in the documentation files
WARNING  -  A relative path to
            'Foundry/voltmx_Foundry_analytics_mobile_app/Content/FoundryMobileApp.html#sign-in-to-volt-mx-foundry' is
            included in the 'nav' configuration, which is not found in the documentation files
WARNING  -  A relative path to
            'Foundry/voltmx_Foundry_analytics_mobile_app/Content/FoundryMobileApp.html#switch-accounts' is included in
            the 'nav' configuration, which is not found in the documentation files
WARNING  -  A relative path to
            'Foundry/voltmx_Foundry_analytics_mobile_app/Content/FoundryMobileApp.html#how-to-use-standard-reports' is
            included in the 'nav' configuration, which is not found in the documentation files
WARNING  -  A relative path to
            'Foundry/voltmx_Foundry_analytics_mobile_app/Content/FoundryMobileApp.html#how-to-use-custom-reports' is
            included in the 'nav' configuration, which is not found in the documentation files
WARNING  -  A relative path to
            'Foundry/voltmx_Foundry_analytics_mobile_app/Content/FoundryMobileApp.html#how-to-use-favorites' is included
            in the 'nav' configuration, which is not found in the documentation files
WARNING  -  A relative path to 'Foundry/voltmx_Foundry_analytics_mobile_app/Content/FoundryMobileApp.html#manage-users'
            is included in the 'nav' configuration, which is not found in the documentation files
WARNING  -  A relative path to 'Foundry/user_journey_app_events_apm/Content/APM/App_Event_Types.html#standard-events' is
            included in the 'nav' configuration, which is not found in the documentation files
WARNING  -  A relative path to 'Foundry/user_journey_app_events_apm/Content/APM/App_Event_Types.html#custom-events' is
            included in the 'nav' configuration, which is not found in the documentation files
WARNING  -  A relative path to
            'Foundry/user_journey_app_events_apm/Content/APM/App_Performance_Monitoring.html#application-performance-monitoring'
            is included in the 'nav' configuration, which is not found in the documentation files
WARNING  -  A relative path to
            'Foundry/user_journey_app_events_apm/Content/APM/User_Journey_Tracking.html#tracking-user-journey' is
            included in the 'nav' configuration, which is not found in the documentation files
WARNING  -  A relative path to
            'Foundry/user_journey_app_events_apm/Content/APM/User_Journey_Tracking.html#tracking-user-journey' is
            included in the 'nav' configuration, which is not found in the documentation files
WARNING  -  A relative path to
            'Foundry/user_journey_app_events_apm/Content/APM/User_Journey_Tracking.html#tracking-user-journey' is
            included in the 'nav' configuration, which is not found in the documentation files
WARNING  -  A relative path to
            'Foundry/user_journey_app_events_apm/Content/APM/Enabling_Auto_Event_Capture.html#enabling-auto-event-capture'
            is included in the 'nav' configuration, which is not found in the documentation files
WARNING  -  A relative path to
            'Foundry/user_journey_app_events_apm/Content/APM/Tuning_Auto_Event_Capture.html#tuning-auto-event-capture'
            is included in the 'nav' configuration, which is not found in the documentation files
WARNING  -  A relative path to
            'Foundry/user_journey_app_events_apm/Content/APM/Tuning_Auto_Event_Capture.html#event-analytics-apis-to-tune-performance'
            is included in the 'nav' configuration, which is not found in the documentation files
WARNING  -  A relative path to
            'Foundry/user_journey_app_events_apm/Content/APM/Tuning_Auto_Event_Capture.html#seteventconfig' is included
            in the 'nav' configuration, which is not found in the documentation files
WARNING  -  A relative path to
            'Foundry/user_journey_app_events_apm/Content/APM/Tuning_Auto_Event_Capture.html#seteventtracking' is
            included in the 'nav' configuration, which is not found in the documentation files
WARNING  -  A relative path to
            'Foundry/user_journey_app_events_apm/Content/APM/Tuning_Auto_Event_Capture.html#setuserid' is included in
            the 'nav' configuration, which is not found in the documentation files
WARNING  -  A relative path to
            'Foundry/user_journey_app_events_apm/Content/APM/Tuning_Auto_Event_Capture.html#setflowtag' is included in
            the 'nav' configuration, which is not found in the documentation files
WARNING  -  A relative path to
            'Foundry/user_journey_app_events_apm/Content/APM/Tuning_Auto_Event_Capture.html#sendevent' is included in
            the 'nav' configuration, which is not found in the documentation files
WARNING  -  A relative path to
            'Foundry/user_journey_app_events_apm/Content/APM/Tuning_Auto_Event_Capture.html#flushevents' is included in
            the 'nav' configuration, which is not found in the documentation files
WARNING  -  A relative path to
            'Foundry/user_journey_app_events_apm/Content/APM/Tuning_Auto_Event_Capture.html#performance-considerations'
            is included in the 'nav' configuration, which is not found in the documentation files
WARNING  -  A relative path to
            'Foundry/user_journey_app_events_apm/Content/APM/Reporting_on_Events.html#reporting-on-events' is included
            in the 'nav' configuration, which is not found in the documentation files
WARNING  -  A relative path to
            'Foundry/user_journey_app_events_apm/Content/APM/Reporting_on_Events.html#standard-reports' is included in
            the 'nav' configuration, which is not found in the documentation files
WARNING  -  A relative path to 'Foundry/user_journey_app_events_apm/Content/APM/Reporting_on_Events.html#custom-reports'
            is included in the 'nav' configuration, which is not found in the documentation files
WARNING  -  A relative path to 'Foundry/user_journey_app_events_apm/Content/FunnelReport.html#prerequisites' is included
            in the 'nav' configuration, which is not found in the documentation files
WARNING  -  A relative path to
            'Foundry/user_journey_app_events_apm/Content/FunnelReport.html#how-to-create-a-funnel-report' is included in
            the 'nav' configuration, which is not found in the documentation files
WARNING  -  A relative path to
            'Foundry/user_journey_app_events_apm/Content/FunnelReport.html#how-to-run-a-funnel-report' is included in
            the 'nav' configuration, which is not found in the documentation files
WARNING  -  A relative path to
            'Foundry/user_journey_app_events_apm/Content/FunnelReport.html#how-to-edit-a-funnel-report' is included in
            the 'nav' configuration, which is not found in the documentation files
WARNING  -  A relative path to
            'Foundry/user_journey_app_events_apm/Content/FunnelReport.html#how-to-download-a-funnel-report' is included
            in the 'nav' configuration, which is not found in the documentation files
WARNING  -  A relative path to
            'Foundry/user_journey_app_events_apm/Content/FunnelReport.html#how-to-delete-a-funnel-report' is included in
            the 'nav' configuration, which is not found in the documentation files
WARNING  -  A relative path to
            'Foundry/user_journey_app_events_apm/Content/APM/APM_Extension_Third_Party.html#apm-extension-third-party-apm-integration'
            is included in the 'nav' configuration, which is not found in the documentation files
WARNING  -  A relative path to
            'Foundry/user_journey_app_events_apm/Content/APM/APM_Extension_Third_Party.html#global-error-handler-volt-mx-iris-only'
            is included in the 'nav' configuration, which is not found in the documentation files
WARNING  -  A relative path to
            'Foundry/user_journey_app_events_apm/Content/APM/APM_Extension_Third_Party.html#setuncaughtexceptionhandler'
            is included in the 'nav' configuration, which is not found in the documentation files
WARNING  -  A relative path to
            'Foundry/user_journey_app_events_apm/Content/APM/APM_Extension_Third_Party.html#getuncaughtexceptionhandler'
            is included in the 'nav' configuration, which is not found in the documentation files
WARNING  -  A relative path to
            'Foundry/user_journey_app_events_apm/Content/APM/APM_Extension_Third_Party.html#other-third-party-apm-integration'
            is included in the 'nav' configuration, which is not found in the documentation files
WARNING  -  A relative path to
            'Foundry/vmf_integrationservice_admin_console_userguide/Content/Launching_Admin_Console.html#functional-flow'
            is included in the 'nav' configuration, which is not found in the documentation files
WARNING  -  A relative path to 'Foundry/vmf_integrationservice_admin_console_userguide/Content/Monitoring.html#service'
            is included in the 'nav' configuration, which is not found in the documentation files
WARNING  -  A relative path to
            'Foundry/vmf_integrationservice_admin_console_userguide/Content/Object_Services.html#hard-delete-option-for-storage-services-using-the-x-volt-mx-soft-delete-flag'
            is included in the 'nav' configuration, which is not found in the documentation files
WARNING  -  A relative path to 'Foundry/vmf_integrationservice_admin_console_userguide/Content/Workflow.html#list-page'
            is included in the 'nav' configuration, which is not found in the documentation files
WARNING  -  A relative path to
            'Foundry/vmf_integrationservice_admin_console_userguide/Content/Workflow.html#workflow-instances-details-page'
            is included in the 'nav' configuration, which is not found in the documentation files
WARNING  -  A relative path to
            'Foundry/vmf_integrationservice_admin_console_userguide/Content/Workflow.html#how-to-retry-a-failed-task-of-a-workflow'
            is included in the 'nav' configuration, which is not found in the documentation files
WARNING  -  A relative path to
            'Foundry/vmf_integrationservice_admin_console_userguide/Content/Standard_Logs.html#cloud-logs' is included
            in the 'nav' configuration, which is not found in the documentation files
WARNING  -  A relative path to 'Foundry/voltmx_appfactory_user_guide/Content/Prerequisites.html#prerequisites' is
            included in the 'nav' configuration, which is not found in the documentation files
WARNING  -  A relative path to 'Foundry/voltmx_appfactory_user_guide/Content/Prerequisites.html#additional-requirements'
            is included in the 'nav' configuration, which is not found in the documentation files
WARNING  -  A relative path to 'Foundry/voltmx_appfactory_user_guide/Content/Setup.html#creating-an-app-factory-project'
            is included in the 'nav' configuration, which is not found in the documentation files
WARNING  -  A relative path to
            'Foundry/voltmx_appfactory_user_guide/Content/Project_Settings.html#iris-project-settings' is included in
            the 'nav' configuration, which is not found in the documentation files
WARNING  -  A relative path to
            'Foundry/voltmx_appfactory_user_guide/Content/Project_Settings.html#foundry-project-settings' is included in
            the 'nav' configuration, which is not found in the documentation files
WARNING  -  A relative path to 'Foundry/voltmx_appfactory_user_guide/Content/TestingAnApp.html#prerequisites' is
            included in the 'nav' configuration, which is not found in the documentation files
WARNING  -  A relative path to
            'Foundry/voltmx_appfactory_user_guide/Content/TestingAnApp.html#building-and-running-a-test' is included in
            the 'nav' configuration, which is not found in the documentation files
WARNING  -  A relative path to 'Foundry/voltmx_appfactory_user_guide/Content/TestingAnApp.html#native-test-environments'
            is included in the 'nav' configuration, which is not found in the documentation files
WARNING  -  A relative path to
            'Foundry/voltmx_appfactory_user_guide/Content/TestingAnApp.html#standard-test-environment-run' is included
            in the 'nav' configuration, which is not found in the documentation files
WARNING  -  A relative path to
            'Foundry/voltmx_appfactory_user_guide/Content/TestingAnApp.html#custom-test-environment-run-raw-mode' is
            included in the 'nav' configuration, which is not found in the documentation files
WARNING  -  A relative path to
            'Foundry/voltmx_appfactory_user_guide/Content/TestingAnApp.html#running-tests-from-buildirisapp-job' is
            included in the 'nav' configuration, which is not found in the documentation files
WARNING  -  A relative path to 'Foundry/voltmx_appfactory_user_guide/Content/TestingAnApp.html#test-results' is included
            in the 'nav' configuration, which is not found in the documentation files
WARNING  -  A relative path to 'Foundry/voltmx_appfactory_user_guide/Content/TestingAnApp.html#troubleshooting-issues'
            is included in the 'nav' configuration, which is not found in the documentation files
WARNING  -  A relative path to 'Foundry/voltmx_appfactory_user_guide/Content/TestingAnApp.html#auto-triggering-tests' is
            included in the 'nav' configuration, which is not found in the documentation files
WARNING  -  A relative path to 'Foundry/voltmx_appfactory_user_guide/Content/TestingAnAppJasmine.html#native-tests' is
            included in the 'nav' configuration, which is not found in the documentation files
WARNING  -  A relative path to 'Foundry/voltmx_appfactory_user_guide/Content/TestingAnAppJasmine.html#desktop-web-tests'
            is included in the 'nav' configuration, which is not found in the documentation files
WARNING  -  A relative path to
            'Foundry/voltmx_appfactory_user_guide/Content/TestingAnAppJasmine.html#running-tests-from-the-buildirisapp-job'
            is included in the 'nav' configuration, which is not found in the documentation files
WARNING  -  A relative path to 'Foundry/voltmx_appfactory_user_guide/Content/TestingAnAppJasmine.html#test-results' is
            included in the 'nav' configuration, which is not found in the documentation files
WARNING  -  A relative path to
            'Foundry/voltmx_appfactory_user_guide/Content/TestingAnAppJasmine.html#troubleshooting-issues' is included
            in the 'nav' configuration, which is not found in the documentation files
WARNING  -  A relative path to
            'Foundry/voltmx_appfactory_user_guide/Content/TestingAnAppJasmine.html#auto-triggering-tests' is included in
            the 'nav' configuration, which is not found in the documentation files
WARNING  -  A relative path to 'Foundry/voltmx_appfactory_user_guide/Content/VoltMXFoundryTriggers.html#schedule-export'
            is included in the 'nav' configuration, which is not found in the documentation files
WARNING  -  A relative path to 'Foundry/voltmx_appfactory_user_guide/Content/VoltMXFoundryTriggers.html#schedule-import'
            is included in the 'nav' configuration, which is not found in the documentation files
WARNING  -  A relative path to
            'Foundry/voltmx_appfactory_user_guide/Content/VoltMXFoundryTriggers.html#schedule-migrate' is included in
            the 'nav' configuration, which is not found in the documentation files
WARNING  -  A relative path to
            'Foundry/voltmx_appfactory_user_guide/Content/ManagingCredentials.html#adding-new-credentials' is included
            in the 'nav' configuration, which is not found in the documentation files
WARNING  -  A relative path to
            'Foundry/voltmx_appfactory_user_guide/Content/ManagingCredentials.html#deleting-credentials' is included in
            the 'nav' configuration, which is not found in the documentation files
WARNING  -  A relative path to 'Foundry/voltmx_appfactory_user_guide/Content/Known_Issues.html#limitations' is included
            in the 'nav' configuration, which is not found in the documentation files
WARNING  -  A relative path to 'Foundry/voltmx_Foundry_deployment_guide/Content/Deployment.html#deployment-guide' is
            included in the 'nav' configuration, which is not found in the documentation files
WARNING  -  A relative path to 'Foundry/voltmx_Foundry_deployment_guide/Content/Deployment.html#software-requirements'
            is included in the 'nav' configuration, which is not found in the documentation files
WARNING  -  A relative path to 'Foundry/voltmx_Foundry_deployment_guide/Content/Deployment.html#deployment-topology' is
            included in the 'nav' configuration, which is not found in the documentation files
WARNING  -  A relative path to 'Foundry/voltmx_Foundry_deployment_guide/Content/Deployment.html#development-topology' is
            included in the 'nav' configuration, which is not found in the documentation files
WARNING  -  A relative path to 'Foundry/voltmx_Foundry_deployment_guide/Content/Deployment.html#app-server-sizing' is
            included in the 'nav' configuration, which is not found in the documentation files
WARNING  -  A relative path to 'Foundry/voltmx_Foundry_deployment_guide/Content/Deployment.html#database-growth-sizing'
            is included in the 'nav' configuration, which is not found in the documentation files
WARNING  -  A relative path to 'Foundry/voltmx_Foundry_deployment_guide/Content/Deployment.html#session-management' is
            included in the 'nav' configuration, which is not found in the documentation files
WARNING  -  A relative path to
            'Foundry/voltmx_Foundry_deployment_guide/Content/Hardening_Guide.html#volt-mx-foundry-components-covered' is
            included in the 'nav' configuration, which is not found in the documentation files
WARNING  -  A relative path to
            'Foundry/voltmx_Foundry_deployment_guide/Content/Hardening_Guide.html#secure-server-checklist' is included
            in the 'nav' configuration, which is not found in the documentation files
WARNING  -  A relative path to 'Foundry/voltmx_Foundry_deployment_guide/Content/Hardening_Guide.html#enable-ssl-tls' is
            included in the 'nav' configuration, which is not found in the documentation files
WARNING  -  A relative path to
            'Foundry/voltmx_Foundry_deployment_guide/Content/Hardening_Guide.html#disable-weak-ciphers' is included in
            the 'nav' configuration, which is not found in the documentation files
WARNING  -  A relative path to
            'Foundry/voltmx_Foundry_deployment_guide/Content/Hardening_Guide.html#how-to-disable-weak-ciphers-in-tomcat'
            is included in the 'nav' configuration, which is not found in the documentation files
WARNING  -  A relative path to
            'Foundry/voltmx_Foundry_deployment_guide/Content/Hardening_Guide.html#how-to-disable-weak-ciphers-in-jboss'
            is included in the 'nav' configuration, which is not found in the documentation files
WARNING  -  A relative path to
            'Foundry/voltmx_Foundry_deployment_guide/Content/Hardening_Guide.html#use-a-hardened-database-for-volt-mx-foundry'
            is included in the 'nav' configuration, which is not found in the documentation files
WARNING  -  A relative path to
            'Foundry/voltmx_Foundry_deployment_guide/Content/Hardening_Guide.html#users-and-account-roles' is included
            in the 'nav' configuration, which is not found in the documentation files
WARNING  -  A relative path to
            'Foundry/voltmx_Foundry_deployment_guide/Content/Hardening_Guide.html#default-services-and-apps-permissions'
            is included in the 'nav' configuration, which is not found in the documentation files
WARNING  -  A relative path to
            'Foundry/voltmx_Foundry_deployment_guide/Content/Hardening_Guide.html#operation-security-level-for-integration-and-orchestration-services'
            is included in the 'nav' configuration, which is not found in the documentation files
WARNING  -  A relative path to
            'Foundry/voltmx_Foundry_deployment_guide/Content/Hardening_Guide.html#verb-security-level-for-object-services'
            is included in the 'nav' configuration, which is not found in the documentation files
WARNING  -  A relative path to
            'Foundry/voltmx_Foundry_deployment_guide/Content/Hardening_Guide.html#backend-credentials-and-session-security'
            is included in the 'nav' configuration, which is not found in the documentation files
WARNING  -  A relative path to
            'Foundry/voltmx_Foundry_deployment_guide/Content/Hardening_Guide.html#user-credential-security' is included
            in the 'nav' configuration, which is not found in the documentation files
WARNING  -  A relative path to
            'Foundry/voltmx_Foundry_deployment_guide/Content/Hardening_Guide.html#idle-session-timeout-for-volt-mx-foundry-app'
            is included in the 'nav' configuration, which is not found in the documentation files
WARNING  -  A relative path to
            'Foundry/voltmx_Foundry_deployment_guide/Content/Hardening_Guide.html#password-policy-for-volt-mx-foundry-users'
            is included in the 'nav' configuration, which is not found in the documentation files
WARNING  -  A relative path to
            'Foundry/voltmx_Foundry_deployment_guide/Content/Hardening_Guide.html#hardening-volt-mx-foundry-integration-middleware'
            is included in the 'nav' configuration, which is not found in the documentation files
WARNING  -  A relative path to
            'Foundry/voltmx_Foundry_deployment_guide/Content/Hardening_Guide.html#hardening-volt-mx-foundry-identity' is
            included in the 'nav' configuration, which is not found in the documentation files
WARNING  -  A relative path to
            'Foundry/voltmx_Foundry_deployment_guide/Content/Hardening_Guide.html#preventing-tomcat-version-from-error-pages'
            is included in the 'nav' configuration, which is not found in the documentation files
WARNING  -  A relative path to
            'Foundry/voltmx_Foundry_deployment_guide/Content/Hardening_Guide.html#disable-concurrent-session' is
            included in the 'nav' configuration, which is not found in the documentation files
WARNING  -  A relative path to
            'Foundry/voltmx_Foundry_deployment_guide/Content/Hardening_Guide.html#protection-against-automated-attacks'
            is included in the 'nav' configuration, which is not found in the documentation files
WARNING  -  A relative path to
            'Foundry/voltmx_Foundry_deployment_guide/Content/Hardening_Guide.html#restrict-tomcat-manager-to-localhost'
            is included in the 'nav' configuration, which is not found in the documentation files
WARNING  -  A relative path to
            'Foundry/voltmx_Foundry_deployment_guide/Content/Hardening_Guide.html#secure-your-cookies-secure-and-httponly-flags'
            is included in the 'nav' configuration, which is not found in the documentation files
WARNING  -  A relative path to
            'Foundry/voltmx_Foundry_deployment_guide/Content/Hardening_Guide.html#redirect-traffic-from-non-secure-protocol-http-to-secure-protocol-https'
            is included in the 'nav' configuration, which is not found in the documentation files
WARNING  -  A relative path to
            'Foundry/voltmx_Foundry_deployment_guide/Content/Hardening_Guide.html#enabling-secure-flag-for-cacheid-cookie'
            is included in the 'nav' configuration, which is not found in the documentation files
WARNING  -  A relative path to
            'Foundry/voltmx_Foundry_deployment_guide/Content/Hardening_Guide.html#configuring-owasp-secure-headers-for-spa-desktop-apps'
            is included in the 'nav' configuration, which is not found in the documentation files
WARNING  -  A relative path to
            'Foundry/voltmx_Foundry_deployment_guide/Content/Hardening_Guide.html#disable-caching-for-sensitive-middleware-services'
            is included in the 'nav' configuration, which is not found in the documentation files
WARNING  -  A relative path to
            'Foundry/voltmx_Foundry_deployment_guide/Content/Hardening_Guide.html#security-fixes-for-the-external-app-servers'
            is included in the 'nav' configuration, which is not found in the documentation files
WARNING  -  A relative path to
            'Foundry/voltmx_Foundry_deployment_guide/Content/Deployment_Checklist.html#checklist-for-volt-mx-foundry-deployment'
            is included in the 'nav' configuration, which is not found in the documentation files
WARNING  -  A relative path to
            'Foundry/voltmx_Foundry_deployment_guide/Content/Deployment_Checklist.html#infrastructure-setup' is included
            in the 'nav' configuration, which is not found in the documentation files
WARNING  -  A relative path to
            'Foundry/voltmx_Foundry_deployment_guide/Content/Deployment_Checklist.html#installing-volt-mx-foundry' is
            included in the 'nav' configuration, which is not found in the documentation files
WARNING  -  A relative path to
            'Foundry/voltmx_Foundry_deployment_guide/Content/Deployment_Checklist.html#manual-steps-post-install' is
            included in the 'nav' configuration, which is not found in the documentation files
WARNING  -  A relative path to
            'Foundry/voltmx_Foundry_deployment_guide/Content/Deployment_Checklist.html#test-the-setup' is included in
            the 'nav' configuration, which is not found in the documentation files
WARNING  -  A relative path to
            'Foundry/voltmx_Foundry_deployment_guide/Content/Deployment_Checklist.html#activate-the-license' is included
            in the 'nav' configuration, which is not found in the documentation files
WARNING  -  A relative path to
            'Foundry/voltmx_Foundry_deployment_guide/Content/Deployment_Checklist.html#case-study-1-tomcat-multi-node-cluster-haproxy-load-balancer-with-mysql-database'
            is included in the 'nav' configuration, which is not found in the documentation files
WARNING  -  A relative path to
            'Foundry/voltmx_Foundry_deployment_guide/Content/Deployment_Checklist.html#case-study-1-tomcat-multi-node-cluster-haproxy-load-balancer-with-mysql-database'
            is included in the 'nav' configuration, which is not found in the documentation files
WARNING  -  A relative path to
            'Foundry/voltmx_Foundry_deployment_guide/Content/Deployment_Checklist.html#case-study-2-jboss-multi-node-cluster-apache-mod-cluster-load-balancer-with-mysql-database'
            is included in the 'nav' configuration, which is not found in the documentation files
WARNING  -  A relative path to
            'Foundry/vmfintegrationservice_troubleshooting_guide/Content/Troubleshooting.html#properties-in-volt-mx-foundry-integration-service'
            is included in the 'nav' configuration, which is not found in the documentation files
WARNING  -  A relative path to
            'Foundry/vmfintegrationservice_troubleshooting_guide/Content/Troubleshooting.html#other-features' is
            included in the 'nav' configuration, which is not found in the documentation files
WARNING  -  A relative path to
            'Foundry/vmfintegrationservice_troubleshooting_guide/Content/Troubleshooting.html#java-messaging-service-jms-issue'
            is included in the 'nav' configuration, which is not found in the documentation files
WARNING  -  Documentation file 'Foundry\heradlessAndContinuousIntegration.md' contains a link to
            'Foundry\Foundry\voltmx_foundry_user_guide\Content\CI_Foundry.md' which is not found in the documentation
            files.
WARNING  -  Documentation file 'Foundry\heradlessAndContinuousIntegration.md' contains a link to
            'Foundry\Foundry\voltmx_foundry_user_guide\Content\MFA_for_CLI.md' which is not found in the documentation
            files.
WARNING  -  Documentation file 'Foundry\installationManagement.md' contains a link to
            'Foundry\voltmx_licensing_guide\Content\voltmxfoundry_cli\Content\Introduction.md' which is not found in the
            documentation files.
WARNING  -  Documentation file 'Foundry\installing_foundry.md' contains a link to
            'Foundry\voltmxfoundry_on_azure\Content\Introduction.md' which is not found in the documentation files.
WARNING  -  Documentation file 'Foundry\KF_Services_OAuth_Sample\Content\Preface.md' contains a link to
            'Foundry\KF_Services_OAuth_Sample\Content\Prerequisites.md' which is not found in the documentation files.
WARNING  -  Documentation file 'Foundry\KF_Services_OAuth_Sample\Content\Preface.md' contains a link to
            'Foundry\KF_Services_OAuth_Sample\Content\Prerequisites.md' which is not found in the documentation files.
WARNING  -  Documentation file 'Foundry\KF_Services_OAuth_Sample\Content\Preface.md' contains a link to
            'Foundry\KF_Services_OAuth_Sample\Content\Prerequisites.md' which is not found in the documentation files.
WARNING  -  Documentation file 'Foundry\KF_Services_OAuth_Sample\Content\Preface.md' contains a link to
            'Foundry\KF_Services_OAuth_Sample\Content\Prerequisites.md' which is not found in the documentation files.
WARNING  -  Documentation file 'Foundry\KF_Services_OAuth_Sample\Content\Preface.md' contains a link to
            'Foundry\KF_Services_OAuth_Sample\Content\Installing VoltMX Iris.md' which is not found in the documentation
            files.
WARNING  -  Documentation file 'Foundry\KF_Services_OAuth_Sample\Content\Preface.md' contains a link to
            'Foundry\KF_Services_OAuth_Sample\Content\Installing VoltMX Iris.md' which is not found in the documentation
            files.
WARNING  -  Documentation file 'Foundry\KF_Services_OAuth_Sample\Content\Preface.md' contains a link to
            'Foundry\KF_Services_OAuth_Sample\Content\Installing VoltMX Iris.md' which is not found in the documentation
            files.
WARNING  -  Documentation file 'Foundry\KF_Services_OAuth_Sample\Content\Preface.md' contains a link to
            'Foundry\KF_Services_OAuth_Sample\Content\Installing VoltMX Iris.md' which is not found in the documentation
            files.
WARNING  -  Documentation file 'Foundry\KF_Services_OAuth_Sample\Content\Preface.md' contains a link to
            'Foundry\KF_Services_OAuth_Sample\Content\Installing VoltMX Iris.md' which is not found in the documentation
            files.
WARNING  -  Documentation file 'Foundry\KF_Services_OAuth_Sample\Content\Preface.md' contains a link to
            'Foundry\KF_Services_OAuth_Sample\Content\Installing VoltMX Iris.md' which is not found in the documentation
            files.
WARNING  -  Documentation file 'Foundry\KF_Services_OAuth_Sample\Content\Preface.md' contains a link to
            'Foundry\KF_Services_OAuth_Sample\Content\Launching VoltMX Iris.md' which is not found in the documentation
            files.
WARNING  -  Documentation file 'Foundry\KF_Services_OAuth_Sample\Content\Preface.md' contains a link to
            'Foundry\KF_Services_OAuth_Sample\Content\Launching VoltMX Iris.md' which is not found in the documentation
            files.
WARNING  -  Documentation file 'Foundry\KF_Services_OAuth_Sample\Content\Preface.md' contains a link to
            'Foundry\KF_Services_OAuth_Sample\Content\Upgrade.md' which is not found in the documentation files.
WARNING  -  Documentation file 'Foundry\KF_Services_OAuth_Sample\Content\Preface.md' contains a link to
            'Foundry\KF_Services_OAuth_Sample\Content\StudioInstallation_FAQs.md' which is not found in the
            documentation files.
WARNING  -  Documentation file 'Foundry\KF_Services_OAuth_Sample\Content\Preface.md' contains a link to
            'Foundry\KF_Services_OAuth_Sample\Content\Prerequisites.md' which is not found in the documentation files.
WARNING  -  Documentation file 'Foundry\KF_Services_OAuth_Sample\Content\Preface.md' contains a link to
            'Foundry\KF_Services_OAuth_Sample\Content\Prerequisites.md' which is not found in the documentation files.
WARNING  -  Documentation file 'Foundry\KF_Services_OAuth_Sample\Content\Preface.md' contains a link to
            'Foundry\KF_Services_OAuth_Sample\Content\Prerequisites.md' which is not found in the documentation files.
WARNING  -  Documentation file 'Foundry\KF_Services_OAuth_Sample\Content\Preface.md' contains a link to
            'Foundry\KF_Services_OAuth_Sample\Content\Installing VoltMX Iris.md' which is not found in the documentation
            files.
WARNING  -  Documentation file 'Foundry\KF_Services_OAuth_Sample\Content\Preface.md' contains a link to
            'Foundry\KF_Services_OAuth_Sample\Content\Installing VoltMX Iris.md' which is not found in the documentation
            files.
WARNING  -  Documentation file 'Foundry\KF_Services_OAuth_Sample\Content\Preface.md' contains a link to
            'Foundry\KF_Services_OAuth_Sample\Content\Installing VoltMX Iris.md' which is not found in the documentation
            files.
WARNING  -  Documentation file 'Foundry\KF_Services_OAuth_Sample\Content\Preface.md' contains a link to
            'Foundry\KF_Services_OAuth_Sample\Content\Installing VoltMX Iris.md' which is not found in the documentation
            files.
WARNING  -  Documentation file 'Foundry\KF_Services_OAuth_Sample\Content\Preface.md' contains a link to
            'Foundry\KF_Services_OAuth_Sample\Content\Installing VoltMX Iris.md' which is not found in the documentation
            files.
WARNING  -  Documentation file 'Foundry\KF_Services_OAuth_Sample\Content\Preface.md' contains a link to
            'Foundry\KF_Services_OAuth_Sample\Content\Installing VoltMX Iris.md' which is not found in the documentation
            files.
WARNING  -  Documentation file 'Foundry\KF_Services_OAuth_Sample\Content\Preface.md' contains a link to
            'Foundry\KF_Services_OAuth_Sample\Content\Launching VoltMX Iris.md' which is not found in the documentation
            files.
WARNING  -  Documentation file 'Foundry\KF_Services_OAuth_Sample\Content\Preface.md' contains a link to
            'Foundry\KF_Services_OAuth_Sample\Content\Launching VoltMX Iris.md' which is not found in the documentation
            files.
WARNING  -  Documentation file 'Foundry\KF_Services_OAuth_Sample\Content\Preface.md' contains a link to
            'Foundry\KF_Services_OAuth_Sample\Content\Upgrade.md' which is not found in the documentation files.
WARNING  -  Documentation file 'Foundry\KF_Services_OAuth_Sample\Content\Preface.md' contains a link to
            'Foundry\KF_Services_OAuth_Sample\Content\StudioInstallation_FAQs.md' which is not found in the
            documentation files.
WARNING  -  Documentation file 'Foundry\VoltMX_Analytics_Cloud_FAQs\Content\VoltMX_Analytics_Cloud_FAQs.md' contains a
            link to 'Foundry\VoltMX_Analytics_Cloud_FAQs\Content\Revision_History.md' which is not found in the
            documentation files.
WARNING  -  Documentation file 'Foundry\VoltMX_Analytics_OnPrem_FAQs\Content\Homepage.md' contains a link to
            'Foundry\VoltMX_Analytics_OnPrem_FAQs\Content\Prerequisites.md' which is not found in the documentation
            files.
WARNING  -  Documentation file 'Foundry\VoltMX_Analytics_OnPrem_FAQs\Content\Homepage.md' contains a link to
            'Foundry\VoltMX_Analytics_OnPrem_FAQs\Content\Prerequisites.md' which is not found in the documentation
            files.
WARNING  -  Documentation file 'Foundry\VoltMX_Analytics_OnPrem_FAQs\Content\Homepage.md' contains a link to
            'Foundry\VoltMX_Analytics_OnPrem_FAQs\Content\Prerequisites.md' which is not found in the documentation
            files.
WARNING  -  Documentation file 'Foundry\VoltMX_Analytics_OnPrem_FAQs\Content\Homepage.md' contains a link to
            'Foundry\VoltMX_Analytics_OnPrem_FAQs\Content\Prerequisites.md' which is not found in the documentation
            files.
WARNING  -  Documentation file 'Foundry\VoltMX_Analytics_OnPrem_FAQs\Content\Homepage.md' contains a link to
            'Foundry\VoltMX_Analytics_OnPrem_FAQs\Content\Installing VoltMX Iris.md' which is not found in the
            documentation files.
WARNING  -  Documentation file 'Foundry\VoltMX_Analytics_OnPrem_FAQs\Content\Homepage.md' contains a link to
            'Foundry\VoltMX_Analytics_OnPrem_FAQs\Content\Installing VoltMX Iris.md' which is not found in the
            documentation files.
WARNING  -  Documentation file 'Foundry\VoltMX_Analytics_OnPrem_FAQs\Content\Homepage.md' contains a link to
            'Foundry\VoltMX_Analytics_OnPrem_FAQs\Content\Installing VoltMX Iris.md' which is not found in the
            documentation files.
WARNING  -  Documentation file 'Foundry\VoltMX_Analytics_OnPrem_FAQs\Content\Homepage.md' contains a link to
            'Foundry\VoltMX_Analytics_OnPrem_FAQs\Content\Installing VoltMX Iris.md' which is not found in the
            documentation files.
WARNING  -  Documentation file 'Foundry\VoltMX_Analytics_OnPrem_FAQs\Content\Homepage.md' contains a link to
            'Foundry\VoltMX_Analytics_OnPrem_FAQs\Content\Installing VoltMX Iris.md' which is not found in the
            documentation files.
WARNING  -  Documentation file 'Foundry\VoltMX_Analytics_OnPrem_FAQs\Content\Homepage.md' contains a link to
            'Foundry\VoltMX_Analytics_OnPrem_FAQs\Content\Installing VoltMX Iris.md' which is not found in the
            documentation files.
WARNING  -  Documentation file 'Foundry\VoltMX_Analytics_OnPrem_FAQs\Content\Homepage.md' contains a link to
            'Foundry\VoltMX_Analytics_OnPrem_FAQs\Content\Launching VoltMX Iris.md' which is not found in the
            documentation files.
WARNING  -  Documentation file 'Foundry\VoltMX_Analytics_OnPrem_FAQs\Content\Homepage.md' contains a link to
            'Foundry\VoltMX_Analytics_OnPrem_FAQs\Content\Launching VoltMX Iris.md' which is not found in the
            documentation files.
WARNING  -  Documentation file 'Foundry\VoltMX_Analytics_OnPrem_FAQs\Content\Homepage.md' contains a link to
            'Foundry\VoltMX_Analytics_OnPrem_FAQs\Content\Upgrade.md' which is not found in the documentation files.
WARNING  -  Documentation file 'Foundry\VoltMX_Analytics_OnPrem_FAQs\Content\Homepage.md' contains a link to
            'Foundry\VoltMX_Analytics_OnPrem_FAQs\Content\StudioInstallation_FAQs.md' which is not found in the
            documentation files.
WARNING  -  Documentation file 'Foundry\VoltMX_Analytics_OnPrem_FAQs\Content\Homepage.md' contains a link to
            'Foundry\VoltMX_Analytics_OnPrem_FAQs\Content\Upgrade.md' which is not found in the documentation files.
WARNING  -  Documentation file 'Foundry\VoltMX_Analytics_OnPrem_FAQs\Content\Homepage.md' contains a link to
            'VMX_Release_Notes.md' which is not found in the documentation files.
WARNING  -  Documentation file 'Foundry\VoltMX_Analytics_OnPrem_FAQs\Content\Homepage.md' contains a link to
            'Foundry\VoltMX_Analytics_OnPrem_FAQs\Content\Prerequisites.md' which is not found in the documentation
            files.
WARNING  -  Documentation file 'Foundry\VoltMX_Analytics_OnPrem_FAQs\Content\Homepage.md' contains a link to
            'Foundry\VoltMX_Analytics_OnPrem_FAQs\Content\Prerequisites.md' which is not found in the documentation
            files.
WARNING  -  Documentation file 'Foundry\VoltMX_Analytics_OnPrem_FAQs\Content\Homepage.md' contains a link to
            'Foundry\VoltMX_Analytics_OnPrem_FAQs\Content\Prerequisites.md' which is not found in the documentation
            files.
WARNING  -  Documentation file 'Foundry\VoltMX_Analytics_OnPrem_FAQs\Content\Homepage.md' contains a link to
            'Foundry\VoltMX_Analytics_OnPrem_FAQs\Content\Installing VoltMX Iris.md' which is not found in the
            documentation files.
WARNING  -  Documentation file 'Foundry\VoltMX_Analytics_OnPrem_FAQs\Content\Homepage.md' contains a link to
            'Foundry\VoltMX_Analytics_OnPrem_FAQs\Content\Installing VoltMX Iris.md' which is not found in the
            documentation files.
WARNING  -  Documentation file 'Foundry\VoltMX_Analytics_OnPrem_FAQs\Content\Homepage.md' contains a link to
            'Foundry\VoltMX_Analytics_OnPrem_FAQs\Content\Launching VoltMX Iris.md' which is not found in the
            documentation files.
WARNING  -  Documentation file 'Foundry\VoltMX_Analytics_OnPrem_FAQs\Content\Homepage.md' contains a link to
            'Foundry\VoltMX_Analytics_OnPrem_FAQs\Content\Launching VoltMX Iris.md' which is not found in the
            documentation files.
WARNING  -  Documentation file 'Foundry\VoltMX_Analytics_OnPrem_FAQs\Content\Homepage.md' contains a link to
            'Foundry\VoltMX_Analytics_OnPrem_FAQs\Content\Upgrade.md' which is not found in the documentation files.
WARNING  -  Documentation file 'Foundry\VoltMX_Analytics_OnPrem_FAQs\Content\Homepage.md' contains a link to
            'Foundry\VoltMX_Analytics_OnPrem_FAQs\Content\StudioInstallation_FAQs.md' which is not found in the
            documentation files.
WARNING  -  Documentation file 'Foundry\custom_metrics_and_reports\Content\Custom_Metrics_and_Reports_Guide.md' contains
            a link to 'Foundry\custom_metrics_and_reports\Content\Revision_History.md' which is not found in the
            documentation files.
WARNING  -  Documentation file 'Foundry\eng_event_mgmt_quickstart_guide\Content\Adding Event Details.md' contains a link
            to 'Foundry\eng_event_mgmt_quickstart_guide\Resources\Images\Events\Event details.png' which is not found in
            the documentation files.
WARNING  -  Documentation file 'Foundry\engagement_api_guide\Content\Introduction_1.md' contains a link to
            'Foundry\engagement_api_guide\Content\Overview.md' which is not found in the documentation files.
WARNING  -  Documentation file
            'Foundry\engagement_api_guide\Content\APIs_for_VoltMX_Messaging_Services\Unsubscription.md' contains a link
            to 'Foundry\engagement_api_guide\Content\Resources\Images\Miscellaneous\API Help\API Access -
            Unsubscription.png' which is not found in the documentation files.
WARNING  -  Documentation file
            'Foundry\engagement_api_guide\Content\APIs_for_VoltMX_Messaging_Services\Unsubscription.md' contains a link
            to 'Foundry\engagement_api_guide\Content\Subscription.md' which is not found in the documentation files.
WARNING  -  Documentation file
            'Foundry\engagement_api_guide\Content\Deprecated_APIs\Fetch_Message_Content_from_VoltMX_Foundry_Messaging.md'
            contains a link to 'Foundry\engagement_api_guide\Content\Status\Message Queue tab.md' which is not found in
            the documentation files.
WARNING  -  Documentation file
            'Foundry\engagement_api_guide\Content\Deprecated_APIs\Update_Push_Open_Status_to_VoltMX_Foundry_Messaging.md'
            contains a link to 'Foundry\engagement_api_guide\Content\Status\Message Queue tab.md' which is not found in
            the documentation files.
WARNING  -  Documentation file 'Foundry\offline_objects_gettingstarted\Content\Offline_Objects_Getting_Started.md'
            contains a link to 'Foundry\offline_objects_gettingstarted\Content\Revision_History.md' which is not found
            in the documentation files.
WARNING  -  Documentation file 'Foundry\offline_objectsapi_reference_guide\Content\Index.md' contains a link to
            'Foundry\offline_objectsapi_reference_guide\Content\Prerequisites.md' which is not found in the
            documentation files.
WARNING  -  Documentation file 'Foundry\offline_objectsapi_reference_guide\Content\Index.md' contains a link to
            'Foundry\offline_objectsapi_reference_guide\Content\Prerequisites.md' which is not found in the
            documentation files.
WARNING  -  Documentation file 'Foundry\offline_objectsapi_reference_guide\Content\Index.md' contains a link to
            'Foundry\offline_objectsapi_reference_guide\Content\Prerequisites.md' which is not found in the
            documentation files.
WARNING  -  Documentation file 'Foundry\offline_objectsapi_reference_guide\Content\Index.md' contains a link to
            'Foundry\offline_objectsapi_reference_guide\Content\Prerequisites.md' which is not found in the
            documentation files.
WARNING  -  Documentation file 'Foundry\offline_objectsapi_reference_guide\Content\Index.md' contains a link to
            'Foundry\offline_objectsapi_reference_guide\Content\Installing VoltMX Iris.md' which is not found in the
            documentation files.
WARNING  -  Documentation file 'Foundry\offline_objectsapi_reference_guide\Content\Index.md' contains a link to
            'Foundry\offline_objectsapi_reference_guide\Content\Installing VoltMX Iris.md' which is not found in the
            documentation files.
WARNING  -  Documentation file 'Foundry\offline_objectsapi_reference_guide\Content\Index.md' contains a link to
            'Foundry\offline_objectsapi_reference_guide\Content\Installing VoltMX Iris.md' which is not found in the
            documentation files.
WARNING  -  Documentation file 'Foundry\offline_objectsapi_reference_guide\Content\Index.md' contains a link to
            'Foundry\offline_objectsapi_reference_guide\Content\Installing VoltMX Iris.md' which is not found in the
            documentation files.
WARNING  -  Documentation file 'Foundry\offline_objectsapi_reference_guide\Content\Index.md' contains a link to
            'Foundry\offline_objectsapi_reference_guide\Content\Installing VoltMX Iris.md' which is not found in the
            documentation files.
WARNING  -  Documentation file 'Foundry\offline_objectsapi_reference_guide\Content\Index.md' contains a link to
            'Foundry\offline_objectsapi_reference_guide\Content\Installing VoltMX Iris.md' which is not found in the
            documentation files.
WARNING  -  Documentation file 'Foundry\offline_objectsapi_reference_guide\Content\Index.md' contains a link to
            'Foundry\offline_objectsapi_reference_guide\Content\Launching VoltMX Iris.md' which is not found in the
            documentation files.
WARNING  -  Documentation file 'Foundry\offline_objectsapi_reference_guide\Content\Index.md' contains a link to
            'Foundry\offline_objectsapi_reference_guide\Content\Launching VoltMX Iris.md' which is not found in the
            documentation files.
WARNING  -  Documentation file 'Foundry\offline_objectsapi_reference_guide\Content\Index.md' contains a link to
            'Foundry\offline_objectsapi_reference_guide\Content\Upgrade.md' which is not found in the documentation
            files.
WARNING  -  Documentation file 'Foundry\offline_objectsapi_reference_guide\Content\Index.md' contains a link to
            'Foundry\offline_objectsapi_reference_guide\Content\StudioInstallation_FAQs.md' which is not found in the
            documentation files.
WARNING  -  Documentation file 'Foundry\offline_objectsapi_reference_guide\Content\Index.md' contains a link to
            'Foundry\offline_objectsapi_reference_guide\Content\Prerequisites.md' which is not found in the
            documentation files.
WARNING  -  Documentation file 'Foundry\offline_objectsapi_reference_guide\Content\Index.md' contains a link to
            'Foundry\offline_objectsapi_reference_guide\Content\Prerequisites.md' which is not found in the
            documentation files.
WARNING  -  Documentation file 'Foundry\offline_objectsapi_reference_guide\Content\Index.md' contains a link to
            'Foundry\offline_objectsapi_reference_guide\Content\Prerequisites.md' which is not found in the
            documentation files.
WARNING  -  Documentation file 'Foundry\offline_objectsapi_reference_guide\Content\Index.md' contains a link to
            'Foundry\offline_objectsapi_reference_guide\Content\Installing VoltMX Iris.md' which is not found in the
            documentation files.
WARNING  -  Documentation file 'Foundry\offline_objectsapi_reference_guide\Content\Index.md' contains a link to
            'Foundry\offline_objectsapi_reference_guide\Content\Installing VoltMX Iris.md' which is not found in the
            documentation files.
WARNING  -  Documentation file 'Foundry\offline_objectsapi_reference_guide\Content\Index.md' contains a link to
            'Foundry\offline_objectsapi_reference_guide\Content\Launching VoltMX Iris.md' which is not found in the
            documentation files.
WARNING  -  Documentation file 'Foundry\offline_objectsapi_reference_guide\Content\Index.md' contains a link to
            'Foundry\offline_objectsapi_reference_guide\Content\Launching VoltMX Iris.md' which is not found in the
            documentation files.
WARNING  -  Documentation file 'Foundry\offline_objectsapi_reference_guide\Content\Index.md' contains a link to
            'Foundry\offline_objectsapi_reference_guide\Content\Upgrade.md' which is not found in the documentation
            files.
WARNING  -  Documentation file 'Foundry\offline_objectsapi_reference_guide\Content\Index.md' contains a link to
            'Foundry\offline_objectsapi_reference_guide\Content\StudioInstallation_FAQs.md' which is not found in the
            documentation files.
WARNING  -  Documentation file 'Foundry\standard_metrics_reports_guide\Content\standard_metrics_reports_guide.md'
            contains a link to 'Foundry\standard_metrics_reports_guide\Content\Preface.md' which is not found in the
            documentation files.
WARNING  -  Documentation file 'Foundry\standard_metrics_reports_guide\Content\standard_metrics_reports_guide.md'
            contains a link to 'Foundry\standard_metrics_reports_guide\Content\Revision_History.md' which is not found
            in the documentation files.
WARNING  -  Documentation file 'Foundry\user_journey_app_events_apm\Content\App_Events_and_APM_Guide.md' contains a link
            to 'Foundry\user_journey_app_events_apm\Content\Preface.md' which is not found in the documentation files.
WARNING  -  Documentation file 'Foundry\user_journey_app_events_apm\Content\App_Events_and_APM_Guide.md' contains a link
            to 'Foundry\user_journey_app_events_apm\Content\Revision_History.md' which is not found in the documentation
            files.
WARNING  -  Documentation file
            'Foundry\vmf_integrationservice_admin_console_userguide\Content\App_Services_User_Guide.md' contains a link
            to 'docs\tutorials\appFactory.md' which is not found in the documentation files.
WARNING  -  Documentation file
            'Foundry\vmf_integrationservice_admin_console_userguide\Content\App_Services_User_Guide.md' contains a link
            to 'docs\tutorials\voltmxFoundryOverview.md' which is not found in the documentation files.
WARNING  -  Documentation file
            'Foundry\vmf_integrationservice_admin_console_userguide\Content\App_Services_User_Guide.md' contains a link
            to 'Foundry\vmf_integrationservice_admin_console_userguide\Content\Overview.md' which is not found in the
            documentation files.
WARNING  -  Documentation file
            'Foundry\vmf_integrationservice_admin_console_userguide\Content\App_Services_User_Guide.md' contains a link
            to 'Foundry\vmf_integrationservice_admin_console_userguide\Content\Revision_History.md' which is not found
            in the documentation files.
WARNING  -  Documentation file 'Foundry\vmf_msg_jpush_quick_start_guide\Content\Foundry Messaging Service.md' contains a
            link to 'Foundry\vmf_msg_jpush_quick_start_guide\Resources\Images\03000001.png' which is not found in the
            documentation files.
WARNING  -  Documentation file 'Foundry\vmf_msg_jpush_quick_start_guide\Content\Homepage2.md' contains a link to
            'mf_manual_install.md' which is not found in the documentation files.
WARNING  -  Documentation file 'Foundry\vmf_msg_jpush_quick_start_guide\Content\Homepage2.md' contains a link to
            'mf_manual_install.md' which is not found in the documentation files.
WARNING  -  Documentation file
            'Foundry\vmf_msg_quick_start_guide_build_sample_app_android\Content\Configuration_of_the_Email.md' contains
            a link to
            'Foundry\vmf_msg_quick_start_guide_build_sample_app_android\Content\Resources\Images\28July2015\03000010.png'
            which is not found in the documentation files.
WARNING  -  Documentation file
            'Foundry\vmf_msg_quick_start_guide_build_sample_app_android\Content\Configuration_of_the_Email.md' contains
            a link to
            'Foundry\vmf_msg_quick_start_guide_build_sample_app_android\Content\Resources\Images\28July2015\03000010.png'
            which is not found in the documentation files.
WARNING  -  Documentation file
            'Foundry\vmf_msg_quick_start_guide_build_sample_app_android\Content\Configuration_of_the_Email.md' contains
            a link to
            'Foundry\vmf_msg_quick_start_guide_build_sample_app_android\Content\Resources\Images\28July2015\Reset your
            password.png' which is not found in the documentation files.
WARNING  -  Documentation file
            'Foundry\vmf_msg_quick_start_guide_build_sample_app_android\Content\Configuration_of_the_Email.md' contains
            a link to
            'Foundry\vmf_msg_quick_start_guide_build_sample_app_android\Content\Resources\Images\28July2015\03000012.png'
            which is not found in the documentation files.
WARNING  -  Documentation file
            'Foundry\vmf_msg_quick_start_guide_build_sample_app_android\Content\Configuration_of_the_Email.md' contains
            a link to
            'Foundry\vmf_msg_quick_start_guide_build_sample_app_android\Content\Resources\Images\28July2015\03000013.png'
            which is not found in the documentation files.
WARNING  -  Documentation file
            'Foundry\vmf_msg_quick_start_guide_build_sample_app_android\Content\Foundry_Service_Demo.md' contains a link
            to
            'Foundry\vmf_msg_quick_start_guide_build_sample_app_android\Content\Resources\Images\28July2015\03000001.png'
            which is not found in the documentation files.
WARNING  -  Documentation file 'Foundry\vmf_msg_quick_start_guide_build_sample_app_android\Content\Homepage1.md'
            contains a link to 'Foundry\vms_console_installer_manual_guide-linux\Content\Introduction_1.md' which is not
            found in the documentation files.
WARNING  -  Documentation file 'Foundry\vmf_msg_quick_start_guide_build_sample_app_android\Content\Homepage1.md'
            contains a link to 'Foundry\vms_console_installer_manual_guide-windows\Content\homepage.md' which is not
            found in the documentation files.
WARNING  -  Documentation file
            'Foundry\vmf_msg_quick_start_guide_build_sample_app_android\Content\VoltMX_Messaging_Service_QuickStart.md'
            contains a link to
            'Foundry\vmf_msg_quick_start_guide_build_sample_app_android\Content\Resources\Images\MessageService_BuildingSampleApp_Android
            with edits\03000001.png' which is not found in the documentation files.
WARNING  -  Documentation file
            'Foundry\vmf_msg_quick_start_guide_build_sample_app_android\Content\the_VMS_demo_application_using.md'
            contains a link to
            'Foundry\vmf_msg_quick_start_guide_build_sample_app_android\Content\Resources\Images\28July2015\03000010.png'
            which is not found in the documentation files.
WARNING  -  Documentation file
            'Foundry\vmf_msg_quick_start_guide_build_sample_app_android\Content\the_VMS_demo_application_using.md'
            contains a link to
            'Foundry\vmf_msg_quick_start_guide_build_sample_app_android\Content\Resources\Images\28July2015\03000014.png'
            which is not found in the documentation files.
WARNING  -  Documentation file
            'Foundry\vmf_msg_quick_start_guide_build_sample_app_android\Content\the_VMS_demo_application_using.md'
            contains a link to
            'Foundry\vmf_msg_quick_start_guide_build_sample_app_android\Content\Resources\Images\28July2015\03000015.png'
            which is not found in the documentation files.
WARNING  -  Documentation file
            'Foundry\vmf_msg_quick_start_guide_build_sample_app_android\Content\the_VMS_demo_application_using.md'
            contains a link to
            'Foundry\vmf_msg_quick_start_guide_build_sample_app_android\Content\Resources\Images\28July2015\03000016.png'
            which is not found in the documentation files.
WARNING  -  Documentation file
            'Foundry\vmf_msg_quick_start_guide_build_sample_app_android\Content\the_VMS_demo_application_using.md'
            contains a link to
            'Foundry\vmf_msg_quick_start_guide_build_sample_app_android\Content\Resources\Images\28July2015\03000017.png'
            which is not found in the documentation files.
WARNING  -  Documentation file
            'Foundry\vmf_msg_quick_start_guide_build_sample_app_android\Content\the_VMS_demo_application_using.md'
            contains a link to
            'Foundry\vmf_msg_quick_start_guide_build_sample_app_android\Content\Resources\Images\28July2015\03000018.png'
            which is not found in the documentation files.
WARNING  -  Documentation file 'Foundry\vmf_msg_quick_start_guide_build_sample_app_apple_ios\Content\Sending ad hoc
            email SMS and.md' contains a link to
            'Foundry\vmf_msg_quick_start_guide_build_sample_app_apple_ios\Content\Resources\Images\segments.png' which
            is not found in the documentation files.
WARNING  -  Documentation file 'Foundry\vmf_msg_quick_start_guide_build_sample_app_apple_ios\Content\Sending ad hoc
            email SMS and.md' contains a link to
            'Foundry\vmf_msg_quick_start_guide_build_sample_app_apple_ios\Content\Resources\Images\Add_Segment.png'
            which is not found in the documentation files.
WARNING  -  Documentation file 'Foundry\vmf_msg_quick_start_guide_build_sample_app_apple_ios\Content\Sending ad hoc
            email SMS and.md' contains a link to
            'Foundry\vmf_msg_quick_start_guide_build_sample_app_apple_ios\Content\Resources\Images\adhoc_engagement.png'
            which is not found in the documentation files.
WARNING  -  Documentation file 'Foundry\vmf_msg_quick_start_guide_build_sample_app_apple_ios\Content\Sending ad hoc
            email SMS and.md' contains a link to
            'Foundry\vmf_msg_quick_start_guide_build_sample_app_apple_ios\Content\Resources\Images\schedule_notification.png'
            which is not found in the documentation files.
WARNING  -  Documentation file 'Foundry\vmf_msg_quick_start_guide_build_sample_app_apple_ios\Content\Sending ad hoc
            email SMS and.md' contains a link to
            'Foundry\vmf_msg_quick_start_guide_build_sample_app_apple_ios\Content\Resources\Images\adhoc_engagement2.png'
            which is not found in the documentation files.
WARNING  -  Documentation file 'Foundry\vmf_msg_quick_start_guide_build_sample_app_apple_ios\Content\Sending ad hoc
            email SMS and.md' contains a link to
            'Foundry\vmf_msg_quick_start_guide_build_sample_app_apple_ios\Content\Resources\Images\add_segments_to_message.png'
            which is not found in the documentation files.
WARNING  -  Documentation file 'Foundry\vmf_msg_quick_start_guide_build_sample_app_apple_ios\Content\Sending ad hoc
            email SMS and.md' contains a link to
            'Foundry\vmf_msg_quick_start_guide_build_sample_app_apple_ios\Content\Resources\Images\segments_newly_added.png'
            which is not found in the documentation files.
WARNING  -  Documentation file 'Foundry\vmf_msg_quick_start_guide_build_sample_app_apple_ios\Content\Sending ad hoc
            email SMS and.md' contains a link to
            'Foundry\vmf_msg_quick_start_guide_build_sample_app_apple_ios\Content\Resources\Images\segment_push_message.png'
            which is not found in the documentation files.
WARNING  -  Documentation file 'Foundry\vmf_msg_quick_start_guide_build_sample_app_apple_ios\Content\Sending ad hoc
            email SMS and.md' contains a link to
            'Foundry\vmf_msg_quick_start_guide_build_sample_app_apple_ios\Content\Resources\Images\segment_setstartexpiry.png'
            which is not found in the documentation files.
WARNING  -  Documentation file 'Foundry\vmf_msg_quick_start_guide_build_sample_app_apple_ios\Content\Sending ad hoc
            email SMS and.md' contains a link to
            'Foundry\vmf_msg_quick_start_guide_build_sample_app_apple_ios\Content\Resources\Images\subscriber_engagement.png'
            which is not found in the documentation files.
WARNING  -  Documentation file 'Foundry\vmf_msg_quick_start_guide_build_sample_app_apple_ios\Content\Sending ad hoc
            email SMS and.md' contains a link to
            'Foundry\vmf_msg_quick_start_guide_build_sample_app_apple_ios\Content\Resources\Images\subscribers_define_target_message.png'
            which is not found in the documentation files.
WARNING  -  Documentation file 'Foundry\vmf_msg_quick_start_guide_build_sample_app_apple_ios\Content\Sending ad hoc
            email SMS and.md' contains a link to
            'Foundry\vmf_msg_quick_start_guide_build_sample_app_apple_ios\Content\Resources\Images\subscriber_define_message_target.png'
            which is not found in the documentation files.
WARNING  -  Documentation file 'Foundry\vmf_msg_quick_start_guide_build_sample_app_apple_ios\Content\Sending ad hoc
            email SMS and.md' contains a link to
            'Foundry\vmf_msg_quick_start_guide_build_sample_app_apple_ios\Content\Resources\Images\subscribers_email_message.png'
            which is not found in the documentation files.
WARNING  -  Documentation file 'Foundry\vmf_msg_quick_start_guide_build_sample_app_apple_ios\Content\Sending ad hoc
            email SMS and.md' contains a link to
            'Foundry\vmf_msg_quick_start_guide_build_sample_app_apple_ios\Content\Resources\Images\subscriber_setstartepiry.png'
            which is not found in the documentation files.
WARNING  -  Documentation file 'Foundry\vmf_msg_quick_start_guide_build_sample_app_apple_ios\Content\Sending ad hoc
            email SMS and.md' contains a link to
            'Foundry\vmf_msg_quick_start_guide_build_sample_app_apple_ios\Content\Resources\Images\SMS_adhoc.png' which
            is not found in the documentation files.
WARNING  -  Documentation file 'Foundry\vmf_msg_quick_start_guide_build_sample_app_apple_ios\Content\Sending ad hoc
            email SMS and.md' contains a link to
            'Foundry\vmf_msg_quick_start_guide_build_sample_app_apple_ios\Content\Resources\Images\SMS_definemessagetarget.png'
            which is not found in the documentation files.
WARNING  -  Documentation file 'Foundry\vmf_msg_quick_start_guide_build_sample_app_apple_ios\Content\Sending ad hoc
            email SMS and.md' contains a link to
            'Foundry\vmf_msg_quick_start_guide_build_sample_app_apple_ios\Content\Resources\Images\sms_setstartexpiry.png'
            which is not found in the documentation files.
WARNING  -  Documentation file 'Foundry\vmf_msg_quick_start_guide_build_sample_app_apple_ios\Content\Sending ad hoc
            email SMS and.md' contains a link to
            'Foundry\vmf_msg_quick_start_guide_build_sample_app_apple_ios\Content\Resources\Images\SMS_schedulenotification.png'
            which is not found in the documentation files.
WARNING  -  Documentation file
            'Foundry\vmfintegrationservice_troubleshooting_guide\Content\Integration_Services_Troubleshooting_Guide.md'
            contains a link to 'docs\tutorials\appFactory.md' which is not found in the documentation files.
WARNING  -  Documentation file
            'Foundry\vmfintegrationservice_troubleshooting_guide\Content\Integration_Services_Troubleshooting_Guide.md'
            contains a link to 'Foundry\voltmx_foundry_crm_quick_start_guide\Content\homepage.md' which is not found in
            the documentation files.
WARNING  -  Documentation file
            'Foundry\vmfintegrationservice_troubleshooting_guide\Content\Integration_Services_Troubleshooting_Guide.md'
            contains a link to 'Foundry\vmfintegrationservice_troubleshooting_guide\Content\Revision_History.md' which
            is not found in the documentation files.
WARNING  -  Documentation file 'Foundry\vms_console_user_guide\Content\Introduction_1.md' contains a link to
            'Foundry\vms_console_user_guide\Content\Overview.md' which is not found in the documentation files.
WARNING  -  Documentation file 'Foundry\vms_console_user_guide\Content\Settings.md' contains a link to
            'Foundry\vms_console_user_guide\Content\General - Settings.md' which is not found in the documentation
            files.
WARNING  -  Documentation file 'Foundry\vms_console_user_guide\Content\API_Access\Adhoc.md' contains a link to
            'Foundry\vms_console_user_guide\Content\Resources\Images\Miscellaneous\API Help\Adhoc_email.png' which is
            not found in the documentation files.
WARNING  -  Documentation file 'Foundry\vms_console_user_guide\Content\API_Access\Adhoc.md' contains a link to
            'Foundry\vms_console_user_guide\Content\Resources\Images\Miscellaneous\API Help\Adhoc_SMS.png' which is not
            found in the documentation files.
WARNING  -  Documentation file 'Foundry\vms_console_user_guide\Content\API_Access\Adhoc.md' contains a link to
            'Foundry\vms_console_user_guide\Content\Resources\Images\Miscellaneous\API Help\Adhoc_Pass.png' which is not
            found in the documentation files.
WARNING  -  Documentation file 'Foundry\vms_console_user_guide\Content\API_Access\Applications.md' contains a link to
            'Foundry\vms_messaging_apis\Content\REST_API_Application\Applications_API.md' which is not found in the
            documentation files.
WARNING  -  Documentation file 'Foundry\vms_console_user_guide\Content\API_Access\Audience_Members.md' contains a link
            to 'Foundry\vms_console_user_guide\Content\Resources\Images\Audience Members\Audience Member - Main
            Screen.png' which is not found in the documentation files.
WARNING  -  Documentation file 'Foundry\vms_console_user_guide\Content\API_Access\Audience_Members.md' contains a link
            to 'Foundry\vms_console_user_guide\Content\API_Access\Adding_an_Audience_Member.md' which is not found in
            the documentation files.
WARNING  -  Documentation file 'Foundry\vms_console_user_guide\Content\API_Access\Audience_Members.md' contains a link
            to 'Foundry\vms_console_user_guide\Content\API_Access\Importing_Audience_Members.md' which is not found in
            the documentation files.
WARNING  -  Documentation file 'Foundry\vms_console_user_guide\Content\API_Access\Audience_Members.md' contains a link
            to 'Foundry\vms_console_user_guide\Content\API_Access\Modifying_an_Audience_Member.md' which is not found in
            the documentation files.
WARNING  -  Documentation file 'Foundry\vms_console_user_guide\Content\API_Access\Audience_Members.md' contains a link
            to 'Foundry\vms_console_user_guide\Content\API_Access\Deleting_an_Audience_Member.md' which is not found in
            the documentation files.
WARNING  -  Documentation file 'Foundry\vms_console_user_guide\Content\API_Access\Authentication.md' contains a link to
            'Foundry\vms_console_user_guide\Content\Resources\Images\Settings\API Help\Test
            connection\authenticationstrip.png' which is not found in the documentation files.
WARNING  -  Documentation file 'Foundry\vms_console_user_guide\Content\API_Access\Beacons.md' contains a link to
            'Foundry\vms_console_user_guide\Content\Resources\Images\Miscellaneous\API Help\Beacon_create_beacon.png'
            which is not found in the documentation files.
WARNING  -  Documentation file 'Foundry\vms_console_user_guide\Content\API_Access\Beacons.md' contains a link to
            'Foundry\vms_console_user_guide\Content\Resources\Images\Miscellaneous\API Help\Beacon_modify_beacon.png'
            which is not found in the documentation files.
WARNING  -  Documentation file 'Foundry\vms_console_user_guide\Content\API_Access\Beacons.md' contains a link to
            'Foundry\vms_console_user_guide\Content\Resources\Images\Miscellaneous\API Help\Beacon_delete_beacon.png'
            which is not found in the documentation files.
WARNING  -  Documentation file 'Foundry\vms_console_user_guide\Content\API_Access\Beacons.md' contains a link to
            'Foundry\vms_console_user_guide\Content\Resources\Images\Miscellaneous\API Help\Beacon_get_beacon.png' which
            is not found in the documentation files.
WARNING  -  Documentation file 'Foundry\vms_console_user_guide\Content\API_Access\Beacons.md' contains a link to
            'Foundry\vms_console_user_guide\Content\Resources\Images\Miscellaneous\API
            Help\Beacon_get_beacons_by_Id.png' which is not found in the documentation files.
WARNING  -  Documentation file 'Foundry\vms_console_user_guide\Content\API_Access\Beaconstab.md' contains a link to
            'Foundry\vms_console_user_guide\Content\Resources\Images\Miscellaneous\API Help\Beacon_create_beacon.png'
            which is not found in the documentation files.
WARNING  -  Documentation file 'Foundry\vms_console_user_guide\Content\API_Access\Beaconstab.md' contains a link to
            'Foundry\vms_console_user_guide\Content\Resources\Images\Miscellaneous\API Help\Beacon_modify_beacon.png'
            which is not found in the documentation files.
WARNING  -  Documentation file 'Foundry\vms_console_user_guide\Content\API_Access\Beaconstab.md' contains a link to
            'Foundry\vms_console_user_guide\Content\Resources\Images\Miscellaneous\API Help\Beacon_delete_beacon.png'
            which is not found in the documentation files.
WARNING  -  Documentation file 'Foundry\vms_console_user_guide\Content\API_Access\Beaconstab.md' contains a link to
            'Foundry\vms_console_user_guide\Content\Resources\Images\Miscellaneous\API Help\Beacon_get_beacon.png' which
            is not found in the documentation files.
WARNING  -  Documentation file 'Foundry\vms_console_user_guide\Content\API_Access\Beaconstab.md' contains a link to
            'Foundry\vms_console_user_guide\Content\Resources\Images\Miscellaneous\API
            Help\Beacon_get_beacons_by_Id.png' which is not found in the documentation files.
WARNING  -  Documentation file 'Foundry\vms_console_user_guide\Content\API_Access\Campaigns.md' contains a link to
            'Foundry\vms_console_user_guide\Content\Resources\Images\Miscellaneous\API Help\Campaign_create
            campaign.png' which is not found in the documentation files.
WARNING  -  Documentation file 'Foundry\vms_console_user_guide\Content\API_Access\Campaigns.md' contains a link to
            'Foundry\vms_console_user_guide\Content\Resources\Images\Miscellaneous\API Help\Campaign_modify
            campaign.png' which is not found in the documentation files.
WARNING  -  Documentation file 'Foundry\vms_console_user_guide\Content\API_Access\Campaigns.md' contains a link to
            'Foundry\vms_console_user_guide\Content\Resources\Images\Miscellaneous\API Help\Campaign_publish
            campaign.png' which is not found in the documentation files.
WARNING  -  Documentation file 'Foundry\vms_console_user_guide\Content\API_Access\Campaigns.md' contains a link to
            'Foundry\vms_console_user_guide\Content\Resources\Images\Miscellaneous\API Help\Campaign_unpublish
            campaign.png' which is not found in the documentation files.
WARNING  -  Documentation file 'Foundry\vms_console_user_guide\Content\API_Access\Campaigns.md' contains a link to
            'Foundry\vms_console_user_guide\Content\Resources\Images\Miscellaneous\API
            Help\Campaign_get_all_campaigns_by_page.png' which is not found in the documentation files.
WARNING  -  Documentation file 'Foundry\vms_console_user_guide\Content\API_Access\Campaigns.md' contains a link to
            'Foundry\vms_console_user_guide\Content\Resources\Images\Miscellaneous\API
            Help\Campaign_get_all_campaigns_by_id.png' which is not found in the documentation files.
WARNING  -  Documentation file 'Foundry\vms_console_user_guide\Content\API_Access\Campaigns.md' contains a link to
            'Foundry\vms_console_user_guide\Content\Resources\Images\Miscellaneous\API
            Help\Campaign_validate_campaign.png' which is not found in the documentation files.
WARNING  -  Documentation file 'Foundry\vms_console_user_guide\Content\API_Access\Campaigns.md' contains a link to
            'Foundry\vms_console_user_guide\Content\Resources\Images\Miscellaneous\API
            Help\Campaign_delete_campaign.png' which is not found in the documentation files.
WARNING  -  Documentation file 'Foundry\vms_console_user_guide\Content\API_Access\Campaigns.md' contains a link to
            'Foundry\vms_console_user_guide\Content\Resources\Images\Miscellaneous\API Help\Campaign_start_campaign.png'
            which is not found in the documentation files.
WARNING  -  Documentation file 'Foundry\vms_console_user_guide\Content\API_Access\Campaigns.md' contains a link to
            'Foundry\vms_console_user_guide\Content\Resources\Images\Miscellaneous\API
            Help\Campaign_terminate_campaign.png' which is not found in the documentation files.
WARNING  -  Documentation file 'Foundry\vms_console_user_guide\Content\API_Access\Campaigns.md' contains a link to
            'Foundry\vms_console_user_guide\Content\Resources\Images\Miscellaneous\API Help\Campaign_modify
            campaign.png' which is not found in the documentation files.
WARNING  -  Documentation file 'Foundry\vms_console_user_guide\Content\API_Access\Campaigns.md' contains a link to
            'Foundry\vms_console_user_guide\Content\Resources\Images\Miscellaneous\API Help\Campaign_modify
            campaign_with_pass.png' which is not found in the documentation files.
WARNING  -  Documentation file 'Foundry\vms_console_user_guide\Content\API_Access\Campaigns.md' contains a link to
            'Foundry\vms_console_user_guide\Content\Resources\Images\Miscellaneous\API
            Help\Campaign_campaign_with_email.png' which is not found in the documentation files.
WARNING  -  Documentation file 'Foundry\vms_console_user_guide\Content\API_Access\Campaignsforapihelp.md' contains a
            link to 'Foundry\vms_console_user_guide\Content\Resources\Images\Settings\API Help\campaign\campaign
            strip.png' which is not found in the documentation files.
WARNING  -  Documentation file 'Foundry\vms_console_user_guide\Content\API_Access\Campaignsforapihelp.md' contains a
            link to 'Foundry\vms_messaging_apis\Content\REST_API_Campaign\Campaign.md' which is not found in the
            documentation files.
WARNING  -  Documentation file 'Foundry\vms_console_user_guide\Content\API_Access\Campaignsforapihelp.md' contains a
            link to 'Foundry\vms_console_user_guide\Content\Resources\Images\Settings\API
            Help\campaign\getallcampaigns.png' which is not found in the documentation files.
WARNING  -  Documentation file 'Foundry\vms_console_user_guide\Content\API_Access\Campaignsforapihelp.md' contains a
            link to 'Foundry\vms_console_user_guide\Content\Resources\Images\Settings\API
            Help\campaign\getcampaignbyid.png' which is not found in the documentation files.
WARNING  -  Documentation file 'Foundry\vms_console_user_guide\Content\API_Access\Campaignsforapihelp.md' contains a
            link to 'Foundry\vms_console_user_guide\Content\Resources\Images\Settings\API
            Help\campaign\createcampaign.png' which is not found in the documentation files.
WARNING  -  Documentation file 'Foundry\vms_console_user_guide\Content\API_Access\Campaignsforapihelp.md' contains a
            link to 'Foundry\vms_console_user_guide\Content\Resources\Images\Settings\API
            Help\campaign\modifycampaign.png' which is not found in the documentation files.
WARNING  -  Documentation file 'Foundry\vms_console_user_guide\Content\API_Access\Campaignsforapihelp.md' contains a
            link to 'Foundry\vms_console_user_guide\Content\Resources\Images\Settings\API
            Help\campaign\deletecampbyid.png' which is not found in the documentation files.
WARNING  -  Documentation file 'Foundry\vms_console_user_guide\Content\API_Access\Campaignsforapihelp.md' contains a
            link to 'Foundry\vms_console_user_guide\Content\Resources\Images\Settings\API
            Help\campaign\startcampbyid.png' which is not found in the documentation files.
WARNING  -  Documentation file 'Foundry\vms_console_user_guide\Content\API_Access\Campaignsforapihelp.md' contains a
            link to 'Foundry\vms_console_user_guide\Content\Resources\Images\Settings\API
            Help\campaign\terminatecampbyid.png' which is not found in the documentation files.
WARNING  -  Documentation file 'Foundry\vms_console_user_guide\Content\API_Access\Campaignsforapihelp.md' contains a
            link to 'Foundry\vms_console_user_guide\Content\Resources\Images\Settings\API
            Help\campaign\validatecampbyid.png' which is not found in the documentation files.
WARNING  -  Documentation file 'Foundry\vms_console_user_guide\Content\API_Access\Configuration.md' contains a link to
            'Foundry\vms_console_user_guide\Content\API_Access\Resources\Images\Iris_Builds.png' which is not found in
            the documentation files.
WARNING  -  Documentation file 'Foundry\vms_console_user_guide\Content\API_Access\Configuration.md' contains a link to
            'Foundry\vms_console_user_guide\Content\API_Access\Resources\Images\BuildWithParameters.png' which is not
            found in the documentation files.
WARNING  -  Documentation file 'Foundry\vms_console_user_guide\Content\API_Access\Configuration.md' contains a link to
            'Foundry\vms_console_user_guide\Content\API_Access\Resources\Images\source-control.PNG' which is not found
            in the documentation files.
WARNING  -  Documentation file 'Foundry\vms_console_user_guide\Content\API_Access\Configuration.md' contains a link to
            'Foundry\vms_console_user_guide\Content\API_Access\Prerequisites.md' which is not found in the documentation
            files.
WARNING  -  Documentation file 'Foundry\vms_console_user_guide\Content\API_Access\Configuration.md' contains a link to
            'Foundry\vms_console_user_guide\Content\API_Access\ManagingCredentials.md' which is not found in the
            documentation files.
WARNING  -  Documentation file 'Foundry\vms_console_user_guide\Content\API_Access\Configuration.md' contains a link to
            'Foundry\vms_console_user_guide\Content\API_Access\Resources\Images\debug-new.png' which is not found in the
            documentation files.
WARNING  -  Documentation file 'Foundry\vms_console_user_guide\Content\API_Access\Configuration.md' contains a link to
            'Foundry\vms_console_user_guide\Content\API_Access\ManagingCredentials.md' which is not found in the
            documentation files.
WARNING  -  Documentation file 'Foundry\vms_console_user_guide\Content\API_Access\Configuration.md' contains a link to
            'Foundry\vms_console_user_guide\Content\API_Access\Resources\Images\iris_fab.png' which is not found in the
            documentation files.
WARNING  -  Documentation file 'Foundry\vms_console_user_guide\Content\API_Access\Configuration.md' contains a link to
            'Foundry\vms_console_user_guide\Content\API_Access\Resources\Images\protected-build.PNG' which is not found
            in the documentation files.
WARNING  -  Documentation file 'Foundry\vms_console_user_guide\Content\API_Access\Configuration.md' contains a link to
            'Foundry\vms_console_user_guide\Content\API_Access\Resources\Images\Protected_Mode_Buid_Keys_612x310.png'
            which is not found in the documentation files.
WARNING  -  Documentation file 'Foundry\vms_console_user_guide\Content\API_Access\Configuration.md' contains a link to
            'Foundry\vms_console_user_guide\Content\API_Access\Resources\Images\Protected_Build_Drop-down_516x132.png'
            which is not found in the documentation files.
WARNING  -  Documentation file 'Foundry\vms_console_user_guide\Content\API_Access\Configuration.md' contains a link to
            'Foundry\vms_console_user_guide\Content\API_Access\Resources\Images\protected_keys_575x206.png' which is not
            found in the documentation files.
WARNING  -  Documentation file 'Foundry\vms_console_user_guide\Content\API_Access\Configuration.md' contains a link to
            'Foundry\vms_console_user_guide\Content\API_Access\Resources\Images\Selected_Keys_545x46.png' which is not
            found in the documentation files.
WARNING  -  Documentation file 'Foundry\vms_console_user_guide\Content\API_Access\Configuration.md' contains a link to
            'Foundry\vms_console_user_guide\Content\API_Access\Resources\Images\builds.png' which is not found in the
            documentation files.
WARNING  -  Documentation file 'Foundry\vms_console_user_guide\Content\API_Access\Configuration.md' contains a link to
            'Foundry\vms_console_user_guide\Content\API_Access\Resources\Images\android-build.PNG' which is not found in
            the documentation files.
WARNING  -  Documentation file 'Foundry\vms_console_user_guide\Content\API_Access\Configuration.md' contains a link to
            'Foundry\vms_console_user_guide\Content\API_Access\Resources\Images\ios-build.PNG' which is not found in the
            documentation files.
WARNING  -  Documentation file 'Foundry\vms_console_user_guide\Content\API_Access\Configuration.md' contains a link to
            'Foundry\vms_console_user_guide\Content\API_Access\Resources\Images\Apple_Signing_Certs_609x45.png' which is
            not found in the documentation files.
WARNING  -  Documentation file 'Foundry\vms_console_user_guide\Content\API_Access\Configuration.md' contains a link to
            'Foundry\vms_console_user_guide\Content\API_Access\Resources\Images\Apple_Signing_Cert_kind_456x116.png'
            which is not found in the documentation files.
WARNING  -  Documentation file 'Foundry\vms_console_user_guide\Content\API_Access\Configuration.md' contains a link to
            'Foundry\vms_console_user_guide\Content\API_Access\Resources\Images\Apple_Signing_Certs_data_502x300.png'
            which is not found in the documentation files.
WARNING  -  Documentation file 'Foundry\vms_console_user_guide\Content\API_Access\Configuration.md' contains a link to
            'Foundry\vms_console_user_guide\Content\API_Access\Resources\Images\Apple_Signing_Cert_Drop-down.png' which
            is not found in the documentation files.
WARNING  -  Documentation file 'Foundry\vms_console_user_guide\Content\API_Access\Configuration.md' contains a link to
            'Foundry\vms_console_user_guide\Content\API_Access\Resources\Images\Apple_Signing_Cert_Added_527x38.png'
            which is not found in the documentation files.
WARNING  -  Documentation file 'Foundry\vms_console_user_guide\Content\API_Access\Configuration.md' contains a link to
            'Foundry\vms_console_user_guide\Content\API_Access\Resources\Images\desktop-build.PNG' which is not found in
            the documentation files.
WARNING  -  Documentation file 'Foundry\vms_console_user_guide\Content\API_Access\Configuration.md' contains a link to
            'Foundry\vms_console_user_guide\Content\API_Access\Resources\Images\CustomHooks_Iris_595x92.png' which is
            not found in the documentation files.
WARNING  -  Documentation file 'Foundry\vms_console_user_guide\Content\API_Access\Configuration.md' contains a link to
            'Foundry\vms_console_user_guide\Content\API_Access\Resources\Images\jasmine-test.PNG' which is not found in
            the documentation files.
WARNING  -  Documentation file 'Foundry\vms_console_user_guide\Content\API_Access\Configuration.md' contains a link to
            'Foundry\vms_console_user_guide\Content\API_Access\CustomTestEnvRun_RawMode.md' which is not found in the
            documentation files.
WARNING  -  Documentation file 'Foundry\vms_console_user_guide\Content\API_Access\Configuration.md' contains a link to
            'Foundry\vms_console_user_guide\Content\API_Access\BuildingAnApp.md' which is not found in the documentation
            files.
WARNING  -  Documentation file 'Foundry\vms_console_user_guide\Content\API_Access\Configuration.md' contains a link to
            'Foundry\vms_console_user_guide\Content\API_Access\CustomTestEnvRun_RawMode.md' which is not found in the
            documentation files.
WARNING  -  Documentation file 'Foundry\vms_console_user_guide\Content\API_Access\Configuration.md' contains a link to
            'Foundry\vms_console_user_guide\Content\API_Access\BuildingAnApp.md' which is not found in the documentation
            files.
WARNING  -  Documentation file 'Foundry\vms_console_user_guide\Content\API_Access\Configuration.md' contains a link to
            'Foundry\vms_console_user_guide\Content\API_Access\Configuring_Device_Pools.md' which is not found in the
            documentation files.
WARNING  -  Documentation file 'Foundry\vms_console_user_guide\Content\API_Access\Configuration.md' contains a link to
            'Foundry\vms_console_user_guide\Content\API_Access\Resources\Images\web-build.PNG' which is not found in the
            documentation files.
WARNING  -  Documentation file 'Foundry\vms_console_user_guide\Content\API_Access\Configuration.md' contains a link to
            'Foundry\vms_console_user_guide\Content\API_Access\Resources\Images\Notifications_593x104.png' which is not
            found in the documentation files.
WARNING  -  Documentation file 'Foundry\vms_console_user_guide\Content\API_Access\Events.md' contains a link to
            'Foundry\vms_messaging_apis\Content\REST_API_Event\Event.md' which is not found in the documentation files.
WARNING  -  Documentation file 'Foundry\vms_console_user_guide\Content\API_Access\Geolocations.md' contains a link to
            'Foundry\vms_console_user_guide\Content\Resources\Images\Settings\API Help\location\api help strip.png'
            which is not found in the documentation files.
WARNING  -  Documentation file 'Foundry\vms_console_user_guide\Content\API_Access\Geolocations.md' contains a link to
            'Foundry\vms_console_user_guide\Content\Resources\Images\Settings\API Help\location\geolocation.png' which
            is not found in the documentation files.
WARNING  -  Documentation file 'Foundry\vms_console_user_guide\Content\API_Access\Geolocations.md' contains a link to
            'Foundry\vms_console_user_guide\Content\Resources\Images\Settings\API Help\location\beacon.png' which is not
            found in the documentation files.
WARNING  -  Documentation file 'Foundry\vms_console_user_guide\Content\API_Access\Geolocations.md' contains a link to
            'Foundry\vms_messaging_apis\Content\REST_API_Beacon\Beacon.md' which is not found in the documentation
            files.
WARNING  -  Documentation file 'Foundry\vms_console_user_guide\Content\API_Access\Inbound_SMS.md' contains a link to
            'Foundry\vms_messaging_apis\Content\REST_API__SMS\SMS_API.md' which is not found in the documentation files.
WARNING  -  Documentation file 'Foundry\vms_console_user_guide\Content\API_Access\Message.md' contains a link to
            'Foundry\vms_console_user_guide\Content\Resources\Images\Settings\API Help\push message\push_msg_strip.png'
            which is not found in the documentation files.
WARNING  -  Documentation file 'Foundry\vms_console_user_guide\Content\API_Access\Segments.md' contains a link to
            'Foundry\vms_console_user_guide\Content\Resources\Images\Settings\API Help\segments\segmentstrip.png' which
            is not found in the documentation files.
WARNING  -  Documentation file 'Foundry\vms_console_user_guide\Content\API_Access\Segments.md' contains a link to
            'Foundry\vms_messaging_apis\Content\REST_API_Segments\Segment.md' which is not found in the documentation
            files.
WARNING  -  Documentation file 'Foundry\vms_console_user_guide\Content\API_Access\Subscription.md' contains a link to
            'Foundry\vms_messaging_apis\Content\REST_API_Subscribers\Subscription.md' which is not found in the
            documentation files.
WARNING  -  Documentation file 'Foundry\vms_console_user_guide\Content\API_Access\Test_Connection.md' contains a link to
            'Foundry\vms_console_user_guide\Content\Resources\Images\Settings\API Help\Test connection\apihelpstrip.png'
            which is not found in the documentation files.
WARNING  -  Documentation file 'Foundry\vms_console_user_guide\Content\Adhoc\General_Channel_Type_Push_Message.md'
            contains a link to
            'Foundry\vms_console_user_guide\Content\Resources\Images\Engagement\Adhoc\Push_Message\searesemail_494x152.png'
            which is not found in the documentation files.
WARNING  -  Documentation file 'Foundry\vms_console_user_guide\Content\Adhoc\General_Channel_Type_Push_Message.md'
            contains a link to
            'Foundry\vms_console_user_guide\Content\Resources\Images\Engagement\Adhoc\Push_Message\searchplatform.png'
            which is not found in the documentation files.
WARNING  -  Documentation file 'Foundry\vms_console_user_guide\Content\Adhoc\General_Channel_Type_Push_Message.md'
            contains a link to
            'Foundry\vms_console_user_guide\Content\Resources\Images\Engagement\Adhoc\Push_Message\searesufid_511x162.png'
            which is not found in the documentation files.
WARNING  -  Documentation file 'Foundry\vms_console_user_guide\Content\Administration\Audit_Trail_tab.md' contains a
            link to
            'Foundry\vms_console_user_guide\Content\Resources\Images\Settings\Configuration\auditrail\audittrail_638x329.png'
            which is not found in the documentation files.
WARNING  -  Documentation file 'Foundry\vms_console_user_guide\Content\Administration\Audit_Trail_tab.md' contains a
            link to
            'Foundry\vms_console_user_guide\Content\Resources\Images\Settings\Configuration\auditrail\audittrailactionsearch.png'
            which is not found in the documentation files.
WARNING  -  Documentation file 'Foundry\vms_console_user_guide\Content\Administration\Audit_Trail_tab.md' contains a
            link to
            'Foundry\vms_console_user_guide\Content\Resources\Images\Settings\Configuration\auditrail\resultaction_556x136.png'
            which is not found in the documentation files.
WARNING  -  Documentation file 'Foundry\vms_console_user_guide\Content\Administration\Audit_Trail_tab.md' contains a
            link to
            'Foundry\vms_console_user_guide\Content\Resources\Images\Settings\Configuration\auditrail\searchobjectname.png'
            which is not found in the documentation files.
WARNING  -  Documentation file 'Foundry\vms_console_user_guide\Content\Administration\Audit_Trail_tab.md' contains a
            link to
            'Foundry\vms_console_user_guide\Content\Resources\Images\Settings\Configuration\auditrail\resultobjectname_558x164.png'
            which is not found in the documentation files.
WARNING  -  Documentation file 'Foundry\vms_console_user_guide\Content\Administration\Audit_Trail_tab.md' contains a
            link to
            'Foundry\vms_console_user_guide\Content\Resources\Images\Settings\Configuration\auditrail\searchobjecttype.png'
            which is not found in the documentation files.
WARNING  -  Documentation file 'Foundry\vms_console_user_guide\Content\Administration\Audit_Trail_tab.md' contains a
            link to
            'Foundry\vms_console_user_guide\Content\Resources\Images\Settings\Configuration\auditrail\resultobjecttype_560x115.png'
            which is not found in the documentation files.
WARNING  -  Documentation file 'Foundry\vms_console_user_guide\Content\Administration\Audit_Trail_tab.md' contains a
            link to
            'Foundry\vms_console_user_guide\Content\Resources\Images\Settings\Configuration\auditrail\searchinitiatedby.png'
            which is not found in the documentation files.
WARNING  -  Documentation file 'Foundry\vms_console_user_guide\Content\Administration\Audit_Trail_tab.md' contains a
            link to
            'Foundry\vms_console_user_guide\Content\Resources\Images\Settings\Configuration\auditrail\resultinitiatedby_555x115.png'
            which is not found in the documentation files.
WARNING  -  Documentation file 'Foundry\vms_console_user_guide\Content\Apps\API_Access.md' contains a link to
            'Foundry\vms_console_user_guide\Content\APIs for Volt MX Messaging Services.md' which is not found in the
            documentation files.
WARNING  -  Documentation file 'Foundry\vms_console_user_guide\Content\Apps\API_Access.md' contains a link to
            'Foundry\vms_console_user_guide\Content\APIs for Volt MX Messaging Services.md' which is not found in the
            documentation files.
WARNING  -  Documentation file 'Foundry\vms_console_user_guide\Content\Apps\API_Access.md' contains a link to
            'Foundry\vms_console_user_guide\Content\APIs for Volt MX Messaging Services.md' which is not found in the
            documentation files.
WARNING  -  Documentation file 'Foundry\vms_console_user_guide\Content\Apps\API_Access.md' contains a link to
            'Foundry\vms_console_user_guide\Content\APIs for Volt MX Messaging Services.md' which is not found in the
            documentation files.
WARNING  -  Documentation file 'Foundry\vms_console_user_guide\Content\Apps\API_Access.md' contains a link to
            'Foundry\vms_console_user_guide\Content\Resources\Images\App\subscription section - api access screen.png'
            which is not found in the documentation files.
WARNING  -  Documentation file 'Foundry\vms_console_user_guide\Content\Apps\API_Access.md' contains a link to
            'Foundry\vms_console_user_guide\Content\Resources\Images\App\Unsubscription tab - api access.png' which is
            not found in the documentation files.
WARNING  -  Documentation file 'Foundry\vms_console_user_guide\Content\Apps\API_Access.md' contains a link to
            'Foundry\vms_console_user_guide\Content\Resources\Images\App\Push Message - api access.png' which is not
            found in the documentation files.
WARNING  -  Documentation file 'Foundry\vms_console_user_guide\Content\Apps\Adding_Approve_and_Confirm.md' contains a
            link to 'Foundry\vms_console_user_guide\Content\Resources\Images\App\Applications 7.0.0\Adding an
            application_step_approve and confirm.png' which is not found in the documentation files.
WARNING  -  Documentation file 'Foundry\vms_console_user_guide\Content\Apps\Adding_Platform.md' contains a link to
            'Foundry\vms_console_user_guide\Content\Resources\Images\Overview\Apps\GCM Key\2.png' which is not found in
            the documentation files.
WARNING  -  Documentation file 'Foundry\vms_console_user_guide\Content\Apps\Adding_Platform.md' contains a link to
            'Foundry\vms_console_user_guide\Content\Resources\Images\Overview\Apps\GCM Key\3.png' which is not found in
            the documentation files.
WARNING  -  Documentation file 'Foundry\vms_console_user_guide\Content\Apps\Adding_Platform.md' contains a link to
            'Foundry\vms_console_user_guide\Content\Resources\Images\Overview\Apps\GCM Key\4.png' which is not found in
            the documentation files.
WARNING  -  Documentation file 'Foundry\vms_console_user_guide\Content\Apps\Adding_Platform.md' contains a link to
            'Foundry\vms_console_user_guide\Content\Resources\Images\Overview\Apps\GCM Key\5.png' which is not found in
            the documentation files.
WARNING  -  Documentation file 'Foundry\vms_console_user_guide\Content\Apps\Adding_Platform.md' contains a link to
            'Foundry\vms_console_user_guide\Content\Resources\Images\Overview\Apps\GCM Key\6.png' which is not found in
            the documentation files.
WARNING  -  Documentation file 'Foundry\vms_console_user_guide\Content\Apps\Adding_Platform.md' contains a link to
            'Foundry\vms_console_user_guide\Content\Resources\Images\Overview\Apps\GCM Key\7.png' which is not found in
            the documentation files.
WARNING  -  Documentation file 'Foundry\vms_console_user_guide\Content\Apps\Adding_Platform.md' contains a link to
            'Foundry\vms_console_user_guide\Content\Resources\Images\Overview\Apps\GCM Key\8.png' which is not found in
            the documentation files.
WARNING  -  Documentation file 'Foundry\vms_console_user_guide\Content\Apps\Adding_Platform.md' contains a link to
            'Foundry\vms_console_user_guide\Content\Resources\Images\Overview\Apps\GCM Key\9.png' which is not found in
            the documentation files.
WARNING  -  Documentation file 'Foundry\vms_console_user_guide\Content\Apps\Adding_Platform.md' contains a link to
            'Foundry\vms_console_user_guide\Content\Resources\Images\Overview\Apps\GCM Key\10.png' which is not found in
            the documentation files.
WARNING  -  Documentation file 'Foundry\vms_console_user_guide\Content\Apps\Adding_Platform.md' contains a link to
            'Foundry\vms_console_user_guide\Content\Resources\Images\Overview\Apps\GCM Key\11.png' which is not found in
            the documentation files.
WARNING  -  Documentation file 'Foundry\vms_console_user_guide\Content\Apps\Adding_Platform.md' contains a link to
            'Foundry\vms_console_user_guide\Content\Resources\Images\Overview\Apps\New GCM Key\no. 2.png' which is not
            found in the documentation files.
WARNING  -  Documentation file 'Foundry\vms_console_user_guide\Content\Apps\Adding_Platform.md' contains a link to
            'Foundry\vms_console_user_guide\Content\Resources\Images\Overview\Apps\New GCM Key\no. 11.png' which is not
            found in the documentation files.
WARNING  -  Documentation file 'Foundry\vms_console_user_guide\Content\Apps\Configuring_Push_Message_for_Segments.md'
            contains a link to 'Foundry\vms_console_user_guide\Content\Resources\Images\App\Personalization
            attributes.png' which is not found in the documentation files.
WARNING  -  Documentation file 'Foundry\vms_console_user_guide\Content\Apps\Configuring_Push_Message_for_Segments.md'
            contains a link to 'Foundry\vms_console_user_guide\Content\Resources\Images\App\Sample Message.png' which is
            not found in the documentation files.
WARNING  -  Documentation file
            'Foundry\vms_console_user_guide\Content\Apps\Configuring_Set_Start_and_Expiry_Time_for_Push_Messages.md'
            contains a link to 'Foundry\vms_console_user_guide\Content\Resources\Images\App\start time later.png' which
            is not found in the documentation files.
WARNING  -  Documentation file
            'Foundry\vms_console_user_guide\Content\Apps\Configuring_Set_Start_and_Expiry_Time_for_Push_Messages.md'
            contains a link to 'Foundry\vms_console_user_guide\Content\Resources\Images\App\Later.png' which is not
            found in the documentation files.
WARNING  -  Documentation file
            'Foundry\vms_console_user_guide\Content\Apps\Configuring_Set_Start_and_Expiry_Time_for_Push_Messages.md'
            contains a link to 'Foundry\vms_console_user_guide\Content\Resources\Images\App\timezone.png' which is not
            found in the documentation files.
WARNING  -  Documentation file 'Foundry\vms_console_user_guide\Content\Apps\Create_a_JPush_Key.md' contains a link to
            'Foundry\vms_console_user_guide\Content\Resources\Images\Overview\Apps\JPush\1.PNG' which is not found in
            the documentation files.
WARNING  -  Documentation file 'Foundry\vms_console_user_guide\Content\Apps\Create_a_JPush_Key.md' contains a link to
            'Foundry\vms_console_user_guide\Content\Resources\Images\Overview\Apps\JPush\2.png' which is not found in
            the documentation files.
WARNING  -  Documentation file 'Foundry\vms_console_user_guide\Content\Apps\Create_a_JPush_Key.md' contains a link to
            'Foundry\vms_console_user_guide\Content\Resources\Images\Overview\Apps\JPush\3.PNG' which is not found in
            the documentation files.
WARNING  -  Documentation file 'Foundry\vms_console_user_guide\Content\Apps\Create_a_JPush_Key.md' contains a link to
            'Foundry\vms_console_user_guide\Content\Resources\Images\Overview\Apps\JPush\7.png' which is not found in
            the documentation files.
WARNING  -  Documentation file 'Foundry\vms_console_user_guide\Content\Apps\Create_a_JPush_Key.md' contains a link to
            'Foundry\vms_console_user_guide\Content\Resources\Images\Overview\Apps\JPush\8.png' which is not found in
            the documentation files.
WARNING  -  Documentation file 'Foundry\vms_console_user_guide\Content\Apps\Create_a_JPush_Key.md' contains a link to
            'Foundry\vms_console_user_guide\Content\Resources\Images\App\JPush_Key\JPush - creating application -with
            fields.png' which is not found in the documentation files.
WARNING  -  Documentation file 'Foundry\vms_console_user_guide\Content\Apps\Create_a_JPush_Key.md' contains a link to
            'Foundry\vms_console_user_guide\Content\Resources\Images\App\JPush_Key\modify the application.png' which is
            not found in the documentation files.
WARNING  -  Documentation file 'Foundry\vms_console_user_guide\Content\Apps\Create_a_JPush_Key.md' contains a link to
            'Foundry\vms_console_user_guide\Content\Resources\Images\App\JPush_Key\Master Secret key.png' which is not
            found in the documentation files.
WARNING  -  Documentation file 'Foundry\vms_console_user_guide\Content\Apps\Filtering_Data.md' contains a link to
            'Foundry\vms_console_user_guide\Content\Resources\Images\App\Search all fields.png' which is not found in
            the documentation files.
WARNING  -  Documentation file 'Foundry\vms_console_user_guide\Content\Apps\Filtering_Data.md' contains a link to
            'Foundry\vms_console_user_guide\Content\Resources\Images\App\Search all fields after.png' which is not found
            in the documentation files.
WARNING  -  Documentation file 'Foundry\vms_console_user_guide\Content\Apps\Filtering_Data.md' contains a link to
            'Foundry\vms_console_user_guide\Content\Resources\Images\App\Search column.png' which is not found in the
            documentation files.
WARNING  -  Documentation file 'Foundry\vms_console_user_guide\Content\Apps\Filtering_Data.md' contains a link to
            'Foundry\vms_console_user_guide\Content\Resources\Images\App\Search column after.png' which is not found in
            the documentation files.
WARNING  -  Documentation file 'Foundry\vms_console_user_guide\Content\Apps\Filtering_Data.md' contains a link to
            'Foundry\vms_console_user_guide\Content\Resources\Images\App\Status filter before.png' which is not found in
            the documentation files.
WARNING  -  Documentation file 'Foundry\vms_console_user_guide\Content\Apps\Filtering_Data.md' contains a link to
            'Foundry\vms_console_user_guide\Content\Resources\Images\App\Status filtered.png' which is not found in the
            documentation files.
WARNING  -  Documentation file 'Foundry\vms_console_user_guide\Content\Apps\Modifying_Subscribers_List.md' contains a
            link to 'Foundry\vms_console_user_guide\Content\Resources\Images\App\Applications
            7.0.0\application_subscribers list.png' which is not found in the documentation files.
WARNING  -  Documentation file 'Foundry\vms_console_user_guide\Content\Apps\Push_Message_for_Segments.md' contains a
            link to 'Foundry\vms_console_user_guide\Content\Resources\Images\App\Pushmessage segment1.png' which is not
            found in the documentation files.
WARNING  -  Documentation file 'Foundry\vms_console_user_guide\Content\Apps\Push_Message_for_Subscribers.md' contains a
            link to 'Foundry\vms_console_user_guide\Content\Resources\Images\App\start time later.png' which is not
            found in the documentation files.
WARNING  -  Documentation file 'Foundry\vms_console_user_guide\Content\Apps\Push_Message_for_Subscribers.md' contains a
            link to 'Foundry\vms_console_user_guide\Content\Resources\Images\App\Later.png' which is not found in the
            documentation files.
WARNING  -  Documentation file 'Foundry\vms_console_user_guide\Content\Apps\Push_Message_for_Subscribers.md' contains a
            link to 'Foundry\vms_console_user_guide\Content\Resources\Images\App\timezone.png' which is not found in the
            documentation files.
WARNING  -  Documentation file 'Foundry\vms_console_user_guide\Content\Apps\Push_Message_for_Subscribers.md' contains a
            link to 'Foundry\vms_console_user_guide\Content\Resources\Images\App\Schedule Notification.png' which is not
            found in the documentation files.
WARNING  -  Documentation file 'Foundry\vms_console_user_guide\Content\Apps\Push_Notification_Messages.md' contains a
            link to 'Foundry\vms_console_user_guide\Content\Resources\Images\App\PushMessageoptions.png' which is not
            found in the documentation files.
WARNING  -  Documentation file 'Foundry\vms_console_user_guide\Content\Apps\Viewing_Application_Funnel_Reports.md'
            contains a link to 'Foundry\vms_console_user_guide\Content\Resources\Images\App\Applications
            7.0.0\Publishing_an_application_3.png' which is not found in the documentation files.
WARNING  -  Documentation file 'Foundry\vms_console_user_guide\Content\Apps\Viewing_Application_Funnel_Reports.md'
            contains a link to 'Foundry\vms_console_user_guide\Content\Resources\Images\App\Applications
            7.0.0\application funnel report.png' which is not found in the documentation files.
WARNING  -  Documentation file 'Foundry\vms_console_user_guide\Content\Apps\Viewing_Application_Reports.md' contains a
            link to 'Foundry\vms_console_user_guide\Content\Resources\Images\App\Applications
            7.0.0\Application_reports.png' which is not found in the documentation files.
WARNING  -  Documentation file 'Foundry\vms_console_user_guide\Content\Apps\Viewing_Application_Reports.md' contains a
            link to 'Foundry\vms_console_user_guide\Content\Resources\Images\App\Applications
            7.0.0\application_reports_table format.png' which is not found in the documentation files.
WARNING  -  Documentation file 'Foundry\vms_console_user_guide\Content\Apps\Viewing_Application_Reports.md' contains a
            link to 'Foundry\vms_console_user_guide\Content\Resources\Images\App\Applications
            7.0.0\application_reports_chart context menu.png' which is not found in the documentation files.
WARNING  -  Documentation file 'Foundry\vms_console_user_guide\Content\Apps\Viewing_Application_Reports.md' contains a
            link to 'Foundry\vms_console_user_guide\Content\Resources\Images\App\Applications 7.0.0\application
            report_pushes sent vs opened at app level.png' which is not found in the documentation files.
WARNING  -  Documentation file 'Foundry\vms_console_user_guide\Content\Apps\Viewing_Application_Reports.md' contains a
            link to 'Foundry\vms_console_user_guide\Content\Resources\Images\App\Applications 7.0.0\application
            reports_pushes sent vs opened platform level.png' which is not found in the documentation files.
WARNING  -  Documentation file 'Foundry\vms_console_user_guide\Content\Apps\Viewing_Application_Reports.md' contains a
            link to 'Foundry\vms_console_user_guide\Content\Resources\Images\App\Applications 7.0.0\application
            reports_push message per platfom.png' which is not found in the documentation files.
WARNING  -  Documentation file 'Foundry\vms_console_user_guide\Content\Audience_Members\Adding_an_Audience_Member.md'
            contains a link to 'Foundry\vms_console_user_guide\Content\Resources\Images\Audience Members\Add Auidence
            members.png' which is not found in the documentation files.
WARNING  -  Documentation file 'Foundry\vms_console_user_guide\Content\Audience_Members\Deleting_an_Audience_Member.md'
            contains a link to 'Foundry\vms_console_user_guide\Content\Resources\Images\Audience Members\Auidence
            members -Delete.png' which is not found in the documentation files.
WARNING  -  Documentation file 'Foundry\vms_console_user_guide\Content\Audience_Members\Importing_Audience_Members.md'
            contains a link to 'Foundry\vms_console_user_guide\Content\Resources\Images\Audience Members\Import
            audience.png' which is not found in the documentation files.
WARNING  -  Documentation file 'Foundry\vms_console_user_guide\Content\Audience_Members\Importing_Audience_Members.md'
            contains a link to 'Foundry\vms_console_user_guide\Content\Resources\Images\Audience Members\Modify audience
            memebrs_delimeter Type.png' which is not found in the documentation files.
WARNING  -  Documentation file 'Foundry\vms_console_user_guide\Content\Audience_Members\Modifying_an_Audience_Member.md'
            contains a link to 'Foundry\vms_console_user_guide\Content\Resources\Images\Audience Members\Add Auidence
            members -View.png' which is not found in the documentation files.
WARNING  -  Documentation file 'Foundry\vms_console_user_guide\Content\Campaigns\Adding_Campaign_Details.md' contains a
            link to 'Foundry\vms_console_user_guide\Content\Resources\Images\Campaigns\Add campaign.png' which is not
            found in the documentation files.
WARNING  -  Documentation file 'Foundry\vms_console_user_guide\Content\Campaigns\Adding_Campaign_Details.md' contains a
            link to 'Foundry\vms_console_user_guide\Content\Resources\Images\Campaigns\Campaign start date.png' which is
            not found in the documentation files.
WARNING  -  Documentation file 'Foundry\vms_console_user_guide\Content\Campaigns\Adding_Campaign_Details.md' contains a
            link to 'Foundry\vms_console_user_guide\Content\Resources\Images\Campaigns\campaign start end dates.png'
            which is not found in the documentation files.
WARNING  -  Documentation file 'Foundry\vms_console_user_guide\Content\Campaigns\Adding_Campaign_Details.md' contains a
            link to 'Foundry\vms_console_user_guide\Content\Resources\Images\Campaigns\Time Zone.png' which is not found
            in the documentation files.
WARNING  -  Documentation file 'Foundry\vms_console_user_guide\Content\Campaigns\Adding_Campaign_Details_-1.md' contains
            a link to 'Foundry\vms_console_user_guide\Content\Resources\Images\Campaigns\Add campaign.png' which is not
            found in the documentation files.
WARNING  -  Documentation file 'Foundry\vms_console_user_guide\Content\Campaigns\Adding_Campaign_Details_-1.md' contains
            a link to 'Foundry\vms_console_user_guide\Content\Resources\Images\Campaigns\Campaign start date.png' which
            is not found in the documentation files.
WARNING  -  Documentation file 'Foundry\vms_console_user_guide\Content\Campaigns\Adding_Campaign_Details_-1.md' contains
            a link to 'Foundry\vms_console_user_guide\Content\Resources\Images\Campaigns\campaign start end dates.png'
            which is not found in the documentation files.
WARNING  -  Documentation file 'Foundry\vms_console_user_guide\Content\Campaigns\Adding_Campaign_Details_-1.md' contains
            a link to 'Foundry\vms_console_user_guide\Content\Resources\Images\Campaigns\Time Zone.png' which is not
            found in the documentation files.
WARNING  -  Documentation file 'Foundry\vms_console_user_guide\Content\Campaigns\Adding_Segment_details.md' contains a
            link to 'Foundry\vms_console_user_guide\Content\Resources\Images\Campaigns\Segment Details Sect.png' which
            is not found in the documentation files.
WARNING  -  Documentation file 'Foundry\vms_console_user_guide\Content\Campaigns\Adding_Segments_to_Campaigns.md'
            contains a link to 'Foundry\vms_console_user_guide\Content\Resources\Images\Campaigns\Campaign-add
            segments.png' which is not found in the documentation files.
WARNING  -  Documentation file 'Foundry\vms_console_user_guide\Content\Campaigns\Composing_Message_to_Campaigns.md'
            contains a link to 'Foundry\vms_console_user_guide\Content\Resources\Images\Campaigns\Campaign-compose
            message.png' which is not found in the documentation files.
WARNING  -  Documentation file 'Foundry\vms_console_user_guide\Content\Campaigns\Composing_Message_to_Campaigns.md'
            contains a link to 'Foundry\vms_console_user_guide\Content\Resources\Images\App\Personalization
            attributes.png' which is not found in the documentation files.
WARNING  -  Documentation file 'Foundry\vms_console_user_guide\Content\Campaigns\Composing_Message_to_Campaigns.md'
            contains a link to 'Foundry\vms_console_user_guide\Content\Resources\Images\App\Sample Message.png' which is
            not found in the documentation files.
WARNING  -  Documentation file
            'Foundry\vms_console_user_guide\Content\Campaigns\Defining_Condition_Logic_for_Segment_Definition.md'
            contains a link to 'Foundry\vms_console_user_guide\Content\Resources\Images\Segments\Segment Definition
            successful.png' which is not found in the documentation files.
WARNING  -  Documentation file
            'Foundry\vms_console_user_guide\Content\Campaigns\Defining_Condition_Logic_for_Segment_Definition.md'
            contains a link to 'Foundry\vms_console_user_guide\Content\Resources\Images\Campaigns\Segment logic
            error.png' which is not found in the documentation files.
WARNING  -  Documentation file 'Foundry\vms_console_user_guide\Content\Campaigns\Defining_Conditional_logic.md' contains
            a link to 'Foundry\vms_console_user_guide\Content\Resources\Images\Segments\Audience Members from seg
            def.png' which is not found in the documentation files.
WARNING  -  Documentation file 'Foundry\vms_console_user_guide\Content\Campaigns\Defining_Conditional_logic.md' contains
            a link to 'Foundry\vms_console_user_guide\Content\Resources\Images\Campaigns\Segment Definition for
            campaigns.png' which is not found in the documentation files.
WARNING  -  Documentation file 'Foundry\vms_console_user_guide\Content\Campaigns\Defining_Conditional_logic.md' contains
            a link to 'Foundry\vms_console_user_guide\Content\Resources\Images\Segments\Segment Definition.png' which is
            not found in the documentation files.
WARNING  -  Documentation file
            'Foundry\vms_console_user_guide\Content\Campaigns\Defining_Notification_Types_for_a_Campaign.md' contains a
            link to 'Foundry\vms_console_user_guide\Content\Campaigns\Resources\Images\Campaigns\Specify to
            Campaign.png' which is not found in the documentation files.
WARNING  -  Documentation file 'Foundry\vms_console_user_guide\Content\Campaigns\Publishing_a_Campaign.md' contains a
            link to 'Foundry\vms_console_user_guide\Content\Resources\Images\Campaigns\Campaign publishing from home
            screen.png' which is not found in the documentation files.
WARNING  -  Documentation file 'Foundry\vms_console_user_guide\Content\Campaigns\Publishing_a_Campaign.md' contains a
            link to 'Foundry\vms_console_user_guide\Content\Resources\Images\Campaigns\Campaign publishing from View
            screen.png' which is not found in the documentation files.
WARNING  -  Documentation file 'Foundry\vms_console_user_guide\Content\Campaigns\Publishing_a_Campaign.md' contains a
            link to 'Foundry\vms_console_user_guide\Content\Resources\Images\Campaigns\Campaignre  republishing from
            View screen.png' which is not found in the documentation files.
WARNING  -  Documentation file 'Foundry\vms_console_user_guide\Content\Campaigns\Publishing_a_Campaign.md' contains a
            link to 'Foundry\vms_console_user_guide\Content\Resources\Images\Campaigns\Updating Published Campaigns.png'
            which is not found in the documentation files.
WARNING  -  Documentation file 'Foundry\vms_console_user_guide\Content\Campaigns\Specifying_Message_to_Campaigns.md'
            contains a link to 'Foundry\vms_console_user_guide\Content\Resources\Images\Campaigns\Campaign messages.png'
            which is not found in the documentation files.
WARNING  -  Documentation file 'Foundry\vms_console_user_guide\Content\Campaigns\Viewing_Campaign_Funnel_Reports.md'
            contains a link to 'Foundry\vms_console_user_guide\Content\Resources\Images\Campaigns\Campaign-funnel.png'
            which is not found in the documentation files.
WARNING  -  Documentation file 'Foundry\vms_console_user_guide\Content\Events\Adding_Event_Details.md' contains a link
            to 'Foundry\vms_console_user_guide\Content\Resources\Images\Events\Event details.png' which is not found in
            the documentation files.
WARNING  -  Documentation file 'Foundry\vms_console_user_guide\Content\Events\Composing_an_Event_Message.md' contains a
            link to 'Foundry\vms_console_user_guide\Content\Resources\Images\Events\Saving events.png' which is not
            found in the documentation files.
WARNING  -  Documentation file 'Foundry\vms_console_user_guide\Content\Events\Pass_Event_Message.md' contains a link to
            'Foundry\vms_console_user_guide\Content\Resources\Images\Events\Pass Event Message - 1.png' which is not
            found in the documentation files.
WARNING  -  Documentation file 'Foundry\vms_console_user_guide\Content\Events\Pass_Event_Message.md' contains a link to
            'Foundry\vms_console_user_guide\Content\Resources\Images\Campaigns\Compose paaa message -full screen -
            create from existing template.png' which is not found in the documentation files.
WARNING  -  Documentation file 'Foundry\vms_console_user_guide\Content\Events\Pass_Event_Message.md' contains a link to
            'Foundry\vms_console_user_guide\Content\Resources\Images\Passbook Message\Passbook message - create
            directly.png' which is not found in the documentation files.
WARNING  -  Documentation file 'Foundry\vms_console_user_guide\Content\Events\Pass_Event_Message.md' contains a link to
            'Foundry\vms_console_user_guide\Content\Resources\Images\Events\Name Value Pair -new.png' which is not found
            in the documentation files.
WARNING  -  Documentation file 'Foundry\vms_console_user_guide\Content\Events\Pass_Event_Message.md' contains a link to
            'Foundry\vms_console_user_guide\Content\Resources\Images\Events\Name value pair example for api payload.png'
            which is not found in the documentation files.
WARNING  -  Documentation file 'Foundry\vms_console_user_guide\Content\Events\Pass_Event_Message.md' contains a link to
            'Foundry\vms_console_user_guide\Content\Resources\Images\Events\Push Payload.png' which is not found in the
            documentation files.
WARNING  -  Documentation file 'Foundry\vms_console_user_guide\Content\Events\Pass_Event_Message.md' contains a link to
            'Foundry\vms_console_user_guide\Content\APIs for Volt MX Messaging Services.md' which is not found in the
            documentation files.
WARNING  -  Documentation file 'Foundry\vms_console_user_guide\Content\Events\Push_Payload.md' contains a link to
            'Foundry\vms_console_user_guide\Content\Resources\Images\Events\Push Payload.png' which is not found in the
            documentation files.
WARNING  -  Documentation file 'Foundry\vms_console_user_guide\Content\Events\Push_Payload.md' contains a link to
            'Foundry\vms_console_user_guide\Content\Resources\Images\Events\Push Payload.png' which is not found in the
            documentation files.
WARNING  -  Documentation file 'Foundry\vms_console_user_guide\Content\Events\Push_Payload.md' contains a link to
            'Foundry\vms_console_user_guide\Content\Resources\Images\Events\Event saved.png' which is not found in the
            documentation files.
WARNING  -  Documentation file 'Foundry\vms_console_user_guide\Content\Logging\Generating_Log_Files.md' contains a link
            to 'Foundry\vms_console_user_guide\Content\Resources\Images\Opening vpns log file.png' which is not found in
            the documentation files.
WARNING  -  Documentation file 'Foundry\vms_console_user_guide\Content\Logging\Generating_Log_Files.md' contains a link
            to 'Foundry\vms_console_user_guide\Content\Resources\Images\logfile options.png' which is not found in the
            documentation files.
WARNING  -  Documentation file 'Foundry\vms_console_user_guide\Content\Logging\Generating_Log_Files.md' contains a link
            to 'Foundry\vms_console_user_guide\Content\Resources\Images\knps-log file.png' which is not found in the
            documentation files.
WARNING  -  Documentation file 'Foundry\vms_console_user_guide\Content\Logging\Logging.md' contains a link to
            'Foundry\vms_console_user_guide\Content\Resources\Images\Settings\Configuration\auditrail\logging_637x317.png'
            which is not found in the documentation files.
WARNING  -  Documentation file 'Foundry\vms_console_user_guide\Content\Logging\Logging.md' contains a link to
            'Foundry\vms_console_user_guide\Content\Resources\Images\Settings\Configuration\auditrail\loglevels_637x115.png'
            which is not found in the documentation files.
WARNING  -  Documentation file 'Foundry\vms_console_user_guide\Content\Segments\Adding_Audience_Attribute.md' contains a
            link to 'Foundry\vms_console_user_guide\Content\Resources\Images\Segments\Operators.png' which is not found
            in the documentation files.
WARNING  -  Documentation file 'Foundry\vms_console_user_guide\Content\Segments\Adding_Audience_Attribute.md' contains a
            link to 'Foundry\vms_console_user_guide\Content\Resources\Images\Segments\Logic buttons.png' which is not
            found in the documentation files.
WARNING  -  Documentation file 'Foundry\vms_console_user_guide\Content\Segments\Adding_Audience_Attribute.md' contains a
            link to 'Foundry\vms_console_user_guide\Content\Resources\Images\Segments\Adding audience attributes
            row.png' which is not found in the documentation files.
WARNING  -  Documentation file 'Foundry\vms_console_user_guide\Content\Segments\Adding_Audience_Attribute.md' contains a
            link to 'Foundry\vms_console_user_guide\Content\Resources\Images\Segments\Audience Member Attributes drop
            down list.png' which is not found in the documentation files.
WARNING  -  Documentation file 'Foundry\vms_console_user_guide\Content\Segments\Geo_Fencing.md' contains a link to
            'Foundry\vms_console_user_guide\Content\APIs for Volt MX Messaging Services.md' which is not found in the
            documentation files.
WARNING  -  Documentation file 'Foundry\vms_console_user_guide\Content\Segments\Publishing_a_Segment.md' contains a link
            to 'Foundry\vms_console_user_guide\Content\Resources\Images\Segments\Sement
            7.0.0\Segment_publishing_a_segment.png' which is not found in the documentation files.
WARNING  -  Documentation file 'Foundry\vms_console_user_guide\Content\Segments\Publishing_a_Segment.md' contains a link
            to 'Foundry\vms_console_user_guide\Content\Resources\Images\Segments\Sement
            7.0.0\Segment_publishing_a_segment_view_screen.png' which is not found in the documentation files.
WARNING  -  Documentation file 'Foundry\vms_console_user_guide\Content\Segments\Republishing_the_Modified_Segment.md'
            contains a link to 'Foundry\vms_console_user_guide\Content\Resources\Images\Segments\Sement
            7.0.0\Segment_republishing_a_segment_View_screen.png' which is not found in the documentation files.
WARNING  -  Documentation file 'Foundry\vms_console_user_guide\Content\Segments\Republishing_the_Modified_Segment.md'
            contains a link to 'Foundry\vms_console_user_guide\Content\Resources\Images\Segments\Sement
            7.0.0\Segment_republishing_a_segment.png' which is not found in the documentation files.
WARNING  -  Documentation file 'Foundry\vms_demo_app_quick_start_guide\Content\Downloading and configuring.md' contains
            a link to 'Foundry\vms_demo_app_quick_start_guide\Content\Resources\Images\image013.png' which is not found
            in the documentation files.
WARNING  -  Documentation file 'Foundry\vms_demo_app_quick_start_guide\Content\Downloading and configuring.md' contains
            a link to 'Foundry\vms_demo_app_quick_start_guide\Content\Resources\Images\image014.png' which is not found
            in the documentation files.
WARNING  -  Documentation file 'Foundry\vms_demo_app_quick_start_guide\Content\Downloading and configuring.md' contains
            a link to 'Foundry\vms_demo_app_quick_start_guide\Content\Resources\Images\image015.png' which is not found
            in the documentation files.
WARNING  -  Documentation file 'Foundry\vms_demo_app_quick_start_guide\Content\Downloading and configuring.md' contains
            a link to 'Foundry\vms_demo_app_quick_start_guide\Content\Resources\Images\image016.png' which is not found
            in the documentation files.
WARNING  -  Documentation file 'Foundry\vms_demo_app_quick_start_guide\Content\Downloading and configuring.md' contains
            a link to 'Foundry\vms_demo_app_quick_start_guide\Content\Resources\Images\image017.png' which is not found
            in the documentation files.
WARNING  -  Documentation file 'Foundry\vms_demo_app_quick_start_guide\Content\Downloading and configuring.md' contains
            a link to 'Foundry\vms_demo_app_quick_start_guide\Content\Resources\Images\image018.png' which is not found
            in the documentation files.
WARNING  -  Documentation file 'Foundry\vms_demo_app_quick_start_guide\Content\Downloading and configuring.md' contains
            a link to 'Foundry\vms_demo_app_quick_start_guide\Content\Resources\Images\image019.png' which is not found
            in the documentation files.
WARNING  -  Documentation file 'Foundry\vms_demo_app_quick_start_guide\Content\Downloading and configuring.md' contains
            a link to 'Foundry\vms_demo_app_quick_start_guide\Content\Resources\Images\image020.png' which is not found
            in the documentation files.
WARNING  -  Documentation file 'Foundry\vms_demo_app_quick_start_guide\Content\Downloading and configuring.md' contains
            a link to 'Foundry\vms_demo_app_quick_start_guide\Content\Resources\Images\image018.png' which is not found
            in the documentation files.
WARNING  -  Documentation file 'Foundry\vms_demo_app_quick_start_guide\Content\Downloading and configuring.md' contains
            a link to 'Foundry\vms_console_user_guide\Content\Events\Adding an Event.md' which is not found in the
            documentation files.
WARNING  -  Documentation file 'Foundry\vms_demo_app_quick_start_guide\Content\Downloading and configuring.md' contains
            a link to 'Foundry\vms_demo_app_quick_start_guide\Content\Resources\Images\image021.png' which is not found
            in the documentation files.
WARNING  -  Documentation file 'Foundry\vms_demo_app_quick_start_guide\Content\Downloading and configuring.md' contains
            a link to 'Foundry\vms_demo_app_quick_start_guide\Content\Resources\Images\image022.png' which is not found
            in the documentation files.
WARNING  -  Documentation file 'Foundry\vms_demo_app_quick_start_guide\Content\Downloading and configuring.md' contains
            a link to 'Foundry\vms_demo_app_quick_start_guide\Content\Resources\Images\image018.png' which is not found
            in the documentation files.
WARNING  -  Documentation file 'Foundry\vms_demo_app_quick_start_guide\Content\Downloading and configuring.md' contains
            a link to 'Foundry\vms_demo_app_quick_start_guide\Content\Resources\Images\image023.png' which is not found
            in the documentation files.
WARNING  -  Documentation file 'Foundry\vms_demo_app_quick_start_guide\Content\Downloading and configuring.md' contains
            a link to 'Foundry\vms_demo_app_quick_start_guide\Content\Resources\Images\image024.png' which is not found
            in the documentation files.
WARNING  -  Documentation file 'Foundry\vms_demo_app_quick_start_guide\Content\Foundry Service Demo.md' contains a link
            to 'Foundry\vms_demo_app_quick_start_guide\Content\Resources\Images\28July2015\03000001.png' which is not
            found in the documentation files.
WARNING  -  Documentation file 'Foundry\vms_demo_app_quick_start_guide\Content\Sending Adhoc Email SMS and.md' contains
            a link to 'Foundry\vms_demo_app_quick_start_guide\Content\Resources\Images\image027.png' which is not found
            in the documentation files.
WARNING  -  Documentation file 'Foundry\vms_demo_app_quick_start_guide\Content\Sending Adhoc Email SMS and.md' contains
            a link to 'Foundry\vms_demo_app_quick_start_guide\Content\Resources\Images\28July2015\0300001C.png' which is
            not found in the documentation files.
WARNING  -  Documentation file 'Foundry\vms_demo_app_quick_start_guide\Content\Sending Adhoc Email SMS and.md' contains
            a link to 'Foundry\vms_demo_app_quick_start_guide\Content\Resources\Images\image029.png' which is not found
            in the documentation files.
WARNING  -  Documentation file 'Foundry\vms_demo_app_quick_start_guide\Content\Sending Adhoc Email SMS and.md' contains
            a link to 'Foundry\vms_demo_app_quick_start_guide\Content\Resources\Images\image030.png' which is not found
            in the documentation files.
WARNING  -  Documentation file 'Foundry\vms_demo_app_quick_start_guide\Content\Sending Adhoc Email SMS and.md' contains
            a link to 'Foundry\vms_demo_app_quick_start_guide\Content\Resources\Images\image031.png' which is not found
            in the documentation files.
WARNING  -  Documentation file 'Foundry\vms_demo_app_quick_start_guide\Content\Sending Adhoc Email SMS and.md' contains
            a link to 'Foundry\vms_demo_app_quick_start_guide\Content\Resources\Images\image032.png' which is not found
            in the documentation files.
WARNING  -  Documentation file 'Foundry\vms_demo_app_quick_start_guide\Content\Sending Adhoc Email SMS and.md' contains
            a link to 'Foundry\vms_demo_app_quick_start_guide\Content\Resources\Images\28July2015\03000013.png' which is
            not found in the documentation files.
WARNING  -  Documentation file 'Foundry\vms_demo_app_quick_start_guide\Content\Sending Adhoc Email SMS and.md' contains
            a link to 'Foundry\vms_demo_app_quick_start_guide\Content\Resources\Images\image033.png' which is not found
            in the documentation files.
WARNING  -  Documentation file 'Foundry\vms_demo_app_quick_start_guide\Content\Sending Adhoc Email SMS and.md' contains
            a link to 'Foundry\vms_demo_app_quick_start_guide\Content\Resources\Images\image034.png' which is not found
            in the documentation files.
WARNING  -  Documentation file 'Foundry\vms_demo_app_quick_start_guide\Content\Sending Adhoc Email SMS and.md' contains
            a link to 'Foundry\vms_demo_app_quick_start_guide\Content\Resources\Images\image035.png' which is not found
            in the documentation files.
WARNING  -  Documentation file 'Foundry\vms_demo_app_quick_start_guide\Content\Subscribing to Ad hoc Notifications.md'
            contains a link to 'Foundry\vms_console_user_guide\Content\Events\Adding an Event.md' which is not found in
            the documentation files.
WARNING  -  Documentation file 'Foundry\voltmx_Foundry_analytics_mobile_app\Content\Analytics_Mobile_App_Guide.md'
            contains a link to 'Foundry\voltmx_Foundry_analytics_mobile_app\Content\Preface.md' which is not found in
            the documentation files.
WARNING  -  Documentation file 'Foundry\voltmx_Foundry_deployment_guide\Content\Introduction.md' contains a link to
            'Foundry\voltmx_Foundry_deployment_guide\Content\Preface.md' which is not found in the documentation files.
WARNING  -  Documentation file 'Foundry\voltmx_Foundry_deployment_guide\Content\voltmx_Foundry_deployment_guide.md'
            contains a link to 'docs\tutorials\appFactory.md' which is not found in the documentation files.
WARNING  -  Documentation file 'Foundry\voltmx_Foundry_deployment_guide\Content\voltmx_Foundry_deployment_guide.md'
            contains a link to 'docs\tutorials\voltmxFoundryOverview.md' which is not found in the documentation files.
WARNING  -  Documentation file 'Foundry\voltmx_analytics_reporting\Content\Prerequisites.md' contains a link to
            'Foundry\voltmx_analytics_reporting\Content\Installing VoltMX Iris.md' which is not found in the
            documentation files.
WARNING  -  Documentation file 'Foundry\voltmx_analytics_reporting\Content\Prerequisites.md' contains a link to
            'Foundry\voltmx_analytics_reporting\Content\Launching VoltMX Iris.md' which is not found in the
            documentation files.
WARNING  -  Documentation file 'Foundry\voltmx_analytics_reporting\Content\Prerequisites.md' contains a link to
            'Foundry\voltmx_analytics_reporting\Content\Installing VoltMX Iris.md' which is not found in the
            documentation files.
WARNING  -  Documentation file
            'Foundry\voltmx_analytics_reporting\Content\VoltMX_Analytics_and_Reporting_Installation_Guide.md' contains a
            link to 'Foundry\voltmx_analytics_reporting\Content\Preface.md' which is not found in the documentation
            files.
WARNING  -  Documentation file
            'Foundry\voltmx_analytics_reporting\Content\VoltMX_Analytics_and_Reporting_Installation_Guide.md' contains a
            link to 'Foundry\voltmx_analytics_reporting\Content\Revision_History.md' which is not found in the
            documentation files.
WARNING  -  Documentation file 'Foundry\voltmx_analytics_reporting\Content\homepage.md' contains a link to
            'Foundry\voltmx_analytics_reporting\Content\Preface.md' which is not found in the documentation files.
WARNING  -  Documentation file 'Foundry\voltmx_analytics_reporting\Content\homepage.md' contains a link to
            'Foundry\voltmx_analytics_reporting\Content\Revision_History.md' which is not found in the documentation
            files.
WARNING  -  Documentation file 'Foundry\voltmx_appfactory_user_guide\Content\AppFactory_UserGuide.md' contains a link to
            'Foundry\voltmx_appfactory_user_guide\Content\Configuration.md' which is not found in the documentation
            files.
WARNING  -  Documentation file 'Foundry\voltmx_appfactory_user_guide\Content\AppFactory_UserGuide.md' contains a link to
            'Foundry\voltmx_appfactory_user_guide\Content\Configuration.md' which is not found in the documentation
            files.
WARNING  -  Documentation file 'Foundry\voltmx_appfactory_user_guide\Content\AppFactory_UserGuide.md' contains a link to
            'Foundry\voltmx_appfactory_user_guide\Content\Configuration.md' which is not found in the documentation
            files.
WARNING  -  Documentation file 'Foundry\voltmx_appfactory_user_guide\Content\AppFactory_UserGuide.md' contains a link to
            'Foundry\voltmx_appfactory_user_guide\Content\Configuration.md' which is not found in the documentation
            files.
WARNING  -  Documentation file 'Foundry\voltmx_appfactory_user_guide\Content\AppFactory_UserGuide.md' contains a link to
            'Foundry\voltmx_appfactory_user_guide\Content\Configuration.md' which is not found in the documentation
            files.
WARNING  -  Documentation file 'Foundry\voltmx_appfactory_user_guide\Content\AutoTriggeredJobs.md' contains a link to
            'Foundry\voltmx_appfactory_user_guide\Content\Configuration.md' which is not found in the documentation
            files.
WARNING  -  Documentation file 'Foundry\voltmx_appfactory_user_guide\Content\BuildOnPush.md' contains a link to
            'Foundry\voltmx_appfactory_user_guide\Content\Configuration.md' which is not found in the documentation
            files.
WARNING  -  Documentation file 'Foundry\voltmx_appfactory_user_guide\Content\Environment_Variables_in_CustomHooks.md'
            contains a link to 'Foundry\voltmx_appfactory_user_guide\Content\Configuration.md' which is not found in the
            documentation files.
WARNING  -  Documentation file 'Foundry\voltmx_appfactory_user_guide\Content\Introduction.md' contains a link to
            'Foundry\voltmx_appfactory_user_guide\Content\Revision_History.md' which is not found in the documentation
            files.
WARNING  -  Documentation file 'Foundry\voltmx_appfactory_user_guide\Content\Prerequisites.md' contains a link to
            'Foundry\voltmx_appfactory_user_guide\Content\Configuration.md' which is not found in the documentation
            files.
WARNING  -  Documentation file 'Foundry\voltmx_appfactory_user_guide\Content\PublishingWebApp.md' contains a link to
            'Foundry\voltmx_appfactory_user_guide\Content\Configuration.md' which is not found in the documentation
            files.
WARNING  -  Documentation file 'Foundry\voltmx_foundry_eng_camp_events\Content\homepage.md' contains a link to
            'Foundry\voltmx_foundry_eng_camp_events\Content\Revision History.md' which is not found in the documentation
            files.
WARNING  -  Documentation file 'Foundry\voltmx_foundry_eng_geo_monitoring\Content\homepage.md' contains a link to
            'Foundry\voltmx_foundry_eng_geo_monitoring\Content\Revision History.md' which is not found in the
            documentation files.
WARNING  -  Documentation file 'Foundry\voltmx_foundry_intro_eng\Content\homepage.md' contains a link to
            'Foundry\voltmx_foundry_intro_eng\Content\Revision History.md' which is not found in the documentation
            files.
WARNING  -  Documentation file
            'Foundry\voltmx_foundry_linux_install_guide\Content\Foundry_Architecture_and_Components.md' contains a link
            to 'mf_manual_install.md' which is not found in the documentation files.
WARNING  -  Documentation file
            'Foundry\voltmx_foundry_linux_install_guide\Content\Foundry_Architecture_and_Components_Old.md' contains a
            link to 'mf_manual_install.md' which is not found in the documentation files.
WARNING  -  Documentation file 'Foundry\voltmx_foundry_linux_install_guide\Content\Installing_Foundry_JBoss_existing.md'
            contains a link to 'Foundry\resources\installer.md' which is not found in the documentation files.
WARNING  -  Documentation file 'Foundry\voltmx_foundry_linux_install_guide\Content\Installing_Foundry_JBoss_existing.md'
            contains a link to
            'Foundry\voltmx_foundry_manual_install_guide\Content\Starting_VoltMX_MobileFoundry_Console.md' which is not
            found in the documentation files.
WARNING  -  Documentation file 'Foundry\voltmx_foundry_linux_install_guide\Content\Installing_Foundry_on_JBoss1.md'
            contains a link to 'Foundry\resources\installer.md' which is not found in the documentation files.
WARNING  -  Documentation file 'Foundry\voltmx_foundry_linux_install_guide\Content\Installing_Foundry_on_JBoss1.md'
            contains a link to
            'Foundry\voltmx_foundry_manual_install_guide\Content\Starting_VoltMX_MobileFoundry_Console.md' which is not
            found in the documentation files.
WARNING  -  Documentation file 'Foundry\voltmx_foundry_linux_install_guide\Content\Installing_VoltMX_Foundry_Tomcat.md'
            contains a link to
            'Foundry\voltmx_foundry_manual_install_guide\Content\Starting_VoltMX_MobileFoundry_Console.md' which is not
            found in the documentation files.
WARNING  -  Documentation file 'Foundry\voltmx_foundry_linux_install_guide\Content\Multi-Node_Installation.md' contains
            a link to 'Foundry\resources\installer.md' which is not found in the documentation files.
WARNING  -  Documentation file 'Foundry\voltmx_foundry_linux_install_guide\Content\Patch_Installer_-_Linux.md' contains
            a link to 'Foundry\resources\license.md' which is not found in the documentation files.
WARNING  -  Documentation file
            'Foundry\voltmx_foundry_linux_install_guide\Content\voltmx_foundry_linux_install_guide.md' contains a link
            to 'docs\tutorials\appFactory.md' which is not found in the documentation files.
WARNING  -  Documentation file
            'Foundry\voltmx_foundry_linux_install_guide\Content\voltmx_foundry_linux_install_guide.md' contains a link
            to 'docs\tutorials\voltmxFoundryOverview.md' which is not found in the documentation files.
WARNING  -  Documentation file 'Foundry\voltmx_foundry_release_notes\Content\Module\Messaging.md' contains a link to
            'Foundry\voltmx_foundry_release_notes\Content\Module\Messaging Release Notes 7.0\New_Features_Messaging.md'
            which is not found in the documentation files.
WARNING  -  Documentation file 'Foundry\voltmx_foundry_release_notes\Content\Module\Messaging.md' contains a link to
            'Foundry\voltmx_foundry_release_notes\Content\Module\Messaging Release Notes 7.0\Known_Issues_Messaging.md'
            which is not found in the documentation files.
WARNING  -  Documentation file 'Foundry\voltmx_foundry_release_notes\Content\Module\New_Features.md' contains a link to
            'Foundry\voltmx_foundry_release_notes\Content\Module\7.3.2_releasenotes_Newfeatures.md' which is not found
            in the documentation files.
WARNING  -  Documentation file 'Foundry\voltmx_foundry_release_notes\Content\Module\New_Features.md' contains a link to
            'Foundry\voltmx_foundry_release_notes\Content\Module\7.3.2_releasenotes_knownissues.md' which is not found
            in the documentation files.
WARNING  -  Documentation file 'Foundry\voltmx_foundry_release_notes\Content\Module\Sync.md' contains a link to
            'Foundry\voltmx_foundry_release_notes\Content\Module\Foundry Sync\New_Features_Sync.md' which is not found
            in the documentation files.
WARNING  -  Documentation file 'Foundry\voltmx_foundry_release_notes\Content\Module\Sync.md' contains a link to
            'Foundry\voltmx_foundry_release_notes\Content\Module\Foundry Sync\Known Issues_Sync.md' which is not found
            in the documentation files.
WARNING  -  Documentation file 'Foundry\voltmx_foundry_release_notes\Content\Module\V8FIXPACKS.md' contains a link to
            'Foundry\voltmx_foundry_release_notes\Content\Module\fixpack803.md' which is not found in the documentation
            files.
WARNING  -  Documentation file 'Foundry\voltmx_foundry_release_notes\Content\Module\V8FIXPACKS.md' contains a link to
            'Foundry\voltmx_foundry_release_notes\Content\Module\8.0.3.3_EngagementServices.md' which is not found in
            the documentation files.
WARNING  -  Documentation file 'Foundry\voltmx_foundry_release_notes\Content\Module\V8FIXPACKS.md' contains a link to
            'Foundry\voltmx_foundry_release_notes\Content\Module\8.0.3.7_EngagementServices.md' which is not found in
            the documentation files.
WARNING  -  Documentation file 'Foundry\voltmx_foundry_release_notes\Content\Module\V8FIXPACKS.md' contains a link to
            'Foundry\voltmx_foundry_release_notes\Content\Module\8.0.3.9_EngagementServices.md' which is not found in
            the documentation files.
WARNING  -  Documentation file 'Foundry\voltmx_foundry_release_notes\Content\Module\V8SP1FIXPACKS.md' contains a link to
            'Foundry\voltmx_foundry_release_notes\Content\Module\VoltMX Foundry Installer Hot Fix 8.1.1.2.md' which is
            not found in the documentation files.
WARNING  -  Documentation file 'Foundry\voltmx_foundry_release_notes\Content\Module\V8SP1FIXPACKS.md' contains a link to
            'Foundry\voltmx_foundry_release_notes\Content\Module\VoltMX Foundry Installer Hot Fix 8.1.1.1.md' which is
            not found in the documentation files.
WARNING  -  Documentation file 'Foundry\voltmx_foundry_release_notes\Content\Module\V8SP1FIXPACKS.md' contains a link to
            'Foundry\voltmx_foundry_release_notes\Content\Module\Analytics and Metrics V8.1.1.1.md' which is not found
            in the documentation files.
WARNING  -  Documentation file 'Foundry\voltmx_foundry_release_notes\Content\Module\V8SP1Fixpack5.md' contains a link to
            'Foundry\voltmxfoundry_on_azure\Content\Introduction.md' which is not found in the documentation files.
WARNING  -  Documentation file 'Foundry\voltmx_foundry_release_notes\Content\Module\V8SP2Fixpack1.md' contains a link to
            'Foundry\voltmx_foundry_manual_install_guide\Content\Deploying_WAR_WAS_Auth.md' which is not found in the
            documentation files.
WARNING  -  Documentation file 'Foundry\voltmx_foundry_release_notes\Content\Module\V8SP2Fixpack1.md' contains a link to
            'Foundry\resources\websphere_faqs.md' which is not found in the documentation files.
WARNING  -  Documentation file 'Foundry\voltmx_foundry_release_notes\Content\Module\V8SP2_Hotfixes.md' contains a link
            to 'Foundry\voltmx_foundry_release_notes\Content\Module\InstallerHotFix8.2.1.1.md' which is not found in the
            documentation files.
WARNING  -  Documentation file 'Foundry\voltmx_foundry_release_notes\Content\Module\V8SP2_Hotfixes.md' contains a link
            to 'Foundry\voltmx_foundry_release_notes\Content\Module\V8SP2HotFix8.2.0.1.md' which is not found in the
            documentation files.
WARNING  -  Documentation file 'Foundry\voltmx_foundry_release_notes\Content\Module\V8SP2_Hotfixes.md' contains a link
            to 'Foundry\voltmx_foundry_release_notes\Content\Module\V8SP2HotFix8.2.0.3.md' which is not found in the
            documentation files.
WARNING  -  Documentation file 'Foundry\voltmx_foundry_release_notes\Content\Module\V8SP2_Hotfixes.md' contains a link
            to 'Foundry\voltmx_foundry_release_notes\Content\Module\V8SP2Hotfix8.2.1.0.md' which is not found in the
            documentation files.
WARNING  -  Documentation file 'Foundry\voltmx_foundry_release_notes\Content\Module\V8SP2_Hotfixes.md' contains a link
            to 'Foundry\voltmx_foundry_release_notes\Content\Module\V8SP2HotFix8.2.1.1.md' which is not found in the
            documentation files.
WARNING  -  Documentation file 'Foundry\voltmx_foundry_release_notes\Content\Module\V8SP2_Hotfixes.md' contains a link
            to 'Foundry\voltmx_foundry_release_notes\Content\Module\V8SP2HotFix8.2.1.2.md' which is not found in the
            documentation files.
WARNING  -  Documentation file 'Foundry\voltmx_foundry_release_notes\Content\Module\V8SP2_Hotfixes.md' contains a link
            to 'Foundry\voltmx_foundry_release_notes\Content\Module\V8SP2HotFix8.2.1.3.md' which is not found in the
            documentation files.
WARNING  -  Documentation file 'Foundry\voltmx_foundry_release_notes\Content\Module\V8SP2_Hotfixes.md' contains a link
            to 'Foundry\voltmx_foundry_release_notes\Content\Module\InstallerHotFix8.2.1.3.md' which is not found in the
            documentation files.
WARNING  -  Documentation file 'Foundry\voltmx_foundry_release_notes\Content\Module\V8SP2_Hotfixes.md' contains a link
            to 'Foundry\voltmx_foundry_release_notes\Content\Module\V8SP2HotFix8.2.1.4.md' which is not found in the
            documentation files.
WARNING  -  Documentation file 'Foundry\voltmx_foundry_release_notes\Content\Module\V8SP2_Hotfixes.md' contains a link
            to 'Foundry\voltmx_foundry_release_notes\Content\Module\V8SP2HotFix8.2.1.5.md' which is not found in the
            documentation files.
WARNING  -  Documentation file 'Foundry\voltmx_foundry_release_notes\Content\Module\V8SP2_Hotfixes.md' contains a link
            to 'Foundry\voltmx_foundry_release_notes\Content\Module\V8SP2HotFix8.2.1.6.md' which is not found in the
            documentation files.
WARNING  -  Documentation file 'Foundry\voltmx_foundry_release_notes\Content\Module\V8SP2_Hotfixes.md' contains a link
            to 'Foundry\voltmx_foundry_release_notes\Content\Module\V8SP2HotFix8.2.1.7.md' which is not found in the
            documentation files.
WARNING  -  Documentation file 'Foundry\voltmx_foundry_release_notes\Content\Module\V8SP2_Hotfixes.md' contains a link
            to 'Foundry\voltmx_foundry_release_notes\Content\Module\V8SP2HotFix8.2.1.8.md' which is not found in the
            documentation files.
WARNING  -  Documentation file 'Foundry\voltmx_foundry_release_notes\Content\Module\V8SP2_Hotfixes.md' contains a link
            to 'Foundry\voltmx_foundry_release_notes\Content\Module\V8SP2HotFix8.2.1.9.md' which is not found in the
            documentation files.
WARNING  -  Documentation file 'Foundry\voltmx_foundry_release_notes\Content\Module\V8SP2_Hotfixes.md' contains a link
            to 'Foundry\voltmx_foundry_release_notes\Content\Module\V8SP2HotFix8.2.1.10.md' which is not found in the
            documentation files.
WARNING  -  Documentation file 'Foundry\voltmx_foundry_release_notes\Content\Module\V8SP2_Hotfixes.md' contains a link
            to 'Foundry\voltmx_foundry_release_notes\Content\Module\V8SP2HotFix8.2.1.11.md' which is not found in the
            documentation files.
WARNING  -  Documentation file 'Foundry\voltmx_foundry_release_notes\Content\Module\V8SP2_Hotfixes.md' contains a link
            to 'Foundry\voltmx_foundry_release_notes\Content\Module\V8SP2HotFix8.2.1.12.md' which is not found in the
            documentation files.
WARNING  -  Documentation file 'Foundry\voltmx_foundry_release_notes\Content\Module\V8SP2_Hotfixes.md' contains a link
            to 'Foundry\voltmx_foundry_release_notes\Content\Module\V8SP2HotFix8.2.1.13.md' which is not found in the
            documentation files.
WARNING  -  Documentation file 'Foundry\voltmx_foundry_release_notes\Content\Module\V8SP2_Hotfixes.md' contains a link
            to 'Foundry\voltmx_foundry_release_notes\Content\Module\V8SP2HotFix8.2.1.14.md' which is not found in the
            documentation files.
WARNING  -  Documentation file 'Foundry\voltmx_foundry_release_notes\Content\Module\V8SP2_Hotfixes.md' contains a link
            to 'Foundry\voltmx_foundry_release_notes\Content\Module\V8SP2HotFix8.2.1.15.md' which is not found in the
            documentation files.
WARNING  -  Documentation file 'Foundry\voltmx_foundry_release_notes\Content\Module\V8SP2_New_Features.md' contains a
            link to 'Foundry\voltmx_foundry_user_guide\Content\App_ReConfig.md' which is not found in the documentation
            files.
WARNING  -  Documentation file 'Foundry\voltmx_foundry_release_notes\Content\Module\V8SP2_New_Features.md' contains a
            link to 'Foundry\offline_objectsapi_reference_guide\Content\Incremental_Setup.md' which is not found in the
            documentation files.
WARNING  -  Documentation file 'Foundry\voltmx_foundry_release_notes\Content\Module\V8SP2_New_Features.md' contains a
            link to 'Foundry\offline_objects_gettingstarted\Content\offline_objects_server.md' which is not found in the
            documentation files.
WARNING  -  Documentation file 'Foundry\voltmx_foundry_release_notes\Content\Module\V8SP2_New_Features.md' contains a
            link to 'Foundry\offline_objects_gettingstarted\Content\Batching.md' which is not found in the documentation
            files.
WARNING  -  Documentation file 'Foundry\voltmx_foundry_release_notes\Content\Module\V8SP2_New_Features.md' contains a
            link to 'Foundry\vmf_integrationservice_admin_console_userguide\Content\Service_Monitor.md' which is not
            found in the documentation files.
WARNING  -  Documentation file 'Foundry\voltmx_foundry_release_notes\Content\Module\V8SP2_knownissues.md' contains a
            link to 'Foundry\voltmx_foundry_manual_install_guide\Content\Deploying_WAR_WAS_Auth.md' which is not found
            in the documentation files.
WARNING  -  Documentation file 'Foundry\voltmx_foundry_release_notes\Content\Module\V8SP2_knownissues.md' contains a
            link to 'Foundry\resources\websphere_faqs.md' which is not found in the documentation files.
WARNING  -  Documentation file 'Foundry\voltmx_foundry_release_notes\Content\Module\V8SP3.md' contains a link to
            'Foundry\resources\websphere_faqs.md' which is not found in the documentation files.
WARNING  -  Documentation file 'Foundry\voltmx_foundry_release_notes\Content\Module\V8SP3_Hotfixes.md' contains a link
            to 'Foundry\voltmx_foundry_release_notes\Content\Module\HotFix8.3.1.2.md' which is not found in the
            documentation files.
WARNING  -  Documentation file 'Foundry\voltmx_foundry_release_notes\Content\Module\V8SP3_Hotfixes.md' contains a link
            to 'Foundry\voltmx_foundry_release_notes\Content\Module\8.3.1.1_EngagementServices.md' which is not found in
            the documentation files.
WARNING  -  Documentation file 'Foundry\voltmx_foundry_release_notes\Content\Module\V8SP3_Hotfixes.md' contains a link
            to 'Foundry\voltmx_foundry_release_notes\Content\Module\Azure_8.3.1.1.md' which is not found in the
            documentation files.
WARNING  -  Documentation file 'Foundry\voltmx_foundry_release_notes\Content\Module\V8SP3_Hotfixes.md' contains a link
            to 'Foundry\voltmx_foundry_release_notes\Content\Module\V8SP3HotFix8.3.1.1.md' which is not found in the
            documentation files.
WARNING  -  Documentation file 'Foundry\voltmx_foundry_release_notes\Content\Module\V8SP3_Hotfixes.md' contains a link
            to 'Foundry\voltmx_foundry_release_notes\Content\Module\InstallerHotFix8.3.1.1.md' which is not found in the
            documentation files.
WARNING  -  Documentation file 'Foundry\voltmx_foundry_release_notes\Content\Module\V8SP3_Hotfixes.md' contains a link
            to 'Foundry\voltmx_foundry_release_notes\Content\Module\8.3.1.2_EngagementServices.md' which is not found in
            the documentation files.
WARNING  -  Documentation file 'Foundry\voltmx_foundry_release_notes\Content\Module\V8SP3_Hotfixes.md' contains a link
            to 'Foundry\voltmx_foundry_release_notes\Content\Module\V8SP3HotFix8.3.1.2.md' which is not found in the
            documentation files.
WARNING  -  Documentation file 'Foundry\voltmx_foundry_release_notes\Content\Module\V8SP3_Hotfixes.md' contains a link
            to 'Foundry\voltmx_foundry_release_notes\Content\Module\V8SP3HotFix8.3.1.3.md' which is not found in the
            documentation files.
WARNING  -  Documentation file 'Foundry\voltmx_foundry_release_notes\Content\Module\V8SP3_Hotfixes.md' contains a link
            to 'Foundry\voltmx_foundry_release_notes\Content\Module\V8SP3HotFix8.3.1.4.md' which is not found in the
            documentation files.
WARNING  -  Documentation file 'Foundry\voltmx_foundry_release_notes\Content\Module\V8SP3_Hotfixes.md' contains a link
            to 'Foundry\voltmx_foundry_release_notes\Content\Module\V8SP3HotFix8.3.1.5.md' which is not found in the
            documentation files.
WARNING  -  Documentation file 'Foundry\voltmx_foundry_release_notes\Content\Module\V8SP3_Hotfixes.md' contains a link
            to 'Foundry\voltmx_foundry_release_notes\Content\Module\V8SP3HotFix8.3.1.6.md' which is not found in the
            documentation files.
WARNING  -  Documentation file 'Foundry\voltmx_foundry_release_notes\Content\Module\V8SP3_Hotfixes.md' contains a link
            to 'Foundry\voltmx_foundry_release_notes\Content\Module\V8SP3HotFix8.3.1.7.md' which is not found in the
            documentation files.
WARNING  -  Documentation file 'Foundry\voltmx_foundry_release_notes\Content\Module\V8SP3_Hotfixes.md' contains a link
            to 'Foundry\voltmx_foundry_release_notes\Content\Module\V8SP3HotFix8.3.1.8.md' which is not found in the
            documentation files.
WARNING  -  Documentation file 'Foundry\voltmx_foundry_release_notes\Content\Module\V8SP3_Hotfixes.md' contains a link
            to 'Foundry\voltmx_foundry_release_notes\Content\Module\V8SP3HotFix8.3.1.9.md' which is not found in the
            documentation files.
WARNING  -  Documentation file 'Foundry\voltmx_foundry_release_notes\Content\Module\V8SP3_Hotfixes.md' contains a link
            to 'Foundry\voltmx_foundry_release_notes\Content\Module\V8SP3HotFix8.3.1.11.md' which is not found in the
            documentation files.
WARNING  -  Documentation file 'Foundry\voltmx_foundry_release_notes\Content\Module\V8SP3_Hotfixes.md' contains a link
            to 'Foundry\voltmx_foundry_release_notes\Content\Module\V8SP3HotFix8.3.1.12.md' which is not found in the
            documentation files.
WARNING  -  Documentation file 'Foundry\voltmx_foundry_release_notes\Content\Module\V8SP3_knownissues.md' contains a
            link to 'Foundry\resources\websphere_faqs.md' which is not found in the documentation files.
WARNING  -  Documentation file 'Foundry\voltmx_foundry_release_notes\Content\Module\V8SP4.md' contains a link to
            'Foundry\voltmx_foundry_user_guide\Content\IntegrationReConfig.md' which is not found in the documentation
            files.
WARNING  -  Documentation file 'Foundry\voltmx_foundry_release_notes\Content\Module\V8SP4.md' contains a link to
            'Foundry\voltmx_appfactory_user_guide\Content\Configuration.md' which is not found in the documentation
            files.
WARNING  -  Documentation file 'Foundry\voltmx_foundry_release_notes\Content\Module\V8SP4.md' contains a link to
            'Foundry\voltmx_foundry_user_guide\Content\Identity_ReConfig.md' which is not found in the documentation
            files.
WARNING  -  Documentation file 'Foundry\voltmx_foundry_release_notes\Content\Module\V8SP4Fixpack1.md' contains a link to
            'Foundry\resources\websphere_faqs.md' which is not found in the documentation files.
WARNING  -  Documentation file 'Foundry\voltmx_foundry_release_notes\Content\Module\V8SP4Fixpack2.md' contains a link to
            'Foundry\voltmx_foundry_user_guide\Content\Rules.md' which is not found in the documentation files.
WARNING  -  Documentation file 'Foundry\voltmx_foundry_release_notes\Content\Module\V8SP4Fixpack3.md' contains a link to
            'Foundry\offline_objects_gettingstarted\Content\Background_Sync.md' which is not found in the documentation
            files.
WARNING  -  Documentation file 'Foundry\voltmx_foundry_release_notes\Content\Module\V8SP4Fixpack3.md' contains a link to
            'Foundry\offline_objects_gettingstarted\Content\offline_objects_server.md' which is not found in the
            documentation files.
WARNING  -  Documentation file 'Foundry\voltmx_foundry_release_notes\Content\Module\V8SP4Fixpack3.md' contains a link to
            'Foundry\voltmx_foundry_user_guide\Content\Overview_AppSSO.HTM' which is not found in the documentation
            files.
WARNING  -  Documentation file 'Foundry\voltmx_foundry_release_notes\Content\Module\V8SP4Fixpack3.md' contains a link to
            'Foundry\engagement_api_guide\Content\Push_Message_APIs\Fetch_All_Messages_from_VoltMX_MobileFoundry_Messaging.md'
            which is not found in the documentation files.
WARNING  -  Documentation file 'Foundry\voltmx_foundry_release_notes\Content\Module\V8SP4Fixpack3_OnPrem_.md' contains a
            link to 'Foundry\voltmxfoundry_cli\Content\Introduction.md' which is not found in the documentation files.
WARNING  -  Documentation file 'Foundry\voltmx_foundry_release_notes\Content\Module\V8SP4Fixpack3_OnPrem_.md' contains a
            link to 'Foundry\resources\websphere_faqs.md' which is not found in the documentation files.
WARNING  -  Documentation file 'Foundry\voltmx_foundry_release_notes\Content\Module\V8SP4_Hotfixes.md' contains a link
            to 'Foundry\voltmx_foundry_release_notes\Content\Module\IntegrationHotFix8.4.3.3.md' which is not found in
            the documentation files.
WARNING  -  Documentation file 'Foundry\voltmx_foundry_release_notes\Content\Module\V8SP4_Hotfixes.md' contains a link
            to 'Foundry\voltmx_foundry_release_notes\Content\Module\IntegrationHotFix8.4.3.2.md' which is not found in
            the documentation files.
WARNING  -  Documentation file 'Foundry\voltmx_foundry_release_notes\Content\Module\V8SP4_Hotfixes.md' contains a link
            to 'Foundry\voltmx_foundry_release_notes\Content\Module\IntegrationHotFix8.4.3.1.md' which is not found in
            the documentation files.
WARNING  -  Documentation file 'Foundry\voltmx_foundry_release_notes\Content\Module\V8SP4_Hotfixes.md' contains a link
            to 'Foundry\voltmx_foundry_release_notes\Content\Module\IntegrationHotFix8.4.2.3.md' which is not found in
            the documentation files.
WARNING  -  Documentation file 'Foundry\voltmx_foundry_release_notes\Content\Module\V8SP4_Hotfixes.md' contains a link
            to 'Foundry\voltmx_foundry_release_notes\Content\Module\IntegrationHotFix8.4.2.2.md' which is not found in
            the documentation files.
WARNING  -  Documentation file 'Foundry\voltmx_foundry_release_notes\Content\Module\V8SP4_Hotfixes.md' contains a link
            to 'Foundry\voltmx_foundry_release_notes\Content\Module\IntegrationHotFix8.4.2.1.md' which is not found in
            the documentation files.
WARNING  -  Documentation file 'Foundry\voltmx_foundry_release_notes\Content\Module\V8SP4_Hotfixes.md' contains a link
            to 'Foundry\voltmx_foundry_release_notes\Content\Module\EngagementCloudHotFix_8.4.0.1.md' which is not found
            in the documentation files.
WARNING  -  Documentation file 'Foundry\voltmx_foundry_release_notes\Content\Module\V8SP4_Hotfixes.md' contains a link
            to 'Foundry\voltmx_foundry_release_notes\Content\Module\IntegrationHotFix8.4.1.2.md' which is not found in
            the documentation files.
WARNING  -  Documentation file 'Foundry\voltmx_foundry_release_notes\Content\Module\V8SP4_Hotfixes.md' contains a link
            to 'Foundry\voltmx_foundry_release_notes\Content\Module\IntegrationHotFix8.4.1.1.md' which is not found in
            the documentation files.
WARNING  -  Documentation file 'Foundry\voltmx_foundry_release_notes\Content\Module\V8SP4_Hotfixes.md' contains a link
            to 'Foundry\voltmx_foundry_release_notes\Content\Module\Azure_8.4.3.1.md' which is not found in the
            documentation files.
WARNING  -  Documentation file 'Foundry\voltmx_foundry_release_notes\Content\Module\V8SP4_Hotfixes.md' contains a link
            to 'Foundry\voltmx_foundry_release_notes\Content\Module\Azure_8.4.1.1.md' which is not found in the
            documentation files.
WARNING  -  Documentation file 'Foundry\voltmx_foundry_release_notes\Content\Module\V8SP4_New_Features.md' contains a
            link to 'Foundry\voltmx_foundry_user_guide\Content\IntegrationReConfig.md' which is not found in the
            documentation files.
WARNING  -  Documentation file 'Foundry\voltmx_foundry_release_notes\Content\Module\V8SP4_New_Features.md' contains a
            link to 'Foundry\voltmx_appfactory_user_guide\Content\Configuration.md' which is not found in the
            documentation files.
WARNING  -  Documentation file 'Foundry\voltmx_foundry_release_notes\Content\Module\V8SP4_What_s_New.md' contains a link
            to 'Foundry\voltmx_appfactory_user_guide\Content\Configuration.md' which is not found in the documentation
            files.
WARNING  -  Documentation file 'Foundry\voltmx_foundry_release_notes\Content\Module\V9Preview_Main.md' contains a link
            to 'Foundry\voltmx_foundry_release_notes\Content\V9_Preview_New_Features.md' which is not found in the
            documentation files.
WARNING  -  Documentation file 'Foundry\voltmx_foundry_release_notes\Content\Module\V9Preview_Main.md' contains a link
            to 'Foundry\voltmx_foundry_release_notes\Content\V9Preview_Knownissues.md' which is not found in the
            documentation files.
WARNING  -  Documentation file 'Foundry\voltmx_foundry_release_notes\Content\Module\V9Preview_Main.md' contains a link
            to 'Foundry\voltmx_foundry_release_notes\Content\V9_Preview2.md' which is not found in the documentation
            files.
WARNING  -  Documentation file 'Foundry\voltmx_foundry_release_notes\Content\Module\releasenotes.md' contains a link to
            'Foundry\mf_manual_install.md' which is not found in the documentation files.
WARNING  -  Documentation file 'Foundry\voltmx_foundry_release_notes\Content\Module\tutorials_master.md' contains a link
            to 'Foundry\voltmx_foundry_release_notes\Content\Module\Resources\Images\VideoCoverpage.png' which is not
            found in the documentation files.
WARNING  -  Documentation file 'Foundry\voltmx_foundry_release_notes\Content\Module\tutorials_master.md' contains a link
            to 'Foundry\voltmx_foundry_release_notes\Content\Module\Resources\Images\VideoCoverpage.png' which is not
            found in the documentation files.
WARNING  -  Documentation file
            'Foundry\voltmx_foundry_roles_access_control_guide\Content\voltmx_foundry_roles_access_control_guide.md'
            contains a link to 'docs\tutorials\appFactory.md' which is not found in the documentation files.
WARNING  -  Documentation file
            'Foundry\voltmx_foundry_roles_access_control_guide\Content\voltmx_foundry_roles_access_control_guide.md'
            contains a link to 'docs\tutorials\voltmxFoundryOverview.md' which is not found in the documentation files.
WARNING  -  Documentation file 'Foundry\voltmx_foundry_user_guide\Content\Adding_Applications.md' contains a link to
            'Foundry\voltmx_foundry_user_guide\Content\Logic.md' which is not found in the documentation files.
WARNING  -  Documentation file 'Foundry\voltmx_foundry_user_guide\Content\Appendix_-_App_Services.md' contains a link to
            'Foundry\custom_metrics_and_reports\Content\VoltMX_Cloud_Custom_Metrics_Guide.md' which is not found in the
            documentation files.
WARNING  -  Documentation file 'Foundry\voltmx_foundry_user_guide\Content\CLI_Analytics.md' contains a link to
            'Foundry\standard*metrics_reports_guide\Content\VoltMX_Analytics*-95Standard_Reports\Application_activity_Reports.md'
            which is not found in the documentation files.
WARNING  -  Documentation file 'Foundry\voltmx_foundry_user_guide\Content\Cloudian_File_Storage.md' contains a link to
            'Foundry\voltmx_foundry_user_guide\Content\Configure the Service.md' which is not found in the documentation
            files.
WARNING  -  Documentation file 'Foundry\voltmx_foundry_user_guide\Content\EAS_NativeApp_Walk-through.md' contains a link
            to 'Iris\voltmx_ref_arch_api\Content\MVVM_Overviews_DeeperLook.md' which is not found in the documentation
            files.
WARNING  -  Documentation file 'Foundry\voltmx_foundry_user_guide\Content\EAS_NativeApp_Walk-through.md' contains a link
            to 'Iris\voltmx_ref_arch_api\Content\MVVM_Overviews_DeeperLook.md' which is not found in the documentation
            files.
WARNING  -  Documentation file 'Foundry\voltmx_foundry_user_guide\Content\EAS_NativeApp_Walk-through.md' contains a link
            to 'Iris\voltmx_ref_arch_api\Content\MVVM_Overviews_DeeperLook.md' which is not found in the documentation
            files.
WARNING  -  Documentation file 'Foundry\voltmx_foundry_user_guide\Content\EAS_NativeApp_Walk-through.md' contains a link
            to 'Iris\voltmx_ref_arch_api\Content\MVVM_Overviews_DeeperLook.md' which is not found in the documentation
            files.
WARNING  -  Documentation file 'Foundry\voltmx_foundry_user_guide\Content\Environments-Cloud.md' contains a link to
            'Foundry\voltmx_sync_console_user_guide\Content\Homepage.md' which is not found in the documentation files.
WARNING  -  Documentation file 'Foundry\voltmx_foundry_user_guide\Content\File_Storage.md' contains a link to
            'Foundry\voltmx_foundry_user_guide\Content\Configure the Service.md' which is not found in the documentation
            files.
WARNING  -  Documentation file
            'Foundry\voltmx_foundry_user_guide\Content\How_to_access_VoltMX_Foundry_Portal_on-Prem.md' contains a link
            to 'Foundry\voltmx_sync_console_user_guide\Content\Homepage.md' which is not found in the documentation
            files.
WARNING  -  Documentation file 'Foundry\voltmx_foundry_user_guide\Content\IBM_MQ_service.md' contains a link to
            'Foundry\voltmx_foundry_user_guide\Content\Configure the Service.md' which is not found in the documentation
            files.
WARNING  -  Documentation file 'Foundry\voltmx_foundry_user_guide\Content\Identity10_VoltMX_OAuth2.md' contains a link
            to
            'Foundry\voltmx_foundry_user_guide\Content\Resources\Images\s-volt-mx-oauth2-access-integration__620x229.png'
            which is not found in the documentation files.
WARNING  -  Documentation file 'Foundry\voltmx_foundry_user_guide\Content\Legacy_Sync.md' contains a link to
            'voltmxlibrary\studio\Studio_User_Guide\Content\Connecting_to_a_REST_XML_DataSource.md' which is not found
            in the documentation files.
WARNING  -  Documentation file 'Foundry\voltmx_foundry_user_guide\Content\Legacy_Sync.md' contains a link to
            'Foundry\voltmx_sync_console_user_guide\Content\Homepage.md' which is not found in the documentation files.
WARNING  -  Documentation file 'Foundry\voltmx_foundry_user_guide\Content\Legacy_Sync.md' contains a link to
            'Foundry\voltmx_sync_console_user_guide\Content\Homepage.md' which is not found in the documentation files.
WARNING  -  Documentation file 'Foundry\voltmx_foundry_user_guide\Content\Logging_as_a_Service.md' contains a link to
            'Logging as a Service.docx' which is not found in the documentation files.
WARNING  -  Documentation file 'Foundry\voltmx_foundry_user_guide\Content\Logic_Publish_API_Management.md' contains a
            link to 'Foundry\voltmx_foundry_user_guide\Content\Logic.md' which is not found in the documentation files.
WARNING  -  Documentation file 'Foundry\voltmx_foundry_user_guide\Content\Logic_Publish_API_Management.md' contains a
            link to 'Foundry\voltmx_foundry_user_guide\Content\Logic.md' which is not found in the documentation files.
WARNING  -  Documentation file 'Foundry\voltmx_foundry_user_guide\Content\Manage_Existing_Integration_Services_1.md'
            contains a link to
            'Foundry\voltmx_foundry_user_guide\Content\Resources\Images\s-volt-mx-oauth2-access-integration__620x229.png'
            which is not found in the documentation files.
WARNING  -  Documentation file 'Foundry\voltmx_foundry_user_guide\Content\Open_API__Swagger_.md' contains a link to
            'Foundry\voltmx_foundry_user_guide\Content\Configure the Service.md' which is not found in the documentation
            files.
WARNING  -  Documentation file 'Foundry\voltmx_foundry_user_guide\Content\Publish_LifeCycle.md' contains a link to
            'Foundry\voltmx_foundry_user_guide\Content\Resources\Images\console_App_Service_Doc1.PNG' which is not found
            in the documentation files.
WARNING  -  Documentation file 'Foundry\voltmx_foundry_user_guide\Content\Publish_LifeCycle.md' contains a link to
            'Foundry\voltmx_sync_console_user_guide\Content\Homepage.md' which is not found in the documentation files.
WARNING  -  Documentation file 'Foundry\voltmx_foundry_user_guide\Content\RevisionHistory.md' contains a link to
            'docs\tutorials\appFactory.md' which is not found in the documentation files.
WARNING  -  Documentation file 'Foundry\voltmx_foundry_user_guide\Content\RevisionHistory.md' contains a link to
            'docs\tutorials\voltmxFoundryOverview.md' which is not found in the documentation files.
WARNING  -  Documentation file 'Foundry\voltmx_foundry_user_guide\Content\Rules_as_Pre_Post_Processors.md' contains a
            link to '..\..\java_docs_apis\MiddlewareAPI\com\hcl\middleware\api\ConfigurableParametersHelper.html' which
            is not found in the documentation files.
WARNING  -  Documentation file 'Foundry\voltmx_foundry_user_guide\Content\Rules_as_Pre_Post_Processors.md' contains a
            link to '..\..\Foundry\custom_metrics_and_reports\Content\Custom_Metrics_and_Reports_Guide.html' which is
            not found in the documentation files.
WARNING  -  Documentation file 'Foundry\voltmx_foundry_user_guide\Content\Rules_as_Pre_Post_Processors.md' contains a
            link to '..\..\java_docs_apis\MiddlewareAPI\com\hcl\middleware\controller\DataControllerResponse.html' which
            is not found in the documentation files.
WARNING  -  Documentation file 'Foundry\voltmx_foundry_user_guide\Content\Rules_as_Pre_Post_Processors.md' contains a
            link to '..\..\java_docs_apis\MiddlewareAPI\com\hcl\middleware\controller\DataControllerResponse.html' which
            is not found in the documentation files.
WARNING  -  Documentation file 'Foundry\voltmx_foundry_user_guide\Content\Rules_as_Pre_Post_Processors.md' contains a
            link to '..\..\java_docs_apis\MiddlewareAPI\com\hcl\middleware\dataobject\Result.html' which is not found in
            the documentation files.
WARNING  -  Documentation file 'Foundry\voltmx_foundry_user_guide\Content\Rules_as_Pre_Post_Processors.md' contains a
            link to '..\..\java_docs_apis\MiddlewareAPI\com\hcl\middleware\ehcache\ResultCache.html' which is not found
            in the documentation files.
WARNING  -  Documentation file 'Foundry\voltmx_foundry_user_guide\Content\Rules_as_Pre_Post_Processors.md' contains a
            link to '..\..\java_docs_apis\MiddlewareAPI\com\hcl\middleware\session\Session.html' which is not found in
            the documentation files.
WARNING  -  Documentation file 'Foundry\voltmx_foundry_user_guide\Content\Rules_as_a_Service.md' contains a link to
            '..\..\java_docs_apis\MiddlewareAPI\com\hcl\middleware\api\ConfigurableParametersHelper.html' which is not
            found in the documentation files.
WARNING  -  Documentation file 'Foundry\voltmx_foundry_user_guide\Content\Rules_as_a_Service.md' contains a link to
            'Foundry\custom_metrics_and_reports\Content\Custom_Metrics_and_Reports_Guide.html' which is not found in the
            documentation files.
WARNING  -  Documentation file 'Foundry\voltmx_foundry_user_guide\Content\Rules_as_a_Service.md' contains a link to
            '..\..\java_docs_apis\MiddlewareAPI\com\hcl\middleware\controller\DataControllerResponse.html' which is not
            found in the documentation files.
WARNING  -  Documentation file 'Foundry\voltmx_foundry_user_guide\Content\Rules_as_a_Service.md' contains a link to
            '..\..\java_docs_apis\MiddlewareAPI\com\hcl\middleware\controller\DataControllerResponse.html' which is not
            found in the documentation files.
WARNING  -  Documentation file 'Foundry\voltmx_foundry_user_guide\Content\Rules_as_a_Service.md' contains a link to
            '..\..\java_docs_apis\MiddlewareAPI\com\hcl\middleware\dataobject\Result.html' which is not found in the
            documentation files.
WARNING  -  Documentation file 'Foundry\voltmx_foundry_user_guide\Content\Rules_as_a_Service.md' contains a link to
            '..\..\java_docs_apis\MiddlewareAPI\com\hcl\middleware\ehcache\ResultCache.html' which is not found in the
            documentation files.
WARNING  -  Documentation file 'Foundry\voltmx_foundry_user_guide\Content\Rules_as_a_Service.md' contains a link to
            '..\..\java_docs_apis\MiddlewareAPI\com\hcl\middleware\session\Session.html' which is not found in the
            documentation files.
WARNING  -  Documentation file 'Foundry\voltmx_foundry_user_guide\Content\S3_File_Storage.md' contains a link to
            'Foundry\voltmx_foundry_user_guide\Content\Configure the Service.md' which is not found in the documentation
            files.
WARNING  -  Documentation file 'Foundry\voltmx_foundry_user_guide\Content\ServerEvents.md' contains a link to
            '..\..\java_docs_apis\MiddlewareAPI\index-all.html' which is not found in the documentation files.
WARNING  -  Documentation file 'Foundry\voltmx_foundry_user_guide\Content\VoltMXDevPortal.md' contains a link to
            'Foundry\voltmx_foundry_user_guide\Content\Accessing_VoltMX_MBaaS_Portal.html' which is not found in the
            documentation files.
WARNING  -  Documentation file 'Foundry\voltmx_foundry_user_guide\Content\swagerServices.md' contains a link to
            'Foundry\voltmx_foundry_user_guide\Content\Adding Applications.md' which is not found in the documentation
            files.
WARNING  -  Documentation file 'Foundry\voltmx_foundry_user_guide\Content\swagerServices.md' contains a link to
            '..\..\java_docs_apis\MiddlewareAPI\index.html' which is not found in the documentation files.
WARNING  -  Documentation file 'Foundry\voltmx_foundry_user_guide\Content\swagerServices.md' contains a link to
            'Foundry\voltmx_foundry_user_guide\Content\Resources\Images\Integration-Advanced Tab.png' which is not found
            in the documentation files.
WARNING  -  Documentation file 'Foundry\voltmx_foundry_user_guide\Content\swagerServices.md' contains a link to
            'Foundry\voltmx_foundry_user_guide\Content\Appendix - FAQs.md' which is not found in the documentation
            files.
WARNING  -  Documentation file 'Foundry\voltmx_foundry_user_guide\Content\swagerServices.md' contains a link to
            '..\..\java_docs_apis\MiddlewareAPI\index.html' which is not found in the documentation files.
WARNING  -  Documentation file 'Foundry\voltmx_foundry_user_guide\Content\swagerServices.md' contains a link to
            'Foundry\voltmx_foundry_user_guide\Content\Resources\Images\Integration-Advanced Tab.png' which is not found
            in the documentation files.
WARNING  -  Documentation file 'Foundry\voltmx_foundry_user_guide\Content\swagerServices.md' contains a link to
            '..\..\java_docs_apis\MiddlewareAPI\index.html' which is not found in the documentation files.
WARNING  -  Documentation file 'Foundry\voltmx_foundry_user_guide\Content\swagerServices.md' contains a link to
            'Foundry\voltmx_foundry_user_guide\Content\Resources\Images\Integration-Advanced Tab.png' which is not found
            in the documentation files.
WARNING  -  Documentation file 'Foundry\voltmx_foundry_user_guide\Content\swagerServices.md' contains a link to
            'Foundry\voltmx_foundry_user_guide\Content\Resources\Images\non-sf Integration.png' which is not found in
            the documentation files.
WARNING  -  Documentation file 'Foundry\voltmx_foundry_user_guide\Content\swagerServices.md' contains a link to
            'Foundry\voltmx_foundry_user_guide\Content\Resources\Images\input_Fs.png' which is not found in the
            documentation files.
WARNING  -  Documentation file 'Foundry\voltmx_foundry_user_guide\Content\swagerServices.md' contains a link to
            'Foundry\voltmx_foundry_user_guide\Content\Resources\Images\fs_Output.png' which is not found in the
            documentation files.
WARNING  -  Documentation file 'Foundry\voltmx_foundry_user_guide\Content\swagerServices.md' contains a link to
            'Foundry\voltmx_foundry_user_guide\Content\Resources\Images\ser DEF - Advanced.png' which is not found in
            the documentation files.
WARNING  -  Documentation file 'Foundry\voltmx_foundry_user_guide\Content\swagerServices.md' contains a link to
            'Foundry\voltmx_foundry_user_guide\Content\Resources\Images\JC Input.png' which is not found in the
            documentation files.
WARNING  -  Documentation file 'Foundry\voltmx_foundry_user_guide\Content\swagerServices.md' contains a link to
            '..\..\java_docs_apis\MiddlewareAPI\index.html' which is not found in the documentation files.
WARNING  -  Documentation file 'Foundry\voltmx_foundry_user_guide\Content\swagerServices.md' contains a link to
            'Foundry\voltmx_foundry_user_guide\Content\Resources\Images\JC Output.png' which is not found in the
            documentation files.
WARNING  -  Documentation file 'Foundry\voltmx_foundry_user_guide\Content\swagerServices.md' contains a link to
            'Foundry\voltmx_foundry_user_guide\Content\Resources\Images\Edit JCOperation.png' which is not found in the
            documentation files.
WARNING  -  Documentation file 'Foundry\voltmx_foundry_user_guide\Content\swagerServices.md' contains a link to
            'Foundry\voltmx_foundry_user_guide\Content\Resources\Images\JC Input.png' which is not found in the
            documentation files.
WARNING  -  Documentation file 'Foundry\voltmx_foundry_user_guide\Content\swagerServices.md' contains a link to
            'Foundry\voltmx_foundry_user_guide\Content\Resources\Images\Integration-Advanced Tab.png' which is not found
            in the documentation files.
WARNING  -  Documentation file 'Foundry\voltmx_foundry_user_guide\Content\swagerServices.md' contains a link to
            'Foundry\voltmx_foundry_user_guide\Content\Resources\Images\JC Output.png' which is not found in the
            documentation files.
WARNING  -  Documentation file 'Foundry\voltmx_foundry_user_guide\Content\swagerServices.md' contains a link to
            'Foundry\voltmx_foundry_user_guide\Content\Resources\Images\SF Add Operations.png' which is not found in the
            documentation files.
WARNING  -  Documentation file 'Foundry\voltmx_foundry_user_guide\Content\swagerServices.md' contains a link to
            'Foundry\voltmx_foundry_user_guide\Content\Resources\Images\SAP libraries.png' which is not found in the
            documentation files.
WARNING  -  Documentation file 'Foundry\voltmx_foundry_user_guide\Content\swagerServices.md' contains a link to
            'Foundry\voltmx_foundry_user_guide\Content\Resources\Images\Opertion Edit.png' which is not found in the
            documentation files.
WARNING  -  Documentation file 'Foundry\voltmx_foundry_user_guide\Content\swagerServices.md' contains a link to
            'Foundry\voltmx_foundry_user_guide\Content\Resources\Images\Edit SAP Operation Attribues.png' which is not
            found in the documentation files.
WARNING  -  Documentation file 'Foundry\voltmx_foundry_user_guide\Content\swagerServices.md' contains a link to
            'Foundry\voltmx_foundry_user_guide\Content\Resources\Images\Output SAP Operation.png' which is not found in
            the documentation files.
WARNING  -  Documentation file 'Foundry\voltmx_foundry_user_guide\Content\swagerServices.md' contains a link to
            'Foundry\voltmx_foundry_user_guide\Content\Resources\Images\Advanced Tab SAP Operation.png' which is not
            found in the documentation files.
WARNING  -  Documentation file 'Foundry\voltmx_foundry_user_guide\Content\swagerServices.md' contains a link to
            'staging\7.2\assets\voltmx_foundry_user_guide\Content\Java_Preprocessor_Postprocessor_.md' which is not
            found in the documentation files.
WARNING  -  Documentation file 'Foundry\voltmx_foundry_user_guide\Content\swagerServices.md' contains a link to
            'staging\7.2\assets\voltmx_foundry_user_guide\Content\Java_Preprocessor_Postprocessor_.md' which is not
            found in the documentation files.
WARNING  -  Documentation file 'Foundry\voltmx_foundry_user_guide\Content\swagerServices.md' contains a link to
            'Foundry\voltmx_foundry_user_guide\Content\API Versioning.md' which is not found in the documentation files.
WARNING  -  Documentation file 'Foundry\voltmx_foundry_user_guide\Content\swagerServices.md' contains a link to
            'Foundry\voltmx_foundry_user_guide\Content\Resources\Images\Existing Services.png' which is not found in the
            documentation files.
WARNING  -  Documentation file 'Foundry\voltmx_foundry_user_guide\Content\swagerServices.md' contains a link to
            'Foundry\voltmx_foundry_user_guide\Content\Resources\Images\s-volt-mx-oauth2-access-integration_.png' which
            is not found in the documentation files.
WARNING  -  Documentation file 'Foundry\voltmx_foundry_user_guide\Content\JS\Initializing_Client_SDK_JS.md' contains a
            link to
            'Foundry\standard*metrics_reports_guide\Content\VoltMX_Analytics*-95Standard_Reports\Application_activity_Reports.md'
            which is not found in the documentation files.
WARNING  -  Documentation file
            'Foundry\voltmx_foundry_user_guide\Content\ObjectsServices\SDO_Get_VariantsObjectservices_Stage3.md'
            contains a link to 'Foundry\voltmx_foundry_release_notes\Content\V9_Knownissues.md' which is not found in
            the documentation files.
WARNING  -  Documentation file 'Foundry\voltmx_foundry_user_guide\Content\PhoneGap\Invoking_Sync_Service_PhoneGap.md'
            contains a link to 'Foundry\vmf_sync_orm_api_guide\Content\Application_Level.md' which is not found in the
            documentation files.
WARNING  -  Documentation file 'Foundry\voltmx_foundry_user_guide\Content\PhoneGap\Invoking_Sync_Service_PhoneGap.md'
            contains a link to 'Foundry\vmf_sync_orm_api_guide\Content\Application_Level.md' which is not found in the
            documentation files.
WARNING  -  Documentation file 'Foundry\voltmx_foundry_user_guide\Content\PhoneGap\Invoking_Sync_Service_PhoneGap.md'
            contains a link to 'Foundry\vmf_sync_orm_api_guide\Content\homepage.md' which is not found in the
            documentation files.
WARNING  -  Documentation file 'Foundry\voltmx_foundry_user_guide\Content\PhoneGap\Invoking_Sync_Service_PhoneGap.md'
            contains a link to 'Foundry\vmf_sync_orm_api_guide\Content\homepage.md' which is not found in the
            documentation files.
WARNING  -  Documentation file
            'Foundry\voltmx_foundry_user_guide\Content\PhoneGap\ObjectsAPIReference\voltmx.sdk.dto.Column_Class.md'
            contains a link to
            'Foundry\voltmx_foundry_user_guide\Content\PhoneGap\ObjectsAPIReference\voltmx.sdk.dto.Table_Class.md' which
            is not found in the documentation files.
WARNING  -  Documentation file 'Foundry\voltmx_foundry_user_guide\Content\Samples\Samples.md' contains a link to
            'Foundry\docs\tutorials\voltmxFoundryOverview.md' which is not found in the documentation files.
WARNING  -  Documentation file 'Foundry\voltmx_foundry_user_guide\Content\VoltMXStudio\Installing_VoltMXJS_SDK.md'
            contains a link to 'Foundry\voltmx_foundry_user_guide\Content\VoltMXStudio\Setting_User_ID_KV.md' which is
            not found in the documentation files.
WARNING  -  Documentation file
            'Foundry\voltmx_foundry_user_guide\Content\VoltMXStudio\Invoking_Identity_Service_Iris.md' contains a link
            to 'Foundry\voltmx_foundry_user_guide\Content\VoltMXStudio\App_User_Session.md' which is not found in the
            documentation files.
WARNING  -  Documentation file
            'Foundry\voltmx_foundry_user_guide\Content\VoltMXStudio\Invoking_Identity_Service_Iris.md' contains a link
            to 'Foundry\voltmx_foundry_user_guide\Content\VoltMXStudio\App_User_Session.md' which is not found in the
            documentation files.
WARNING  -  Documentation file
            'Foundry\voltmx_foundry_user_guide\Content\VoltMXStudio\Invoking_Messaging_Service_Iris.md' contains a link
            to 'engagement_api_guide\Content\REST_API_Administration\Modify_Details_General_.md' which is not found in
            the documentation files.
WARNING  -  Documentation file
            'Foundry\voltmx_foundry_user_guide\Content\VoltMXStudio\Invoking_Messaging_Service_Iris_30Doc20.md' contains
            a link to 'engagement_api_guide\Content\REST_API_Administration\Modify_Details_General_.md' which is not
            found in the documentation files.
WARNING  -  Documentation file 'Foundry\voltmx_foundry_user_guide\Content\VoltMXStudio\Red_Hat_PAM_Adapter.md' contains
            a link to 'Foundry\voltmx_foundry_user_guide\Content\VoltMXStudio\ConfigureIntegrationService.md' which is
            not found in the documentation files.
WARNING  -  Documentation file 'Foundry\voltmx_foundry_user_guide\Content\VoltMXStudio\Red_Hat_PAM_Adapter.md' contains
            a link to 'Foundry\voltmx_foundry_user_guide\Content\VoltMXStudio\API_Throttling_Override.md' which is not
            found in the documentation files.
WARNING  -  Documentation file 'Foundry\voltmx_foundry_user_guide\Content\VoltMXStudio\Red_Hat_PAM_Adapter.md' contains
            a link to 'Foundry\voltmx_foundry_user_guide\Content\VoltMXStudio\Resources\Images\RedHATPAMops.png' which
            is not found in the documentation files.
WARNING  -  Documentation file 'Foundry\voltmx_foundry_user_guide\Content\VoltMXStudio\Red_Hat_PAM_Adapter.md' contains
            a link to
            'Foundry\voltmx_foundry_user_guide\Content\VoltMXStudio\Resources\Images\RedHATPAMops_thumb_0_48.png' which
            is not found in the documentation files.
WARNING  -  Documentation file 'Foundry\voltmx_foundry_user_guide\Content\VoltMXStudio\Red_Hat_PAM_Adapter.md' contains
            a link to 'Foundry\voltmx_foundry_user_guide\Content\VoltMXStudio\Resources\Images\RedHat_getDMNs.png' which
            is not found in the documentation files.
WARNING  -  Documentation file 'Foundry\voltmx_foundry_user_guide\Content\VoltMXStudio\Red_Hat_PAM_Adapter.md' contains
            a link to 'Foundry\voltmx_foundry_user_guide\Content\VoltMXStudio\Resources\Images\RedHat_invokeDMNs.png'
            which is not found in the documentation files.
WARNING  -  Documentation file 'Foundry\voltmx_foundry_user_guide\Content\VoltMXStudio\Red_Hat_PAM_Adapter.md' contains
            a link to 'Foundry\voltmx_foundry_user_guide\Content\VoltMXStudio\Test_a_Service_Operation.md' which is not
            found in the documentation files.
WARNING  -  Documentation file 'Foundry\voltmx_licensing_guide\Content\Homepage.md' contains a link to
            'Iris\iris_starter_install_win\Content\Home.md' which is not found in the documentation files.
WARNING  -  Documentation file 'Foundry\voltmx_licensing_guide\Content\Homepage.md' contains a link to
            'Iris\iris_starter_install_mac\Content\Home.md' which is not found in the documentation files.
WARNING  -  Documentation file 'Foundry\voltmx_licensing_guide\Content\Homepage_old.md' contains a link to
            'Iris\iris_enterprise_install_win\Default.md' which is not found in the documentation files.
WARNING  -  Documentation file 'Foundry\voltmx_licensing_guide\Content\Homepage_old.md' contains a link to
            'Iris\iris_enterprise_install_mac\Default.md' which is not found in the documentation files.
WARNING  -  Documentation file 'Foundry\voltmx_licensing_guide\Content\Homepage_old.md' contains a link to
            'management\emm_installation_guide_windows\Content\Home.md' which is not found in the documentation files.
WARNING  -  Documentation file 'Foundry\voltmx_licensing_guide\Content\Homepage_old.md' contains a link to
            'management\emm_pre-install_guide\Content\Home.md' which is not found in the documentation files.
WARNING  -  Documentation file 'Foundry\voltmx_licensing_guide\Content\Homepage_old.md' contains a link to
            'management\emm_installation_guide_linux\Content\Home.md' which is not found in the documentation files.
WARNING  -  Documentation file
            'Foundry\voltmx_licensing_guide\Content\License_Activation_through_VoltMX_Server_7.2-old.md' contains a link
            to 'Foundry\voltmx_licensing_guide\Content\Resources\Images\log-inv8_576x342.png' which is not found in the
            documentation files.
WARNING  -  Documentation file
            'Foundry\voltmx_licensing_guide\Content\License_Activation_through_VoltMX_Server_7.2-old.md' contains a link
            to 'Foundry\voltmx_licensing_guide\Content\Resources\Images\ActivateNow_576x100.png' which is not found in
            the documentation files.
WARNING  -  Documentation file
            'Foundry\voltmx_licensing_guide\Content\License_Activation_through_VoltMX_Server_7.2-old.md' contains a link
            to 'Foundry\voltmx_licensing_guide\Content\Resources\Images\Lic_575x270.png' which is not found in the
            documentation files.
WARNING  -  Documentation file
            'Foundry\voltmx_licensing_guide\Content\License_Activation_through_VoltMX_Server_7.2-old.md' contains a link
            to 'Foundry\voltmx_licensing_guide\Content\Resources\Images\Act_Continue_529x72.png' which is not found in
            the documentation files.
WARNING  -  Documentation file
            'Foundry\voltmx_licensing_guide\Content\License_Activation_through_VoltMX_Server_7.2-old.md' contains a link
            to 'Foundry\voltmx_licensing_guide\Content\Resources\Images\DisplayLicenses_577x268.png' which is not found
            in the documentation files.
WARNING  -  Documentation file
            'Foundry\voltmx_licensing_guide\Content\License_Activation_through_VoltMX_Server_7.2-old.md' contains a link
            to 'Foundry\voltmx_licensing_guide\Content\Resources\Images\OnRedirectionConsole.png' which is not found in
            the documentation files.
WARNING  -  Documentation file 'Foundry\voltmx_licensing_guide\Content\License_Activations_old.md' contains a link to
            'Foundry\voltmx_licensing_guide\Content\VoltMXOne_Studio_IDE.md' which is not found in the documentation
            files.
WARNING  -  Documentation file 'Foundry\voltmx_licensing_guide\Content\Overview_old.md' contains a link to
            'Foundry\voltmx_licensing_guide\Content\Customer_Information_Form.md' which is not found in the
            documentation files.
WARNING  -  Documentation file 'Foundry\voltmxfoundry_supported_devices_os_browsers\Content\FoundryV9SP2.md' contains a
            link to 'Foundry\voltmxfoundry_on_azure\Content\Introduction.md' which is not found in the documentation
            files.
WARNING  -  Documentation file
            'Foundry\voltmxfoundry_supported_devices_os_browsers\Content\Supported_Config_Dev_EnvV9SP1.md' contains a
            link to 'Foundry\voltmxfoundry_on_azure\Content\Introduction.md' which is not found in the documentation
            files.
WARNING  -  Documentation file
            'Foundry\voltmxfoundry_supported_devices_os_browsers\Content\Supported_Config_Server_EnvV9SP2.md' contains a
            link to 'Foundry\voltmxfoundry_on_azure\Content\Introduction.md' which is not found in the documentation
            files.
WARNING  -  Documentation file 'Iris\app_design_dev\Content\Animation.md' contains a link to 'Iris\Widget User
            Guide_7.0\Content\Widget animatable properties.md' which is not found in the documentation files.
WARNING  -  Documentation file 'Iris\app_design_dev\Content\Animation.md' contains a link to 'Iris\Widget User
            Guide_7.0\Content\Animation_Configurations.md' which is not found in the documentation files.
WARNING  -  Documentation file 'Iris\app_design_dev\Content\Widget_Navigation.md' contains a link to
            'Iris\Iris\Content\AddCustomCSSCodeToSPAApp.md' which is not found in the documentation files.
WARNING  -  Documentation file 'Iris\iris_api_dev_guide\content\accelereometer_apis.md' contains a link to
            'Iris\iris_api_dev_guide\content\resources\prettify\onload.png' which is not found in the documentation
            files.
WARNING  -  Documentation file 'Iris\iris_api_dev_guide\content\accelerometerfunctions.md' contains a link to
            'Iris\iris_api_dev_guide\content\resources\prettify\onload.png' which is not found in the documentation
            files.
WARNING  -  Documentation file 'Iris\iris_api_dev_guide\content\actionitem_object.md' contains a link to
            'Iris\iris_api_dev_guide\content\resources\prettify\onload.png' which is not found in the documentation
            files.
WARNING  -  Documentation file 'Iris\iris_api_dev_guide\content\actionitem_properties.md' contains a link to
            'Iris\iris_api_dev_guide\content\resources\prettify\onload.png' which is not found in the documentation
            files.
WARNING  -  Documentation file 'Iris\iris_api_dev_guide\content\actionsheet_api.md' contains a link to
            'Iris\iris_api_dev_guide\content\resources\prettify\onload.png' which is not found in the documentation
            files.
WARNING  -  Documentation file 'Iris\iris_api_dev_guide\content\actionsheet_object.md' contains a link to
            'Iris\iris_api_dev_guide\content\resources\prettify\onload.png' which is not found in the documentation
            files.
WARNING  -  Documentation file 'Iris\iris_api_dev_guide\content\animationconfiguration_object.md' contains a link to
            'Iris\iris_api_dev_guide\content\resources\prettify\onload.png' which is not found in the documentation
            files.
WARNING  -  Documentation file 'Iris\iris_api_dev_guide\content\animationdefinitionobject.md' contains a link to
            'Iris\iris_api_dev_guide\content\resources\prettify\onload.png' which is not found in the documentation
            files.
WARNING  -  Documentation file 'Iris\iris_api_dev_guide\content\app-extension-ios.md' contains a link to
            'Iris\iris_api_dev_guide\content\resources\prettify\onload.png' which is not found in the documentation
            files.
WARNING  -  Documentation file 'Iris\iris_api_dev_guide\content\appendix_general_frequently_asked_questions.md' contains
            a link to 'Iris\iris_api_dev_guide\content\resources\prettify\onload.png' which is not found in the
            documentation files.
WARNING  -  Documentation file 'Iris\iris_api_dev_guide\content\appendix_javascript_frequently_asked_questions.md'
            contains a link to 'Iris\iris_api_dev_guide\content\resources\prettify\onload.png' which is not found in the
            documentation files.
WARNING  -  Documentation file 'Iris\iris_api_dev_guide\content\appendix_preprocesor_directives.md' contains a link to
            'Iris\iris_api_dev_guide\content\resources\prettify\onload.png' which is not found in the documentation
            files.
WARNING  -  Documentation file 'Iris\iris_api_dev_guide\content\apple_pay.md' contains a link to
            'Iris\iris_api_dev_guide\content\resources\prettify\onload.png' which is not found in the documentation
            files.
WARNING  -  Documentation file 'Iris\iris_api_dev_guide\content\application_api.md' contains a link to
            'Iris\iris_api_dev_guide\content\resources\prettify\onload.png' which is not found in the documentation
            files.
WARNING  -  Documentation file 'Iris\iris_api_dev_guide\content\application_settings.md' contains a link to
            'Iris\iris_api_dev_guide\content\resources\prettify\onload.png' which is not found in the documentation
            files.
WARNING  -  Documentation file 'Iris\iris_api_dev_guide\content\appwindow_functions.md' contains a link to
            'Iris\iris_api_dev_guide\content\resources\prettify\onload.png' which is not found in the documentation
            files.
WARNING  -  Documentation file 'Iris\iris_api_dev_guide\content\appwindow_properties.md' contains a link to
            'Iris\iris_api_dev_guide\content\resources\prettify\onload.png' which is not found in the documentation
            files.
WARNING  -  Documentation file 'Iris\iris_api_dev_guide\content\background_transfer.md' contains a link to
            'Iris\iris_api_dev_guide\content\resources\prettify\onload.png' which is not found in the documentation
            files.
WARNING  -  Documentation file 'Iris\iris_api_dev_guide\content\backgroundagent_api.md' contains a link to
            'Iris\iris_api_dev_guide\content\resources\prettify\onload.png' which is not found in the documentation
            files.
WARNING  -  Documentation file 'Iris\iris_api_dev_guide\content\badge.md' contains a link to
            'Iris\iris_api_dev_guide\content\resources\prettify\onload.png' which is not found in the documentation
            files.
WARNING  -  Documentation file 'Iris\iris_api_dev_guide\content\battery_api.md' contains a link to
            'Iris\iris_api_dev_guide\content\resources\prettify\onload.png' which is not found in the documentation
            files.
WARNING  -  Documentation file 'Iris\iris_api_dev_guide\content\beacon.md' contains a link to
            'Iris\iris_api_dev_guide\content\resources\prettify\onload.png' which is not found in the documentation
            files.
WARNING  -  Documentation file 'Iris\iris_api_dev_guide\content\beacon_manager.md' contains a link to
            'Iris\iris_api_dev_guide\content\resources\prettify\onload.png' which is not found in the documentation
            files.
WARNING  -  Documentation file 'Iris\iris_api_dev_guide\content\beaconmanager_methods.md' contains a link to
            'Iris\iris_api_dev_guide\content\resources\prettify\onload.png' which is not found in the documentation
            files.
WARNING  -  Documentation file 'Iris\iris_api_dev_guide\content\beaconmethods.md' contains a link to
            'Iris\iris_api_dev_guide\content\resources\prettify\onload.png' which is not found in the documentation
            files.
WARNING  -  Documentation file 'Iris\iris_api_dev_guide\content\bluetooth.md' contains a link to
            'Iris\iris_api_dev_guide\content\resources\prettify\onload.png' which is not found in the documentation
            files.
WARNING  -  Documentation file 'Iris\iris_api_dev_guide\content\bluetooth_ssm.md' contains a link to
            'Iris\iris_api_dev_guide\content\resources\prettify\onload.png' which is not found in the documentation
            files.
WARNING  -  Documentation file 'Iris\iris_api_dev_guide\content\bookmark_refresh_apis.md' contains a link to
            'Iris\iris_api_dev_guide\content\resources\prettify\onload.png' which is not found in the documentation
            files.
WARNING  -  Documentation file 'Iris\iris_api_dev_guide\content\caching_api.md' contains a link to
            'Iris\iris_api_dev_guide\content\resources\prettify\onload.png' which is not found in the documentation
            files.
WARNING  -  Documentation file 'Iris\iris_api_dev_guide\content\camera.md' contains a link to
            'Iris\iris_api_dev_guide\content\resources\prettify\onload.png' which is not found in the documentation
            files.
WARNING  -  Documentation file 'Iris\iris_api_dev_guide\content\charms.md' contains a link to
            'Iris\iris_api_dev_guide\content\resources\prettify\onload.png' which is not found in the documentation
            files.
WARNING  -  Documentation file 'Iris\iris_api_dev_guide\content\client-authentication.md' contains a link to
            'Iris\iris_api_dev_guide\content\resources\prettify\onload.png' which is not found in the documentation
            files.
WARNING  -  Documentation file 'Iris\iris_api_dev_guide\content\com.voltmx.beaconregion.md' contains a link to
            'Iris\iris_api_dev_guide\content\resources\prettify\onload.png' which is not found in the documentation
            files.
WARNING  -  Documentation file 'Iris\iris_api_dev_guide\content\com.voltmx.peripheralmanager.md' contains a link to
            'Iris\iris_api_dev_guide\content\resources\prettify\onload.png' which is not found in the documentation
            files.
WARNING  -  Documentation file 'Iris\iris_api_dev_guide\content\com.voltmx_functions.md' contains a link to
            'Iris\iris_api_dev_guide\content\resources\prettify\onload.png' which is not found in the documentation
            files.
WARNING  -  Documentation file 'Iris\iris_api_dev_guide\content\com.voltmx_objects_addpassesviewcontroller_methods.md'
            contains a link to 'Iris\iris_api_dev_guide\content\resources\prettify\onload.png' which is not found in the
            documentation files.
WARNING  -  Documentation file 'Iris\iris_api_dev_guide\content\communication_api_for_react_native.md' contains a link
            to 'Iris\iris_api_dev_guide\content\resources\prettify\onload.png' which is not found in the documentation
            files.
WARNING  -  Documentation file 'Iris\iris_api_dev_guide\content\constants_namespace.md' contains a link to
            'Iris\iris_api_dev_guide\content\resources\prettify\onload.png' which is not found in the documentation
            files.
WARNING  -  Documentation file 'Iris\iris_api_dev_guide\content\corehaptics.md' contains a link to
            'Iris\iris_api_dev_guide\content\resources\prettify\onload.png' which is not found in the documentation
            files.
WARNING  -  Documentation file 'Iris\iris_api_dev_guide\content\cryptography.md' contains a link to
            'Iris\iris_api_dev_guide\content\resources\prettify\onload.png' which is not found in the documentation
            files.
WARNING  -  Documentation file 'Iris\iris_api_dev_guide\content\data_store_library.md' contains a link to
            'Iris\iris_api_dev_guide\content\resources\prettify\onload.png' which is not found in the documentation
            files.
WARNING  -  Documentation file 'Iris\iris_api_dev_guide\content\drag_and_drop_api.md' contains a link to
            'Iris\iris_api_dev_guide\content\resources\prettify\onload.png' which is not found in the documentation
            files.
WARNING  -  Documentation file 'Iris\iris_api_dev_guide\content\enabling_native_function_apis.md' contains a link to
            'Iris\iris_api_dev_guide\content\resources\prettify\onload.png' which is not found in the documentation
            files.
WARNING  -  Documentation file 'Iris\iris_api_dev_guide\content\exceptions.md' contains a link to
            'Iris\iris_api_dev_guide\content\resources\prettify\onload.png' which is not found in the documentation
            files.
WARNING  -  Documentation file 'Iris\iris_api_dev_guide\content\forcetouch_api.md' contains a link to
            'Iris\iris_api_dev_guide\content\resources\prettify\onload.png' which is not found in the documentation
            files.
WARNING  -  Documentation file 'Iris\iris_api_dev_guide\content\formdataobject_methods.md' contains a link to
            'Iris\iris_api_dev_guide\content\resources\prettify\onload.png' which is not found in the documentation
            files.
WARNING  -  Documentation file 'Iris\iris_api_dev_guide\content\generic_apis.md' contains a link to
            'Iris\iris_api_dev_guide\content\resources\prettify\onload.png' which is not found in the documentation
            files.
WARNING  -  Documentation file 'Iris\iris_api_dev_guide\content\geolocation_api_watchposition.md' contains a link to
            'Iris\Iris\Content\Resources\Images\Bg_Location.png' which is not found in the documentation files.
WARNING  -  Documentation file 'Iris\iris_api_dev_guide\content\geolocation_api_watchposition.md' contains a link to
            'Iris\iris_api_dev_guide\content\resources\prettify\onload.png' which is not found in the documentation
            files.
WARNING  -  Documentation file 'Iris\iris_api_dev_guide\content\gestures.md' contains a link to
            'Iris\iris_api_dev_guide\content\resources\prettify\onload.png' which is not found in the documentation
            files.
WARNING  -  Documentation file 'Iris\iris_api_dev_guide\content\guidelines_android.md' contains a link to
            'Iris\iris_api_dev_guide\content\resources\prettify\onload.png' which is not found in the documentation
            files.
WARNING  -  Documentation file 'Iris\iris_api_dev_guide\content\guidelines_ios.md' contains a link to
            'Iris\iris_api_dev_guide\content\resources\prettify\onload.png' which is not found in the documentation
            files.
WARNING  -  Documentation file 'Iris\iris_api_dev_guide\content\healthkit.md' contains a link to
            'Iris\iris_api_dev_guide\content\resources\prettify\onload.png' which is not found in the documentation
            files.
WARNING  -  Documentation file 'Iris\iris_api_dev_guide\content\httprequestobject.md' contains a link to
            'Iris\iris_api_dev_guide\content\resources\prettify\onload.png' which is not found in the documentation
            files.
WARNING  -  Documentation file 'Iris\iris_api_dev_guide\content\httprequestobject_events.md' contains a link to
            'Iris\iris_api_dev_guide\content\resources\prettify\onload.png' which is not found in the documentation
            files.
WARNING  -  Documentation file 'Iris\iris_api_dev_guide\content\httprequestobject_properties.md' contains a link to
            'Iris\iris_api_dev_guide\content\resources\prettify\onload.png' which is not found in the documentation
            files.
WARNING  -  Documentation file 'Iris\iris_api_dev_guide\content\httprequestobjectmethods.md' contains a link to
            'Iris\iris_api_dev_guide\content\resources\prettify\onload.png' which is not found in the documentation
            files.
WARNING  -  Documentation file 'Iris\iris_api_dev_guide\content\image_methods.md' contains a link to
            'Iris\iris_api_dev_guide\content\resources\prettify\onload.png' which is not found in the documentation
            files.
WARNING  -  Documentation file 'Iris\iris_api_dev_guide\content\image_object.md' contains a link to
            'Iris\iris_api_dev_guide\content\resources\prettify\onload.png' which is not found in the documentation
            files.
WARNING  -  Documentation file 'Iris\iris_api_dev_guide\content\imageapi.md' contains a link to
            'Iris\iris_api_dev_guide\content\resources\prettify\onload.png' which is not found in the documentation
            files.
WARNING  -  Documentation file 'Iris\iris_api_dev_guide\content\imageclassificationapi.md' contains a link to
            'Iris\iris_api_dev_guide\content\resources\prettify\onload.png' which is not found in the documentation
            files.
WARNING  -  Documentation file 'Iris\iris_api_dev_guide\content\imageclassifier_object.md' contains a link to
            'Iris\iris_api_dev_guide\content\resources\prettify\onload.png' which is not found in the documentation
            files.
WARNING  -  Documentation file 'Iris\iris_api_dev_guide\content\internationalization.md' contains a link to
            'Iris\iris_api_dev_guide\content\resources\prettify\onload.png' which is not found in the documentation
            files.
WARNING  -  Documentation file 'Iris\iris_api_dev_guide\content\ios_api.md' contains a link to
            'Iris\iris_api_dev_guide\content\resources\prettify\onload.png' which is not found in the documentation
            files.
WARNING  -  Documentation file 'Iris\iris_api_dev_guide\content\jobscheduler.md' contains a link to
            'Iris\iris_api_dev_guide\content\resources\prettify\onload.png' which is not found in the documentation
            files.
WARNING  -  Documentation file 'Iris\iris_api_dev_guide\content\js_function_semantics.md' contains a link to
            'Iris\iris_api_dev_guide\content\resources\prettify\onload.png' which is not found in the documentation
            files.
WARNING  -  Documentation file 'Iris\iris_api_dev_guide\content\js_object_semantics_new.md' contains a link to
            'Iris\iris_api_dev_guide\content\resources\prettify\onload.png' which is not found in the documentation
            files.
WARNING  -  Documentation file 'Iris\iris_api_dev_guide\content\keychain_api_for_ios.md' contains a link to
            'Iris\iris_api_dev_guide\content\resources\prettify\onload.png' which is not found in the documentation
            files.
WARNING  -  Documentation file 'Iris\iris_api_dev_guide\content\live_tiles.md' contains a link to
            'Iris\iris_api_dev_guide\content\resources\prettify\onload.png' which is not found in the documentation
            files.
WARNING  -  Documentation file 'Iris\iris_api_dev_guide\content\local_notifications.md' contains a link to
            'Iris\iris_api_dev_guide\content\resources\prettify\onload.png' which is not found in the documentation
            files.
WARNING  -  Documentation file 'Iris\iris_api_dev_guide\content\localauthapi.md' contains a link to
            'Iris\iris_api_dev_guide\content\resources\prettify\onload.png' which is not found in the documentation
            files.
WARNING  -  Documentation file 'Iris\iris_api_dev_guide\content\map_styling_api.md' contains a link to
            'Iris\iris_api_dev_guide\content\resources\prettify\onload.png' which is not found in the documentation
            files.
WARNING  -  Documentation file 'Iris\iris_api_dev_guide\content\mapapi.md' contains a link to
            'Iris\iris_api_dev_guide\content\resources\prettify\onload.png' which is not found in the documentation
            files.
WARNING  -  Documentation file 'Iris\iris_api_dev_guide\content\math_library.md' contains a link to
            'Iris\iris_api_dev_guide\content\resources\prettify\onload.png' which is not found in the documentation
            files.
WARNING  -  Documentation file 'Iris\iris_api_dev_guide\content\media_api.md' contains a link to
            'Iris\iris_api_dev_guide\content\resources\prettify\onload.png' which is not found in the documentation
            files.
WARNING  -  Documentation file 'Iris\iris_api_dev_guide\content\media_methods.md' contains a link to
            'Iris\iris_api_dev_guide\content\resources\prettify\onload.png' which is not found in the documentation
            files.
WARNING  -  Documentation file 'Iris\iris_api_dev_guide\content\media_object.md' contains a link to
            'Iris\iris_api_dev_guide\content\resources\prettify\onload.png' which is not found in the documentation
            files.
WARNING  -  Documentation file 'Iris\iris_api_dev_guide\content\media_properties.md' contains a link to
            'Iris\iris_api_dev_guide\content\resources\prettify\onload.png' which is not found in the documentation
            files.
WARNING  -  Documentation file 'Iris\iris_api_dev_guide\content\modules.md' contains a link to
            'Iris\iris_api_dev_guide\content\resources\prettify\onload.png' which is not found in the documentation
            files.
WARNING  -  Documentation file 'Iris\iris_api_dev_guide\content\native_function.md' contains a link to
            'Iris\iris_api_dev_guide\content\resources\prettify\onload.png' which is not found in the documentation
            files.
WARNING  -  Documentation file 'Iris\iris_api_dev_guide\content\nearfieldcommunication.md' contains a link to
            'Iris\iris_api_dev_guide\content\resources\prettify\onload.png' which is not found in the documentation
            files.
WARNING  -  Documentation file 'Iris\iris_api_dev_guide\content\network_apis.md' contains a link to
            'Iris\iris_api_dev_guide\content\resources\prettify\onload.png' which is not found in the documentation
            files.
WARNING  -  Documentation file 'Iris\iris_api_dev_guide\content\networkapi_asynccalls.md' contains a link to
            'Iris\iris_api_dev_guide\content\resources\prettify\onload.png' which is not found in the documentation
            files.
WARNING  -  Documentation file 'Iris\iris_api_dev_guide\content\notificationsettings.md' contains a link to
            'Iris\iris_api_dev_guide\content\resources\prettify\onload.png' which is not found in the documentation
            files.
WARNING  -  Documentation file 'Iris\iris_api_dev_guide\content\pass.md' contains a link to
            'Iris\iris_api_dev_guide\content\resources\prettify\onload.png' which is not found in the documentation
            files.
WARNING  -  Documentation file 'Iris\iris_api_dev_guide\content\passbook.md' contains a link to
            'Iris\iris_api_dev_guide\content\resources\prettify\onload.png' which is not found in the documentation
            files.
WARNING  -  Documentation file 'Iris\iris_api_dev_guide\content\passlibrary.md' contains a link to
            'Iris\iris_api_dev_guide\content\resources\prettify\onload.png' which is not found in the documentation
            files.
WARNING  -  Documentation file 'Iris\iris_api_dev_guide\content\payment_api.md' contains a link to
            'Iris\iris_api_dev_guide\content\resources\prettify\onload.png' which is not found in the documentation
            files.
WARNING  -  Documentation file 'Iris\iris_api_dev_guide\content\phone.md' contains a link to
            'Iris\iris_api_dev_guide\content\resources\prettify\onload.png' which is not found in the documentation
            files.
WARNING  -  Documentation file 'Iris\iris_api_dev_guide\content\push_notifications.md' contains a link to
            'Iris\iris_api_dev_guide\content\resources\prettify\onload.png' which is not found in the documentation
            files.
WARNING  -  Documentation file 'Iris\iris_api_dev_guide\content\react_native_apis.md' contains a link to
            'Iris\iris_api_dev_guide\content\resources\prettify\onload.png' which is not found in the documentation
            files.
WARNING  -  Documentation file 'Iris\iris_api_dev_guide\content\record_methods.md' contains a link to
            'Iris\iris_api_dev_guide\content\resources\prettify\onload.png' which is not found in the documentation
            files.
WARNING  -  Documentation file 'Iris\iris_api_dev_guide\content\record_object.md' contains a link to
            'Iris\iris_api_dev_guide\content\resources\prettify\onload.png' which is not found in the documentation
            files.
WARNING  -  Documentation file 'Iris\iris_api_dev_guide\content\request_app_review_api.md' contains a link to
            'Iris\iris_api_dev_guide\content\resources\prettify\onload.png' which is not found in the documentation
            files.
WARNING  -  Documentation file 'Iris\iris_api_dev_guide\content\revisionhome.md' contains a link to
            'Iris\iris_api_dev_guide\content\OrganizingAppElementsInGroups.md' which is not found in the documentation
            files.
WARNING  -  Documentation file 'Iris\iris_api_dev_guide\content\revisionhome.md' contains a link to
            'Iris\iris_api_dev_guide\content\OrganizingAppElementsInGroups.md' which is not found in the documentation
            files.
WARNING  -  Documentation file 'Iris\iris_api_dev_guide\content\revisionhome.md' contains a link to
            'Iris\iris_api_dev_guide\content\Project_Properties_in_VoltMX_Iris.md' which is not found in the
            documentation files.
WARNING  -  Documentation file 'Iris\iris_api_dev_guide\content\revisionhome.md' contains a link to
            'Iris\iris_api_dev_guide\content\Project_Properties_in_VoltMX_Iris.md' which is not found in the
            documentation files.
WARNING  -  Documentation file 'Iris\iris_api_dev_guide\content\revisionhome.md' contains a link to
            'Iris\iris_api_dev_guide\content\SPA_Custom_Widget.md' which is not found in the documentation files.
WARNING  -  Documentation file 'Iris\iris_api_dev_guide\content\revisionhome.md' contains a link to
            'Iris\iris_api_dev_guide\content\C_UsingComponents.md' which is not found in the documentation files.
WARNING  -  Documentation file 'Iris\iris_api_dev_guide\content\revisionhome.md' contains a link to
            'Iris\iris_api_dev_guide\content\Native_App_Properties.md' which is not found in the documentation files.
WARNING  -  Documentation file 'Iris\iris_api_dev_guide\content\revisionhome.md' contains a link to
            'Iris\iris_api_dev_guide\content\C_CreatingComponent.md' which is not found in the documentation files.
WARNING  -  Documentation file 'Iris\iris_api_dev_guide\content\revisionhome.md' contains a link to
            'Iris\iris_api_dev_guide\content\Responsive_Design_8_2.md' which is not found in the documentation files.
WARNING  -  Documentation file 'Iris\iris_api_dev_guide\content\revisionhome.md' contains a link to
            'Iris\iris_api_dev_guide\content\FormTemplates.md' which is not found in the documentation files.
WARNING  -  Documentation file 'Iris\iris_api_dev_guide\content\revisionhome.md' contains a link to
            'Iris\iris_api_dev_guide\content\DataPanel.md' which is not found in the documentation files.
WARNING  -  Documentation file 'Iris\iris_api_dev_guide\content\revisionhome.md' contains a link to
            'Iris\iris_api_dev_guide\content\DataPanel.md' which is not found in the documentation files.
WARNING  -  Documentation file 'Iris\iris_api_dev_guide\content\revisionhome.md' contains a link to
            'Iris\iris_api_dev_guide\content\Splash_Screen_Properties.md' which is not found in the documentation files.
WARNING  -  Documentation file 'Iris\iris_api_dev_guide\content\revisionhome.md' contains a link to
            'Iris\iris_api_dev_guide\content\C_UsingComponents.md' which is not found in the documentation files.
WARNING  -  Documentation file 'Iris\iris_api_dev_guide\content\revisionhome.md' contains a link to
            'Iris\iris_api_dev_guide\content\C_UsingComponents.md' which is not found in the documentation files.
WARNING  -  Documentation file 'Iris\iris_api_dev_guide\content\revisionhome.md' contains a link to
            'Iris\iris_api_dev_guide\content\C_UsingComponents.md' which is not found in the documentation files.
WARNING  -  Documentation file 'Iris\iris_api_dev_guide\content\revisionhome.md' contains a link to
            'Iris\iris_api_dev_guide\content\C_CreatingComponent.md' which is not found in the documentation files.
WARNING  -  Documentation file 'Iris\iris_api_dev_guide\content\revisionhome.md' contains a link to
            'Iris\iris_api_dev_guide\content\C_CreatingComponent.md' which is not found in the documentation files.
WARNING  -  Documentation file 'Iris\iris_api_dev_guide\content\revisionhome.md' contains a link to
            'Iris\iris_api_dev_guide\content\C_UsingComponents.md' which is not found in the documentation files.
WARNING  -  Documentation file 'Iris\iris_api_dev_guide\content\revisionhome.md' contains a link to
            'Iris\iris_api_dev_guide\content\C_CreatingComponent.md' which is not found in the documentation files.
WARNING  -  Documentation file 'Iris\iris_api_dev_guide\content\revisionhome.md' contains a link to
            'Iris\iris_api_dev_guide\content\TestAutomation.md' which is not found in the documentation files.
WARNING  -  Documentation file 'Iris\iris_api_dev_guide\content\revisionhome.md' contains a link to
            'Iris\iris_api_dev_guide\content\TestAutomation.md' which is not found in the documentation files.
WARNING  -  Documentation file 'Iris\iris_api_dev_guide\content\revisionhome.md' contains a link to
            'Iris\iris_api_dev_guide\content\TestAutomation.md' which is not found in the documentation files.
WARNING  -  Documentation file 'Iris\iris_api_dev_guide\content\revisionhome.md' contains a link to
            'Iris\iris_api_dev_guide\content\TestAutomation.md' which is not found in the documentation files.
WARNING  -  Documentation file 'Iris\iris_api_dev_guide\content\revisionhome.md' contains a link to
            'Iris\iris_api_dev_guide\content\Watch.md' which is not found in the documentation files.
WARNING  -  Documentation file 'Iris\iris_api_dev_guide\content\revisionhome.md' contains a link to
            'Iris\iris_api_dev_guide\content\Watch.md' which is not found in the documentation files.
WARNING  -  Documentation file 'Iris\iris_api_dev_guide\content\revisionhome.md' contains a link to
            'Iris\iris_api_dev_guide\content\Watch.md' which is not found in the documentation files.
WARNING  -  Documentation file 'Iris\iris_api_dev_guide\content\revisionhome.md' contains a link to
            'Iris\iris_api_dev_guide\content\Watch.md' which is not found in the documentation files.
WARNING  -  Documentation file 'Iris\iris_api_dev_guide\content\revisionhome.md' contains a link to
            'Iris\iris_api_dev_guide\content\SecureyourWebApplication.md' which is not found in the documentation files.
WARNING  -  Documentation file 'Iris\iris_api_dev_guide\content\revisionhome.md' contains a link to
            'Iris\iris_api_dev_guide\content\AndroidR_Behavioral_Changes.md' which is not found in the documentation
            files.
WARNING  -  Documentation file 'Iris\iris_api_dev_guide\content\revisionhome.md' contains a link to
            'Iris\iris_api_dev_guide\content\Native_App_Properties.md' which is not found in the documentation files.
WARNING  -  Documentation file 'Iris\iris_api_dev_guide\content\revisionhome.md' contains a link to
            'Iris\iris_api_dev_guide\content\Native_App_Properties.md' which is not found in the documentation files.
WARNING  -  Documentation file 'Iris\iris_api_dev_guide\content\revisionhome.md' contains a link to
            'Iris\iris_api_dev_guide\content\C_CreatingComponent.md' which is not found in the documentation files.
WARNING  -  Documentation file 'Iris\iris_api_dev_guide\content\revisionhome.md' contains a link to
            'Iris\iris_api_dev_guide\content\C_CreatingComponent.md' which is not found in the documentation files.
WARNING  -  Documentation file 'Iris\iris_api_dev_guide\content\revisionhome.md' contains a link to
            'Iris\iris_api_dev_guide\content\C_CreatingComponent.md' which is not found in the documentation files.
WARNING  -  Documentation file 'Iris\iris_api_dev_guide\content\revisionhome.md' contains a link to
            'Iris\iris_api_dev_guide\content\C_CreatingComponent.md' which is not found in the documentation files.
WARNING  -  Documentation file 'Iris\iris_api_dev_guide\content\revisionhome.md' contains a link to
            'Iris\iris_api_dev_guide\content\ResponsiveGridLayout.md' which is not found in the documentation files.
WARNING  -  Documentation file 'Iris\iris_api_dev_guide\content\revisionhome.md' contains a link to
            'Iris\iris_api_dev_guide\content\AIAssisted.md' which is not found in the documentation files.
WARNING  -  Documentation file 'Iris\iris_api_dev_guide\content\revisionhome.md' contains a link to
            'Iris\iris_api_dev_guide\content\FindReplaceSkin.md' which is not found in the documentation files.
WARNING  -  Documentation file 'Iris\iris_api_dev_guide\content\revisionhome.md' contains a link to
            'Iris\iris_api_dev_guide\content\SUGiPhone.md' which is not found in the documentation files.
WARNING  -  Documentation file 'Iris\iris_api_dev_guide\content\revisionhome.md' contains a link to
            'Iris\iris_api_dev_guide\content\SUG_Android.md' which is not found in the documentation files.
WARNING  -  Documentation file 'Iris\iris_api_dev_guide\content\revisionhome.md' contains a link to
            'Iris\iris_api_dev_guide\content\C_UsingComponents.md' which is not found in the documentation files.
WARNING  -  Documentation file 'Iris\iris_api_dev_guide\content\revisionhome.md' contains a link to
            'Iris\iris_api_dev_guide\content\TestAutomation.md' which is not found in the documentation files.
WARNING  -  Documentation file 'Iris\iris_api_dev_guide\content\revisionhome.md' contains a link to
            'Iris\iris_api_dev_guide\content\TestAutomation.md' which is not found in the documentation files.
WARNING  -  Documentation file 'Iris\iris_api_dev_guide\content\revisionhome.md' contains a link to
            'Iris\iris_api_dev_guide\content\VoltMX_IQ.md' which is not found in the documentation files.
WARNING  -  Documentation file 'Iris\iris_api_dev_guide\content\revisionhome.md' contains a link to
            'Iris\iris_api_dev_guide\content\VoltMX_IQ.md' which is not found in the documentation files.
WARNING  -  Documentation file 'Iris\iris_api_dev_guide\content\revisionhome.md' contains a link to
            'Iris\iris_api_dev_guide\content\VoltMX_IQ.md' which is not found in the documentation files.
WARNING  -  Documentation file 'Iris\iris_api_dev_guide\content\revisionhome.md' contains a link to
            'Iris\iris_api_dev_guide\content\Responsive_Design_8_2.md' which is not found in the documentation files.
WARNING  -  Documentation file 'Iris\iris_api_dev_guide\content\revisionhome.md' contains a link to
            'Iris\iris_api_dev_guide\content\C_UsingComponents.md' which is not found in the documentation files.
WARNING  -  Documentation file 'Iris\iris_api_dev_guide\content\revisionhome.md' contains a link to
            'Iris\iris_api_dev_guide\content\ActionsMapping.md' which is not found in the documentation files.
WARNING  -  Documentation file 'Iris\iris_api_dev_guide\content\revisionhome.md' contains a link to
            'Iris\iris_api_dev_guide\content\AddLocalHTMLContent.md' which is not found in the documentation files.
WARNING  -  Documentation file 'Iris\iris_api_dev_guide\content\revisionhome.md' contains a link to
            'Iris\iris_api_dev_guide\content\DataPanel.md' which is not found in the documentation files.
WARNING  -  Documentation file 'Iris\iris_api_dev_guide\content\revisionhome.md' contains a link to
            'Iris\iris_api_dev_guide\content\HotReload.md' which is not found in the documentation files.
WARNING  -  Documentation file 'Iris\iris_api_dev_guide\content\revisionhome.md' contains a link to
            'Iris\iris_api_dev_guide\content\ImportVoltMXIrisProject.md' which is not found in the documentation files.
WARNING  -  Documentation file 'Iris\iris_api_dev_guide\content\revisionhome.md' contains a link to
            'Iris\iris_api_dev_guide\content\WebPublish.md' which is not found in the documentation files.
WARNING  -  Documentation file 'Iris\iris_api_dev_guide\content\revisionhome.md' contains a link to
            'Iris\iris_api_dev_guide\content\Splash_Screen_Properties.md' which is not found in the documentation files.
WARNING  -  Documentation file 'Iris\iris_api_dev_guide\content\revisionhome.md' contains a link to
            'Iris\iris_api_dev_guide\content\AndroidQ_Behavioral_Changes.md' which is not found in the documentation
            files.
WARNING  -  Documentation file 'Iris\iris_api_dev_guide\content\revisionhome.md' contains a link to
            'Iris\iris_api_dev_guide\content\DataPanel.md' which is not found in the documentation files.
WARNING  -  Documentation file 'Iris\iris_api_dev_guide\content\revisionhome.md' contains a link to
            'Iris\iris_api_dev_guide\content\SUG_Android.md' which is not found in the documentation files.
WARNING  -  Documentation file 'Iris\iris_api_dev_guide\content\revisionhome.md' contains a link to
            'Iris\iris_api_dev_guide\content\Project_Properties_in_VoltMX_Iris.md' which is not found in the
            documentation files.
WARNING  -  Documentation file 'Iris\iris_api_dev_guide\content\revisionhome.md' contains a link to
            'Iris\iris_api_dev_guide\content\Project_Properties_in_VoltMX_Iris.md' which is not found in the
            documentation files.
WARNING  -  Documentation file 'Iris\iris_api_dev_guide\content\revisionhome.md' contains a link to
            'Iris\iris_api_dev_guide\content\Create_the_Storyboard_of_your_App.md' which is not found in the
            documentation files.
WARNING  -  Documentation file 'Iris\iris_api_dev_guide\content\revisionhome.md' contains a link to
            'Iris\iris_api_dev_guide\content\CreateMigrateOrImportProject.md' which is not found in the documentation
            files.
WARNING  -  Documentation file 'Iris\iris_api_dev_guide\content\revisionhome.md' contains a link to
            'Iris\iris_api_dev_guide\content\CreateKRAProject.md' which is not found in the documentation files.
WARNING  -  Documentation file 'Iris\iris_api_dev_guide\content\revisionhome.md' contains a link to
            'Iris\iris_api_dev_guide\content\CreateNewProject.md' which is not found in the documentation files.
WARNING  -  Documentation file 'Iris\iris_api_dev_guide\content\revisionhome.md' contains a link to
            'Iris\iris_api_dev_guide\content\CreateFromSampleApp.md' which is not found in the documentation files.
WARNING  -  Documentation file 'Iris\iris_api_dev_guide\content\revisionhome.md' contains a link to
            'Iris\iris_api_dev_guide\content\TestAutomation.md' which is not found in the documentation files.
WARNING  -  Documentation file 'Iris\iris_api_dev_guide\content\revisionhome.md' contains a link to
            'Iris\iris_api_dev_guide\content\TestAutomation.md' which is not found in the documentation files.
WARNING  -  Documentation file 'Iris\iris_api_dev_guide\content\revisionhome.md' contains a link to
            'Iris\iris_api_dev_guide\content\TestAutomation.md' which is not found in the documentation files.
WARNING  -  Documentation file 'Iris\iris_api_dev_guide\content\revisionhome.md' contains a link to
            'Iris\iris_api_dev_guide\content\TestAutomation.md' which is not found in the documentation files.
WARNING  -  Documentation file 'Iris\iris_api_dev_guide\content\revisionhome.md' contains a link to
            'Iris\iris_api_dev_guide\content\TestAutomation.md' which is not found in the documentation files.
WARNING  -  Documentation file 'Iris\iris_api_dev_guide\content\revisionhome.md' contains a link to
            'Iris\iris_api_dev_guide\content\Using_Test_Scripts.md' which is not found in the documentation files.
WARNING  -  Documentation file 'Iris\iris_api_dev_guide\content\revisionhome.md' contains a link to
            'Iris\iris_api_dev_guide\content\Collab.md' which is not found in the documentation files.
WARNING  -  Documentation file 'Iris\iris_api_dev_guide\content\revisionhome.md' contains a link to
            'Iris\iris_api_dev_guide\content\LocalBuildStarter.md' which is not found in the documentation files.
WARNING  -  Documentation file 'Iris\iris_api_dev_guide\content\revisionhome.md' contains a link to
            'Iris\iris_api_dev_guide\content\LocalBuildStarter.md' which is not found in the documentation files.
WARNING  -  Documentation file 'Iris\iris_api_dev_guide\content\revisionhome.md' contains a link to
            'Iris\iris_api_dev_guide\content\Package_AppViewer.md' which is not found in the documentation files.
WARNING  -  Documentation file 'Iris\iris_api_dev_guide\content\revisionhome.md' contains a link to
            'Iris\iris_api_dev_guide\content\BuildAnSPAApplication.md' which is not found in the documentation files.
WARNING  -  Documentation file 'Iris\iris_api_dev_guide\content\revisionhome.md' contains a link to
            'Iris\iris_api_dev_guide\content\Responsive_Design_8_2.md' which is not found in the documentation files.
WARNING  -  Documentation file 'Iris\iris_api_dev_guide\content\revisionhome.md' contains a link to
            'Iris\iris_api_dev_guide\content\Project_Properties_in_VoltMX_Iris.md' which is not found in the
            documentation files.
WARNING  -  Documentation file 'Iris\iris_api_dev_guide\content\revisionhome.md' contains a link to
            'Iris\iris_api_dev_guide\content\Project_Properties_in_VoltMX_Iris.md' which is not found in the
            documentation files.
WARNING  -  Documentation file 'Iris\iris_api_dev_guide\content\revisionhome.md' contains a link to
            'Iris\iris_api_dev_guide\content\Project_Properties_in_VoltMX_Iris.md' which is not found in the
            documentation files.
WARNING  -  Documentation file 'Iris\iris_api_dev_guide\content\revisionhome.md' contains a link to
            'Iris\iris_api_dev_guide\content\DisablePrintStatementsInBuilds.md' which is not found in the documentation
            files.
WARNING  -  Documentation file 'Iris\iris_api_dev_guide\content\revisionhome.md' contains a link to
            'Iris\iris_api_dev_guide\content\Segment2.md' which is not found in the documentation files.
WARNING  -  Documentation file 'Iris\iris_api_dev_guide\content\revisionhome.md' contains a link to
            'Iris\iris_api_dev_guide\content\Segment2.md' which is not found in the documentation files.
WARNING  -  Documentation file 'Iris\iris_api_dev_guide\content\revisionhome.md' contains a link to
            'Iris\iris_api_dev_guide\content\DataPanel.md' which is not found in the documentation files.
WARNING  -  Documentation file 'Iris\iris_api_dev_guide\content\revisionhome.md' contains a link to
            'Iris\iris_api_dev_guide\content\C_CreatingComponent.md' which is not found in the documentation files.
WARNING  -  Documentation file 'Iris\iris_api_dev_guide\content\revisionhome.md' contains a link to
            'Iris\iris_api_dev_guide\content\working_with_Action_Editor.md' which is not found in the documentation
            files.
WARNING  -  Documentation file 'Iris\iris_api_dev_guide\content\revisionhome.md' contains a link to
            'Iris\iris_api_dev_guide\content\working_with_Action_Editor.md' which is not found in the documentation
            files.
WARNING  -  Documentation file 'Iris\iris_api_dev_guide\content\revisionhome.md' contains a link to
            'Iris\iris_api_dev_guide\content\ActionsNetworkAPIs.md' which is not found in the documentation files.
WARNING  -  Documentation file 'Iris\iris_api_dev_guide\content\revisionhome.md' contains a link to
            'Iris\iris_api_dev_guide\content\VoltMX_IQ.md' which is not found in the documentation files.
WARNING  -  Documentation file 'Iris\iris_api_dev_guide\content\revisionhome.md' contains a link to
            'Iris\iris_api_dev_guide\content\VoltMX_IQ.md' which is not found in the documentation files.
WARNING  -  Documentation file 'Iris\iris_api_dev_guide\content\revisionhome.md' contains a link to
            'Iris\iris_api_dev_guide\content\VoltMXIQCommands.md' which is not found in the documentation files.
WARNING  -  Documentation file 'Iris\iris_api_dev_guide\content\revisionhome.md' contains a link to
            'Iris\iris_api_dev_guide\content\VoltMX_IQ.md' which is not found in the documentation files.
WARNING  -  Documentation file 'Iris\iris_api_dev_guide\content\revisionhome.md' contains a link to
            'Iris\iris_api_dev_guide\content\VoltMX_IQ.md' which is not found in the documentation files.
WARNING  -  Documentation file 'Iris\iris_api_dev_guide\content\revisionhome.md' contains a link to
            'Iris\iris_api_dev_guide\content\VoltMX_IQ.md' which is not found in the documentation files.
WARNING  -  Documentation file 'Iris\iris_api_dev_guide\content\revisionhome.md' contains a link to
            'Iris\iris_api_dev_guide\content\VoltMX_IQ.md' which is not found in the documentation files.
WARNING  -  Documentation file 'Iris\iris_api_dev_guide\content\revisionhome.md' contains a link to
            'Iris\iris_api_dev_guide\content\VoltMX_IQ.md' which is not found in the documentation files.
WARNING  -  Documentation file 'Iris\iris_api_dev_guide\content\revisionhome.md' contains a link to
            'Iris\iris_api_dev_guide\content\DataPanel.md' which is not found in the documentation files.
WARNING  -  Documentation file 'Iris\iris_api_dev_guide\content\revisionhome.md' contains a link to
            'Iris\iris_api_dev_guide\content\DataPanel.md' which is not found in the documentation files.
WARNING  -  Documentation file 'Iris\iris_api_dev_guide\content\revisionhome.md' contains a link to
            'Iris\iris_api_dev_guide\content\DataPanel.md' which is not found in the documentation files.
WARNING  -  Documentation file 'Iris\iris_api_dev_guide\content\revisionhome.md' contains a link to
            'Iris\iris_api_dev_guide\content\DataPanel.md' which is not found in the documentation files.
WARNING  -  Documentation file 'Iris\iris_api_dev_guide\content\revisionhome.md' contains a link to
            'Iris\iris_api_dev_guide\content\DataPanel.md' which is not found in the documentation files.
WARNING  -  Documentation file 'Iris\iris_api_dev_guide\content\revisionhome.md' contains a link to
            'Iris\iris_api_dev_guide\content\DataPanel.md' which is not found in the documentation files.
WARNING  -  Documentation file 'Iris\iris_api_dev_guide\content\revisionhome.md' contains a link to
            'Iris\iris_api_dev_guide\content\DataPanel.md' which is not found in the documentation files.
WARNING  -  Documentation file 'Iris\iris_api_dev_guide\content\revisionhome.md' contains a link to
            'Iris\iris_api_dev_guide\content\DataPanel.md' which is not found in the documentation files.
WARNING  -  Documentation file 'Iris\iris_api_dev_guide\content\revisionhome.md' contains a link to
            'Iris\iris_api_dev_guide\content\PublishVoltMXFoundryServicesApp.md' which is not found in the documentation
            files.
WARNING  -  Documentation file 'Iris\iris_api_dev_guide\content\revisionhome.md' contains a link to
            'Iris\iris_api_dev_guide\content\DataPanel.md' which is not found in the documentation files.
WARNING  -  Documentation file 'Iris\iris_api_dev_guide\content\revisionhome.md' contains a link to
            'Iris\iris_api_dev_guide\content\DataPanel.md' which is not found in the documentation files.
WARNING  -  Documentation file 'Iris\iris_api_dev_guide\content\revisionhome.md' contains a link to
            'Iris\iris_api_dev_guide\content\LogInUsingCustAuth.md' which is not found in the documentation files.
WARNING  -  Documentation file 'Iris\iris_api_dev_guide\content\revisionhome.md' contains a link to
            'Iris\iris_api_dev_guide\content\KSLint.md' which is not found in the documentation files.
WARNING  -  Documentation file 'Iris\iris_api_dev_guide\content\revisionhome.md' contains a link to
            'Iris\iris_api_dev_guide\content\ImportVoltMXIrisClassicProject.md' which is not found in the documentation
            files.
WARNING  -  Documentation file 'Iris\iris_api_dev_guide\content\revisionhome.md' contains a link to
            'Iris\iris_api_dev_guide\content\Responsive_Design_8_2.md' which is not found in the documentation files.
WARNING  -  Documentation file 'Iris\iris_api_dev_guide\content\revisionhome.md' contains a link to
            'Iris\iris_api_dev_guide\content\Responsive_Design_8_2.md' which is not found in the documentation files.
WARNING  -  Documentation file 'Iris\iris_api_dev_guide\content\revisionhome.md' contains a link to
            'Iris\iris_api_dev_guide\content\Responsive_Design_8_2.md' which is not found in the documentation files.
WARNING  -  Documentation file 'Iris\iris_api_dev_guide\content\revisionhome.md' contains a link to
            'Iris\iris_api_dev_guide\content\SPA_Custom_Widget.md' which is not found in the documentation files.
WARNING  -  Documentation file 'Iris\iris_api_dev_guide\content\revisionhome.md' contains a link to
            'Iris\iris_api_dev_guide\content\SPA_Custom_Widget.md' which is not found in the documentation files.
WARNING  -  Documentation file 'Iris\iris_api_dev_guide\content\revisionhome.md' contains a link to
            'Iris\iris_api_dev_guide\content\BuildAnSPAApplication.md' which is not found in the documentation files.
WARNING  -  Documentation file 'Iris\iris_api_dev_guide\content\revisionhome.md' contains a link to
            'Iris\iris_api_dev_guide\content\PublishVoltMXFoundryServicesApp.md' which is not found in the documentation
            files.
WARNING  -  Documentation file 'Iris\iris_api_dev_guide\content\revisionhome.md' contains a link to
            'Iris\iris_api_dev_guide\content\ProgressiveWebApp.md' which is not found in the documentation files.
WARNING  -  Documentation file 'Iris\iris_api_dev_guide\content\revisionhome.md' contains a link to
            'Iris\iris_api_dev_guide\content\Adding_and_Managing_Images.md' which is not found in the documentation
            files.
WARNING  -  Documentation file 'Iris\iris_api_dev_guide\content\revisionhome.md' contains a link to
            'Iris\iris_api_dev_guide\content\EAS.md' which is not found in the documentation files.
WARNING  -  Documentation file 'Iris\iris_api_dev_guide\content\revisionhome.md' contains a link to
            'Iris\iris_api_dev_guide\content\Cloud_Build_in_VoltMX_Iris.md' which is not found in the documentation
            files.
WARNING  -  Documentation file 'Iris\iris_api_dev_guide\content\revisionhome.md' contains a link to
            'Iris\iris_api_dev_guide\content\Flex_Container.md' which is not found in the documentation files.
WARNING  -  Documentation file 'Iris\iris_api_dev_guide\content\revisionhome.md' contains a link to
            'Iris\iris_api_dev_guide\content\CreateCordovaApplications.md' which is not found in the documentation
            files.
WARNING  -  Documentation file 'Iris\iris_api_dev_guide\content\revisionhome.md' contains a link to
            'Iris\iris_api_dev_guide\content\Native_App_Properties.md' which is not found in the documentation files.
WARNING  -  Documentation file 'Iris\iris_api_dev_guide\content\revisionhome.md' contains a link to
            'Iris\iris_api_dev_guide\content\AndroidX_Behavioral_Changes.md' which is not found in the documentation
            files.
WARNING  -  Documentation file 'Iris\iris_api_dev_guide\content\revisionhome.md' contains a link to
            'Iris\iris_api_dev_guide\content\Native_App_Properties.md' which is not found in the documentation files.
WARNING  -  Documentation file 'Iris\iris_api_dev_guide\content\revisionhome.md' contains a link to
            'Iris\iris_api_dev_guide\content\Native_App_Properties.md' which is not found in the documentation files.
WARNING  -  Documentation file 'Iris\iris_api_dev_guide\content\runtime_permissions.md' contains a link to
            'Iris\iris_api_dev_guide\content\resources\prettify\onload.png' which is not found in the documentation
            files.
WARNING  -  Documentation file 'Iris\iris_api_dev_guide\content\safetynetapi.md' contains a link to
            'Iris\iris_api_dev_guide\content\resources\prettify\onload.png' which is not found in the documentation
            files.
WARNING  -  Documentation file 'Iris\iris_api_dev_guide\content\securityprovider_api.md' contains a link to
            'Iris\iris_api_dev_guide\content\resources\prettify\onload.png' which is not found in the documentation
            files.
WARNING  -  Documentation file 'Iris\iris_api_dev_guide\content\session_configuration_api.md' contains a link to
            'Iris\iris_api_dev_guide\content\resources\prettify\onload.png' which is not found in the documentation
            files.
WARNING  -  Documentation file 'Iris\iris_api_dev_guide\content\sharedappgroupcontainerapi.md' contains a link to
            'Iris\iris_api_dev_guide\content\resources\prettify\onload.png' which is not found in the documentation
            files.
WARNING  -  Documentation file 'Iris\iris_api_dev_guide\content\sharefilesandroid.md' contains a link to
            'Iris\iris_api_dev_guide\content\resources\prettify\onload.png' which is not found in the documentation
            files.
WARNING  -  Documentation file 'Iris\iris_api_dev_guide\content\signinwithapple_api.md' contains a link to
            'Iris\iris_api_dev_guide\content\resources\prettify\onload.png' which is not found in the documentation
            files.
WARNING  -  Documentation file 'Iris\iris_api_dev_guide\content\speech.md' contains a link to
            'Iris\iris_api_dev_guide\content\resources\prettify\onload.png' which is not found in the documentation
            files.
WARNING  -  Documentation file 'Iris\iris_api_dev_guide\content\sqllite.md' contains a link to
            'Iris\iris_api_dev_guide\content\resources\prettify\onload.png' which is not found in the documentation
            files.
WARNING  -  Documentation file 'Iris\iris_api_dev_guide\content\start_library.md' contains a link to
            'Iris\iris_api_dev_guide\content\resources\prettify\onload.png' which is not found in the documentation
            files.
WARNING  -  Documentation file 'Iris\iris_api_dev_guide\content\string.md' contains a link to
            'Iris\iris_api_dev_guide\content\resources\prettify\onload.png' which is not found in the documentation
            files.
WARNING  -  Documentation file 'Iris\iris_api_dev_guide\content\sync_apis.md' contains a link to
            'Foundry\vmf_sync_orm_api_guide\Content\homepage.md' which is not found in the documentation files.
WARNING  -  Documentation file 'Iris\iris_api_dev_guide\content\sync_apis.md' contains a link to
            'Iris\iris_api_dev_guide\content\resources\prettify\onload.png' which is not found in the documentation
            files.
WARNING  -  Documentation file 'Iris\iris_api_dev_guide\content\themes.md' contains a link to
            'Iris\iris_api_dev_guide\content\resources\prettify\onload.png' which is not found in the documentation
            files.
WARNING  -  Documentation file 'Iris\iris_api_dev_guide\content\threading_apis.md' contains a link to
            'Iris\iris_api_dev_guide\content\resources\prettify\onload.png' which is not found in the documentation
            files.
WARNING  -  Documentation file 'Iris\iris_api_dev_guide\content\timer.md' contains a link to
            'Iris\iris_api_dev_guide\content\resources\prettify\onload.png' which is not found in the documentation
            files.
WARNING  -  Documentation file 'Iris\iris_api_dev_guide\content\toast_api.md' contains a link to
            'Iris\iris_api_dev_guide\content\resources\prettify\onload.png' which is not found in the documentation
            files.
WARNING  -  Documentation file 'Iris\iris_api_dev_guide\content\toast_properties.md' contains a link to
            'Iris\iris_api_dev_guide\content\resources\prettify\onload.png' which is not found in the documentation
            files.
WARNING  -  Documentation file 'Iris\iris_api_dev_guide\content\touch_id.md' contains a link to
            'Iris\iris_api_dev_guide\content\resources\prettify\onload.png' which is not found in the documentation
            files.
WARNING  -  Documentation file 'Iris\iris_api_dev_guide\content\transform_object_methods.md' contains a link to
            'Iris\iris_api_dev_guide\content\resources\prettify\onload.png' which is not found in the documentation
            files.
WARNING  -  Documentation file 'Iris\iris_api_dev_guide\content\unsupportedapis.md' contains a link to
            'Iris\iris_api_dev_guide\content\resources\prettify\onload.png' which is not found in the documentation
            files.
WARNING  -  Documentation file 'Iris\iris_api_dev_guide\content\voltmx.actionextension_functions.md' contains a link to
            'Iris\iris_api_dev_guide\content\resources\prettify\onload.png' which is not found in the documentation
            files.
WARNING  -  Documentation file 'Iris\iris_api_dev_guide\content\voltmx.actionextension_properties.md' contains a link to
            'Iris\iris_api_dev_guide\content\resources\prettify\onload.png' which is not found in the documentation
            files.
WARNING  -  Documentation file 'Iris\iris_api_dev_guide\content\voltmx.anim_constants.md' contains a link to
            'Iris\iris_api_dev_guide\content\resources\prettify\onload.png' which is not found in the documentation
            files.
WARNING  -  Documentation file 'Iris\iris_api_dev_guide\content\voltmx.application_appwindow.md' contains a link to
            'Iris\iris_api_dev_guide\content\resources\prettify\onload.png' which is not found in the documentation
            files.
WARNING  -  Documentation file 'Iris\iris_api_dev_guide\content\voltmx.application_constants.md' contains a link to
            'Iris\iris_api_dev_guide\content\resources\prettify\onload.png' which is not found in the documentation
            files.
WARNING  -  Documentation file 'Iris\iris_api_dev_guide\content\voltmx.application_functions.md' contains a link to
            'Iris\iris_api_dev_guide\content\resources\prettify\onload.png' which is not found in the documentation
            files.
WARNING  -  Documentation file 'Iris\iris_api_dev_guide\content\voltmx.application_functions_badgeapi.md' contains a
            link to 'Iris\iris_api_dev_guide\content\resources\prettify\onload.png' which is not found in the
            documentation files.
WARNING  -  Documentation file 'Iris\iris_api_dev_guide\content\voltmx.application_functions_bookmarkrefreshapi.md'
            contains a link to 'Iris\iris_api_dev_guide\content\resources\prettify\onload.png' which is not found in the
            documentation files.
WARNING  -  Documentation file 'Iris\iris_api_dev_guide\content\voltmx.application_functions_charmsapi.md' contains a
            link to 'Iris\iris_api_dev_guide\content\resources\prettify\onload.png' which is not found in the
            documentation files.
WARNING  -  Documentation file 'Iris\iris_api_dev_guide\content\voltmx.application_functions_gestures.md' contains a
            link to 'Iris\iris_api_dev_guide\content\resources\prettify\onload.png' which is not found in the
            documentation files.
WARNING  -  Documentation file 'Iris\iris_api_dev_guide\content\voltmx.application_functions_livetiles.md' contains a
            link to 'Iris\iris_api_dev_guide\content\resources\prettify\onload.png' which is not found in the
            documentation files.
WARNING  -  Documentation file 'Iris\iris_api_dev_guide\content\voltmx.application_functions_requestreview.md' contains
            a link to 'Iris\iris_api_dev_guide\content\resources\prettify\onload.png' which is not found in the
            documentation files.
WARNING  -  Documentation file 'Iris\iris_api_dev_guide\content\voltmx.application_functions_runtimepermissionsapi.md'
            contains a link to 'Iris\iris_api_dev_guide\content\resources\prettify\onload.png' which is not found in the
            documentation files.
WARNING  -  Documentation file 'Iris\iris_api_dev_guide\content\voltmx.application_in-app_updates_functions.md' contains
            a link to 'Iris\iris_api_dev_guide\content\resources\prettify\onload.png' which is not found in the
            documentation files.
WARNING  -  Documentation file 'Iris\iris_api_dev_guide\content\voltmx.application_namespace.md' contains a link to
            'Iris\iris_api_dev_guide\content\resources\prettify\onload.png' which is not found in the documentation
            files.
WARNING  -  Documentation file 'Iris\iris_api_dev_guide\content\voltmx.automation_namespace.md' contains a link to
            'Iris\iris_api_dev_guide\content\resources\prettify\onload.png' which is not found in the documentation
            files.
WARNING  -  Documentation file 'Iris\iris_api_dev_guide\content\voltmx.background_functions.md' contains a link to
            'Iris\iris_api_dev_guide\content\resources\prettify\onload.png' which is not found in the documentation
            files.
WARNING  -  Documentation file 'Iris\iris_api_dev_guide\content\voltmx.camera_functions.md' contains a link to
            'Iris\iris_api_dev_guide\content\resources\prettify\onload.png' which is not found in the documentation
            files.
WARNING  -  Documentation file 'Iris\iris_api_dev_guide\content\voltmx.contact_functions.md' contains a link to
            'Iris\iris_api_dev_guide\content\resources\prettify\onload.png' which is not found in the documentation
            files.
WARNING  -  Documentation file 'Iris\iris_api_dev_guide\content\voltmx.crypto_functions.md' contains a link to
            'Iris\iris_api_dev_guide\content\resources\prettify\onload.png' which is not found in the documentation
            files.
WARNING  -  Documentation file 'Iris\iris_api_dev_guide\content\voltmx.db_functions.md' contains a link to
            'Iris\iris_api_dev_guide\content\resources\prettify\onload.png' which is not found in the documentation
            files.
WARNING  -  Documentation file 'Iris\iris_api_dev_guide\content\voltmx.dragdrop_functions.md' contains a link to
            'Iris\iris_api_dev_guide\content\resources\prettify\onload.png' which is not found in the documentation
            files.
WARNING  -  Documentation file 'Iris\iris_api_dev_guide\content\voltmx.ds_functions.md' contains a link to
            'Iris\iris_api_dev_guide\content\resources\prettify\onload.png' which is not found in the documentation
            files.
WARNING  -  Documentation file 'Iris\iris_api_dev_guide\content\voltmx.forcetouch_functions.md' contains a link to
            'Iris\iris_api_dev_guide\content\resources\prettify\onload.png' which is not found in the documentation
            files.
WARNING  -  Documentation file 'Iris\iris_api_dev_guide\content\voltmx.forcetouch_namespace.md' contains a link to
            'Iris\iris_api_dev_guide\content\resources\prettify\onload.png' which is not found in the documentation
            files.
WARNING  -  Documentation file 'Iris\iris_api_dev_guide\content\voltmx.forcetouch_namespace_constants.md' contains a
            link to 'Iris\iris_api_dev_guide\content\resources\prettify\onload.png' which is not found in the
            documentation files.
WARNING  -  Documentation file 'Iris\iris_api_dev_guide\content\voltmx.gms_functions.md' contains a link to
            'Iris\iris_api_dev_guide\content\resources\prettify\onload.png' which is not found in the documentation
            files.
WARNING  -  Documentation file 'Iris\iris_api_dev_guide\content\voltmx.haptics.md' contains a link to
            'Iris\iris_api_dev_guide\content\resources\prettify\onload.png' which is not found in the documentation
            files.
WARNING  -  Documentation file 'Iris\iris_api_dev_guide\content\voltmx.i18n_functions.md' contains a link to
            'Iris\iris_api_dev_guide\content\resources\prettify\onload.png' which is not found in the documentation
            files.
WARNING  -  Documentation file 'Iris\iris_api_dev_guide\content\voltmx.imessageextensionsfunctions.md' contains a link
            to 'Iris\iris_api_dev_guide\content\resources\prettify\onload.png' which is not found in the documentation
            files.
WARNING  -  Documentation file 'Iris\iris_api_dev_guide\content\voltmx.intentextension_functions.md' contains a link to
            'Iris\iris_api_dev_guide\content\resources\prettify\onload.png' which is not found in the documentation
            files.
WARNING  -  Documentation file 'Iris\iris_api_dev_guide\content\voltmx.io.file_functions.md' contains a link to
            'Iris\iris_api_dev_guide\content\resources\prettify\onload.png' which is not found in the documentation
            files.
WARNING  -  Documentation file 'Iris\iris_api_dev_guide\content\voltmx.io.file_namespace.md' contains a link to
            'Iris\iris_api_dev_guide\content\resources\prettify\onload.png' which is not found in the documentation
            files.
WARNING  -  Documentation file 'Iris\iris_api_dev_guide\content\voltmx.io.filelist_functions.md' contains a link to
            'Iris\iris_api_dev_guide\content\resources\prettify\onload.png' which is not found in the documentation
            files.
WARNING  -  Documentation file 'Iris\iris_api_dev_guide\content\voltmx.io.filesystem_functions.md' contains a link to
            'Iris\iris_api_dev_guide\content\resources\prettify\onload.png' which is not found in the documentation
            files.
WARNING  -  Documentation file 'Iris\iris_api_dev_guide\content\voltmx.keychain_functions.md' contains a link to
            'Iris\iris_api_dev_guide\content\resources\prettify\onload.png' which is not found in the documentation
            files.
WARNING  -  Documentation file 'Iris\iris_api_dev_guide\content\voltmx.lang_functions.md' contains a link to
            'Iris\iris_api_dev_guide\content\resources\prettify\onload.png' which is not found in the documentation
            files.
WARNING  -  Documentation file 'Iris\iris_api_dev_guide\content\voltmx.localauthentication_functions.md' contains a link
            to 'Iris\iris_api_dev_guide\content\resources\prettify\onload.png' which is not found in the documentation
            files.
WARNING  -  Documentation file 'Iris\iris_api_dev_guide\content\voltmx.localnotifications_functions.md' contains a link
            to 'Iris\iris_api_dev_guide\content\resources\prettify\onload.png' which is not found in the documentation
            files.
WARNING  -  Documentation file 'Iris\iris_api_dev_guide\content\voltmx.localnotifications_properties.md' contains a link
            to 'Iris\iris_api_dev_guide\content\resources\prettify\onload.png' which is not found in the documentation
            files.
WARNING  -  Documentation file 'Iris\iris_api_dev_guide\content\voltmx.location_deprecated.md' contains a link to
            'Iris\iris_api_dev_guide\content\resources\prettify\onload.png' which is not found in the documentation
            files.
WARNING  -  Documentation file 'Iris\iris_api_dev_guide\content\voltmx.location_functions.md' contains a link to
            'Iris\iris_api_dev_guide\content\resources\prettify\onload.png' which is not found in the documentation
            files.
WARNING  -  Documentation file 'Iris\iris_api_dev_guide\content\voltmx.math_functions.md' contains a link to
            'Iris\iris_api_dev_guide\content\resources\prettify\onload.png' which is not found in the documentation
            files.
WARNING  -  Documentation file 'Iris\iris_api_dev_guide\content\voltmx.media_functions.md' contains a link to
            'Iris\iris_api_dev_guide\content\resources\prettify\onload.png' which is not found in the documentation
            files.
WARNING  -  Documentation file 'Iris\iris_api_dev_guide\content\voltmx.media_namespace.md' contains a link to
            'Iris\iris_api_dev_guide\content\resources\prettify\onload.png' which is not found in the documentation
            files.
WARNING  -  Documentation file 'Iris\iris_api_dev_guide\content\voltmx.ml_namespace_functions.md' contains a link to
            'Iris\iris_api_dev_guide\content\resources\prettify\onload.png' which is not found in the documentation
            files.
WARNING  -  Documentation file 'Iris\iris_api_dev_guide\content\voltmx.modules_functions.md' contains a link to
            'Iris\iris_api_dev_guide\content\resources\prettify\onload.png' which is not found in the documentation
            files.
WARNING  -  Documentation file 'Iris\iris_api_dev_guide\content\voltmx.net.cache_functions.md' contains a link to
            'Iris\iris_api_dev_guide\content\resources\prettify\onload.png' which is not found in the documentation
            files.
WARNING  -  Documentation file 'Iris\iris_api_dev_guide\content\voltmx.net_deprecated.md' contains a link to
            'Iris\iris_api_dev_guide\content\resources\prettify\onload.png' which is not found in the documentation
            files.
WARNING  -  Documentation file 'Iris\iris_api_dev_guide\content\voltmx.net_functions.md' contains a link to
            'Iris\iris_api_dev_guide\content\resources\prettify\onload.png' which is not found in the documentation
            files.
WARNING  -  Documentation file 'Iris\iris_api_dev_guide\content\voltmx.net_namespace.md' contains a link to
            'Iris\iris_api_dev_guide\content\resources\prettify\onload.png' which is not found in the documentation
            files.
WARNING  -  Documentation file 'Iris\iris_api_dev_guide\content\voltmx.notificationcontentextension_functions.md'
            contains a link to 'Iris\iris_api_dev_guide\content\resources\prettify\onload.png' which is not found in the
            documentation files.
WARNING  -  Documentation file 'Iris\iris_api_dev_guide\content\voltmx.notificationssettings_functions.md' contains a
            link to 'Iris\iris_api_dev_guide\content\resources\prettify\onload.png' which is not found in the
            documentation files.
WARNING  -  Documentation file 'Iris\iris_api_dev_guide\content\voltmx.os_constants.md' contains a link to
            'Iris\iris_api_dev_guide\content\resources\prettify\onload.png' which is not found in the documentation
            files.
WARNING  -  Documentation file 'Iris\iris_api_dev_guide\content\voltmx.os_constants_batteryapi.md' contains a link to
            'Iris\iris_api_dev_guide\content\resources\prettify\onload.png' which is not found in the documentation
            files.
WARNING  -  Documentation file 'Iris\iris_api_dev_guide\content\voltmx.os_functions.md' contains a link to
            'Iris\iris_api_dev_guide\content\resources\prettify\onload.png' which is not found in the documentation
            files.
WARNING  -  Documentation file 'Iris\iris_api_dev_guide\content\voltmx.os_functions_batteryapi.md' contains a link to
            'Iris\iris_api_dev_guide\content\resources\prettify\onload.png' which is not found in the documentation
            files.
WARNING  -  Documentation file 'Iris\iris_api_dev_guide\content\voltmx.os_namespace.md' contains a link to
            'Iris\iris_api_dev_guide\content\resources\prettify\onload.png' which is not found in the documentation
            files.
WARNING  -  Documentation file 'Iris\iris_api_dev_guide\content\voltmx.os_objects.md' contains a link to
            'Iris\iris_api_dev_guide\content\resources\prettify\onload.png' which is not found in the documentation
            files.
WARNING  -  Documentation file 'Iris\iris_api_dev_guide\content\voltmx.os_objects_deviceinfo.md' contains a link to
            'Iris\iris_api_dev_guide\content\resources\prettify\onload.png' which is not found in the documentation
            files.
WARNING  -  Documentation file 'Iris\iris_api_dev_guide\content\voltmx.payment_functions.md' contains a link to
            'Iris\iris_api_dev_guide\content\resources\prettify\onload.png' which is not found in the documentation
            files.
WARNING  -  Documentation file 'Iris\iris_api_dev_guide\content\voltmx.phone_functions.md' contains a link to
            'Iris\iris_api_dev_guide\content\resources\prettify\onload.png' which is not found in the documentation
            files.
WARNING  -  Documentation file 'Iris\iris_api_dev_guide\content\voltmx.push_functions.md' contains a link to
            'Iris\iris_api_dev_guide\content\resources\prettify\onload.png' which is not found in the documentation
            files.
WARNING  -  Documentation file 'Iris\iris_api_dev_guide\content\voltmx.reactnative_functions.md' contains a link to
            'Iris\iris_api_dev_guide\content\resources\prettify\onload.png' which is not found in the documentation
            files.
WARNING  -  Documentation file 'Iris\iris_api_dev_guide\content\voltmx.screenrecorder.md' contains a link to
            'Iris\iris_api_dev_guide\content\resources\prettify\onload.png' which is not found in the documentation
            files.
WARNING  -  Documentation file 'Iris\iris_api_dev_guide\content\voltmx.shareextensionsfunctions.md' contains a link to
            'Iris\iris_api_dev_guide\content\resources\prettify\onload.png' which is not found in the documentation
            files.
WARNING  -  Documentation file 'Iris\iris_api_dev_guide\content\voltmx.signinwithapple_functions.md' contains a link to
            'Iris\iris_api_dev_guide\content\resources\prettify\onload.png' which is not found in the documentation
            files.
WARNING  -  Documentation file 'Iris\iris_api_dev_guide\content\voltmx.store_functions.md' contains a link to
            'Iris\iris_api_dev_guide\content\resources\prettify\onload.png' which is not found in the documentation
            files.
WARNING  -  Documentation file 'Iris\iris_api_dev_guide\content\voltmx.string_deprecated.md' contains a link to
            'Iris\iris_api_dev_guide\content\resources\prettify\onload.png' which is not found in the documentation
            files.
WARNING  -  Documentation file 'Iris\iris_api_dev_guide\content\voltmx.string_functions.md' contains a link to
            'Iris\iris_api_dev_guide\content\resources\prettify\onload.png' which is not found in the documentation
            files.
WARNING  -  Documentation file 'Iris\iris_api_dev_guide\content\voltmx.timer_functions.md' contains a link to
            'Iris\iris_api_dev_guide\content\resources\prettify\onload.png' which is not found in the documentation
            files.
WARNING  -  Documentation file 'Iris\iris_api_dev_guide\content\voltmx.todayextension.md' contains a link to
            'Iris\iris_api_dev_guide\content\resources\prettify\onload.png' which is not found in the documentation
            files.
WARNING  -  Documentation file 'Iris\iris_api_dev_guide\content\voltmx.todayextension_functions.md' contains a link to
            'Iris\iris_api_dev_guide\content\resources\prettify\onload.png' which is not found in the documentation
            files.
WARNING  -  Documentation file 'Iris\iris_api_dev_guide\content\voltmx.types.rawbytes_namespace.md' contains a link to
            'Iris\iris_api_dev_guide\content\resources\prettify\onload.png' which is not found in the documentation
            files.
WARNING  -  Documentation file 'Iris\iris_api_dev_guide\content\voltmx.types_objects.md' contains a link to
            'Iris\iris_api_dev_guide\content\resources\prettify\onload.png' which is not found in the documentation
            files.
WARNING  -  Documentation file 'Iris\iris_api_dev_guide\content\voltmx.types_objects_rawbytes.md' contains a link to
            'Iris\iris_api_dev_guide\content\resources\prettify\onload.png' which is not found in the documentation
            files.
WARNING  -  Documentation file 'Iris\iris_api_dev_guide\content\voltmx.ui_functions.md' contains a link to
            'Iris\iris_api_dev_guide\content\resources\prettify\onload.png' which is not found in the documentation
            files.
WARNING  -  Documentation file 'Iris\iris_api_dev_guide\content\voltmx.ui_functions_actionitem.md' contains a link to
            'Iris\iris_api_dev_guide\content\resources\prettify\onload.png' which is not found in the documentation
            files.
WARNING  -  Documentation file 'Iris\iris_api_dev_guide\content\voltmx.ui_functions_actionsheet.md' contains a link to
            'Iris\iris_api_dev_guide\content\resources\prettify\onload.png' which is not found in the documentation
            files.
WARNING  -  Documentation file 'Iris\iris_api_dev_guide\content\voltmx.ui_functions_alert.md' contains a link to
            'Iris\iris_api_dev_guide\content\resources\prettify\onload.png' which is not found in the documentation
            files.
WARNING  -  Documentation file 'Iris\iris_api_dev_guide\content\voltmx.ui_functions_createanimation.md' contains a link
            to 'Iris\iris_api_dev_guide\content\resources\prettify\onload.png' which is not found in the documentation
            files.
WARNING  -  Documentation file 'Iris\iris_api_dev_guide\content\voltmx.vocabulary_functions.md' contains a link to
            'Iris\iris_api_dev_guide\content\resources\prettify\onload.png' which is not found in the documentation
            files.
WARNING  -  Documentation file 'Iris\iris_api_dev_guide\content\voltmx.worker_functions.md' contains a link to
            'Iris\iris_api_dev_guide\content\resources\prettify\onload.png' which is not found in the documentation
            files.
WARNING  -  Documentation file 'Iris\iris_api_dev_guide\content\voltmx_application__settings_functions.md' contains a
            link to 'Iris\iris_api_dev_guide\content\resources\prettify\onload.png' which is not found in the
            documentation files.
WARNING  -  Documentation file 'Iris\iris_api_dev_guide\content\voltmx_automation_api.md' contains a link to
            'Iris\iris_api_dev_guide\content\resources\prettify\onload.png' which is not found in the documentation
            files.
WARNING  -  Documentation file 'Iris\iris_api_dev_guide\content\voltmx_functions.md' contains a link to
            'Iris\iris_api_dev_guide\content\resources\prettify\onload.png' which is not found in the documentation
            files.
WARNING  -  Documentation file 'Iris\iris_api_dev_guide\content\voltmx_functions_threadingapis.md' contains a link to
            'Iris\iris_api_dev_guide\content\resources\prettify\onload.png' which is not found in the documentation
            files.
WARNING  -  Documentation file 'Iris\iris_api_dev_guide\content\voltmx_map_constants.md' contains a link to
            'Iris\iris_api_dev_guide\content\resources\prettify\onload.png' which is not found in the documentation
            files.
WARNING  -  Documentation file 'Iris\iris_api_dev_guide\content\voltmx_map_functions.md' contains a link to
            'Iris\iris_api_dev_guide\content\resources\prettify\onload.png' which is not found in the documentation
            files.
WARNING  -  Documentation file 'Iris\iris_api_dev_guide\content\voltmxfilterfilterobjmethods.md' contains a link to
            'Iris\iris_api_dev_guide\content\resources\prettify\onload.png' which is not found in the documentation
            files.
WARNING  -  Documentation file 'Iris\iris_api_dev_guide\content\voltmxfilterfunctions.md' contains a link to
            'Iris\iris_api_dev_guide\content\resources\prettify\onload.png' which is not found in the documentation
            files.
WARNING  -  Documentation file 'Iris\iris_api_dev_guide\content\voltmxfilternamespace.md' contains a link to
            'Iris\iris_api_dev_guide\content\resources\prettify\onload.png' which is not found in the documentation
            files.
WARNING  -  Documentation file 'Iris\iris_api_dev_guide\content\voltmximagenamespace.md' contains a link to
            'Iris\iris_api_dev_guide\content\resources\prettify\onload.png' which is not found in the documentation
            files.
WARNING  -  Documentation file 'Iris\iris_api_dev_guide\content\voltmximagenamespaceconstants.md' contains a link to
            'Iris\iris_api_dev_guide\content\resources\prettify\onload.png' which is not found in the documentation
            files.
WARNING  -  Documentation file 'Iris\iris_api_dev_guide\content\voltmximagenamespacefunctions.md' contains a link to
            'Iris\iris_api_dev_guide\content\resources\prettify\onload.png' which is not found in the documentation
            files.
WARNING  -  Documentation file 'Iris\iris_api_dev_guide\content\worker_apis.md' contains a link to
            'Iris\iris_api_dev_guide\content\voltmx.modules*functions.md' which is not found in the documentation files.
WARNING  -  Documentation file 'Iris\iris_api_dev_guide\content\worker_apis.md' contains a link to
            'Iris\iris_api_dev_guide\content\resources\prettify\onload.png' which is not found in the documentation
            files.
WARNING  -  Documentation file 'Iris\iris_api_dev_guide\content\workerthreadobject_methods.md' contains a link to
            'Iris\iris_api_dev_guide\content\resources\prettify\onload.png' which is not found in the documentation
            files.
WARNING  -  Documentation file 'Iris\iris_api_dev_guide\content\zipunzip_android.md' contains a link to
            'Iris\iris_api_dev_guide\content\resources\prettify\onload.png' which is not found in the documentation
            files.
WARNING  -  Documentation file 'Iris\iris_api_dev_guide\content\zipunzip_ios.md' contains a link to
            'Iris\iris_api_dev_guide\content\resources\prettify\onload.png' which is not found in the documentation
            files.
WARNING  -  Documentation file 'Iris\iris_app_viewer\Content\FunctionalPreviewStarter.md' contains a link to
            'Iris\iris_app_viewer\Content\Resources\Images\HCL_cloud_252x369.png' which is not found in the
            documentation files.
WARNING  -  Documentation file 'Iris\iris_nf_api_dev_guide\content\ios_quickstart.md' contains a link to
            'Iris\iris_user_guide\Content\CreateNewProject.html' which is not found in the documentation files.
WARNING  -  Documentation file 'Iris\iris_starter_install_mac\Content\Getting Started.md' contains a link to
            'Iris\iris_starter_install_mac\Prerequisites.md' which is not found in the documentation files.
WARNING  -  Documentation file 'Iris\iris_starter_install_mac\Content\Getting Started.md' contains a link to
            'Iris\iris_starter_install_mac\Prerequisites.md' which is not found in the documentation files.
WARNING  -  Documentation file 'Iris\iris_starter_install_mac\Content\Getting Started.md' contains a link to
            'Iris\iris_starter_install_mac\Prerequisites.md' which is not found in the documentation files.
WARNING  -  Documentation file 'Iris\iris_starter_install_mac\Content\Getting Started.md' contains a link to
            'Iris\iris_starter_install_mac\Prerequisites.md' which is not found in the documentation files.
WARNING  -  Documentation file 'Iris\iris_starter_install_mac\Content\Getting Started.md' contains a link to
            'Iris\iris_starter_install_mac\Installing VoltMX Iris.md' which is not found in the documentation files.
WARNING  -  Documentation file 'Iris\iris_starter_install_mac\Content\Getting Started.md' contains a link to
            'Iris\iris_starter_install_mac\Installing VoltMX Iris.md' which is not found in the documentation files.
WARNING  -  Documentation file 'Iris\iris_starter_install_mac\Content\Getting Started.md' contains a link to
            'Iris\iris_starter_install_mac\Installing VoltMX Iris.md' which is not found in the documentation files.
WARNING  -  Documentation file 'Iris\iris_starter_install_mac\Content\Getting Started.md' contains a link to
            'Iris\iris_starter_install_mac\Installing VoltMX Iris.md' which is not found in the documentation files.
WARNING  -  Documentation file 'Iris\iris_starter_install_mac\Content\Getting Started.md' contains a link to
            'Iris\iris_starter_install_mac\Installing VoltMX Iris.md' which is not found in the documentation files.
WARNING  -  Documentation file 'Iris\iris_starter_install_mac\Content\Getting Started.md' contains a link to
            'Iris\iris_starter_install_mac\Installing VoltMX Iris.md' which is not found in the documentation files.
WARNING  -  Documentation file 'Iris\iris_starter_install_mac\Content\Getting Started.md' contains a link to
            'Iris\iris_starter_install_mac\Launching VoltMX Iris.md' which is not found in the documentation files.
WARNING  -  Documentation file 'Iris\iris_starter_install_mac\Content\Getting Started.md' contains a link to
            'Iris\iris_starter_install_mac\Launching VoltMX Iris.md' which is not found in the documentation files.
WARNING  -  Documentation file 'Iris\iris_starter_install_mac\Content\Getting Started.md' contains a link to
            'Iris\iris_starter_install_mac\Upgrade.md' which is not found in the documentation files.
WARNING  -  Documentation file 'Iris\iris_starter_install_mac\Content\Getting Started.md' contains a link to
            'Iris\iris_starter_install_mac\StudioInstallation_FAQs.md' which is not found in the documentation files.
WARNING  -  Documentation file 'Iris\iris_starter_install_mac\Content\Getting Started.md' contains a link to
            'Iris\iris_starter_install_mac\Content\Resources\Images\KeyFeatures.png' which is not found in the
            documentation files.
WARNING  -  Documentation file 'Iris\iris_starter_install_mac\Content\Getting Started.md' contains a link to
            'Iris\iris_starter_install_mac\Content\Resources\Images\BasicSteps.png' which is not found in the
            documentation files.
WARNING  -  Documentation file 'Iris\iris_starter_install_mac\Content\Getting Started.md' contains a link to
            'Iris\iris_starter_install_mac\Content\Resources\Images\WhatsNew.png' which is not found in the
            documentation files.
WARNING  -  Documentation file 'Iris\iris_starter_install_mac\Content\Getting Started.md' contains a link to
            'Iris\iris_starter_install_mac\Content\Resources\Images\FAQs.png' which is not found in the documentation
            files.
WARNING  -  Documentation file 'Iris\iris_starter_install_mac\Content\Getting Started.md' contains a link to
            'Iris\iris_starter_install_mac\Content\Resources\Images\BasicSteps.png' which is not found in the
            documentation files.
WARNING  -  Documentation file 'Iris\iris_starter_install_mac\Content\Getting Started.md' contains a link to
            'Iris\iris_starter_install_mac\Content\Resources\Images\BasicSteps.png' which is not found in the
            documentation files.
WARNING  -  Documentation file 'Iris\iris_starter_install_mac\Content\Getting Started.md' contains a link to
            'Iris\iris_starter_install_mac\Content\Resources\Images\PDF Cover.png' which is not found in the
            documentation files.
WARNING  -  Documentation file 'Iris\iris_starter_install_mac\Content\Getting Started.md' contains a link to
            'Iris\iris_starter_install_mac\Content\Resources\Images\PDF Cover.png' which is not found in the
            documentation files.
WARNING  -  Documentation file 'Iris\iris_starter_install_mac\Content\Getting Started.md' contains a link to
            'Iris\iris_starter_install_mac\Content\Resources\Images\PDF Cover.png' which is not found in the
            documentation files.
WARNING  -  Documentation file 'Iris\iris_starter_install_mac\Content\Getting Started.md' contains a link to
            'Iris\iris_starter_install_mac\Content\Resources\Images\PDF Cover.png' which is not found in the
            documentation files.
WARNING  -  Documentation file 'Iris\iris_starter_install_mac\Content\Getting Started.md' contains a link to
            'Iris\iris_starter_install_mac\Content\Resources\Images\PDF Cover.png' which is not found in the
            documentation files.
WARNING  -  Documentation file 'Iris\iris_starter_install_mac\Content\Getting Started.md' contains a link to
            'Iris\iris_starter_install_mac\Content\Resources\Images\PDF Cover.png' which is not found in the
            documentation files.
WARNING  -  Documentation file 'Iris\iris_starter_install_mac\Content\Getting Started.md' contains a link to
            'Iris\iris_starter_install_mac\Prerequisites.md' which is not found in the documentation files.
WARNING  -  Documentation file 'Iris\iris_starter_install_mac\Content\Getting Started.md' contains a link to
            'Iris\iris_starter_install_mac\Prerequisites.md' which is not found in the documentation files.
WARNING  -  Documentation file 'Iris\iris_starter_install_mac\Content\Getting Started.md' contains a link to
            'Iris\iris_starter_install_mac\Prerequisites.md' which is not found in the documentation files.
WARNING  -  Documentation file 'Iris\iris_starter_install_mac\Content\Getting Started.md' contains a link to
            'Iris\iris_starter_install_mac\Installing VoltMX Iris.md' which is not found in the documentation files.
WARNING  -  Documentation file 'Iris\iris_starter_install_mac\Content\Getting Started.md' contains a link to
            'Iris\iris_starter_install_mac\Installing VoltMX Iris.md' which is not found in the documentation files.
WARNING  -  Documentation file 'Iris\iris_starter_install_mac\Content\Getting Started.md' contains a link to
            'Iris\iris_starter_install_mac\Launching VoltMX Iris.md' which is not found in the documentation files.
WARNING  -  Documentation file 'Iris\iris_starter_install_mac\Content\Getting Started.md' contains a link to
            'Iris\iris_starter_install_mac\Launching VoltMX Iris.md' which is not found in the documentation files.
WARNING  -  Documentation file 'Iris\iris_starter_install_mac\Content\Getting Started.md' contains a link to
            'Iris\iris_starter_install_mac\Upgrade.md' which is not found in the documentation files.
WARNING  -  Documentation file 'Iris\iris_starter_install_mac\Content\Getting Started.md' contains a link to
            'Iris\iris_starter_install_mac\StudioInstallation_FAQs.md' which is not found in the documentation files.
WARNING  -  Documentation file 'Iris\iris_starter_install_mac\Content\Launching VoltMX Iris.md' contains a link to
            'Iris\iris_starter_install_mac\Content\Resources\Mac_installatioguideimages\VoltMX_IQ.png' which is not
            found in the documentation files.
WARNING  -  Documentation file 'Iris\iris_starter_install_mac\Content\Launching VoltMX Iris.md' contains a link to
            'Iris\iris_starter_install_mac\Content\Resources\Mac_installatioguideimages\VoltMX_IQ_thumb_288_192.png'
            which is not found in the documentation files.
WARNING  -  Documentation file 'Iris\iris_starter_install_mac\Content\Prerequisites.md' contains a link to
            'Iris\iris_starter_install_mac\Content\Preface.md' which is not found in the documentation files.
WARNING  -  Documentation file 'Iris\iris_starter_install_mac\Content\Prerequisites.md' contains a link to
            'Iris\iris_starter_install_mac\Content\homepage.md' which is not found in the documentation files.
WARNING  -  Documentation file 'Iris\iris_starter_install_mac\Content\Snippet.md' contains a link to
            'Iris\iris_starter_install_mac\Content\Working with the Skins.md' which is not found in the documentation
            files.
WARNING  -  Documentation file 'Iris\iris_starter_install_mac\Content\Snippet.md' contains a link to
            'Iris\iris_starter_install_mac\Content\Action Editor.md' which is not found in the documentation files.
WARNING  -  Documentation file 'Iris\iris_starter_install_mac\Content\Uninstalling VoltMX Iris.md' contains a link to
            'Iris\iris_starter_install_mac\Content\Resources\Images\uninstall1.jpg' which is not found in the
            documentation files.
WARNING  -  Documentation file 'Iris\iris_starter_install_mac\Content\Uninstalling VoltMX Iris.md' contains a link to
            'Iris\iris_starter_install_mac\Content\Resources\Images\uninstall1_thumb_0_288.jpg' which is not found in
            the documentation files.
WARNING  -  Documentation file 'Iris\iris_starter_install_mac\Content\Uninstalling VoltMX Iris.md' contains a link to
            'Iris\iris_starter_install_mac\Content\Resources\Images\win_st_uninstall.png' which is not found in the
            documentation files.
WARNING  -  Documentation file 'Iris\iris_starter_install_mac\Content\Uninstalling VoltMX Iris.md' contains a link to
            'Iris\iris_starter_install_mac\Content\Resources\Images\win_st_uninstall_thumb_0_288.png' which is not found
            in the documentation files.
WARNING  -  Documentation file 'Iris\iris_starter_install_mac\Content\Uninstalling VoltMX Iris.md' contains a link to
            'Iris\iris_starter_install_mac\Content\Resources\Images\uninstall3.png' which is not found in the
            documentation files.
WARNING  -  Documentation file 'Iris\iris_starter_install_mac\Content\Uninstalling VoltMX Iris.md' contains a link to
            'Iris\iris_starter_install_mac\Content\Resources\Images\uninstall3_thumb_0_288.png' which is not found in
            the documentation files.
WARNING  -  Documentation file 'Iris\iris_starter_install_mac\Content\Uninstalling VoltMX Iris.md' contains a link to
            'Iris\iris_starter_install_mac\Content\Resources\Images\uninstall4.png' which is not found in the
            documentation files.
WARNING  -  Documentation file 'Iris\iris_starter_install_mac\Content\Uninstalling VoltMX Iris.md' contains a link to
            'Iris\iris_starter_install_mac\Content\Resources\Images\uninstall4_thumb_0_288.png' which is not found in
            the documentation files.
WARNING  -  Documentation file 'Iris\iris_starter_install_mac\Content\Workspace.md' contains a link to
            'Iris\iris_starter_install_mac\Content\Project Explorer.md' which is not found in the documentation files.
WARNING  -  Documentation file 'Iris\iris_starter_install_mac\Content\Workspace.md' contains a link to
            'Iris\iris_starter_install_mac\Content\Library Explorer.md' which is not found in the documentation files.
WARNING  -  Documentation file 'Iris\iris_starter_install_mac\Content\Workspace.md' contains a link to
            'Iris\iris_starter_install_mac\Content\App Canvas.md' which is not found in the documentation files.
WARNING  -  Documentation file 'Iris\iris_starter_install_mac\Content\A_Getting Started\Basic Steps.md' contains a link
            to 'Iris\iris_starter_install_mac\Content\Installing VoltMXIris.md' which is not found in the documentation
            files.
WARNING  -  Documentation file 'Iris\iris_starter_install_mac\Content\A_Getting Started\Build and Productivity.md'
            contains a link to 'Iris\iris_starter_install_mac\Content\A_Getting Started\A_Getting Started\Getting
            Started.md' which is not found in the documentation files.
WARNING  -  Documentation file 'Iris\iris_starter_install_mac\Content\A_Getting Started\Build and Productivity.md'
            contains a link to 'Iris\iris_starter_install_mac\Content\A_Getting
            Started\Resources\Images\KeyFeatures.png' which is not found in the documentation files.
WARNING  -  Documentation file 'Iris\iris_starter_install_mac\Content\A_Getting Started\Build and Productivity.md'
            contains a link to 'Iris\iris_starter_install_mac\Content\A_Getting Started\A_Getting Started\Designing
            Frontend.md' which is not found in the documentation files.
WARNING  -  Documentation file 'Iris\iris_starter_install_mac\Content\A_Getting Started\Build and Productivity.md'
            contains a link to 'Iris\iris_starter_install_mac\Content\A_Getting Started\Resources\Images\BasicSteps.png'
            which is not found in the documentation files.
WARNING  -  Documentation file 'Iris\iris_starter_install_mac\Content\A_Getting Started\Build and Productivity.md'
            contains a link to 'Iris\iris_starter_install_mac\Content\A_Getting Started\A_Getting Started\Designing
            Backend.md' which is not found in the documentation files.
WARNING  -  Documentation file 'Iris\iris_starter_install_mac\Content\A_Getting Started\Build and Productivity.md'
            contains a link to 'Iris\iris_starter_install_mac\Content\A_Getting Started\Resources\Images\WhatsNew.png'
            which is not found in the documentation files.
WARNING  -  Documentation file 'Iris\iris_starter_install_mac\Content\A_Getting Started\Build and Productivity.md'
            contains a link to 'Iris\iris_starter_install_mac\Content\A_Getting Started\A_Getting Started\Build and
            Productivity.md' which is not found in the documentation files.
WARNING  -  Documentation file 'Iris\iris_starter_install_mac\Content\A_Getting Started\Build and Productivity.md'
            contains a link to 'Iris\iris_starter_install_mac\Content\A_Getting Started\Resources\Images\FAQs.png' which
            is not found in the documentation files.
WARNING  -  Documentation file 'Iris\iris_starter_install_mac\Content\A_Getting Started\Build and Productivity.md'
            contains a link to 'Iris\iris_starter_install_mac\Content\A_Getting Started\A_Getting Started\Concepts and
            architecture.md' which is not found in the documentation files.
WARNING  -  Documentation file 'Iris\iris_starter_install_mac\Content\A_Getting Started\Build and Productivity.md'
            contains a link to 'Iris\iris_starter_install_mac\Content\A_Getting Started\Resources\Images\BasicSteps.png'
            which is not found in the documentation files.
WARNING  -  Documentation file 'Iris\iris_starter_install_mac\Content\A_Getting Started\Build and Productivity.md'
            contains a link to 'Iris\iris_starter_install_mac\Content\A_Getting Started\A_Getting Started\Resources.md'
            which is not found in the documentation files.
WARNING  -  Documentation file 'Iris\iris_starter_install_mac\Content\A_Getting Started\Build and Productivity.md'
            contains a link to 'Iris\iris_starter_install_mac\Content\A_Getting Started\Resources\Images\BasicSteps.png'
            which is not found in the documentation files.
WARNING  -  Documentation file 'Iris\iris_starter_install_mac\Content\A_Getting Started\Build and Productivity.md'
            contains a link to 'Iris\iris_starter_install_mac\Content\A_Getting Started\A_Getting Started\Getting
            Started.md' which is not found in the documentation files.
WARNING  -  Documentation file 'Iris\iris_starter_install_mac\Content\A_Getting Started\Build and Productivity.md'
            contains a link to 'Iris\iris_starter_install_mac\Content\A_Getting Started\A_Getting Started\Basic
            Steps.md' which is not found in the documentation files.
WARNING  -  Documentation file 'Iris\iris_starter_install_mac\Content\A_Getting Started\Build and Productivity.md'
            contains a link to 'Iris\iris_starter_install_mac\Content\A_Getting Started\Resources\Images\PDF Cover.png'
            which is not found in the documentation files.
WARNING  -  Documentation file 'Iris\iris_starter_install_mac\Content\A_Getting Started\Build and Productivity.md'
            contains a link to 'Iris\iris_starter_install_mac\Content\A_Getting Started\Resources\Images\PDF Cover.png'
            which is not found in the documentation files.
WARNING  -  Documentation file 'Iris\iris_starter_install_mac\Content\A_Getting Started\Build and Productivity.md'
            contains a link to 'Iris\iris_starter_install_mac\Content\A_Getting Started\Resources\Images\PDF Cover.png'
            which is not found in the documentation files.
WARNING  -  Documentation file 'Iris\iris_starter_install_mac\Content\A_Getting Started\Build and Productivity.md'
            contains a link to 'Iris\iris_starter_install_mac\Content\A_Getting Started\Resources\Images\PDF Cover.png'
            which is not found in the documentation files.
WARNING  -  Documentation file 'Iris\iris_starter_install_mac\Content\A_Getting Started\Build and Productivity.md'
            contains a link to 'Iris\iris_starter_install_mac\Content\A_Getting Started\Resources\Images\PDF Cover.png'
            which is not found in the documentation files.
WARNING  -  Documentation file 'Iris\iris_starter_install_mac\Content\A_Getting Started\Build and Productivity.md'
            contains a link to 'Iris\iris_starter_install_mac\Content\A_Getting Started\Resources\Images\PDF Cover.png'
            which is not found in the documentation files.
WARNING  -  Documentation file 'Iris\iris_starter_install_mac\Content\A_Getting Started\Build and Productivity.md'
            contains a link to 'Iris\iris_starter_install_mac\Content\A_Getting Started\E_Footer Topics\PDF
            Downloads.md' which is not found in the documentation files.
WARNING  -  Documentation file 'Iris\iris_starter_install_mac\Content\A_Getting Started\Build and ProductivityOld.md'
            contains a link to 'Iris\iris_starter_install_mac\Content\Installing Volt MXIris.md' which is not found in
            the documentation files.
WARNING  -  Documentation file 'Iris\iris_starter_install_mac\Content\A_Getting Started\Build and ProductivityOld.md'
            contains a link to 'Iris\iris_starter_install_mac\Content\Installing Volt MXIris.md' which is not found in
            the documentation files.
WARNING  -  Documentation file 'Iris\iris_starter_install_mac\Content\A_Getting Started\Concepts and architecture.md'
            contains a link to 'Iris\iris_starter_install_mac\Content\A_Getting Started\A_Getting Started\Getting
            Started.md' which is not found in the documentation files.
WARNING  -  Documentation file 'Iris\iris_starter_install_mac\Content\A_Getting Started\Concepts and architecture.md'
            contains a link to 'Iris\iris_starter_install_mac\Content\A_Getting
            Started\Resources\Images\KeyFeatures.png' which is not found in the documentation files.
WARNING  -  Documentation file 'Iris\iris_starter_install_mac\Content\A_Getting Started\Concepts and architecture.md'
            contains a link to 'Iris\iris_starter_install_mac\Content\A_Getting Started\A_Getting Started\Designing
            Frontend.md' which is not found in the documentation files.
WARNING  -  Documentation file 'Iris\iris_starter_install_mac\Content\A_Getting Started\Concepts and architecture.md'
            contains a link to 'Iris\iris_starter_install_mac\Content\A_Getting Started\Resources\Images\BasicSteps.png'
            which is not found in the documentation files.
WARNING  -  Documentation file 'Iris\iris_starter_install_mac\Content\A_Getting Started\Concepts and architecture.md'
            contains a link to 'Iris\iris_starter_install_mac\Content\A_Getting Started\A_Getting Started\Designing
            Backend.md' which is not found in the documentation files.
WARNING  -  Documentation file 'Iris\iris_starter_install_mac\Content\A_Getting Started\Concepts and architecture.md'
            contains a link to 'Iris\iris_starter_install_mac\Content\A_Getting Started\Resources\Images\WhatsNew.png'
            which is not found in the documentation files.
WARNING  -  Documentation file 'Iris\iris_starter_install_mac\Content\A_Getting Started\Concepts and architecture.md'
            contains a link to 'Iris\iris_starter_install_mac\Content\A_Getting Started\A_Getting Started\Build and
            Productivity.md' which is not found in the documentation files.
WARNING  -  Documentation file 'Iris\iris_starter_install_mac\Content\A_Getting Started\Concepts and architecture.md'
            contains a link to 'Iris\iris_starter_install_mac\Content\A_Getting Started\Resources\Images\FAQs.png' which
            is not found in the documentation files.
WARNING  -  Documentation file 'Iris\iris_starter_install_mac\Content\A_Getting Started\Concepts and architecture.md'
            contains a link to 'Iris\iris_starter_install_mac\Content\A_Getting Started\A_Getting Started\Concepts and
            architecture.md' which is not found in the documentation files.
WARNING  -  Documentation file 'Iris\iris_starter_install_mac\Content\A_Getting Started\Concepts and architecture.md'
            contains a link to 'Iris\iris_starter_install_mac\Content\A_Getting Started\Resources\Images\BasicSteps.png'
            which is not found in the documentation files.
WARNING  -  Documentation file 'Iris\iris_starter_install_mac\Content\A_Getting Started\Concepts and architecture.md'
            contains a link to 'Iris\iris_starter_install_mac\Content\A_Getting Started\A_Getting Started\Resources.md'
            which is not found in the documentation files.
WARNING  -  Documentation file 'Iris\iris_starter_install_mac\Content\A_Getting Started\Concepts and architecture.md'
            contains a link to 'Iris\iris_starter_install_mac\Content\A_Getting Started\Resources\Images\BasicSteps.png'
            which is not found in the documentation files.
WARNING  -  Documentation file 'Iris\iris_starter_install_mac\Content\A_Getting Started\Concepts and architecture.md'
            contains a link to 'Iris\iris_starter_install_mac\Content\A_Getting Started\A_Getting Started\Getting
            Started.md' which is not found in the documentation files.
WARNING  -  Documentation file 'Iris\iris_starter_install_mac\Content\A_Getting Started\Concepts and architecture.md'
            contains a link to 'Iris\iris_starter_install_mac\Content\A_Getting Started\A_Getting Started\Basic
            Steps.md' which is not found in the documentation files.
WARNING  -  Documentation file 'Iris\iris_starter_install_mac\Content\A_Getting Started\Concepts and architecture.md'
            contains a link to 'Iris\iris_starter_install_mac\Content\A_Getting Started\Resources\Images\PDF Cover.png'
            which is not found in the documentation files.
WARNING  -  Documentation file 'Iris\iris_starter_install_mac\Content\A_Getting Started\Concepts and architecture.md'
            contains a link to 'Iris\iris_starter_install_mac\Content\A_Getting Started\Resources\Images\PDF Cover.png'
            which is not found in the documentation files.
WARNING  -  Documentation file 'Iris\iris_starter_install_mac\Content\A_Getting Started\Concepts and architecture.md'
            contains a link to 'Iris\iris_starter_install_mac\Content\A_Getting Started\Resources\Images\PDF Cover.png'
            which is not found in the documentation files.
WARNING  -  Documentation file 'Iris\iris_starter_install_mac\Content\A_Getting Started\Concepts and architecture.md'
            contains a link to 'Iris\iris_starter_install_mac\Content\A_Getting Started\Resources\Images\PDF Cover.png'
            which is not found in the documentation files.
WARNING  -  Documentation file 'Iris\iris_starter_install_mac\Content\A_Getting Started\Concepts and architecture.md'
            contains a link to 'Iris\iris_starter_install_mac\Content\A_Getting Started\Resources\Images\PDF Cover.png'
            which is not found in the documentation files.
WARNING  -  Documentation file 'Iris\iris_starter_install_mac\Content\A_Getting Started\Concepts and architecture.md'
            contains a link to 'Iris\iris_starter_install_mac\Content\A_Getting Started\Resources\Images\PDF Cover.png'
            which is not found in the documentation files.
WARNING  -  Documentation file 'Iris\iris_starter_install_mac\Content\A_Getting Started\Concepts and architecture.md'
            contains a link to 'Iris\iris_starter_install_mac\Content\A_Getting Started\E_Footer Topics\PDF
            Downloads.md' which is not found in the documentation files.
WARNING  -  Documentation file 'Iris\iris_starter_install_mac\Content\A_Getting Started\Designing Backend.md' contains a
            link to 'Iris\iris_starter_install_mac\Content\A_Getting Started\A_Getting Started\Getting Started.md' which
            is not found in the documentation files.
WARNING  -  Documentation file 'Iris\iris_starter_install_mac\Content\A_Getting Started\Designing Backend.md' contains a
            link to 'Iris\iris_starter_install_mac\Content\A_Getting Started\Resources\Images\KeyFeatures.png' which is
            not found in the documentation files.
WARNING  -  Documentation file 'Iris\iris_starter_install_mac\Content\A_Getting Started\Designing Backend.md' contains a
            link to 'Iris\iris_starter_install_mac\Content\A_Getting Started\A_Getting Started\Designing Frontend.md'
            which is not found in the documentation files.
WARNING  -  Documentation file 'Iris\iris_starter_install_mac\Content\A_Getting Started\Designing Backend.md' contains a
            link to 'Iris\iris_starter_install_mac\Content\A_Getting Started\Resources\Images\BasicSteps.png' which is
            not found in the documentation files.
WARNING  -  Documentation file 'Iris\iris_starter_install_mac\Content\A_Getting Started\Designing Backend.md' contains a
            link to 'Iris\iris_starter_install_mac\Content\A_Getting Started\A_Getting Started\Designing Backend.md'
            which is not found in the documentation files.
WARNING  -  Documentation file 'Iris\iris_starter_install_mac\Content\A_Getting Started\Designing Backend.md' contains a
            link to 'Iris\iris_starter_install_mac\Content\A_Getting Started\Resources\Images\WhatsNew.png' which is not
            found in the documentation files.
WARNING  -  Documentation file 'Iris\iris_starter_install_mac\Content\A_Getting Started\Designing Backend.md' contains a
            link to 'Iris\iris_starter_install_mac\Content\A_Getting Started\A_Getting Started\Build and
            Productivity.md' which is not found in the documentation files.
WARNING  -  Documentation file 'Iris\iris_starter_install_mac\Content\A_Getting Started\Designing Backend.md' contains a
            link to 'Iris\iris_starter_install_mac\Content\A_Getting Started\Resources\Images\FAQs.png' which is not
            found in the documentation files.
WARNING  -  Documentation file 'Iris\iris_starter_install_mac\Content\A_Getting Started\Designing Backend.md' contains a
            link to 'Iris\iris_starter_install_mac\Content\A_Getting Started\A_Getting Started\Concepts and
            architecture.md' which is not found in the documentation files.
WARNING  -  Documentation file 'Iris\iris_starter_install_mac\Content\A_Getting Started\Designing Backend.md' contains a
            link to 'Iris\iris_starter_install_mac\Content\A_Getting Started\Resources\Images\BasicSteps.png' which is
            not found in the documentation files.
WARNING  -  Documentation file 'Iris\iris_starter_install_mac\Content\A_Getting Started\Designing Backend.md' contains a
            link to 'Iris\iris_starter_install_mac\Content\A_Getting Started\A_Getting Started\Resources.md' which is
            not found in the documentation files.
WARNING  -  Documentation file 'Iris\iris_starter_install_mac\Content\A_Getting Started\Designing Backend.md' contains a
            link to 'Iris\iris_starter_install_mac\Content\A_Getting Started\Resources\Images\BasicSteps.png' which is
            not found in the documentation files.
WARNING  -  Documentation file 'Iris\iris_starter_install_mac\Content\A_Getting Started\Designing Backend.md' contains a
            link to 'Iris\iris_starter_install_mac\Content\A_Getting Started\A_Getting Started\Getting Started.md' which
            is not found in the documentation files.
WARNING  -  Documentation file 'Iris\iris_starter_install_mac\Content\A_Getting Started\Designing Backend.md' contains a
            link to 'Iris\iris_starter_install_mac\Content\A_Getting Started\A_Getting Started\Basic Steps.md' which is
            not found in the documentation files.
WARNING  -  Documentation file 'Iris\iris_starter_install_mac\Content\A_Getting Started\Designing Backend.md' contains a
            link to 'Iris\iris_starter_install_mac\Content\A_Getting Started\Resources\Images\PDF Cover.png' which is
            not found in the documentation files.
WARNING  -  Documentation file 'Iris\iris_starter_install_mac\Content\A_Getting Started\Designing Backend.md' contains a
            link to 'Iris\iris_starter_install_mac\Content\A_Getting Started\Resources\Images\PDF Cover.png' which is
            not found in the documentation files.
WARNING  -  Documentation file 'Iris\iris_starter_install_mac\Content\A_Getting Started\Designing Backend.md' contains a
            link to 'Iris\iris_starter_install_mac\Content\A_Getting Started\Resources\Images\PDF Cover.png' which is
            not found in the documentation files.
WARNING  -  Documentation file 'Iris\iris_starter_install_mac\Content\A_Getting Started\Designing Backend.md' contains a
            link to 'Iris\iris_starter_install_mac\Content\A_Getting Started\Resources\Images\PDF Cover.png' which is
            not found in the documentation files.
WARNING  -  Documentation file 'Iris\iris_starter_install_mac\Content\A_Getting Started\Designing Backend.md' contains a
            link to 'Iris\iris_starter_install_mac\Content\A_Getting Started\Resources\Images\PDF Cover.png' which is
            not found in the documentation files.
WARNING  -  Documentation file 'Iris\iris_starter_install_mac\Content\A_Getting Started\Designing Backend.md' contains a
            link to 'Iris\iris_starter_install_mac\Content\A_Getting Started\Resources\Images\PDF Cover.png' which is
            not found in the documentation files.
WARNING  -  Documentation file 'Iris\iris_starter_install_mac\Content\A_Getting Started\Designing Backend.md' contains a
            link to 'Iris\iris_starter_install_mac\Content\A_Getting Started\E_Footer Topics\PDF Downloads.md' which is
            not found in the documentation files.
WARNING  -  Documentation file 'Iris\iris_starter_install_mac\Content\A_Getting Started\Designing Frontend.md' contains
            a link to 'Iris\iris_starter_install_mac\Content\A_Getting Started\A_Getting Started\Getting Started.md'
            which is not found in the documentation files.
WARNING  -  Documentation file 'Iris\iris_starter_install_mac\Content\A_Getting Started\Designing Frontend.md' contains
            a link to 'Iris\iris_starter_install_mac\Content\A_Getting Started\Resources\Images\KeyFeatures.png' which
            is not found in the documentation files.
WARNING  -  Documentation file 'Iris\iris_starter_install_mac\Content\A_Getting Started\Designing Frontend.md' contains
            a link to 'Iris\iris_starter_install_mac\Content\A_Getting Started\A_Getting Started\Designing Frontend.md'
            which is not found in the documentation files.
WARNING  -  Documentation file 'Iris\iris_starter_install_mac\Content\A_Getting Started\Designing Frontend.md' contains
            a link to 'Iris\iris_starter_install_mac\Content\A_Getting Started\Resources\Images\BasicSteps.png' which is
            not found in the documentation files.
WARNING  -  Documentation file 'Iris\iris_starter_install_mac\Content\A_Getting Started\Designing Frontend.md' contains
            a link to 'Iris\iris_starter_install_mac\Content\A_Getting Started\A_Getting Started\Designing Backend.md'
            which is not found in the documentation files.
WARNING  -  Documentation file 'Iris\iris_starter_install_mac\Content\A_Getting Started\Designing Frontend.md' contains
            a link to 'Iris\iris_starter_install_mac\Content\A_Getting Started\Resources\Images\WhatsNew.png' which is
            not found in the documentation files.
WARNING  -  Documentation file 'Iris\iris_starter_install_mac\Content\A_Getting Started\Designing Frontend.md' contains
            a link to 'Iris\iris_starter_install_mac\Content\A_Getting Started\A_Getting Started\Build and
            Productivity.md' which is not found in the documentation files.
WARNING  -  Documentation file 'Iris\iris_starter_install_mac\Content\A_Getting Started\Designing Frontend.md' contains
            a link to 'Iris\iris_starter_install_mac\Content\A_Getting Started\Resources\Images\FAQs.png' which is not
            found in the documentation files.
WARNING  -  Documentation file 'Iris\iris_starter_install_mac\Content\A_Getting Started\Designing Frontend.md' contains
            a link to 'Iris\iris_starter_install_mac\Content\A_Getting Started\A_Getting Started\Concepts and
            architecture.md' which is not found in the documentation files.
WARNING  -  Documentation file 'Iris\iris_starter_install_mac\Content\A_Getting Started\Designing Frontend.md' contains
            a link to 'Iris\iris_starter_install_mac\Content\A_Getting Started\Resources\Images\BasicSteps.png' which is
            not found in the documentation files.
WARNING  -  Documentation file 'Iris\iris_starter_install_mac\Content\A_Getting Started\Designing Frontend.md' contains
            a link to 'Iris\iris_starter_install_mac\Content\A_Getting Started\A_Getting Started\Resources.md' which is
            not found in the documentation files.
WARNING  -  Documentation file 'Iris\iris_starter_install_mac\Content\A_Getting Started\Designing Frontend.md' contains
            a link to 'Iris\iris_starter_install_mac\Content\A_Getting Started\Resources\Images\BasicSteps.png' which is
            not found in the documentation files.
WARNING  -  Documentation file 'Iris\iris_starter_install_mac\Content\A_Getting Started\Designing Frontend.md' contains
            a link to 'Iris\iris_starter_install_mac\Content\A_Getting Started\A_Getting Started\Getting Started.md'
            which is not found in the documentation files.
WARNING  -  Documentation file 'Iris\iris_starter_install_mac\Content\A_Getting Started\Designing Frontend.md' contains
            a link to 'Iris\iris_starter_install_mac\Content\A_Getting Started\A_Getting Started\Basic Steps.md' which
            is not found in the documentation files.
WARNING  -  Documentation file 'Iris\iris_starter_install_mac\Content\A_Getting Started\Designing Frontend.md' contains
            a link to 'Iris\iris_starter_install_mac\Content\A_Getting Started\Resources\Images\PDF Cover.png' which is
            not found in the documentation files.
WARNING  -  Documentation file 'Iris\iris_starter_install_mac\Content\A_Getting Started\Designing Frontend.md' contains
            a link to 'Iris\iris_starter_install_mac\Content\A_Getting Started\Resources\Images\PDF Cover.png' which is
            not found in the documentation files.
WARNING  -  Documentation file 'Iris\iris_starter_install_mac\Content\A_Getting Started\Designing Frontend.md' contains
            a link to 'Iris\iris_starter_install_mac\Content\A_Getting Started\Resources\Images\PDF Cover.png' which is
            not found in the documentation files.
WARNING  -  Documentation file 'Iris\iris_starter_install_mac\Content\A_Getting Started\Designing Frontend.md' contains
            a link to 'Iris\iris_starter_install_mac\Content\A_Getting Started\Resources\Images\PDF Cover.png' which is
            not found in the documentation files.
WARNING  -  Documentation file 'Iris\iris_starter_install_mac\Content\A_Getting Started\Designing Frontend.md' contains
            a link to 'Iris\iris_starter_install_mac\Content\A_Getting Started\Resources\Images\PDF Cover.png' which is
            not found in the documentation files.
WARNING  -  Documentation file 'Iris\iris_starter_install_mac\Content\A_Getting Started\Designing Frontend.md' contains
            a link to 'Iris\iris_starter_install_mac\Content\A_Getting Started\Resources\Images\PDF Cover.png' which is
            not found in the documentation files.
WARNING  -  Documentation file 'Iris\iris_starter_install_mac\Content\A_Getting Started\Designing Frontend.md' contains
            a link to 'Iris\iris_starter_install_mac\Content\A_Getting Started\E_Footer Topics\PDF Downloads.md' which
            is not found in the documentation files.
WARNING  -  Documentation file 'Iris\iris_starter_install_mac\Content\A_Getting Started\Getting Started.md' contains a
            link to 'Iris\iris_starter_install_mac\Content\A_Getting Started\A_Getting Started\Getting Started.md' which
            is not found in the documentation files.
WARNING  -  Documentation file 'Iris\iris_starter_install_mac\Content\A_Getting Started\Getting Started.md' contains a
            link to 'Iris\iris_starter_install_mac\Content\A_Getting Started\Resources\Images\KeyFeatures.png' which is
            not found in the documentation files.
WARNING  -  Documentation file 'Iris\iris_starter_install_mac\Content\A_Getting Started\Getting Started.md' contains a
            link to 'Iris\iris_starter_install_mac\Content\A_Getting Started\A_Getting Started\Designing Frontend.md'
            which is not found in the documentation files.
WARNING  -  Documentation file 'Iris\iris_starter_install_mac\Content\A_Getting Started\Getting Started.md' contains a
            link to 'Iris\iris_starter_install_mac\Content\A_Getting Started\Resources\Images\BasicSteps.png' which is
            not found in the documentation files.
WARNING  -  Documentation file 'Iris\iris_starter_install_mac\Content\A_Getting Started\Getting Started.md' contains a
            link to 'Iris\iris_starter_install_mac\Content\A_Getting Started\A_Getting Started\Designing Backend.md'
            which is not found in the documentation files.
WARNING  -  Documentation file 'Iris\iris_starter_install_mac\Content\A_Getting Started\Getting Started.md' contains a
            link to 'Iris\iris_starter_install_mac\Content\A_Getting Started\Resources\Images\WhatsNew.png' which is not
            found in the documentation files.
WARNING  -  Documentation file 'Iris\iris_starter_install_mac\Content\A_Getting Started\Getting Started.md' contains a
            link to 'Iris\iris_starter_install_mac\Content\A_Getting Started\A_Getting Started\Build and
            Productivity.md' which is not found in the documentation files.
WARNING  -  Documentation file 'Iris\iris_starter_install_mac\Content\A_Getting Started\Getting Started.md' contains a
            link to 'Iris\iris_starter_install_mac\Content\A_Getting Started\Resources\Images\FAQs.png' which is not
            found in the documentation files.
WARNING  -  Documentation file 'Iris\iris_starter_install_mac\Content\A_Getting Started\Getting Started.md' contains a
            link to 'Iris\iris_starter_install_mac\Content\A_Getting Started\A_Getting Started\Concepts and
            architecture.md' which is not found in the documentation files.
WARNING  -  Documentation file 'Iris\iris_starter_install_mac\Content\A_Getting Started\Getting Started.md' contains a
            link to 'Iris\iris_starter_install_mac\Content\A_Getting Started\Resources\Images\BasicSteps.png' which is
            not found in the documentation files.
WARNING  -  Documentation file 'Iris\iris_starter_install_mac\Content\A_Getting Started\Getting Started.md' contains a
            link to 'Iris\iris_starter_install_mac\Content\A_Getting Started\A_Getting Started\Resources.md' which is
            not found in the documentation files.
WARNING  -  Documentation file 'Iris\iris_starter_install_mac\Content\A_Getting Started\Getting Started.md' contains a
            link to 'Iris\iris_starter_install_mac\Content\A_Getting Started\Resources\Images\BasicSteps.png' which is
            not found in the documentation files.
WARNING  -  Documentation file 'Iris\iris_starter_install_mac\Content\A_Getting Started\Getting Started.md' contains a
            link to 'Iris\iris_starter_install_mac\Content\A_Getting Started\A_Getting Started\Getting Started.md' which
            is not found in the documentation files.
WARNING  -  Documentation file 'Iris\iris_starter_install_mac\Content\A_Getting Started\Getting Started.md' contains a
            link to 'Iris\iris_starter_install_mac\Content\A_Getting Started\A_Getting Started\Basic Steps.md' which is
            not found in the documentation files.
WARNING  -  Documentation file 'Iris\iris_starter_install_mac\Content\A_Getting Started\Getting Started.md' contains a
            link to 'Iris\iris_starter_install_mac\Content\A_Getting Started\Resources\Images\PDF Cover.png' which is
            not found in the documentation files.
WARNING  -  Documentation file 'Iris\iris_starter_install_mac\Content\A_Getting Started\Getting Started.md' contains a
            link to 'Iris\iris_starter_install_mac\Content\A_Getting Started\Resources\Images\PDF Cover.png' which is
            not found in the documentation files.
WARNING  -  Documentation file 'Iris\iris_starter_install_mac\Content\A_Getting Started\Getting Started.md' contains a
            link to 'Iris\iris_starter_install_mac\Content\A_Getting Started\Resources\Images\PDF Cover.png' which is
            not found in the documentation files.
WARNING  -  Documentation file 'Iris\iris_starter_install_mac\Content\A_Getting Started\Getting Started.md' contains a
            link to 'Iris\iris_starter_install_mac\Content\A_Getting Started\Resources\Images\PDF Cover.png' which is
            not found in the documentation files.
WARNING  -  Documentation file 'Iris\iris_starter_install_mac\Content\A_Getting Started\Getting Started.md' contains a
            link to 'Iris\iris_starter_install_mac\Content\A_Getting Started\Resources\Images\PDF Cover.png' which is
            not found in the documentation files.
WARNING  -  Documentation file 'Iris\iris_starter_install_mac\Content\A_Getting Started\Getting Started.md' contains a
            link to 'Iris\iris_starter_install_mac\Content\A_Getting Started\Resources\Images\PDF Cover.png' which is
            not found in the documentation files.
WARNING  -  Documentation file 'Iris\iris_starter_install_mac\Content\A_Getting Started\Getting Started.md' contains a
            link to 'Iris\iris_starter_install_mac\Content\A_Getting Started\E_Footer Topics\PDF Downloads.md' which is
            not found in the documentation files.
WARNING  -  Documentation file 'Iris\iris_starter_install_mac\Content\C_Conditions Notes Tables\Tables.md' contains a
            link to 'Iris\iris_starter_install_mac\Content\Resources\Images\RedX.png' which is not found in the
            documentation files.
WARNING  -  Documentation file 'Iris\iris_starter_install_mac\Content\C_Conditions Notes Tables\Tables.md' contains a
            link to 'Iris\iris_starter_install_mac\Content\Resources\Images\RedX.png' which is not found in the
            documentation files.
WARNING  -  Documentation file 'Iris\iris_starter_install_mac\Content\C_Conditions Notes Tables\Tables.md' contains a
            link to 'Iris\iris_starter_install_mac\Content\Resources\Images\GreenCheck.png' which is not found in the
            documentation files.
WARNING  -  Documentation file 'Iris\iris_starter_install_mac\Content\C_Conditions Notes Tables\Tables.md' contains a
            link to 'Iris\iris_starter_install_mac\Content\Resources\Images\RedX.png' which is not found in the
            documentation files.
WARNING  -  Documentation file 'Iris\iris_starter_install_mac\Content\C_Conditions Notes Tables\Tables.md' contains a
            link to 'Iris\iris_starter_install_mac\Content\Resources\Images\RedX.png' which is not found in the
            documentation files.
WARNING  -  Documentation file 'Iris\iris_starter_install_mac\Content\C_Conditions Notes Tables\Tables.md' contains a
            link to 'Iris\iris_starter_install_mac\Content\Resources\Images\GreenCheck.png' which is not found in the
            documentation files.
WARNING  -  Documentation file 'Iris\iris_starter_install_mac\Content\C_Conditions Notes Tables\Tables.md' contains a
            link to 'Iris\iris_starter_install_mac\Content\Resources\Images\GreenCheck.png' which is not found in the
            documentation files.
WARNING  -  Documentation file 'Iris\iris_starter_install_mac\Content\C_Conditions Notes Tables\Tables.md' contains a
            link to 'Iris\iris_starter_install_mac\Content\Resources\Images\GreenCheck.png' which is not found in the
            documentation files.
WARNING  -  Documentation file 'Iris\iris_starter_install_mac\Content\C_Conditions Notes Tables\Tables.md' contains a
            link to 'Iris\iris_starter_install_mac\Content\Resources\Images\RedX.png' which is not found in the
            documentation files.
WARNING  -  Documentation file 'Iris\iris_starter_install_mac\Content\C_Conditions Notes Tables\Tables.md' contains a
            link to 'Iris\iris_starter_install_mac\Content\Resources\Images\GreenCheck.png' which is not found in the
            documentation files.
WARNING  -  Documentation file 'Iris\iris_starter_install_mac\Content\C_Conditions Notes Tables\Tables.md' contains a
            link to 'Iris\iris_starter_install_mac\Content\Resources\Images\GreenCheck.png' which is not found in the
            documentation files.
WARNING  -  Documentation file 'Iris\iris_starter_install_mac\Content\C_Conditions Notes Tables\Tables.md' contains a
            link to 'Iris\iris_starter_install_mac\Content\Resources\Images\RedX.png' which is not found in the
            documentation files.
WARNING  -  Documentation file 'Iris\iris_starter_install_mac\Content\C_Conditions Notes Tables\Tables.md' contains a
            link to 'Iris\iris_starter_install_mac\Content\Resources\Images\GreenCheck.png' which is not found in the
            documentation files.
WARNING  -  Documentation file 'Iris\iris_starter_install_mac\Content\C_Conditions Notes Tables\Tables.md' contains a
            link to 'Iris\iris_starter_install_mac\Content\Resources\Images\GreenCheck.png' which is not found in the
            documentation files.
WARNING  -  Documentation file 'Iris\iris_starter_install_mac\Content\C_Conditions Notes Tables\Tables.md' contains a
            link to 'Iris\iris_starter_install_mac\Content\Resources\Images\GreenCheck.png' which is not found in the
            documentation files.
WARNING  -  Documentation file 'Iris\iris_starter_install_mac\Content\C_Conditions Notes Tables\Tables.md' contains a
            link to 'Iris\iris_starter_install_mac\Content\Resources\Images\RedX.png' which is not found in the
            documentation files.
WARNING  -  Documentation file 'Iris\iris_starter_install_mac\Content\C_Conditions Notes Tables\Tables.md' contains a
            link to 'Iris\iris_starter_install_mac\Content\Resources\Images\GreenCheck.png' which is not found in the
            documentation files.
WARNING  -  Documentation file 'Iris\iris_starter_install_mac\Content\C_Conditions Notes Tables\Tables.md' contains a
            link to 'Iris\iris_starter_install_mac\Content\Resources\Images\RedX.png' which is not found in the
            documentation files.
WARNING  -  Documentation file 'Iris\iris_starter_install_mac\Content\C_Conditions Notes Tables\Tables.md' contains a
            link to 'Iris\iris_starter_install_mac\Content\Resources\Images\GreenCheck.png' which is not found in the
            documentation files.
WARNING  -  Documentation file 'Iris\iris_starter_install_mac\Content\C_Conditions Notes Tables\Tables.md' contains a
            link to 'Iris\iris_starter_install_mac\Content\Resources\Images\GreenCheck.png' which is not found in the
            documentation files.
WARNING  -  Documentation file 'Iris\iris_starter_install_mac\Content\C_Conditions Notes Tables\Tables.md' contains a
            link to 'Iris\iris_starter_install_mac\Content\Resources\Images\GreenCheck.png' which is not found in the
            documentation files.
WARNING  -  Documentation file 'Iris\iris_starter_install_mac\Content\C_Conditions Notes Tables\Tables.md' contains a
            link to 'Iris\iris_starter_install_mac\Content\Resources\Images\GreenCheck.png' which is not found in the
            documentation files.
WARNING  -  Documentation file 'Iris\iris_starter_install_mac\Content\C_Conditions Notes Tables\Tables.md' contains a
            link to 'Iris\iris_starter_install_mac\Content\Resources\Images\GreenCheck.png' which is not found in the
            documentation files.
WARNING  -  Documentation file 'Iris\iris_starter_install_mac\Content\C_Conditions Notes Tables\Tables.md' contains a
            link to 'Iris\iris_starter_install_mac\Content\Resources\Images\RedX.png' which is not found in the
            documentation files.
WARNING  -  Documentation file 'Iris\iris_starter_install_mac\Content\C_Conditions Notes Tables\Tables.md' contains a
            link to 'Iris\iris_starter_install_mac\Content\Resources\Images\RedX.png' which is not found in the
            documentation files.
WARNING  -  Documentation file 'Iris\iris_starter_install_mac\Content\C_Conditions Notes Tables\Tables.md' contains a
            link to 'Iris\iris_starter_install_mac\Content\Resources\Images\GreenCheck.png' which is not found in the
            documentation files.
WARNING  -  Documentation file 'Iris\iris_starter_install_mac\Content\C_Conditions Notes Tables\Tables.md' contains a
            link to 'Iris\iris_starter_install_mac\Content\Resources\Images\RedX.png' which is not found in the
            documentation files.
WARNING  -  Documentation file 'Iris\iris_starter_install_mac\Content\C_Conditions Notes Tables\Tables.md' contains a
            link to 'Iris\iris_starter_install_mac\Content\Resources\Images\RedX.png' which is not found in the
            documentation files.
WARNING  -  Documentation file 'Iris\iris_starter_install_mac\Content\C_Conditions Notes Tables\Tables.md' contains a
            link to 'Iris\iris_starter_install_mac\Content\Resources\Images\GreenCheck.png' which is not found in the
            documentation files.
WARNING  -  Documentation file 'Iris\iris_starter_install_mac\Content\C_Conditions Notes Tables\Tables.md' contains a
            link to 'Iris\iris_starter_install_mac\Content\Resources\Images\GreenCheck.png' which is not found in the
            documentation files.
WARNING  -  Documentation file 'Iris\iris_starter_install_mac\Content\C_Conditions Notes Tables\Tables.md' contains a
            link to 'Iris\iris_starter_install_mac\Content\Resources\Images\GreenCheck.png' which is not found in the
            documentation files.
WARNING  -  Documentation file 'Iris\iris_starter_install_mac\Content\C_Conditions Notes Tables\Tables.md' contains a
            link to 'Iris\iris_starter_install_mac\Content\Resources\Images\GreenCheck.png' which is not found in the
            documentation files.
WARNING  -  Documentation file 'Iris\iris_starter_install_mac\Content\C_Conditions Notes Tables\Tables.md' contains a
            link to 'Iris\iris_starter_install_mac\Content\Resources\Images\RedX.png' which is not found in the
            documentation files.
WARNING  -  Documentation file 'Iris\iris_starter_install_mac\Content\C_Conditions Notes Tables\Tables.md' contains a
            link to 'Iris\iris_starter_install_mac\Content\Resources\Images\GreenCheck.png' which is not found in the
            documentation files.
WARNING  -  Documentation file 'Iris\iris_starter_install_mac\Content\C_Conditions Notes Tables\Tables.md' contains a
            link to 'Iris\iris_starter_install_mac\Content\Resources\Images\GreenCheck.png' which is not found in the
            documentation files.
WARNING  -  Documentation file 'Iris\iris_starter_install_mac\Content\C_Conditions Notes Tables\Tables.md' contains a
            link to 'Iris\iris_starter_install_mac\Content\Resources\Images\GreenCheck.png' which is not found in the
            documentation files.
WARNING  -  Documentation file 'Iris\iris_starter_install_mac\Content\C_Conditions Notes Tables\Tables.md' contains a
            link to 'Iris\iris_starter_install_mac\Content\Resources\Images\RedX.png' which is not found in the
            documentation files.
WARNING  -  Documentation file 'Iris\iris_starter_install_mac\Content\C_Conditions Notes Tables\Tables.md' contains a
            link to 'Iris\iris_starter_install_mac\Content\Resources\Images\RedX.png' which is not found in the
            documentation files.
WARNING  -  Documentation file 'Iris\iris_starter_install_mac\Content\C_Conditions Notes Tables\Tables.md' contains a
            link to 'Iris\iris_starter_install_mac\Content\Resources\Images\GreenCheck.png' which is not found in the
            documentation files.
WARNING  -  Documentation file 'Iris\iris_starter_install_mac\Content\C_Conditions Notes Tables\Tables.md' contains a
            link to 'Iris\iris_starter_install_mac\Content\Resources\Images\GreenCheck.png' which is not found in the
            documentation files.
WARNING  -  Documentation file 'Iris\iris_starter_install_mac\Content\C_Conditions Notes Tables\Tables.md' contains a
            link to 'Iris\iris_starter_install_mac\Content\Resources\Images\GreenCheck.png' which is not found in the
            documentation files.
WARNING  -  Documentation file 'Iris\iris_starter_install_mac\Content\C_Conditions Notes Tables\Tables.md' contains a
            link to 'Iris\iris_starter_install_mac\Content\Resources\Images\GreenCheck.png' which is not found in the
            documentation files.
WARNING  -  Documentation file 'Iris\iris_starter_install_mac\Content\C_Conditions Notes Tables\Tables.md' contains a
            link to 'Iris\iris_starter_install_mac\Content\Resources\Images\RedX.png' which is not found in the
            documentation files.
WARNING  -  Documentation file 'Iris\iris_starter_install_mac\Content\C_Conditions Notes Tables\Tables.md' contains a
            link to 'Iris\iris_starter_install_mac\Content\Resources\Images\GreenCheck.png' which is not found in the
            documentation files.
WARNING  -  Documentation file 'Iris\iris_starter_install_mac\Content\C_Conditions Notes Tables\Tables.md' contains a
            link to 'Iris\iris_starter_install_mac\Content\Resources\Images\RedX.png' which is not found in the
            documentation files.
WARNING  -  Documentation file 'Iris\iris_starter_install_mac\Content\D_Images\ImagePositionedLeft.md' contains a link
            to 'Iris\iris_starter_install_mac\Content\Resources\Images\Image.png' which is not found in the
            documentation files.
WARNING  -  Documentation file 'Iris\iris_starter_install_mac\Content\D_Images\ImagePositionedRight.md' contains a link
            to 'Iris\iris_starter_install_mac\Content\Resources\Images\Image.png' which is not found in the
            documentation files.
WARNING  -  Documentation file 'Iris\iris_starter_install_mac\Content\D_Images\ImageWithinList.md' contains a link to
            'Iris\iris_starter_install_mac\Content\Resources\Images\Image.png' which is not found in the documentation
            files.
WARNING  -  Documentation file 'Iris\iris_starter_install_mac\Content\D_Images\Images.md' contains a link to
            'Iris\iris_starter_install_mac\Content\Resources\Images\SaveButton.png' which is not found in the
            documentation files.
WARNING  -  Documentation file 'Iris\iris_starter_install_mac\Content\D_Images\ThumbnailImage.md' contains a link to
            'Iris\iris_starter_install_mac\Content\Resources\Images\Image.png' which is not found in the documentation
            files.
WARNING  -  Documentation file 'Iris\iris_starter_install_win\Content\Launching VoltMX Iris.md' contains a link to
            'Iris\iris_starter_install_win\Content\Uninstalling VoltMX Iris.md' which is not found in the documentation
            files.
WARNING  -  Documentation file 'Iris\iris_starter_install_win\Content\Prerequisites.md' contains a link to
            'Iris\iris_starter_install_win\Content\Installing VoltMX Iris.html' which is not found in the documentation
            files.
WARNING  -  Documentation file 'Iris\iris_starter_install_win\Content\Prerequisites.md' contains a link to
            'Iris\iris_starter_install_win\Content\Launching VoltMX Iris.html' which is not found in the documentation
            files.
WARNING  -  Documentation file 'Iris\iris_starter_install_win\Content\Prerequisites.md' contains a link to
            'Iris\iris_starter_install_win\Content\Installing VoltMX Iris.html' which is not found in the documentation
            files.
WARNING  -  Documentation file 'Iris\iris_starter_install_win\Content\A_Getting Started\Build and Productivity.md'
            contains a link to 'Iris\iris_starter_install_win\Content\A_Getting Started\A_Getting Started\Getting
            Started.md' which is not found in the documentation files.
WARNING  -  Documentation file 'Iris\iris_starter_install_win\Content\A_Getting Started\Build and Productivity.md'
            contains a link to 'Iris\iris_starter_install_win\Content\A_Getting
            Started\Resources\Images\KeyFeatures.png' which is not found in the documentation files.
WARNING  -  Documentation file 'Iris\iris_starter_install_win\Content\A_Getting Started\Build and Productivity.md'
            contains a link to 'Iris\iris_starter_install_win\Content\A_Getting Started\A_Getting Started\Designing
            Frontend.md' which is not found in the documentation files.
WARNING  -  Documentation file 'Iris\iris_starter_install_win\Content\A_Getting Started\Build and Productivity.md'
            contains a link to 'Iris\iris_starter_install_win\Content\A_Getting Started\Resources\Images\BasicSteps.png'
            which is not found in the documentation files.
WARNING  -  Documentation file 'Iris\iris_starter_install_win\Content\A_Getting Started\Build and Productivity.md'
            contains a link to 'Iris\iris_starter_install_win\Content\A_Getting Started\A_Getting Started\Designing
            Backend.md' which is not found in the documentation files.
WARNING  -  Documentation file 'Iris\iris_starter_install_win\Content\A_Getting Started\Build and Productivity.md'
            contains a link to 'Iris\iris_starter_install_win\Content\A_Getting Started\Resources\Images\WhatsNew.png'
            which is not found in the documentation files.
WARNING  -  Documentation file 'Iris\iris_starter_install_win\Content\A_Getting Started\Build and Productivity.md'
            contains a link to 'Iris\iris_starter_install_win\Content\A_Getting Started\A_Getting Started\Build and
            Productivity.md' which is not found in the documentation files.
WARNING  -  Documentation file 'Iris\iris_starter_install_win\Content\A_Getting Started\Build and Productivity.md'
            contains a link to 'Iris\iris_starter_install_win\Content\A_Getting Started\Resources\Images\FAQs.png' which
            is not found in the documentation files.
WARNING  -  Documentation file 'Iris\iris_starter_install_win\Content\A_Getting Started\Build and Productivity.md'
            contains a link to 'Iris\iris_starter_install_win\Content\A_Getting Started\A_Getting Started\Concepts and
            architecture.md' which is not found in the documentation files.
WARNING  -  Documentation file 'Iris\iris_starter_install_win\Content\A_Getting Started\Build and Productivity.md'
            contains a link to 'Iris\iris_starter_install_win\Content\A_Getting Started\Resources\Images\BasicSteps.png'
            which is not found in the documentation files.
WARNING  -  Documentation file 'Iris\iris_starter_install_win\Content\A_Getting Started\Build and Productivity.md'
            contains a link to 'Iris\iris_starter_install_win\Content\A_Getting Started\A_Getting Started\Resources.md'
            which is not found in the documentation files.
WARNING  -  Documentation file 'Iris\iris_starter_install_win\Content\A_Getting Started\Build and Productivity.md'
            contains a link to 'Iris\iris_starter_install_win\Content\A_Getting Started\Resources\Images\BasicSteps.png'
            which is not found in the documentation files.
WARNING  -  Documentation file 'Iris\iris_starter_install_win\Content\A_Getting Started\Build and Productivity.md'
            contains a link to 'Iris\iris_starter_install_win\Content\A_Getting Started\A_Getting Started\Getting
            Started.md' which is not found in the documentation files.
WARNING  -  Documentation file 'Iris\iris_starter_install_win\Content\A_Getting Started\Build and Productivity.md'
            contains a link to 'Iris\iris_starter_install_win\Content\A_Getting Started\A_Getting Started\Basic
            Steps.md' which is not found in the documentation files.
WARNING  -  Documentation file 'Iris\iris_starter_install_win\Content\A_Getting Started\Build and Productivity.md'
            contains a link to 'Iris\iris_starter_install_win\Content\A_Getting Started\Resources\Images\PDF Cover.png'
            which is not found in the documentation files.
WARNING  -  Documentation file 'Iris\iris_starter_install_win\Content\A_Getting Started\Build and Productivity.md'
            contains a link to 'Iris\iris_starter_install_win\Content\A_Getting Started\Resources\Images\PDF Cover.png'
            which is not found in the documentation files.
WARNING  -  Documentation file 'Iris\iris_starter_install_win\Content\A_Getting Started\Build and Productivity.md'
            contains a link to 'Iris\iris_starter_install_win\Content\A_Getting Started\Resources\Images\PDF Cover.png'
            which is not found in the documentation files.
WARNING  -  Documentation file 'Iris\iris_starter_install_win\Content\A_Getting Started\Build and Productivity.md'
            contains a link to 'Iris\iris_starter_install_win\Content\A_Getting Started\Resources\Images\PDF Cover.png'
            which is not found in the documentation files.
WARNING  -  Documentation file 'Iris\iris_starter_install_win\Content\A_Getting Started\Build and Productivity.md'
            contains a link to 'Iris\iris_starter_install_win\Content\A_Getting Started\Resources\Images\PDF Cover.png'
            which is not found in the documentation files.
WARNING  -  Documentation file 'Iris\iris_starter_install_win\Content\A_Getting Started\Build and Productivity.md'
            contains a link to 'Iris\iris_starter_install_win\Content\A_Getting Started\Resources\Images\PDF Cover.png'
            which is not found in the documentation files.
WARNING  -  Documentation file 'Iris\iris_starter_install_win\Content\A_Getting Started\Build and Productivity.md'
            contains a link to 'Iris\iris_starter_install_win\Content\A_Getting Started\E_Footer Topics\PDF
            Downloads.md' which is not found in the documentation files.
WARNING  -  Documentation file 'Iris\iris_starter_install_win\Content\A_Getting Started\Concepts and architecture.md'
            contains a link to 'Iris\iris_starter_install_win\Content\A_Getting Started\A_Getting Started\Getting
            Started.md' which is not found in the documentation files.
WARNING  -  Documentation file 'Iris\iris_starter_install_win\Content\A_Getting Started\Concepts and architecture.md'
            contains a link to 'Iris\iris_starter_install_win\Content\A_Getting
            Started\Resources\Images\KeyFeatures.png' which is not found in the documentation files.
WARNING  -  Documentation file 'Iris\iris_starter_install_win\Content\A_Getting Started\Concepts and architecture.md'
            contains a link to 'Iris\iris_starter_install_win\Content\A_Getting Started\A_Getting Started\Designing
            Frontend.md' which is not found in the documentation files.
WARNING  -  Documentation file 'Iris\iris_starter_install_win\Content\A_Getting Started\Concepts and architecture.md'
            contains a link to 'Iris\iris_starter_install_win\Content\A_Getting Started\Resources\Images\BasicSteps.png'
            which is not found in the documentation files.
WARNING  -  Documentation file 'Iris\iris_starter_install_win\Content\A_Getting Started\Concepts and architecture.md'
            contains a link to 'Iris\iris_starter_install_win\Content\A_Getting Started\A_Getting Started\Designing
            Backend.md' which is not found in the documentation files.
WARNING  -  Documentation file 'Iris\iris_starter_install_win\Content\A_Getting Started\Concepts and architecture.md'
            contains a link to 'Iris\iris_starter_install_win\Content\A_Getting Started\Resources\Images\WhatsNew.png'
            which is not found in the documentation files.
WARNING  -  Documentation file 'Iris\iris_starter_install_win\Content\A_Getting Started\Concepts and architecture.md'
            contains a link to 'Iris\iris_starter_install_win\Content\A_Getting Started\A_Getting Started\Build and
            Productivity.md' which is not found in the documentation files.
WARNING  -  Documentation file 'Iris\iris_starter_install_win\Content\A_Getting Started\Concepts and architecture.md'
            contains a link to 'Iris\iris_starter_install_win\Content\A_Getting Started\Resources\Images\FAQs.png' which
            is not found in the documentation files.
WARNING  -  Documentation file 'Iris\iris_starter_install_win\Content\A_Getting Started\Concepts and architecture.md'
            contains a link to 'Iris\iris_starter_install_win\Content\A_Getting Started\A_Getting Started\Concepts and
            architecture.md' which is not found in the documentation files.
WARNING  -  Documentation file 'Iris\iris_starter_install_win\Content\A_Getting Started\Concepts and architecture.md'
            contains a link to 'Iris\iris_starter_install_win\Content\A_Getting Started\Resources\Images\BasicSteps.png'
            which is not found in the documentation files.
WARNING  -  Documentation file 'Iris\iris_starter_install_win\Content\A_Getting Started\Concepts and architecture.md'
            contains a link to 'Iris\iris_starter_install_win\Content\A_Getting Started\A_Getting Started\Resources.md'
            which is not found in the documentation files.
WARNING  -  Documentation file 'Iris\iris_starter_install_win\Content\A_Getting Started\Concepts and architecture.md'
            contains a link to 'Iris\iris_starter_install_win\Content\A_Getting Started\Resources\Images\BasicSteps.png'
            which is not found in the documentation files.
WARNING  -  Documentation file 'Iris\iris_starter_install_win\Content\A_Getting Started\Concepts and architecture.md'
            contains a link to 'Iris\iris_starter_install_win\Content\A_Getting Started\A_Getting Started\Getting
            Started.md' which is not found in the documentation files.
WARNING  -  Documentation file 'Iris\iris_starter_install_win\Content\A_Getting Started\Concepts and architecture.md'
            contains a link to 'Iris\iris_starter_install_win\Content\A_Getting Started\A_Getting Started\Basic
            Steps.md' which is not found in the documentation files.
WARNING  -  Documentation file 'Iris\iris_starter_install_win\Content\A_Getting Started\Concepts and architecture.md'
            contains a link to 'Iris\iris_starter_install_win\Content\A_Getting Started\Resources\Images\PDF Cover.png'
            which is not found in the documentation files.
WARNING  -  Documentation file 'Iris\iris_starter_install_win\Content\A_Getting Started\Concepts and architecture.md'
            contains a link to 'Iris\iris_starter_install_win\Content\A_Getting Started\Resources\Images\PDF Cover.png'
            which is not found in the documentation files.
WARNING  -  Documentation file 'Iris\iris_starter_install_win\Content\A_Getting Started\Concepts and architecture.md'
            contains a link to 'Iris\iris_starter_install_win\Content\A_Getting Started\Resources\Images\PDF Cover.png'
            which is not found in the documentation files.
WARNING  -  Documentation file 'Iris\iris_starter_install_win\Content\A_Getting Started\Concepts and architecture.md'
            contains a link to 'Iris\iris_starter_install_win\Content\A_Getting Started\Resources\Images\PDF Cover.png'
            which is not found in the documentation files.
WARNING  -  Documentation file 'Iris\iris_starter_install_win\Content\A_Getting Started\Concepts and architecture.md'
            contains a link to 'Iris\iris_starter_install_win\Content\A_Getting Started\Resources\Images\PDF Cover.png'
            which is not found in the documentation files.
WARNING  -  Documentation file 'Iris\iris_starter_install_win\Content\A_Getting Started\Concepts and architecture.md'
            contains a link to 'Iris\iris_starter_install_win\Content\A_Getting Started\Resources\Images\PDF Cover.png'
            which is not found in the documentation files.
WARNING  -  Documentation file 'Iris\iris_starter_install_win\Content\A_Getting Started\Concepts and architecture.md'
            contains a link to 'Iris\iris_starter_install_win\Content\A_Getting Started\E_Footer Topics\PDF
            Downloads.md' which is not found in the documentation files.
WARNING  -  Documentation file 'Iris\iris_starter_install_win\Content\A_Getting Started\Designing Backend.md' contains a
            link to 'Iris\iris_starter_install_win\Content\A_Getting Started\A_Getting Started\Getting Started.md' which
            is not found in the documentation files.
WARNING  -  Documentation file 'Iris\iris_starter_install_win\Content\A_Getting Started\Designing Backend.md' contains a
            link to 'Iris\iris_starter_install_win\Content\A_Getting Started\Resources\Images\KeyFeatures.png' which is
            not found in the documentation files.
WARNING  -  Documentation file 'Iris\iris_starter_install_win\Content\A_Getting Started\Designing Backend.md' contains a
            link to 'Iris\iris_starter_install_win\Content\A_Getting Started\A_Getting Started\Designing Frontend.md'
            which is not found in the documentation files.
WARNING  -  Documentation file 'Iris\iris_starter_install_win\Content\A_Getting Started\Designing Backend.md' contains a
            link to 'Iris\iris_starter_install_win\Content\A_Getting Started\Resources\Images\BasicSteps.png' which is
            not found in the documentation files.
WARNING  -  Documentation file 'Iris\iris_starter_install_win\Content\A_Getting Started\Designing Backend.md' contains a
            link to 'Iris\iris_starter_install_win\Content\A_Getting Started\A_Getting Started\Designing Backend.md'
            which is not found in the documentation files.
WARNING  -  Documentation file 'Iris\iris_starter_install_win\Content\A_Getting Started\Designing Backend.md' contains a
            link to 'Iris\iris_starter_install_win\Content\A_Getting Started\Resources\Images\WhatsNew.png' which is not
            found in the documentation files.
WARNING  -  Documentation file 'Iris\iris_starter_install_win\Content\A_Getting Started\Designing Backend.md' contains a
            link to 'Iris\iris_starter_install_win\Content\A_Getting Started\A_Getting Started\Build and
            Productivity.md' which is not found in the documentation files.
WARNING  -  Documentation file 'Iris\iris_starter_install_win\Content\A_Getting Started\Designing Backend.md' contains a
            link to 'Iris\iris_starter_install_win\Content\A_Getting Started\Resources\Images\FAQs.png' which is not
            found in the documentation files.
WARNING  -  Documentation file 'Iris\iris_starter_install_win\Content\A_Getting Started\Designing Backend.md' contains a
            link to 'Iris\iris_starter_install_win\Content\A_Getting Started\A_Getting Started\Concepts and
            architecture.md' which is not found in the documentation files.
WARNING  -  Documentation file 'Iris\iris_starter_install_win\Content\A_Getting Started\Designing Backend.md' contains a
            link to 'Iris\iris_starter_install_win\Content\A_Getting Started\Resources\Images\BasicSteps.png' which is
            not found in the documentation files.
WARNING  -  Documentation file 'Iris\iris_starter_install_win\Content\A_Getting Started\Designing Backend.md' contains a
            link to 'Iris\iris_starter_install_win\Content\A_Getting Started\A_Getting Started\Resources.md' which is
            not found in the documentation files.
WARNING  -  Documentation file 'Iris\iris_starter_install_win\Content\A_Getting Started\Designing Backend.md' contains a
            link to 'Iris\iris_starter_install_win\Content\A_Getting Started\Resources\Images\BasicSteps.png' which is
            not found in the documentation files.
WARNING  -  Documentation file 'Iris\iris_starter_install_win\Content\A_Getting Started\Designing Backend.md' contains a
            link to 'Iris\iris_starter_install_win\Content\A_Getting Started\A_Getting Started\Getting Started.md' which
            is not found in the documentation files.
WARNING  -  Documentation file 'Iris\iris_starter_install_win\Content\A_Getting Started\Designing Backend.md' contains a
            link to 'Iris\iris_starter_install_win\Content\A_Getting Started\A_Getting Started\Basic Steps.md' which is
            not found in the documentation files.
WARNING  -  Documentation file 'Iris\iris_starter_install_win\Content\A_Getting Started\Designing Backend.md' contains a
            link to 'Iris\iris_starter_install_win\Content\A_Getting Started\Resources\Images\PDF Cover.png' which is
            not found in the documentation files.
WARNING  -  Documentation file 'Iris\iris_starter_install_win\Content\A_Getting Started\Designing Backend.md' contains a
            link to 'Iris\iris_starter_install_win\Content\A_Getting Started\Resources\Images\PDF Cover.png' which is
            not found in the documentation files.
WARNING  -  Documentation file 'Iris\iris_starter_install_win\Content\A_Getting Started\Designing Backend.md' contains a
            link to 'Iris\iris_starter_install_win\Content\A_Getting Started\Resources\Images\PDF Cover.png' which is
            not found in the documentation files.
WARNING  -  Documentation file 'Iris\iris_starter_install_win\Content\A_Getting Started\Designing Backend.md' contains a
            link to 'Iris\iris_starter_install_win\Content\A_Getting Started\Resources\Images\PDF Cover.png' which is
            not found in the documentation files.
WARNING  -  Documentation file 'Iris\iris_starter_install_win\Content\A_Getting Started\Designing Backend.md' contains a
            link to 'Iris\iris_starter_install_win\Content\A_Getting Started\Resources\Images\PDF Cover.png' which is
            not found in the documentation files.
WARNING  -  Documentation file 'Iris\iris_starter_install_win\Content\A_Getting Started\Designing Backend.md' contains a
            link to 'Iris\iris_starter_install_win\Content\A_Getting Started\Resources\Images\PDF Cover.png' which is
            not found in the documentation files.
WARNING  -  Documentation file 'Iris\iris_starter_install_win\Content\A_Getting Started\Designing Backend.md' contains a
            link to 'Iris\iris_starter_install_win\Content\A_Getting Started\E_Footer Topics\PDF Downloads.md' which is
            not found in the documentation files.
WARNING  -  Documentation file 'Iris\iris_starter_install_win\Content\A_Getting Started\Designing Frontend.md' contains
            a link to 'Iris\iris_starter_install_win\Content\A_Getting Started\A_Getting Started\Getting Started.md'
            which is not found in the documentation files.
WARNING  -  Documentation file 'Iris\iris_starter_install_win\Content\A_Getting Started\Designing Frontend.md' contains
            a link to 'Iris\iris_starter_install_win\Content\A_Getting Started\Resources\Images\KeyFeatures.png' which
            is not found in the documentation files.
WARNING  -  Documentation file 'Iris\iris_starter_install_win\Content\A_Getting Started\Designing Frontend.md' contains
            a link to 'Iris\iris_starter_install_win\Content\A_Getting Started\A_Getting Started\Designing Frontend.md'
            which is not found in the documentation files.
WARNING  -  Documentation file 'Iris\iris_starter_install_win\Content\A_Getting Started\Designing Frontend.md' contains
            a link to 'Iris\iris_starter_install_win\Content\A_Getting Started\Resources\Images\BasicSteps.png' which is
            not found in the documentation files.
WARNING  -  Documentation file 'Iris\iris_starter_install_win\Content\A_Getting Started\Designing Frontend.md' contains
            a link to 'Iris\iris_starter_install_win\Content\A_Getting Started\A_Getting Started\Designing Backend.md'
            which is not found in the documentation files.
WARNING  -  Documentation file 'Iris\iris_starter_install_win\Content\A_Getting Started\Designing Frontend.md' contains
            a link to 'Iris\iris_starter_install_win\Content\A_Getting Started\Resources\Images\WhatsNew.png' which is
            not found in the documentation files.
WARNING  -  Documentation file 'Iris\iris_starter_install_win\Content\A_Getting Started\Designing Frontend.md' contains
            a link to 'Iris\iris_starter_install_win\Content\A_Getting Started\A_Getting Started\Build and
            Productivity.md' which is not found in the documentation files.
WARNING  -  Documentation file 'Iris\iris_starter_install_win\Content\A_Getting Started\Designing Frontend.md' contains
            a link to 'Iris\iris_starter_install_win\Content\A_Getting Started\Resources\Images\FAQs.png' which is not
            found in the documentation files.
WARNING  -  Documentation file 'Iris\iris_starter_install_win\Content\A_Getting Started\Designing Frontend.md' contains
            a link to 'Iris\iris_starter_install_win\Content\A_Getting Started\A_Getting Started\Concepts and
            architecture.md' which is not found in the documentation files.
WARNING  -  Documentation file 'Iris\iris_starter_install_win\Content\A_Getting Started\Designing Frontend.md' contains
            a link to 'Iris\iris_starter_install_win\Content\A_Getting Started\Resources\Images\BasicSteps.png' which is
            not found in the documentation files.
WARNING  -  Documentation file 'Iris\iris_starter_install_win\Content\A_Getting Started\Designing Frontend.md' contains
            a link to 'Iris\iris_starter_install_win\Content\A_Getting Started\A_Getting Started\Resources.md' which is
            not found in the documentation files.
WARNING  -  Documentation file 'Iris\iris_starter_install_win\Content\A_Getting Started\Designing Frontend.md' contains
            a link to 'Iris\iris_starter_install_win\Content\A_Getting Started\Resources\Images\BasicSteps.png' which is
            not found in the documentation files.
WARNING  -  Documentation file 'Iris\iris_starter_install_win\Content\A_Getting Started\Designing Frontend.md' contains
            a link to 'Iris\iris_starter_install_win\Content\A_Getting Started\A_Getting Started\Getting Started.md'
            which is not found in the documentation files.
WARNING  -  Documentation file 'Iris\iris_starter_install_win\Content\A_Getting Started\Designing Frontend.md' contains
            a link to 'Iris\iris_starter_install_win\Content\A_Getting Started\A_Getting Started\Basic Steps.md' which
            is not found in the documentation files.
WARNING  -  Documentation file 'Iris\iris_starter_install_win\Content\A_Getting Started\Designing Frontend.md' contains
            a link to 'Iris\iris_starter_install_win\Content\A_Getting Started\Resources\Images\PDF Cover.png' which is
            not found in the documentation files.
WARNING  -  Documentation file 'Iris\iris_starter_install_win\Content\A_Getting Started\Designing Frontend.md' contains
            a link to 'Iris\iris_starter_install_win\Content\A_Getting Started\Resources\Images\PDF Cover.png' which is
            not found in the documentation files.
WARNING  -  Documentation file 'Iris\iris_starter_install_win\Content\A_Getting Started\Designing Frontend.md' contains
            a link to 'Iris\iris_starter_install_win\Content\A_Getting Started\Resources\Images\PDF Cover.png' which is
            not found in the documentation files.
WARNING  -  Documentation file 'Iris\iris_starter_install_win\Content\A_Getting Started\Designing Frontend.md' contains
            a link to 'Iris\iris_starter_install_win\Content\A_Getting Started\Resources\Images\PDF Cover.png' which is
            not found in the documentation files.
WARNING  -  Documentation file 'Iris\iris_starter_install_win\Content\A_Getting Started\Designing Frontend.md' contains
            a link to 'Iris\iris_starter_install_win\Content\A_Getting Started\Resources\Images\PDF Cover.png' which is
            not found in the documentation files.
WARNING  -  Documentation file 'Iris\iris_starter_install_win\Content\A_Getting Started\Designing Frontend.md' contains
            a link to 'Iris\iris_starter_install_win\Content\A_Getting Started\Resources\Images\PDF Cover.png' which is
            not found in the documentation files.
WARNING  -  Documentation file 'Iris\iris_starter_install_win\Content\A_Getting Started\Designing Frontend.md' contains
            a link to 'Iris\iris_starter_install_win\Content\A_Getting Started\E_Footer Topics\PDF Downloads.md' which
            is not found in the documentation files.
WARNING  -  Documentation file 'Iris\iris_starter_install_win\Content\A_Getting Started\Getting Started.md' contains a
            link to 'Iris\iris_starter_install_win\Content\A_Getting Started\A_Getting Started\Getting Started.md' which
            is not found in the documentation files.
WARNING  -  Documentation file 'Iris\iris_starter_install_win\Content\A_Getting Started\Getting Started.md' contains a
            link to 'Iris\iris_starter_install_win\Content\A_Getting Started\Resources\Images\KeyFeatures.png' which is
            not found in the documentation files.
WARNING  -  Documentation file 'Iris\iris_starter_install_win\Content\A_Getting Started\Getting Started.md' contains a
            link to 'Iris\iris_starter_install_win\Content\A_Getting Started\A_Getting Started\Designing Frontend.md'
            which is not found in the documentation files.
WARNING  -  Documentation file 'Iris\iris_starter_install_win\Content\A_Getting Started\Getting Started.md' contains a
            link to 'Iris\iris_starter_install_win\Content\A_Getting Started\Resources\Images\BasicSteps.png' which is
            not found in the documentation files.
WARNING  -  Documentation file 'Iris\iris_starter_install_win\Content\A_Getting Started\Getting Started.md' contains a
            link to 'Iris\iris_starter_install_win\Content\A_Getting Started\A_Getting Started\Designing Backend.md'
            which is not found in the documentation files.
WARNING  -  Documentation file 'Iris\iris_starter_install_win\Content\A_Getting Started\Getting Started.md' contains a
            link to 'Iris\iris_starter_install_win\Content\A_Getting Started\Resources\Images\WhatsNew.png' which is not
            found in the documentation files.
WARNING  -  Documentation file 'Iris\iris_starter_install_win\Content\A_Getting Started\Getting Started.md' contains a
            link to 'Iris\iris_starter_install_win\Content\A_Getting Started\A_Getting Started\Build and
            Productivity.md' which is not found in the documentation files.
WARNING  -  Documentation file 'Iris\iris_starter_install_win\Content\A_Getting Started\Getting Started.md' contains a
            link to 'Iris\iris_starter_install_win\Content\A_Getting Started\Resources\Images\FAQs.png' which is not
            found in the documentation files.
WARNING  -  Documentation file 'Iris\iris_starter_install_win\Content\A_Getting Started\Getting Started.md' contains a
            link to 'Iris\iris_starter_install_win\Content\A_Getting Started\A_Getting Started\Concepts and
            architecture.md' which is not found in the documentation files.
WARNING  -  Documentation file 'Iris\iris_starter_install_win\Content\A_Getting Started\Getting Started.md' contains a
            link to 'Iris\iris_starter_install_win\Content\A_Getting Started\Resources\Images\BasicSteps.png' which is
            not found in the documentation files.
WARNING  -  Documentation file 'Iris\iris_starter_install_win\Content\A_Getting Started\Getting Started.md' contains a
            link to 'Iris\iris_starter_install_win\Content\A_Getting Started\A_Getting Started\Resources.md' which is
            not found in the documentation files.
WARNING  -  Documentation file 'Iris\iris_starter_install_win\Content\A_Getting Started\Getting Started.md' contains a
            link to 'Iris\iris_starter_install_win\Content\A_Getting Started\Resources\Images\BasicSteps.png' which is
            not found in the documentation files.
WARNING  -  Documentation file 'Iris\iris_starter_install_win\Content\A_Getting Started\Getting Started.md' contains a
            link to 'Iris\iris_starter_install_win\Content\A_Getting Started\A_Getting Started\Getting Started.md' which
            is not found in the documentation files.
WARNING  -  Documentation file 'Iris\iris_starter_install_win\Content\A_Getting Started\Getting Started.md' contains a
            link to 'Iris\iris_starter_install_win\Content\A_Getting Started\A_Getting Started\Basic Steps.md' which is
            not found in the documentation files.
WARNING  -  Documentation file 'Iris\iris_starter_install_win\Content\A_Getting Started\Getting Started.md' contains a
            link to 'Iris\iris_starter_install_win\Content\A_Getting Started\Resources\Images\PDF Cover.png' which is
            not found in the documentation files.
WARNING  -  Documentation file 'Iris\iris_starter_install_win\Content\A_Getting Started\Getting Started.md' contains a
            link to 'Iris\iris_starter_install_win\Content\A_Getting Started\Resources\Images\PDF Cover.png' which is
            not found in the documentation files.
WARNING  -  Documentation file 'Iris\iris_starter_install_win\Content\A_Getting Started\Getting Started.md' contains a
            link to 'Iris\iris_starter_install_win\Content\A_Getting Started\Resources\Images\PDF Cover.png' which is
            not found in the documentation files.
WARNING  -  Documentation file 'Iris\iris_starter_install_win\Content\A_Getting Started\Getting Started.md' contains a
            link to 'Iris\iris_starter_install_win\Content\A_Getting Started\Resources\Images\PDF Cover.png' which is
            not found in the documentation files.
WARNING  -  Documentation file 'Iris\iris_starter_install_win\Content\A_Getting Started\Getting Started.md' contains a
            link to 'Iris\iris_starter_install_win\Content\A_Getting Started\Resources\Images\PDF Cover.png' which is
            not found in the documentation files.
WARNING  -  Documentation file 'Iris\iris_starter_install_win\Content\A_Getting Started\Getting Started.md' contains a
            link to 'Iris\iris_starter_install_win\Content\A_Getting Started\Resources\Images\PDF Cover.png' which is
            not found in the documentation files.
WARNING  -  Documentation file 'Iris\iris_starter_install_win\Content\A_Getting Started\Getting Started.md' contains a
            link to 'Iris\iris_starter_install_win\Content\A_Getting Started\E_Footer Topics\PDF Downloads.md' which is
            not found in the documentation files.
WARNING  -  Documentation file 'Iris\iris_starter_install_win\Content\C_Conditions Notes Tables\Tables.md' contains a
            link to 'Iris\iris_starter_install_win\Content\Resources\Images\RedX.png' which is not found in the
            documentation files.
WARNING  -  Documentation file 'Iris\iris_starter_install_win\Content\C_Conditions Notes Tables\Tables.md' contains a
            link to 'Iris\iris_starter_install_win\Content\Resources\Images\RedX.png' which is not found in the
            documentation files.
WARNING  -  Documentation file 'Iris\iris_starter_install_win\Content\C_Conditions Notes Tables\Tables.md' contains a
            link to 'Iris\iris_starter_install_win\Content\Resources\Images\GreenCheck.png' which is not found in the
            documentation files.
WARNING  -  Documentation file 'Iris\iris_starter_install_win\Content\C_Conditions Notes Tables\Tables.md' contains a
            link to 'Iris\iris_starter_install_win\Content\Resources\Images\RedX.png' which is not found in the
            documentation files.
WARNING  -  Documentation file 'Iris\iris_starter_install_win\Content\C_Conditions Notes Tables\Tables.md' contains a
            link to 'Iris\iris_starter_install_win\Content\Resources\Images\RedX.png' which is not found in the
            documentation files.
WARNING  -  Documentation file 'Iris\iris_starter_install_win\Content\C_Conditions Notes Tables\Tables.md' contains a
            link to 'Iris\iris_starter_install_win\Content\Resources\Images\GreenCheck.png' which is not found in the
            documentation files.
WARNING  -  Documentation file 'Iris\iris_starter_install_win\Content\C_Conditions Notes Tables\Tables.md' contains a
            link to 'Iris\iris_starter_install_win\Content\Resources\Images\GreenCheck.png' which is not found in the
            documentation files.
WARNING  -  Documentation file 'Iris\iris_starter_install_win\Content\C_Conditions Notes Tables\Tables.md' contains a
            link to 'Iris\iris_starter_install_win\Content\Resources\Images\GreenCheck.png' which is not found in the
            documentation files.
WARNING  -  Documentation file 'Iris\iris_starter_install_win\Content\C_Conditions Notes Tables\Tables.md' contains a
            link to 'Iris\iris_starter_install_win\Content\Resources\Images\RedX.png' which is not found in the
            documentation files.
WARNING  -  Documentation file 'Iris\iris_starter_install_win\Content\C_Conditions Notes Tables\Tables.md' contains a
            link to 'Iris\iris_starter_install_win\Content\Resources\Images\GreenCheck.png' which is not found in the
            documentation files.
WARNING  -  Documentation file 'Iris\iris_starter_install_win\Content\C_Conditions Notes Tables\Tables.md' contains a
            link to 'Iris\iris_starter_install_win\Content\Resources\Images\GreenCheck.png' which is not found in the
            documentation files.
WARNING  -  Documentation file 'Iris\iris_starter_install_win\Content\C_Conditions Notes Tables\Tables.md' contains a
            link to 'Iris\iris_starter_install_win\Content\Resources\Images\RedX.png' which is not found in the
            documentation files.
WARNING  -  Documentation file 'Iris\iris_starter_install_win\Content\C_Conditions Notes Tables\Tables.md' contains a
            link to 'Iris\iris_starter_install_win\Content\Resources\Images\GreenCheck.png' which is not found in the
            documentation files.
WARNING  -  Documentation file 'Iris\iris_starter_install_win\Content\C_Conditions Notes Tables\Tables.md' contains a
            link to 'Iris\iris_starter_install_win\Content\Resources\Images\GreenCheck.png' which is not found in the
            documentation files.
WARNING  -  Documentation file 'Iris\iris_starter_install_win\Content\C_Conditions Notes Tables\Tables.md' contains a
            link to 'Iris\iris_starter_install_win\Content\Resources\Images\GreenCheck.png' which is not found in the
            documentation files.
WARNING  -  Documentation file 'Iris\iris_starter_install_win\Content\C_Conditions Notes Tables\Tables.md' contains a
            link to 'Iris\iris_starter_install_win\Content\Resources\Images\RedX.png' which is not found in the
            documentation files.
WARNING  -  Documentation file 'Iris\iris_starter_install_win\Content\C_Conditions Notes Tables\Tables.md' contains a
            link to 'Iris\iris_starter_install_win\Content\Resources\Images\GreenCheck.png' which is not found in the
            documentation files.
WARNING  -  Documentation file 'Iris\iris_starter_install_win\Content\C_Conditions Notes Tables\Tables.md' contains a
            link to 'Iris\iris_starter_install_win\Content\Resources\Images\RedX.png' which is not found in the
            documentation files.
WARNING  -  Documentation file 'Iris\iris_starter_install_win\Content\C_Conditions Notes Tables\Tables.md' contains a
            link to 'Iris\iris_starter_install_win\Content\Resources\Images\GreenCheck.png' which is not found in the
            documentation files.
WARNING  -  Documentation file 'Iris\iris_starter_install_win\Content\C_Conditions Notes Tables\Tables.md' contains a
            link to 'Iris\iris_starter_install_win\Content\Resources\Images\GreenCheck.png' which is not found in the
            documentation files.
WARNING  -  Documentation file 'Iris\iris_starter_install_win\Content\C_Conditions Notes Tables\Tables.md' contains a
            link to 'Iris\iris_starter_install_win\Content\Resources\Images\GreenCheck.png' which is not found in the
            documentation files.
WARNING  -  Documentation file 'Iris\iris_starter_install_win\Content\C_Conditions Notes Tables\Tables.md' contains a
            link to 'Iris\iris_starter_install_win\Content\Resources\Images\GreenCheck.png' which is not found in the
            documentation files.
WARNING  -  Documentation file 'Iris\iris_starter_install_win\Content\C_Conditions Notes Tables\Tables.md' contains a
            link to 'Iris\iris_starter_install_win\Content\Resources\Images\GreenCheck.png' which is not found in the
            documentation files.
WARNING  -  Documentation file 'Iris\iris_starter_install_win\Content\C_Conditions Notes Tables\Tables.md' contains a
            link to 'Iris\iris_starter_install_win\Content\Resources\Images\RedX.png' which is not found in the
            documentation files.
WARNING  -  Documentation file 'Iris\iris_starter_install_win\Content\C_Conditions Notes Tables\Tables.md' contains a
            link to 'Iris\iris_starter_install_win\Content\Resources\Images\RedX.png' which is not found in the
            documentation files.
WARNING  -  Documentation file 'Iris\iris_starter_install_win\Content\C_Conditions Notes Tables\Tables.md' contains a
            link to 'Iris\iris_starter_install_win\Content\Resources\Images\GreenCheck.png' which is not found in the
            documentation files.
WARNING  -  Documentation file 'Iris\iris_starter_install_win\Content\C_Conditions Notes Tables\Tables.md' contains a
            link to 'Iris\iris_starter_install_win\Content\Resources\Images\RedX.png' which is not found in the
            documentation files.
WARNING  -  Documentation file 'Iris\iris_starter_install_win\Content\C_Conditions Notes Tables\Tables.md' contains a
            link to 'Iris\iris_starter_install_win\Content\Resources\Images\RedX.png' which is not found in the
            documentation files.
WARNING  -  Documentation file 'Iris\iris_starter_install_win\Content\C_Conditions Notes Tables\Tables.md' contains a
            link to 'Iris\iris_starter_install_win\Content\Resources\Images\GreenCheck.png' which is not found in the
            documentation files.
WARNING  -  Documentation file 'Iris\iris_starter_install_win\Content\C_Conditions Notes Tables\Tables.md' contains a
            link to 'Iris\iris_starter_install_win\Content\Resources\Images\GreenCheck.png' which is not found in the
            documentation files.
WARNING  -  Documentation file 'Iris\iris_starter_install_win\Content\C_Conditions Notes Tables\Tables.md' contains a
            link to 'Iris\iris_starter_install_win\Content\Resources\Images\GreenCheck.png' which is not found in the
            documentation files.
WARNING  -  Documentation file 'Iris\iris_starter_install_win\Content\C_Conditions Notes Tables\Tables.md' contains a
            link to 'Iris\iris_starter_install_win\Content\Resources\Images\GreenCheck.png' which is not found in the
            documentation files.
WARNING  -  Documentation file 'Iris\iris_starter_install_win\Content\C_Conditions Notes Tables\Tables.md' contains a
            link to 'Iris\iris_starter_install_win\Content\Resources\Images\RedX.png' which is not found in the
            documentation files.
WARNING  -  Documentation file 'Iris\iris_starter_install_win\Content\C_Conditions Notes Tables\Tables.md' contains a
            link to 'Iris\iris_starter_install_win\Content\Resources\Images\GreenCheck.png' which is not found in the
            documentation files.
WARNING  -  Documentation file 'Iris\iris_starter_install_win\Content\C_Conditions Notes Tables\Tables.md' contains a
            link to 'Iris\iris_starter_install_win\Content\Resources\Images\GreenCheck.png' which is not found in the
            documentation files.
WARNING  -  Documentation file 'Iris\iris_starter_install_win\Content\C_Conditions Notes Tables\Tables.md' contains a
            link to 'Iris\iris_starter_install_win\Content\Resources\Images\GreenCheck.png' which is not found in the
            documentation files.
WARNING  -  Documentation file 'Iris\iris_starter_install_win\Content\C_Conditions Notes Tables\Tables.md' contains a
            link to 'Iris\iris_starter_install_win\Content\Resources\Images\RedX.png' which is not found in the
            documentation files.
WARNING  -  Documentation file 'Iris\iris_starter_install_win\Content\C_Conditions Notes Tables\Tables.md' contains a
            link to 'Iris\iris_starter_install_win\Content\Resources\Images\RedX.png' which is not found in the
            documentation files.
WARNING  -  Documentation file 'Iris\iris_starter_install_win\Content\C_Conditions Notes Tables\Tables.md' contains a
            link to 'Iris\iris_starter_install_win\Content\Resources\Images\GreenCheck.png' which is not found in the
            documentation files.
WARNING  -  Documentation file 'Iris\iris_starter_install_win\Content\C_Conditions Notes Tables\Tables.md' contains a
            link to 'Iris\iris_starter_install_win\Content\Resources\Images\GreenCheck.png' which is not found in the
            documentation files.
WARNING  -  Documentation file 'Iris\iris_starter_install_win\Content\C_Conditions Notes Tables\Tables.md' contains a
            link to 'Iris\iris_starter_install_win\Content\Resources\Images\GreenCheck.png' which is not found in the
            documentation files.
WARNING  -  Documentation file 'Iris\iris_starter_install_win\Content\C_Conditions Notes Tables\Tables.md' contains a
            link to 'Iris\iris_starter_install_win\Content\Resources\Images\GreenCheck.png' which is not found in the
            documentation files.
WARNING  -  Documentation file 'Iris\iris_starter_install_win\Content\C_Conditions Notes Tables\Tables.md' contains a
            link to 'Iris\iris_starter_install_win\Content\Resources\Images\RedX.png' which is not found in the
            documentation files.
WARNING  -  Documentation file 'Iris\iris_starter_install_win\Content\C_Conditions Notes Tables\Tables.md' contains a
            link to 'Iris\iris_starter_install_win\Content\Resources\Images\GreenCheck.png' which is not found in the
            documentation files.
WARNING  -  Documentation file 'Iris\iris_starter_install_win\Content\C_Conditions Notes Tables\Tables.md' contains a
            link to 'Iris\iris_starter_install_win\Content\Resources\Images\RedX.png' which is not found in the
            documentation files.
WARNING  -  Documentation file 'Iris\iris_starter_install_win\Content\D_Images\ImagePositionedLeft.md' contains a link
            to 'Iris\iris_starter_install_win\Content\Resources\Images\Image.png' which is not found in the
            documentation files.
WARNING  -  Documentation file 'Iris\iris_starter_install_win\Content\D_Images\ImagePositionedRight.md' contains a link
            to 'Iris\iris_starter_install_win\Content\Resources\Images\Image.png' which is not found in the
            documentation files.
WARNING  -  Documentation file 'Iris\iris_starter_install_win\Content\D_Images\ImageWithinList.md' contains a link to
            'Iris\iris_starter_install_win\Content\Resources\Images\Image.png' which is not found in the documentation
            files.
WARNING  -  Documentation file 'Iris\iris_starter_install_win\Content\D_Images\Images.md' contains a link to
            'Iris\iris_starter_install_win\Content\Resources\Images\SaveButton.png' which is not found in the
            documentation files.
WARNING  -  Documentation file 'Iris\iris_starter_install_win\Content\D_Images\ThumbnailImage.md' contains a link to
            'Iris\iris_starter_install_win\Content\Resources\Images\Image.png' which is not found in the documentation
            files.
WARNING  -  Documentation file 'Iris\iris_tutorials\Content\Module\tutorials_master.md' contains a link to
            'Iris\iris_tutorials\Content\Module\Resources\Images\VideoCoverpage.png' which is not found in the
            documentation files.
WARNING  -  Documentation file 'Iris\iris_tutorials\Content\Module\tutorials_master.md' contains a link to
            'Iris\iris_tutorials\Content\Module\Resources\Images\VideoCoverpage.png' which is not found in the
            documentation files.
WARNING  -  Documentation file 'Iris\iris_user_guide\Content\C_UsingComponents.md' contains a link to
            'Iris\iris_user_guide\Content\Resources\Images\UDW_in_Iris\fetchingservices1.png' which is not found in the
            documentation files.
WARNING  -  Documentation file 'Iris\iris_user_guide\Content\ConfigMulesoftService.md' contains a link to
            'MBaasDocs\ConsoleAndID\Foundry8.0ConsoleAndIDSrvUG\Content\Settings.md' which is not found in the
            documentation files.
WARNING  -  Documentation file 'Iris\iris_user_guide\Content\Creating_a_SOAP_Service.md' contains a link to
            'video_tutorials\Content\StockTrack.md' which is not found in the documentation files.
WARNING  -  Documentation file 'Iris\iris_user_guide\Content\Creating_a_SOAP_Service.md' contains a link to
            'MBaasDocs\ConsoleAndID\Foundry8.0ConsoleAndIDSrvUG\Content\URL Provider Support for XML, JSON, SOAP and API
            Proxy.md' which is not found in the documentation files.
WARNING  -  Documentation file 'Iris\iris_user_guide\Content\DataPanel.md' contains a link to
            'voltmxlibrary\voltmx_foundry_user_guide\Content\ObjectsServices\enumDatatypes.md' which is not found in the
            documentation files.
WARNING  -  Documentation file 'Iris\iris_user_guide\Content\EAS.md' contains a link to
            'Iris\iris_user_guide\Content\Resources\Images\MyAppStore.PNG' which is not found in the documentation
            files.
WARNING  -  Documentation file 'Iris\iris_user_guide\Content\ExportImportResources.md' contains a link to
            'Iris\iris_user_guide\Content\ExportImportThemes.md' which is not found in the documentation files.
WARNING  -  Documentation file 'Iris\iris_user_guide\Content\ExportImportResources.md' contains a link to
            'Iris\iris_user_guide\Content\ExportImportFonts.md' which is not found in the documentation files.
WARNING  -  Documentation file 'Iris\iris_user_guide\Content\Flex_Container.md' contains a link to
            'Iris\iris_user_guide\Content\Resources\Images\Flex\Flex_Container_look.png' which is not found in the
            documentation files.
WARNING  -  Documentation file 'Iris\iris_user_guide\Content\Introduction.md' contains a link to
            'Iris\iris_user_guide\Content\Resources\Images\VoltMXFlare_901x424.png' which is not found in the
            documentation files.
WARNING  -  Documentation file 'Iris\iris_user_guide\Content\Notifications.md' contains a link to
            'Iris\iris_user_guide\Content\Resources\Images\Watch\Notification\Static_Notifications_PSP.png' which is not
            found in the documentation files.
WARNING  -  Documentation file 'Iris\iris_user_guide\Content\SUG_Android.md' contains a link to
            'Iris\iris_user_guide\Content\pngConversion.zip' which is not found in the documentation files.
WARNING  -  Documentation file 'Iris\iris_user_guide\Content\SecureyourWebApplication.md' contains a link to
            'Iris\iris_user_guide\Content\ApplicationSecurity_Web.md' which is not found in the documentation files.
WARNING  -  Documentation file 'Iris\iris_user_guide\Content\webAppDevelopment.md' contains a link to
            'Iris\iris_user_guide\Content\ResponsiveGridLayout.html' which is not found in the documentation files.
WARNING  -  Documentation file 'Iris\iris_wearables_dev_guide\content\homehtml.md' contains a link to
            'VMX_Release_Notes.md' which is not found in the documentation files.
WARNING  -  Documentation file 'Iris\iris_widget_prog_guide\Content\Revision_History_Home.md' contains a link to
            'Iris\iris_widget_prog_guide\Content\Resources\Images\pdf.png' which is not found in the documentation
            files.
WARNING  -  Documentation file 'Iris\iris_widget_prog_guide\Content\Revision_History_Home.md' contains a link to
            'Iris\iris_widget_prog_guide\Content\Create_an_App_with_VoltMX_Reference_Architecture.md' which is not found
            in the documentation files.
WARNING  -  Documentation file 'Iris\iris_widget_prog_guide\Content\Revision_History_Home.md' contains a link to
            'Iris\iris_widget_prog_guide\Content\Create_an_App_with_VoltMX_Reference_Architecture.md' which is not found
            in the documentation files.
WARNING  -  Documentation file 'Iris\iris_widget_prog_guide\Content\Revision_History_Home.md' contains a link to
            'Iris\iris_widget_prog_guide\Content\VoltMX_Reference_Architecture_Features.md' which is not found in the
            documentation files.
WARNING  -  Documentation file 'Iris\iris_widget_prog_guide\Content\TextBox_Properties.md' contains a link to
            'Iris\iris_widget_prog_guide\Content\Resources\Images\tb-withclear.png' which is not found in the
            documentation files.
WARNING  -  Documentation file 'Iris\voltmx_ref_arch_api\Content\VoltMX_Reference_Architecture_Guide.md' contains a link
            to 'Iris\voltmx_ref_arch_api\Content\Revision_History_Home.md' which is not found in the documentation
            files.
WARNING  -  Documentation file 'Iris\voltmx_ref_arch_api\Content\voltmx.sdk.mvvm_Constants.md' contains a link to
            'Iris\voltmx_ref_arch_api\Content\NavigationObject.md' which is not found in the documentation files.
WARNING  -  Documentation file '_site\docs\documentation\Iris\iris_api_dev_guide\content\voltmx.os_functions.md'
            contains a link to '_site\docs\documentation\Iris\iris_api_dev_guide\content\resources\prettify\onload.png'
            which is not found in the documentation files.
WARNING  -  Documentation file '_site\docs\tutorials\componentAndMarketplace.md' contains a link to
            '_site\docs\tutorials\{{ site.baseurl
            }}\docs\documentation\Iris\iris_tutorials\Content\Module\introduction_to_V8.0.html' which is not found in
            the documentation files.
WARNING  -  Documentation file '_site\docs\tutorials\componentAndMarketplace.md' contains a link to
            '_site\docs\tutorials\{{ site.baseurl
            }}\docs\documentation\Iris\iris_tutorials\Content\Module\introduction_to_marketplace.html' which is not
            found in the documentation files.
WARNING  -  Documentation file '_site\docs\tutorials\componentAndMarketplace.md' contains a link to
            '_site\docs\tutorials\{{ site.baseurl
            }}\docs\documentation\Iris\iris_tutorials\Content\Module\component_creation.html' which is not found in the
            documentation files.
WARNING  -  Documentation file '_site\docs\tutorials\componentAndMarketplace.md' contains a link to
            '_site\docs\tutorials\{{ site.baseurl
            }}\docs\documentation\Iris\iris_tutorials\Content\Module\submitting_component_to_marketplace.html' which is
            not found in the documentation files.
WARNING  -  Documentation file '_site\docs\tutorials\componentAndMarketplace.md' contains a link to
            '_site\docs\tutorials\{{ site.baseurl
            }}\docs\documentation\Iris\iris_tutorials\Content\Module\private_marketplace.html' which is not found in the
            documentation files.
WARNING  -  Documentation file 'tutorials\ConnectingToBackend.md' contains a link to
            '..\Iris\iris_tutorials\Content\Module\mf_integration.md' which is not found in the documentation files.
WARNING  -  Documentation file 'tutorials\apiManagement.md' contains a link to
            '..\Foundry\voltmx_foundry_user_guide\Content\API_Management.md' which is not found in the documentation
            files.
WARNING  -  Documentation file 'tutorials\architecture.md' contains a link to
            '..\Iris\iris_tutorials\Content\Module\introduction_to_reference_architecture.md' which is not found in the
            documentation files.
WARNING  -  Documentation file 'tutorials\buildAndProductivity.md' contains a link to
            '..\Iris\iris_tutorials\Content\Module\sfpipeline_manual.md' which is not found in the documentation files.
WARNING  -  Documentation file 'tutorials\buildAndProductivity.md' contains a link to
            '..\Iris\iris_user_guide\Content\C_ComponentsOverview.md' which is not found in the documentation files.
WARNING  -  Documentation file 'tutorials\componentAndMarketplace.md' contains a link to
            '..\Iris\iris_tutorials\Content\Module\introduction_to_V8.0.md' which is not found in the documentation
            files.
WARNING  -  Documentation file 'tutorials\componentAndMarketplace.md' contains a link to
            '..\Iris\iris_tutorials\Content\Module\introduction_to_marketplace.md' which is not found in the
            documentation files.
WARNING  -  Documentation file 'tutorials\componentAndMarketplace.md' contains a link to
            '..\Iris\iris_tutorials\Content\Module\component_creation.md' which is not found in the documentation files.
WARNING  -  Documentation file 'tutorials\componentAndMarketplace.md' contains a link to
            '..\Iris\iris_tutorials\Content\Module\submitting_component_to_marketplace.md' which is not found in the
            documentation files.
WARNING  -  Documentation file 'tutorials\componentAndMarketplace.md' contains a link to
            '..\Iris\iris_tutorials\Content\Module\private_marketplace.md' which is not found in the documentation
            files.
WARNING  -  Documentation file 'tutorials\designingTheLayout.md' contains a link to
            '..\Iris\iris_tutorials\Content\Module\getting_started_iris.md' which is not found in the documentation
            files.
WARNING  -  Documentation file 'tutorials\designingTheLayout.md' contains a link to
            '..\Iris\iris_tutorials\Content\Module\intro_forms_widgets.md' which is not found in the documentation
            files.
WARNING  -  Documentation file 'tutorials\designingTheLayout.md' contains a link to
            '..\Iris\iris_tutorials\Content\Module\flex_layout.md' which is not found in the documentation files.
WARNING  -  Documentation file 'tutorials\designingTheLayout.md' contains a link to
            '..\Iris\iris_tutorials\Content\Module\design_import_psd.md' which is not found in the documentation files.
WARNING  -  Documentation file 'tutorials\designingTheLayout.md' contains a link to
            '..\Iris\iris_tutorials\Content\Module\segment_widget.md' which is not found in the documentation files.
WARNING  -  Documentation file 'tutorials\designingTheLayout.md' contains a link to
            '..\Iris\iris_tutorials\Content\Module\segment_widget_developers.md' which is not found in the documentation
            files.
WARNING  -  Documentation file 'tutorials\designingTheLayout.md' contains a link to
            '..\Iris\iris_tutorials\Content\Module\Browser.md' which is not found in the documentation files.
WARNING  -  Documentation file 'tutorials\designingTheLayout.md' contains a link to
            '..\Iris\iris_tutorials\Content\Module\Locale based Layout.md' which is not found in the documentation
            files.
WARNING  -  Documentation file 'tutorials\internalizationAndLocalization.md' contains a link to
            '..\Iris\iris_tutorials\Content\Module\internationalization.md' which is not found in the documentation
            files.
WARNING  -  Documentation file 'tutorials\internalizationAndLocalization.md' contains a link to
            '..\Iris\iris_tutorials\Content\Module\Locale based Layout.md' which is not found in the documentation
            files.
WARNING  -  Documentation file 'tutorials\notificationAndAnalytics.md' contains a link to
            '..\Foundry\voltmx_foundry_intro_eng\Content\homepage.md' which is not found in the documentation files.
WARNING  -  Documentation file 'tutorials\notificationAndAnalytics.md' contains a link to
            '..\Foundry\voltmx_foundry_intro_eng\Content\homepage.md' which is not found in the documentation files.
WARNING  -  Documentation file 'tutorials\notificationAndAnalytics.md' contains a link to
            '..\Foundry\voltmx_foundry_eng_camp_events\Content\homepage.md' which is not found in the documentation
            files.
WARNING  -  Documentation file 'tutorials\notificationAndAnalytics.md' contains a link to
            '..\Foundry\voltmx_foundry_eng_geo_monitoring\Content\homepage.md' which is not found in the documentation
            files.
WARNING  -  Documentation file 'tutorials\notificationAndAnalytics.md' contains a link to
            '..\Foundry\voltmx_analytics_reporting\Content\Preface.md' which is not found in the documentation files.
WARNING  -  Documentation file 'tutorials\notificationAndAnalytics.md' contains a link to
            '..\Foundry\standard_metrics_reports_guide\Content\standard_metrics_reports_guide.md' which is not found in
            the documentation files.
WARNING  -  Documentation file 'tutorials\notificationAndAnalytics.md' contains a link to
            '..\Foundry\custom_metrics_and_reports\Content\Custom_Metrics_and_Reports_Guide.md' which is not found in
            the documentation files.
WARNING  -  Documentation file 'tutorials\notificationAndAnalytics.md' contains a link to
            '..\Foundry\mf_video_tutorials\analytics_ios_android.md' which is not found in the documentation files.
WARNING  -  Documentation file 'tutorials\notificationAndAnalytics.md' contains a link to
            '..\Foundry\mf_video_tutorials\funnel_reports_overview.md' which is not found in the documentation files.
WARNING  -  Documentation file 'tutorials\offlineServices.md' contains a link to
            '..\Foundry\offline_objects_gettingstarted\Content\Offline_Objects_Getting_Started.md' which is not found in
            the documentation files.
WARNING  -  Documentation file 'tutorials\offlineServices.md' contains a link to
            '..\Foundry\offline_objects_gettingstarted\Content\Offline_Objects_Getting_Started.md' which is not found in
            the documentation files.
WARNING  -  Documentation file 'tutorials\programmingAndExtensitbility.md' contains a link to
            '..\Iris\iris_tutorials\Content\Module\iris_enterprise.md' which is not found in the documentation files.
WARNING  -  Documentation file 'tutorials\programmingAndExtensitbility.md' contains a link to
            '..\Iris\iris_tutorials\Content\Module\intro_voltmx_javascript.md' which is not found in the documentation
            files.
WARNING  -  Documentation file 'tutorials\programmingAndExtensitbility.md' contains a link to
            '..\Iris\iris_tutorials\Content\Module\embedding_cordova_application.md' which is not found in the
            documentation files.
WARNING  -  Documentation file 'tutorials\programmingAndExtensitbility.md' contains a link to
            '..\Iris\iris_tutorials\Content\Module\native_hybrid_communication.md' which is not found in the
            documentation files.
WARNING  -  Documentation file 'tutorials\voltmxFoundryOverview.md' contains a link to
            '..\Foundry\voltmx_foundry_user_guide\Content\Introduction.md' which is not found in the documentation
            files.
WARNING  -  Documentation file 'tutorials\voltmxFoundryOverview.md' contains a link to
            '..\Foundry\voltmx_foundry_user_guide\Content\Introduction.md' which is not found in the documentation
            files.
WARNING  -  Documentation file 'tutorials\voltmxFoundryOverview.md' contains a link to
            '..\Foundry\voltmx_foundry_user_guide\Content\Features.md' which is not found in the documentation files.
WARNING  -  Documentation file 'tutorials\voltmxFoundryOverview.md' contains a link to
            '..\Foundry\voltmx_foundry_user_guide\Content\Services.md' which is not found in the documentation files.
WARNING  -  Documentation file 'tutorials\voltmxFoundryOverview.md' contains a link to
            '..\Foundry\voltmx_foundry_user_guide\Content\Orchestration.md' which is not found in the documentation
            files.
WARNING  -  Documentation file 'tutorials\voltmxFoundryOverview.md' contains a link to
            '..\Foundry\voltmx_foundry_user_guide\Content\Identity.md' which is not found in the documentation files.
WARNING  -  Documentation file 'tutorials\voltmxFoundryOverview.md' contains a link to
            '..\Foundry\voltmx_foundry_user_guide\Content\Objectservices.md' which is not found in the documentation
            files.
WARNING  -  Documentation file 'tutorials\voltmxFoundryOverview.md' contains a link to
            '..\Foundry\voltmx_foundry_debug_app\Content\Homepage.md' which is not found in the documentation files.
INFO     -  Documentation built in 1080.54 seconds
